--2026-08-29 01:10:12--  https://ndownloader.figshare.com/files/30851668
Resolving ndownloader.figshare.com (ndownloader.figshare.com)... 108.132.48.2, 52.30.121.109, 52.17.233.88, ...
Connecting to ndownloader.figshare.com (ndownloader.figshare.com)|108.132.48.2|:443... connected.
HTTP request sent, awaiting response... 302 Found
Location: https://s3.us-east-1.amazonaws.com/jrc-figshare-prod/30851668/Figure2.zip?X-Amz-Algorithm=AWS4-HMAC-SHA256&X-Amz-Credential=AKIA3KGBN3EJ2S7WTMIQ/20260828/us-east-1/s3/aws4_request&X-Amz-Date=20260828T151013Z&X-Amz-Expires=10&X-Amz-SignedHeaders=host&X-Amz-Signature=f5bebc0314b276475d3cdfe89e5691fd4e4dbf188005aff942819c7ba1043492 [following]
--2026-08-29 01:10:13--  https://s3.us-east-1.amazonaws.com/jrc-figshare-prod/30851668/Figure2.zip?X-Amz-Algorithm=AWS4-HMAC-SHA256&X-Amz-Credential=AKIA3KGBN3EJ2S7WTMIQ/20260828/us-east-1/s3/aws4_request&X-Amz-Date=20260828T151013Z&X-Amz-Expires=10&X-Amz-SignedHeaders=host&X-Amz-Signature=f5bebc0314b276475d3cdfe89e5691fd4e4dbf188005aff942819c7ba1043492
Resolving s3.us-east-1.amazonaws.com (s3.us-east-1.amazonaws.com)... 52.217.64.150, 52.217.65.54, 16.182.73.104, ...
Connecting to s3.us-east-1.amazonaws.com (s3.us-east-1.amazonaws.com)|52.217.64.150|:443... connected.
HTTP request sent, awaiting response... 200 OK
Length: 6320065220 (5.9G) [application/zip]
Saving to: ‘Figure2.zip’

     0K ........ ........ ........ ........  0% 1.74M 57m32s
 32768K ........ ........ ........ ........  1% 10.1M 33m33s
 65536K ........ ........ ........ ........  1% 12.4M 24m53s
 98304K ........ ........ ........ ........  2% 13.2M 20m26s
131072K ........ ........ ........ ........  2% 14.1M 17m38s
163840K ........ ........ ........ ........  3% 14.3M 15m45s
196608K ........ ........ ........ ........  3% 15.7M 14m19s
229376K ........ ........ ........ ........  4% 15.0M 13m15s
262144K ........ ........ ........ ........  4% 14.8M 12m26s
294912K ........ ........ ........ ........  5% 14.1M 11m48s
327680K ........ ........ ........ ........  5% 16.2M 11m12s
360448K ........ ........ ........ ........  6% 16.0M 10m42s
393216K ........ ........ ........ ........  6% 17.3M 10m14s
425984K ........ ........ ........ ........  7% 15.6M 9m53s
458752K ........ ........ ........ ........  7% 14.9M 9m35s
491520K ........ ........ ........ ........  8% 15.1M 9m19s
524288K ........ ........ ........ ........  9% 15.7M 9m3s
557056K ........ ........ ........ ........  9% 17.2M 8m48s
589824K ........ ........ ........ ........ 10% 17.6M 8m33s
622592K ........ ........ ........ ........ 10% 16.5M 8m21s
655360K ........ ........ ........ ........ 11% 18.5M 8m8s
688128K ........ ........ ........ ........ 11% 16.6M 7m58s
720896K ........ ........ ........ ........ 12% 18.2M 7m47s
753664K ........ ........ ........ ........ 12% 15.8M 7m39s
786432K ........ ........ ........ ........ 13% 17.6M 7m29s
819200K ........ ........ ........ ........ 13% 17.1M 7m21s
851968K ........ ........ ........ ........ 14% 17.2M 7m13s
884736K ........ ........ ........ ........ 14% 16.5M 7m6s
917504K ........ ........ ........ ........ 15% 17.4M 6m59s
950272K ........ ........ ........ ........ 15% 15.6M 6m54s
983040K ........ ........ ........ ........ 16% 18.4M 6m46s
1015808K ........ ........ ........ ........ 16% 16.6M 6m41s
1048576K ........ ........ ........ ........ 17% 16.4M 6m35s
1081344K ........ ........ ........ ........ 18% 14.3M 6m31s
1114112K ........ ........ ........ ........ 18% 16.3M 6m26s
1146880K ........ ........ ........ ........ 19% 16.6M 6m21s
1179648K ........ ........ ........ ........ 19% 18.2M 6m16s
1212416K ........ ........ ........ ........ 20% 16.6M 6m11s
1245184K ........ ........ ........ ........ 20% 16.4M 6m7s
1277952K ........ ........ ........ ........ 21% 17.0M 6m2s
1310720K ........ ........ ........ ........ 21% 17.9M 5m57s
1343488K ........ ........ ........ ........ 22% 16.8M 5m53s
1376256K ........ ........ ........ ........ 22% 18.0M 5m48s
1409024K ........ ........ ........ ........ 23% 16.6M 5m44s
1441792K ........ ........ ........ ........ 23% 17.6M 5m40s
1474560K ........ ........ ........ ........ 24% 13.6M 5m38s
1507328K ........ ........ ........ ........ 24% 14.8M 5m35s
1540096K ........ ........ ........ ........ 25% 12.3M 5m33s
1572864K ........ ........ ........ ........ 26% 12.5M 5m31s
1605632K ........ ........ ........ ........ 26% 11.6M 5m30s
1638400K ........ ........ ........ ........ 27% 9.38M 5m30s
1671168K ........ ........ ........ ........ 27% 8.32M 5m32s
1703936K ........ ........ ........ ........ 28% 8.86M 5m32s
1736704K ........ ........ ........ ........ 28% 7.55M 5m34s
1769472K ........ ........ ........ ........ 29% 6.56M 5m38s
1802240K ........ ........ ........ ........ 29% 2.08M 6m6s
1835008K ........ ........ ........ ........ 30% 1.49M 6m46s
1867776K ........ ........ ........ ........ 30% 2.01M 7m12s
1900544K ........ ........ ........ ........ 31% 3.23M 7m23s
1933312K ........ ........ ........ ........ 31% 3.67M 7m31s
1966080K ........ ........ ........ ........ 32% 3.45M 7m39s
1998848K ........ ........ ........ ........ 32% 3.08M 7m49s
2031616K ........ ........ ........ ........ 33% 3.60M 7m56s
2064384K ........ ........ ........ ........ 33% 3.08M 8m5s
2097152K ........ ........ ........ ........ 34% 4.11M 8m8s
2129920K ........ ........ ........ ........ 35% 5.09M 8m9s
2162688K ........ ........ ........ ........ 35% 5.38M 8m8s
2195456K ........ ........ ........ ........ 36% 7.01M 8m5s
2228224K ........ ........ ........ ........ 36% 10.4M 8m0s
2260992K ........ ........ ........ ........ 37% 13.5M 7m53s
2293760K ........ ........ ........ ........ 37% 16.4M 7m45s
2326528K ........ ........ ........ ........ 38% 17.3M 7m38s
2359296K ........ ........ ........ ........ 38% 17.1M 7m31s
2392064K ........ ........ ........ ........ 39% 16.9M 7m24s
2424832K ........ ........ ........ ........ 39% 16.7M 7m17s
2457600K ........ ........ ........ ........ 40% 13.9M 7m11s
2490368K ........ ........ ........ ........ 40% 9.34M 7m6s
2523136K ........ ........ ........ ........ 41% 6.48M 7m4s
2555904K ........ ........ ........ ........ 41% 7.02M 7m1s
2588672K ........ ........ ........ ........ 42% 7.21M 6m58s
2621440K ........ ........ ........ ........ 43% 7.54M 6m55s
2654208K ........ ........ ........ ........ 43% 8.15M 6m51s
2686976K ........ ........ ........ ........ 44% 7.84M 6m47s
2719744K ........ ........ ........ ........ 44% 7.23M 6m44s
2752512K ........ ........ ........ ........ 45% 6.70M 6m42s
2785280K ........ ........ ........ ........ 45% 7.01M 6m38s
2818048K ........ ........ ........ ........ 46% 7.48M 6m35s
2850816K ........ ........ ........ ........ 46% 7.57M 6m31s
2883584K ........ ........ ........ ........ 47% 8.64M 6m27s
2916352K ........ ........ ........ ........ 47% 10.3M 6m23s
2949120K ........ ........ ........ ........ 48% 13.7M 6m17s
2981888K ........ ........ ........ ........ 48% 13.4M 6m12s
3014656K ........ ........ ........ ........ 49% 14.4M 6m6s
3047424K ........ ........ ........ ........ 49% 13.6M 6m1s
3080192K ........ ........ ........ ........ 50% 12.5M 5m56s
3112960K ........ ........ ........ ........ 50% 12.4M 5m51s
3145728K ........ ........ ........ ........ 51% 10.8M 5m46s
3178496K ........ ........ ........ ........ 52% 10.8M 5m42s
3211264K ........ ........ ........ ........ 52% 11.6M 5m37s
3244032K ........ ........ ........ ........ 53% 11.6M 5m32s
3276800K ........ ........ ........ ........ 53% 11.5M 5m28s
3309568K ........ ........ ........ ........ 54% 12.2M 5m23s
3342336K ........ ........ ........ ........ 54% 12.9M 5m18s
3375104K ........ ........ ........ ........ 55% 14.4M 5m13s
3407872K ........ ........ ........ ........ 55% 16.5M 5m8s
3440640K ........ ........ ........ ........ 56% 17.3M 5m3s
3473408K ........ ........ ........ ........ 56% 17.7M 4m58s
3506176K ........ ........ ........ ........ 57% 16.6M 4m53s
3538944K ........ ........ ........ ........ 57% 18.4M 4m48s
3571712K ........ ........ ........ ........ 58% 15.9M 4m43s
3604480K ........ ........ ........ ........ 58% 16.9M 4m38s
3637248K ........ ........ ........ ........ 59% 17.0M 4m33s
3670016K ........ ........ ........ ........ 59% 17.4M 4m29s
3702784K ........ ........ ........ ........ 60% 17.4M 4m24s
3735552K ........ ........ ........ ........ 61% 17.6M 4m19s
3768320K ........ ........ ........ ........ 61% 17.4M 4m15s
3801088K ........ ........ ........ ........ 62% 17.6M 4m10s
3833856K ........ ........ ........ ........ 62% 15.9M 4m6s
3866624K ........ ........ ........ ........ 63% 18.4M 4m1s
3899392K ........ ........ ........ ........ 63% 15.5M 3m57s
3932160K ........ ........ ........ ........ 64% 18.3M 3m53s
3964928K ........ ........ ........ ........ 64% 15.2M 3m48s
3997696K ........ ........ ........ ........ 65% 14.7M 3m44s
4030464K ........ ........ ........ ........ 65% 16.6M 3m40s
4063232K ........ ........ ........ ........ 66% 17.7M 3m36s
4096000K ........ ........ ........ ........ 66% 14.9M 3m32s
4128768K ........ ........ ........ ........ 67% 18.2M 3m28s
4161536K ........ ........ ........ ........ 67% 15.8M 3m24s
4194304K ........ ........ ........ ........ 68% 18.2M 3m19s
4227072K ........ ........ ........ ........ 69% 15.8M 3m16s
4259840K ........ ........ ........ ........ 69% 17.5M 3m12s
4292608K ........ ........ ........ ........ 70% 16.8M 3m8s
4325376K ........ ........ ........ ........ 70% 18.0M 3m4s
4358144K ........ ........ ........ ........ 71% 16.9M 3m0s
4390912K ........ ........ ........ ........ 71% 17.6M 2m56s
4423680K ........ ........ ........ ........ 72% 17.2M 2m52s
4456448K ........ ........ ........ ........ 72% 17.4M 2m48s
4489216K ........ ........ ........ ........ 73% 17.5M 2m44s
4521984K ........ ........ ........ ........ 73% 17.3M 2m41s
4554752K ........ ........ ........ ........ 74% 17.5M 2m37s
4587520K ........ ........ ........ ........ 74% 17.5M 2m33s
4620288K ........ ........ ........ ........ 75% 17.1M 2m29s
4653056K ........ ........ ........ ........ 75% 17.8M 2m26s
4685824K ........ ........ ........ ........ 76% 17.1M 2m22s
4718592K ........ ........ ........ ........ 76% 18.4M 2m18s
4751360K ........ ........ ........ ........ 77% 16.2M 2m15s
4784128K ........ ........ ........ ........ 78% 18.2M 2m11s
4816896K ........ ........ ........ ........ 78% 15.6M 2m8s
4849664K ........ ........ ........ ........ 79% 18.4M 2m4s
4882432K ........ ........ ........ ........ 79% 16.5M 2m1s
4915200K ........ ........ ........ ........ 80% 18.5M 1m57s
4947968K ........ ........ ........ ........ 80% 16.8M 1m54s
4980736K ........ ........ ........ ........ 81% 17.5M 1m50s
5013504K ........ ........ ........ ........ 81% 16.5M 1m47s
5046272K ........ ........ ........ ........ 82% 17.8M 1m44s
5079040K ........ ........ ........ ........ 82% 16.4M 1m40s
5111808K ........ ........ ........ ........ 83% 17.9M 97s
5144576K ........ ........ ........ ........ 83% 15.1M 94s
5177344K ........ ........ ........ ........ 84% 17.6M 90s
5210112K ........ ........ ........ ........ 84% 15.7M 87s
5242880K ........ ........ ........ ........ 85% 18.1M 84s
5275648K ........ ........ ........ ........ 86% 14.8M 81s
5308416K ........ ........ ........ ........ 86% 16.4M 77s
5341184K ........ ........ ........ ........ 87% 15.7M 74s
5373952K ........ ........ ........ ........ 87% 17.5M 71s
5406720K ........ ........ ........ ........ 88% 15.7M 68s
5439488K ........ ........ ........ ........ 88% 17.9M 65s
5472256K ........ ........ ........ ........ 89% 15.8M 61s
5505024K ........ ........ ........ ........ 89% 18.3M 58s
5537792K ........ ........ ........ ........ 90% 16.4M 55s
5570560K ........ ........ ........ ........ 90% 18.2M 52s
5603328K ........ ........ ........ ........ 91% 15.8M 49s
5636096K ........ ........ ........ ........ 91% 15.4M 46s
5668864K ........ ........ ........ ........ 92% 14.3M 43s
5701632K ........ ........ ........ ........ 92% 16.8M 40s
5734400K ........ ........ ........ ........ 93% 16.2M 37s
5767168K ........ ........ ........ ........ 93% 17.6M 34s
5799936K ........ ........ ........ ........ 94% 17.1M 31s
5832704K ........ ........ ........ ........ 95% 17.7M 28s
5865472K ........ ........ ........ ........ 95% 14.9M 25s
5898240K ........ ........ ........ ........ 96% 14.1M 22s
5931008K ........ ........ ........ ........ 96% 14.3M 19s
5963776K ........ ........ ........ ........ 97% 15.6M 16s
5996544K ........ ........ ........ ........ 97% 15.6M 13s
6029312K ........ ........ ........ ........ 98% 15.8M 10s
6062080K ........ ........ ........ ........ 98% 15.1M 7s
6094848K ........ ........ ........ ........ 99% 16.1M 4s
6127616K ........ ........ ........ ........ 99% 15.6M 1s
6160384K ........ ...                       100% 16.4M=9m8s

2026-08-29 01:19:22 (11.0 MB/s) - ‘Figure2.zip’ saved [6320065220/6320065220]

