Job ID: 28305688
Node:   spartan-gpgpu010
GPU:    0
GPU 0: NVIDIA L40S (UUID: GPU-e0680b7b-825d-0a8d-74fd-6fc5111c2b24)
cuda: True NVIDIA L40S
Start:  Wed 29 Jul 2026 19:53:02 AEST
param partitions:
  in_gain       indi=0/shared=0/fixed=32/frozen=0 (0)
  out_gain      indi=32/shared=0/fixed=0/frozen=0 (32)
  syn_strength  indi=414/shared=0/fixed=0/frozen=0 (414)
  out_scale     indi=32/shared=0/fixed=0/frozen=0 (32)
  tau_lp        indi=32/shared=0/fixed=0/frozen=0 (32)
  tau_hp        indi=4/shared=0/fixed=28/frozen=0 (4)
  bias          indi=32/shared=0/fixed=0/frozen=0 (32)
  hp_gain       indi=32/shared=0/fixed=0/frozen=0 (32)
device=cuda, model=hp_lp, nofruns=1, nofsteps=1000, lrs=[0.1], nparams=578, fname=training_hp_lp.npy, outdir=/home/yitai/drosophila_vision/temporal_filtering/SimulationCode/0trained/hp_lp/28305688-train-nofsteps-1000-tau-hp-indi-L1,L2,L4,L5

round 0


Initl cost = 99.9999  [spot_bright=99.9999]
Final cost = 90.8523  [spot_bright=90.8523]
Best  cost = 90.8490  [spot_bright=90.8490]
time needed  = 412.53  sec

done in 0.11 hours
wrote table: /home/yitai/drosophila_vision/temporal_filtering/SimulationCode/0trained/hp_lp/28305688-train-nofsteps-1000-tau-hp-indi-L1,L2,L4,L5/param.csv (best run #0, cost=90.8490)
wrote table: /home/yitai/drosophila_vision/temporal_filtering/SimulationCode/0trained/hp_lp/28305688-train-nofsteps-1000-tau-hp-indi-L1,L2,L4,L5/syn_strength.csv
plot device=cuda (NVIDIA L40S)
1 trained set(s); selected #0 (cost=90.8490)
plot /home/yitai/drosophila_vision/temporal_filtering/SimulationCode/0trained/hp_lp/28305688-train-nofsteps-1000-tau-hp-indi-L1,L2,L4,L5/cost_curve.png: draw=0.1s  save=0.1s  total=0.2s
plot /home/yitai/drosophila_vision/temporal_filtering/SimulationCode/0trained/hp_lp/28305688-train-nofsteps-1000-tau-hp-indi-L1,L2,L4,L5/model_data_spot.png: prep=0.2s  draw=0.3s  save=0.4s  total=0.9s
plot /home/yitai/drosophila_vision/temporal_filtering/SimulationCode/0trained/hp_lp/28305688-train-nofsteps-1000-tau-hp-indi-L1,L2,L4,L5/model_all_spot.png: prep=0.0s  draw=0.5s  save=1.0s  total=1.6s
plots saved to /home/yitai/drosophila_vision/temporal_filtering/SimulationCode/0trained/hp_lp/28305688-train-nofsteps-1000-tau-hp-indi-L1,L2,L4,L5
