Job ID: 28483200
Node:   spartan-gpgpu117
GPU:    0
GPU 0: NVIDIA A100 80GB PCIe (UUID: GPU-f6e22354-c8fe-4bd2-7bce-3bbe2690ffc2)
cuda: True NVIDIA A100 80GB PCIe
Start:  Fri 31 Jul 2026 21:35:43 AEST
param partitions:
  in_gain       indi=0/shared=0/fixed=32/frozen=0 (0)
  out_gain      indi=32/shared=0/fixed=0/frozen=0 (32)
  syn_strength  indi=414/shared=0/fixed=0/frozen=0 (414)
  out_scale     indi=32/shared=0/fixed=0/frozen=0 (32)
  tau_lp        indi=32/shared=0/fixed=0/frozen=0 (32)
  tau_hp        indi=32/shared=0/fixed=0/frozen=0 (32)
  v_rest        indi=32/shared=0/fixed=0/frozen=0 (32)
  hp_gain       indi=4/shared=0/fixed=28/frozen=0 (4)
device=cuda, model=hp_lp, syn_mode=type_pair, nofruns=1, nofsteps=500, lrs=[0.1], nparams=578, fname=training_hp_lp.npy, outdir=/home/yitai/drosophila_vision/temporal_filtering/SimulationCode/0_runs/hp_lp/28483200-run-nofsteps-500-tau-hp-init-L1,L2,L4,L5-200-pulse-ms-50-delta-ms-5
checkpoint_interval=1000

round 0


Initl cost = 99.9550  [spot_bright=99.9550]
Final cost = 44.4151  [spot_bright=44.4151]
Best  cost = 44.4073  [spot_bright=44.4073]
time needed  = 120.69  sec

done in 0.03 hours
wrote table: /home/yitai/drosophila_vision/temporal_filtering/SimulationCode/0_runs/hp_lp/28483200-run-nofsteps-500-tau-hp-init-L1,L2,L4,L5-200-pulse-ms-50-delta-ms-5/param.csv (best run #0, cost=44.4073)
wrote table: /home/yitai/drosophila_vision/temporal_filtering/SimulationCode/0_runs/hp_lp/28483200-run-nofsteps-500-tau-hp-init-L1,L2,L4,L5-200-pulse-ms-50-delta-ms-5/syn_strength.csv
plot device=cuda (NVIDIA A100 80GB PCIe)
1 trained set(s); selected #0 (cost=44.4073)
plot /home/yitai/drosophila_vision/temporal_filtering/SimulationCode/0_runs/hp_lp/28483200-run-nofsteps-500-tau-hp-init-L1,L2,L4,L5-200-pulse-ms-50-delta-ms-5/cost_curve.png: draw=0.3s  save=0.2s  total=0.5s
plot /home/yitai/drosophila_vision/temporal_filtering/SimulationCode/0_runs/hp_lp/28483200-run-nofsteps-500-tau-hp-init-L1,L2,L4,L5-200-pulse-ms-50-delta-ms-5/spot_trained_v.png: prep=0.3s  draw=0.3s  save=0.7s  total=1.3s
plot /home/yitai/drosophila_vision/temporal_filtering/SimulationCode/0_runs/hp_lp/28483200-run-nofsteps-500-tau-hp-init-L1,L2,L4,L5-200-pulse-ms-50-delta-ms-5/spot_all_v.png: prep=0.0s  draw=0.9s  save=1.6s  total=2.5s
plots saved to /home/yitai/drosophila_vision/temporal_filtering/SimulationCode/0_runs/hp_lp/28483200-run-nofsteps-500-tau-hp-init-L1,L2,L4,L5-200-pulse-ms-50-delta-ms-5
