usage: run.py [-h] [--model {borst,hp_lp}] [--syn-mode {type_pair,per_edge}]
              [--nofruns NOFRUNS] [--nofsteps NOFSTEPS] [--lrs LRS]
              [--checkpoint-interval N] [--fname FNAME] [--outdir OUTDIR]
              [--from RUN] [--all-param PART [PART ...]]
              [--in-gain PART [PART ...]] [--out-gain PART [PART ...]]
              [--out-scale PART [PART ...]] [--syn-strength PART [PART ...]]
              [--edge-weight PART [PART ...]] [--v-th PART [PART ...]]
              [--ih-gmax PART [PART ...]] [--ih-gmax-off PART [PART ...]]
              [--ih-shape PART [PART ...]] [--ih-midv PART [PART ...]]
              [--ih-slope PART [PART ...]] [--tau-midv PART [PART ...]]
              [--ih-midv-off PART [PART ...]] [--ih-slope-off PART [PART ...]]
              [--tau-midv-off PART [PART ...]] [--tau-lp PART [PART ...]]
              [--v-rest PART [PART ...]] [--tau-hp PART [PART ...]]
              [--hp-gain PART [PART ...]] [--ih-off {on,off,mirrored}]
              [--fp N] [--pre-grad BOOL] [--sequential BOOL] [--network RUN]
              [--multi-bar BOOL] [--target TARGET]
              [--cost-weight NAME|NAME=VALUE,...]
              [--shift-extent SHIFT_EXTENT] [--spot-extent R]
              [--multi-spot BOOL] [--fully-inside BOOL]
              [--spot-cost-r-w R|R=W,...] [--cost-extent N|TARGET=N,...]
              [--i-baseline TARGET=VALUE,...] [--i-bright TARGET=VALUE,...]
              [--i-dark TARGET=VALUE,...] [--pre-ms MS] [--response-ms MS]
              [--pulse-ms MS] [--cost-interval-ms MS]
              [--plot-right-only [BOOL]] [--show-pre [BOOL]] [--x X,...]
              [--y Y,...] [--align-xy X,Y]
run.py: error: unrecognized arguments: --delta-ms 5
