Job ID: 28478463
Node:   spartan-gpgpu119
GPU:    0
GPU 0: NVIDIA A100 80GB PCIe (UUID: GPU-f85f95d5-1396-c227-f176-66652f0512b0)
cuda: True NVIDIA A100 80GB PCIe
Start:  Fri 31 Jul 2026 20:52:46 AEST
param partitions:
  in_gain       indi=0/shared=0/fixed=32/frozen=0 (0)
  out_gain      indi=32/shared=0/fixed=0/frozen=0 (32)
  syn_strength  indi=414/shared=0/fixed=0/frozen=0 (414)
  out_scale     indi=32/shared=0/fixed=0/frozen=0 (32)
  tau_lp        indi=32/shared=0/fixed=0/frozen=0 (32)
  tau_hp        indi=32/shared=0/fixed=0/frozen=0 (32)
  v_rest        indi=32/shared=0/fixed=0/frozen=0 (32)
  hp_gain       indi=4/shared=0/fixed=28/frozen=0 (4)
device=cuda, model=hp_lp, syn_mode=type_pair, nofruns=1, nofsteps=500, lrs=[0.1], nparams=578, fname=training_hp_lp.npy, outdir=/home/yitai/drosophila_vision/temporal_filtering/SimulationCode/0_runs/hp_lp/28478463-run-nofsteps-500-tau-hp-init-L1,L2,L4,L5-200
checkpoint_interval=1000

round 0


Initl cost = 99.9029  [spot_bright=99.9029]
Final cost = 47.5649  [spot_bright=47.5649]
Best  cost = 47.5493  [spot_bright=47.5493]
time needed  = 72.81  sec

done in 0.02 hours
wrote table: /home/yitai/drosophila_vision/temporal_filtering/SimulationCode/0_runs/hp_lp/28478463-run-nofsteps-500-tau-hp-init-L1,L2,L4,L5-200/param.csv (best run #0, cost=47.5493)
wrote table: /home/yitai/drosophila_vision/temporal_filtering/SimulationCode/0_runs/hp_lp/28478463-run-nofsteps-500-tau-hp-init-L1,L2,L4,L5-200/syn_strength.csv
plot device=cuda (NVIDIA A100 80GB PCIe)
1 trained set(s); selected #0 (cost=47.5493)
plot /home/yitai/drosophila_vision/temporal_filtering/SimulationCode/0_runs/hp_lp/28478463-run-nofsteps-500-tau-hp-init-L1,L2,L4,L5-200/cost_curve.png: draw=0.1s  save=0.2s  total=0.3s
plot /home/yitai/drosophila_vision/temporal_filtering/SimulationCode/0_runs/hp_lp/28478463-run-nofsteps-500-tau-hp-init-L1,L2,L4,L5-200/spot_trained_v.png: prep=0.3s  draw=0.4s  save=0.7s  total=1.4s
plot /home/yitai/drosophila_vision/temporal_filtering/SimulationCode/0_runs/hp_lp/28478463-run-nofsteps-500-tau-hp-init-L1,L2,L4,L5-200/spot_all_v.png: prep=0.0s  draw=0.9s  save=1.7s  total=2.5s
plots saved to /home/yitai/drosophila_vision/temporal_filtering/SimulationCode/0_runs/hp_lp/28478463-run-nofsteps-500-tau-hp-init-L1,L2,L4,L5-200
