Job ID: 27451762
Node:   spartan-gpgpu174
GPU:    0
GPU 0: NVIDIA H100 80GB HBM3 (UUID: GPU-04fe4a2c-a4b7-518f-99ad-c872ebb3f4c7)
cuda: True NVIDIA H100 80GB HBM3
Start:  Fri 17 Jul 2026 20:31:10 AEST
device=cuda, model=conductance, nofruns=1, nofsteps=1000, lrs=[0.1], nparams=526, fname=training_with_Ih.npy, outdir=/home/yitai/drosophila_vision/temporal_filtering/SimulationCode/0trained/conductance/27451762-train-nofsteps-1000-lrs-0.1-cost-extent-9-target-moving_bar-cost-weight-PD-0,ND-0,DSI-1

round 0


Initl cost = 227.8598  [moving_bar_bright_DSI=128.2905  moving_bar_dark_DSI=99.5692]
Final cost = 200.0000  [moving_bar_bright_DSI=100.0000  moving_bar_dark_DSI=100.0000]
Best  cost = 189.9558  [moving_bar_bright_DSI=98.3126  moving_bar_dark_DSI=91.6431]
time needed  = 255.60  sec

done in 0.07 hours
wrote table: /home/yitai/drosophila_vision/temporal_filtering/SimulationCode/0trained/conductance/27451762-train-nofsteps-1000-lrs-0.1-cost-extent-9-target-moving_bar-cost-weight-PD-0,ND-0,DSI-1/training_with_Ih_table.csv (best run #0, cost=189.9558)
plot device=cuda (NVIDIA H100 80GB HBM3)
1 trained set(s); selected #0 (cost=189.9558)
plot /home/yitai/drosophila_vision/temporal_filtering/SimulationCode/0trained/conductance/27451762-train-nofsteps-1000-lrs-0.1-cost-extent-9-target-moving_bar-cost-weight-PD-0,ND-0,DSI-1/cost_curve.png: draw=0.2s  save=0.3s  total=0.5s
plot /home/yitai/drosophila_vision/temporal_filtering/SimulationCode/0trained/conductance/27451762-train-nofsteps-1000-lrs-0.1-cost-extent-9-target-moving_bar-cost-weight-PD-0,ND-0,DSI-1/model_data_bar.png: prep=1.1s  draw=0.7s  save=1.1s  total=2.9s
plot /home/yitai/drosophila_vision/temporal_filtering/SimulationCode/0trained/conductance/27451762-train-nofsteps-1000-lrs-0.1-cost-extent-9-target-moving_bar-cost-weight-PD-0,ND-0,DSI-1/model_all_bar.png: prep=0.0s  draw=1.6s  save=2.2s  total=3.8s
plots saved to /home/yitai/drosophila_vision/temporal_filtering/SimulationCode/0trained/conductance/27451762-train-nofsteps-1000-lrs-0.1-cost-extent-9-target-moving_bar-cost-weight-PD-0,ND-0,DSI-1
