Job ID: 28296381
Node:   spartan-gpgpu179
GPU:    0
GPU 0: NVIDIA H100 80GB HBM3 (UUID: GPU-267dada6-ddd3-12a4-163d-1b201510d8fc)
cuda: True NVIDIA H100 80GB HBM3
Start:  Wed 29 Jul 2026 18:32:23 AEST
param partitions:
  in_gain       indi=0/shared=0/fixed=32/frozen=0 (0)
  out_gain      indi=32/shared=0/fixed=0/frozen=0 (32)
  syn_strength  indi=414/shared=0/fixed=0/frozen=0 (414)
  out_scale     indi=32/shared=0/fixed=0/frozen=0 (32)
  tau_lp        indi=32/shared=0/fixed=0/frozen=0 (32)
  tau_hp        indi=32/shared=0/fixed=0/frozen=0 (32)
  bias          indi=32/shared=0/fixed=0/frozen=0 (32)
  hp_gain       indi=32/shared=0/fixed=0/frozen=0 (32)
device=cuda, model=hp_lp, nofruns=1, nofsteps=1000, lrs=[0.1], nparams=606, fname=training_hp_lp.npy, outdir=/home/yitai/drosophila_vision/temporal_filtering/SimulationCode/0trained/hp_lp/28296381-train-nofsteps-1000

round 0


Initl cost = 99.7739  [spot_bright=99.7739]
Final cost = 84.7544  [spot_bright=84.7544]
Best  cost = 50.4540  [spot_bright=50.4540]
time needed  = 197.38  sec

done in 0.05 hours
wrote table: /home/yitai/drosophila_vision/temporal_filtering/SimulationCode/0trained/hp_lp/28296381-train-nofsteps-1000/param.csv (best run #0, cost=50.4540)
wrote table: /home/yitai/drosophila_vision/temporal_filtering/SimulationCode/0trained/hp_lp/28296381-train-nofsteps-1000/syn_strength.csv
plot device=cuda (NVIDIA H100 80GB HBM3)
1 trained set(s); selected #0 (cost=50.4540)
plot /home/yitai/drosophila_vision/temporal_filtering/SimulationCode/0trained/hp_lp/28296381-train-nofsteps-1000/cost_curve.png: draw=0.1s  save=0.1s  total=0.2s
plot /home/yitai/drosophila_vision/temporal_filtering/SimulationCode/0trained/hp_lp/28296381-train-nofsteps-1000/model_data_spot.png: prep=0.2s  draw=0.3s  save=0.4s  total=0.9s
plot /home/yitai/drosophila_vision/temporal_filtering/SimulationCode/0trained/hp_lp/28296381-train-nofsteps-1000/model_all_spot.png: prep=0.0s  draw=0.5s  save=1.1s  total=1.6s
plots saved to /home/yitai/drosophila_vision/temporal_filtering/SimulationCode/0trained/hp_lp/28296381-train-nofsteps-1000
