Traceback (most recent call last):
  File "/home/yitai/drosophila_vision/temporal_filtering/SimulationCode/train.py", line 1003, in <module>
    main()
  File "/home/yitai/drosophila_vision/temporal_filtering/SimulationCode/train.py", line 999, in main
    run_training(**kw)
  File "/home/yitai/drosophila_vision/temporal_filtering/SimulationCode/train.py", line 564, in run_training
    result = do_many_runs(session, nofruns, nofsteps, lrs=lrs, z_init=z_init)
  File "/home/yitai/drosophila_vision/temporal_filtering/SimulationCode/FiveCol_MedSim_Pytorch.py", line 2675, in do_many_runs
    z_fit = train_staged(
  File "/home/yitai/drosophila_vision/temporal_filtering/SimulationCode/FiveCol_MedSim_Pytorch.py", line 2579, in train_staged
    z = gradient_network(z, lr=lr, n_steps=nsteps, device=active_device(),
  File "/home/yitai/drosophila_vision/temporal_filtering/SimulationCode/FiveCol_MedSim_Pytorch.py", line 2469, in gradient_network
    cost = cost_fn(z).item()
  File "/home/yitai/drosophila_vision/temporal_filtering/SimulationCode/FiveCol_MedSim_Pytorch.py", line 2605, in cost_fn
    parts = calc_cost_parts(z, session)
  File "/home/yitai/drosophila_vision/temporal_filtering/SimulationCode/FiveCol_MedSim_Pytorch.py", line 2251, in calc_cost_parts
    pack_parts = _pack_cost_parts_from_params(p, pack, session, batch_idx=None)
  File "/home/yitai/drosophila_vision/temporal_filtering/SimulationCode/FiveCol_MedSim_Pytorch.py", line 2205, in _pack_cost_parts_from_params
    fwd = _pack_cost_forward(p, pack, session, batch_idx)
  File "/home/yitai/drosophila_vision/temporal_filtering/SimulationCode/FiveCol_MedSim_Pytorch.py", line 2199, in _pack_cost_forward
    sel, dsi_sel = _pack_model_readouts(p, pack, session, batch_idx)
  File "/home/yitai/drosophila_vision/temporal_filtering/SimulationCode/FiveCol_MedSim_Pytorch.py", line 1853, in _pack_model_readouts
    return readout(p, pack, session, batch_idx)
  File "/home/yitai/drosophila_vision/temporal_filtering/SimulationCode/neuron_model/hp_lp.py", line 120, in pack_readout
    model = run_hp_lp(
  File "/home/yitai/drosophila_vision/temporal_filtering/SimulationCode/neuron_model/hp_lp.py", line 56, in run_hp_lp
    x_t = x_signal[t - 1]
IndexError: index 164 is out of bounds for dimension 0 with size 164
