Job ID: 27793311
Node:   spartan-gpgpu171
GPU:    0
GPU 0: NVIDIA H100 80GB HBM3 (UUID: GPU-70ecc709-6022-7e09-50b0-e2070472848f)
cuda: True NVIDIA H100 80GB HBM3
Start:  Tue 21 Jul 2026 20:15:50 AEST
device=cuda, model=conductance, nofruns=1, nofsteps=500, lrs=[0.1], nparams=112, fname=training_with_Ih.npy, outdir=/home/yitai/drosophila_vision/temporal_filtering/SimulationCode/0trained/conductance/27793311-add_r-target-spot-syn-strength-fixed-all-network-right_min_neuron1_extent3-nofsteps-500

round 0


Initl cost = 177.1205  [spot_bright=85.0852  spot_dark=92.0353]
Final cost = 121.6329  [spot_bright=72.4044  spot_dark=49.2285]
Best  cost = 94.7420  [spot_bright=52.0602  spot_dark=42.6817]
time needed  = 230.00  sec

done in 0.06 hours
wrote table: /home/yitai/drosophila_vision/temporal_filtering/SimulationCode/0trained/conductance/27793311-add_r-target-spot-syn-strength-fixed-all-network-right_min_neuron1_extent3-nofsteps-500/training_with_Ih_table.csv (best run #0, cost=94.7420)
plot device=cuda (NVIDIA H100 80GB HBM3)
1 trained set(s); selected #0 (cost=94.7420)
plot /home/yitai/drosophila_vision/temporal_filtering/SimulationCode/0trained/conductance/27793311-add_r-target-spot-syn-strength-fixed-all-network-right_min_neuron1_extent3-nofsteps-500/cost_curve.png: draw=0.1s  save=0.2s  total=0.2s
plot /home/yitai/drosophila_vision/temporal_filtering/SimulationCode/0trained/conductance/27793311-add_r-target-spot-syn-strength-fixed-all-network-right_min_neuron1_extent3-nofsteps-500/model_data_spot.png: prep=0.4s  draw=0.3s  save=0.6s  total=1.3s
plot /home/yitai/drosophila_vision/temporal_filtering/SimulationCode/0trained/conductance/27793311-add_r-target-spot-syn-strength-fixed-all-network-right_min_neuron1_extent3-nofsteps-500/model_all_spot.png: prep=0.0s  draw=0.6s  save=1.1s  total=1.7s
plots saved to /home/yitai/drosophila_vision/temporal_filtering/SimulationCode/0trained/conductance/27793311-add_r-target-spot-syn-strength-fixed-all-network-right_min_neuron1_extent3-nofsteps-500
spot_bright cost cells: 968
spot_dark cost cells: 968
done -> /home/yitai/drosophila_vision/temporal_filtering/SimulationCode/0trained/conductance/27793311-add_r-target-spot-syn-strength-fixed-all-network-right_min_neuron1_extent3-nofsteps-500
