Job ID: 27788185
Node:   spartan-gpgpu171
GPU:    0
GPU 0: NVIDIA H100 80GB HBM3 (UUID: GPU-70ecc709-6022-7e09-50b0-e2070472848f)
cuda: True NVIDIA H100 80GB HBM3
Start:  Tue 21 Jul 2026 18:05:03 AEST
device=cuda, model=conductance, nofruns=1, nofsteps=1000, lrs=[0.1], nparams=112, fname=training_with_Ih.npy, outdir=/home/yitai/drosophila_vision/temporal_filtering/SimulationCode/0trained/conductance/27788185-train-target-spot-syn-strength-fixed-all-network-right_min_neuron1_extent3

round 0

step 0: cost=205.6963  [spot_bright=102.6058  spot_dark=103.0906]
step 1: cost=201.8823  [spot_bright=101.0818  spot_dark=100.8005]
step 2: cost=199.3383  [spot_bright=100.0017  spot_dark=99.3366]
step 3: cost=197.8166  [spot_bright=99.3429  spot_dark=98.4736]
step 4: cost=196.9766  [spot_bright=98.9728  spot_dark=98.0038]
step 5: cost=196.1673  [spot_bright=98.6176  spot_dark=97.5497]
step 6: cost=195.1871  [spot_bright=98.2331  spot_dark=96.9540]
step 7: cost=193.8638  [spot_bright=97.9184  spot_dark=95.9454]
step 8: cost=192.1772  [spot_bright=97.5742  spot_dark=94.6030]
step 9: cost=190.1717  [spot_bright=97.0423  spot_dark=93.1294]
step 10: cost=187.6663  [spot_bright=96.0492  spot_dark=91.6171]
step 11: cost=183.8350  [spot_bright=96.2322  spot_dark=87.6027]
step 12: cost=180.4497  [spot_bright=93.6048  spot_dark=86.8448]
step 13: cost=175.6858  [spot_bright=92.2489  spot_dark=83.4369]
step 14: cost=173.3525  [spot_bright=90.9640  spot_dark=82.3885]
step 15: cost=173.7400  [spot_bright=89.4276  spot_dark=84.3124]
step 16: cost=172.8808  [spot_bright=88.4853  spot_dark=84.3955]
step 17: cost=169.0458  [spot_bright=88.8395  spot_dark=80.2063]
step 18: cost=166.2187  [spot_bright=87.3679  spot_dark=78.8509]
step 19: cost=167.6373  [spot_bright=86.1364  spot_dark=81.5009]
step 20: cost=163.8845  [spot_bright=87.0554  spot_dark=76.8291]
step 21: cost=163.0142  [spot_bright=86.7537  spot_dark=76.2605]
step 22: cost=161.9564  [spot_bright=86.2649  spot_dark=75.6915]
step 23: cost=163.0713  [spot_bright=84.8154  spot_dark=78.2559]
step 24: cost=164.3233  [spot_bright=84.0609  spot_dark=80.2624]
step 25: cost=158.7532  [spot_bright=84.3151  spot_dark=74.4382]
step 26: cost=156.4814  [spot_bright=84.2703  spot_dark=72.2110]
step 27: cost=155.3326  [spot_bright=83.9077  spot_dark=71.4249]
step 28: cost=154.7190  [spot_bright=83.6305  spot_dark=71.0886]
step 29: cost=154.6448  [spot_bright=83.5377  spot_dark=71.1071]
step 30: cost=154.9342  [spot_bright=83.6181  spot_dark=71.3161]
step 31: cost=155.3912  [spot_bright=83.7689  spot_dark=71.6223]
step 32: cost=155.7232  [spot_bright=83.7381  spot_dark=71.9851]
step 33: cost=156.7397  [spot_bright=83.6073  spot_dark=73.1324]
step 34: cost=158.1853  [spot_bright=83.7082  spot_dark=74.4771]
step 35: cost=157.6771  [spot_bright=84.1184  spot_dark=73.5588]
step 36: cost=157.1335  [spot_bright=84.6781  spot_dark=72.4554]
step 37: cost=157.1217  [spot_bright=85.1696  spot_dark=71.9520]
step 38: cost=157.1401  [spot_bright=85.5553  spot_dark=71.5848]
step 39: cost=157.0564  [spot_bright=85.8346  spot_dark=71.2218]
step 40: cost=157.1374  [spot_bright=86.0730  spot_dark=71.0643]
step 41: cost=157.4243  [spot_bright=86.4292  spot_dark=70.9951]
step 42: cost=157.1650  [spot_bright=86.8967  spot_dark=70.2682]
step 43: cost=156.5883  [spot_bright=87.4014  spot_dark=69.1869]
step 44: cost=156.3171  [spot_bright=87.8954  spot_dark=68.4217]
step 45: cost=156.1825  [spot_bright=88.3324  spot_dark=67.8501]
step 46: cost=155.9937  [spot_bright=88.7218  spot_dark=67.2719]
step 47: cost=155.9062  [spot_bright=89.0853  spot_dark=66.8209]
step 48: cost=156.0014  [spot_bright=89.4346  spot_dark=66.5669]
step 49: cost=156.0060  [spot_bright=89.7799  spot_dark=66.2261]
step 50: cost=155.7601  [spot_bright=90.1309  spot_dark=65.6292]
step 51: cost=155.5238  [spot_bright=90.4862  spot_dark=65.0375]
step 52: cost=155.4558  [spot_bright=90.8218  spot_dark=64.6340]
step 53: cost=155.5210  [spot_bright=91.1126  spot_dark=64.4085]
step 54: cost=155.7619  [spot_bright=91.3619  spot_dark=64.4000]
step 55: cost=156.1511  [spot_bright=91.5946  spot_dark=64.5566]
step 56: cost=156.4886  [spot_bright=91.8344  spot_dark=64.6542]
step 57: cost=156.6020  [spot_bright=92.0889  spot_dark=64.5131]
step 58: cost=156.6514  [spot_bright=92.3510  spot_dark=64.3003]
step 59: cost=156.8160  [spot_bright=92.6126  spot_dark=64.2034]
step 60: cost=157.0812  [spot_bright=92.8655  spot_dark=64.2157]
step 61: cost=157.4014  [spot_bright=93.0877  spot_dark=64.3137]
step 62: cost=157.8043  [spot_bright=93.2946  spot_dark=64.5097]
step 63: cost=158.2075  [spot_bright=93.5104  spot_dark=64.6971]
step 64: cost=158.4801  [spot_bright=93.7504  spot_dark=64.7297]
step 65: cost=158.5960  [spot_bright=94.0151  spot_dark=64.5810]
step 66: cost=158.7003  [spot_bright=94.2935  spot_dark=64.4068]
step 67: cost=158.8752  [spot_bright=94.5669  spot_dark=64.3083]
step 68: cost=159.1066  [spot_bright=94.8275  spot_dark=64.2791]
step 69: cost=159.3990  [spot_bright=95.0836  spot_dark=64.3154]
step 70: cost=159.6761  [spot_bright=95.3539  spot_dark=64.3222]
step 71: cost=159.8531  [spot_bright=95.6568  spot_dark=64.1963]
step 72: cost=159.9792  [spot_bright=96.0033  spot_dark=63.9758]
step 73: cost=160.2063  [spot_bright=96.4048  spot_dark=63.8015]
step 74: cost=160.6899  [spot_bright=96.9076  spot_dark=63.7823]
step 75: cost=161.6894  [spot_bright=97.6834  spot_dark=64.0060]
step 76: cost=163.1962  [spot_bright=98.8877  spot_dark=64.3085]
step 77: cost=165.8894  [spot_bright=100.6214  spot_dark=65.2680]
step 78: cost=159.1023  [spot_bright=96.5122  spot_dark=62.5901]
step 79: cost=165.8744  [spot_bright=94.6186  spot_dark=71.2558]
step 80: cost=166.8382  [spot_bright=94.5964  spot_dark=72.2417]
step 81: cost=165.5137  [spot_bright=94.9074  spot_dark=70.6063]
step 82: cost=162.9139  [spot_bright=95.2868  spot_dark=67.6271]
step 83: cost=158.6143  [spot_bright=95.5609  spot_dark=63.0533]
step 84: cost=162.8351  [spot_bright=96.6334  spot_dark=66.2017]
step 85: cost=159.9541  [spot_bright=96.0486  spot_dark=63.9055]
step 86: cost=159.4499  [spot_bright=96.0686  spot_dark=63.3813]
step 87: cost=158.9242  [spot_bright=96.0576  spot_dark=62.8666]
step 88: cost=158.1813  [spot_bright=95.9910  spot_dark=62.1903]
step 89: cost=157.4389  [spot_bright=95.8861  spot_dark=61.5528]
step 90: cost=156.8653  [spot_bright=95.7641  spot_dark=61.1013]
step 91: cost=156.4995  [spot_bright=95.6506  spot_dark=60.8489]
step 92: cost=156.0992  [spot_bright=95.5740  spot_dark=60.5252]
step 93: cost=155.5116  [spot_bright=95.5579  spot_dark=59.9537]
step 94: cost=154.6769  [spot_bright=95.6176  spot_dark=59.0593]
step 95: cost=153.6934  [spot_bright=95.7556  spot_dark=57.9378]
step 96: cost=152.7765  [spot_bright=95.9590  spot_dark=56.8175]
step 97: cost=152.1391  [spot_bright=96.2016  spot_dark=55.9375]
step 98: cost=151.8880  [spot_bright=96.4504  spot_dark=55.4376]
step 99: cost=151.9452  [spot_bright=96.6699  spot_dark=55.2753]
step 100: cost=152.1064  [spot_bright=96.8335  spot_dark=55.2729]
step 101: cost=152.2250  [spot_bright=96.9327  spot_dark=55.2923]
step 102: cost=152.2615  [spot_bright=96.9730  spot_dark=55.2885]
step 103: cost=152.2810  [spot_bright=96.9682  spot_dark=55.3128]
step 104: cost=152.3622  [spot_bright=96.9364  spot_dark=55.4259]
step 105: cost=152.5048  [spot_bright=96.8958  spot_dark=55.6090]
step 106: cost=152.6851  [spot_bright=96.8664  spot_dark=55.8187]
step 107: cost=152.8634  [spot_bright=96.8573  spot_dark=56.0061]
step 108: cost=152.9714  [spot_bright=96.8716  spot_dark=56.0998]
step 109: cost=152.9731  [spot_bright=96.9227  spot_dark=56.0504]
step 110: cost=152.8656  [spot_bright=97.0114  spot_dark=55.8542]
step 111: cost=152.6708  [spot_bright=97.1358  spot_dark=55.5350]
step 112: cost=152.4417  [spot_bright=97.2900  spot_dark=55.1516]
step 113: cost=152.2255  [spot_bright=97.4673  spot_dark=54.7582]
step 114: cost=152.0614  [spot_bright=97.6593  spot_dark=54.4021]
step 115: cost=151.9795  [spot_bright=97.8550  spot_dark=54.1245]
step 116: cost=151.9789  [spot_bright=98.0391  spot_dark=53.9398]
step 117: cost=152.0368  [spot_bright=98.1997  spot_dark=53.8371]
step 118: cost=152.1139  [spot_bright=98.3353  spot_dark=53.7785]
step 119: cost=152.1818  [spot_bright=98.4522  spot_dark=53.7296]
step 120: cost=152.2349  [spot_bright=98.5576  spot_dark=53.6773]
step 121: cost=152.2946  [spot_bright=98.6585  spot_dark=53.6362]
step 122: cost=152.3880  [spot_bright=98.7611  spot_dark=53.6269]
step 123: cost=152.5246  [spot_bright=98.8695  spot_dark=53.6551]
step 124: cost=152.6901  [spot_bright=98.9858  spot_dark=53.7043]
step 125: cost=152.8595  [spot_bright=99.1098  spot_dark=53.7497]
step 126: cost=153.0158  [spot_bright=99.2407  spot_dark=53.7751]
step 127: cost=153.1603  [spot_bright=99.3774  spot_dark=53.7829]
step 128: cost=153.3076  [spot_bright=99.5184  spot_dark=53.7891]
step 129: cost=153.4724  [spot_bright=99.6622  spot_dark=53.8102]
step 130: cost=153.6564  [spot_bright=99.8069  spot_dark=53.8496]
step 131: cost=153.8487  [spot_bright=99.9512  spot_dark=53.8975]
step 132: cost=154.0376  [spot_bright=100.0941  spot_dark=53.9435]
step 133: cost=154.2230  [spot_bright=100.2354  spot_dark=53.9877]
step 134: cost=154.4139  [spot_bright=100.3749  spot_dark=54.0390]
step 135: cost=154.6202  [spot_bright=100.5138  spot_dark=54.1064]
step 136: cost=154.8426  [spot_bright=100.6529  spot_dark=54.1896]
step 137: cost=155.0701  [spot_bright=100.7937  spot_dark=54.2764]
step 138: cost=155.2940  [spot_bright=100.9367  spot_dark=54.3573]
step 139: cost=155.5150  [spot_bright=101.0821  spot_dark=54.4329]
step 140: cost=155.7282  [spot_bright=101.2172  spot_dark=54.5109]
step 141: cost=155.8714  [spot_bright=101.2773  spot_dark=54.5941]
step 142: cost=156.0255  [spot_bright=101.3346  spot_dark=54.6909]
step 143: cost=156.1955  [spot_bright=101.3950  spot_dark=54.8005]
step 144: cost=156.3837  [spot_bright=101.4618  spot_dark=54.9220]
step 145: cost=156.5949  [spot_bright=101.5374  spot_dark=55.0575]
step 146: cost=156.8185  [spot_bright=101.6180  spot_dark=55.2005]
step 147: cost=157.0557  [spot_bright=101.7052  spot_dark=55.3505]
step 148: cost=157.3073  [spot_bright=101.8004  spot_dark=55.5070]
step 149: cost=157.5712  [spot_bright=101.9025  spot_dark=55.6687]
step 150: cost=157.8468  [spot_bright=102.0107  spot_dark=55.8361]
step 151: cost=158.1366  [spot_bright=102.1252  spot_dark=56.0113]
step 152: cost=158.4432  [spot_bright=102.2464  spot_dark=56.1968]
step 153: cost=158.7675  [spot_bright=102.3746  spot_dark=56.3929]
step 154: cost=159.1099  [spot_bright=102.5122  spot_dark=56.5977]
step 155: cost=159.4653  [spot_bright=102.6593  spot_dark=56.8060]
step 156: cost=159.8252  [spot_bright=102.8116  spot_dark=57.0136]
step 157: cost=160.1833  [spot_bright=102.9628  spot_dark=57.2205]
step 158: cost=160.5349  [spot_bright=103.1061  spot_dark=57.4288]
step 159: cost=160.8738  [spot_bright=103.2351  spot_dark=57.6387]
step 160: cost=161.1918  [spot_bright=103.3443  spot_dark=57.8476]
step 161: cost=161.4838  [spot_bright=103.4311  spot_dark=58.0528]
step 162: cost=161.7525  [spot_bright=103.4985  spot_dark=58.2540]
step 163: cost=162.0047  [spot_bright=103.5519  spot_dark=58.4528]
step 164: cost=162.2524  [spot_bright=103.6001  spot_dark=58.6523]
step 165: cost=162.5103  [spot_bright=103.6546  spot_dark=58.8557]
step 166: cost=162.7845  [spot_bright=103.7209  spot_dark=59.0637]
step 167: cost=163.0562  [spot_bright=103.7888  spot_dark=59.2674]
step 168: cost=163.3081  [spot_bright=103.8467  spot_dark=59.4615]
step 169: cost=163.5362  [spot_bright=103.8883  spot_dark=59.6479]
step 170: cost=163.7434  [spot_bright=103.9129  spot_dark=59.8305]
step 171: cost=163.9434  [spot_bright=103.9292  spot_dark=60.0142]
step 172: cost=164.1618  [spot_bright=103.9588  spot_dark=60.2030]
step 173: cost=164.3688  [spot_bright=103.9812  spot_dark=60.3876]
step 174: cost=164.6201  [spot_bright=104.0341  spot_dark=60.5860]
step 175: cost=164.8074  [spot_bright=104.0377  spot_dark=60.7697]
step 176: cost=164.9981  [spot_bright=104.0438  spot_dark=60.9544]
step 177: cost=165.1564  [spot_bright=104.0295  spot_dark=61.1270]
step 178: cost=165.2796  [spot_bright=103.9929  spot_dark=61.2867]
step 179: cost=165.3863  [spot_bright=103.9417  spot_dark=61.4446]
step 180: cost=165.5343  [spot_bright=103.9207  spot_dark=61.6136]
step 181: cost=165.6390  [spot_bright=103.8687  spot_dark=61.7703]
step 182: cost=165.7280  [spot_bright=103.8097  spot_dark=61.9183]
step 183: cost=165.8335  [spot_bright=103.7608  spot_dark=62.0727]
step 184: cost=165.9888  [spot_bright=103.7515  spot_dark=62.2373]
step 185: cost=166.1568  [spot_bright=103.7558  spot_dark=62.4010]
step 186: cost=166.2787  [spot_bright=103.7401  spot_dark=62.5386]
step 187: cost=166.3577  [spot_bright=103.7018  spot_dark=62.6560]
step 188: cost=166.3997  [spot_bright=103.6387  spot_dark=62.7609]
step 189: cost=166.4836  [spot_bright=103.5853  spot_dark=62.8983]
step 190: cost=166.6113  [spot_bright=103.5929  spot_dark=63.0184]
step 191: cost=166.7775  [spot_bright=103.6152  spot_dark=63.1624]
step 192: cost=166.8972  [spot_bright=103.6145  spot_dark=63.2828]
step 193: cost=166.9749  [spot_bright=103.5924  spot_dark=63.3824]
step 194: cost=167.0228  [spot_bright=103.5507  spot_dark=63.4721]
step 195: cost=167.0502  [spot_bright=103.4889  spot_dark=63.5613]
step 196: cost=167.0683  [spot_bright=103.4132  spot_dark=63.6551]
step 197: cost=167.1063  [spot_bright=103.3465  spot_dark=63.7598]
step 198: cost=167.2133  [spot_bright=103.3388  spot_dark=63.8746]
step 199: cost=167.3846  [spot_bright=103.3816  spot_dark=64.0030]
step 200: cost=167.6090  [spot_bright=103.4705  spot_dark=64.1385]
step 201: cost=167.8081  [spot_bright=103.5395  spot_dark=64.2686]
step 202: cost=167.9079  [spot_bright=103.5074  spot_dark=64.4005]
step 203: cost=168.0643  [spot_bright=103.4885  spot_dark=64.5758]
step 204: cost=168.2765  [spot_bright=103.4795  spot_dark=64.7970]
step 205: cost=168.5546  [spot_bright=103.4756  spot_dark=65.0790]
step 206: cost=168.8787  [spot_bright=103.4366  spot_dark=65.4422]
step 207: cost=169.2171  [spot_bright=103.3430  spot_dark=65.8741]
step 208: cost=169.1811  [spot_bright=103.2909  spot_dark=65.8902]
step 209: cost=169.1293  [spot_bright=103.2650  spot_dark=65.8642]
step 210: cost=169.1309  [spot_bright=103.2539  spot_dark=65.8770]
step 211: cost=169.1482  [spot_bright=103.2508  spot_dark=65.8975]
step 212: cost=169.1891  [spot_bright=103.2458  spot_dark=65.9433]
step 213: cost=169.2834  [spot_bright=103.2313  spot_dark=66.0521]
step 214: cost=169.4224  [spot_bright=103.2055  spot_dark=66.2168]
step 215: cost=169.5607  [spot_bright=103.1728  spot_dark=66.3879]
step 216: cost=169.6647  [spot_bright=103.1415  spot_dark=66.5232]
step 217: cost=169.7432  [spot_bright=103.1194  spot_dark=66.6238]
step 218: cost=169.8239  [spot_bright=103.1113  spot_dark=66.7126]
step 219: cost=169.9226  [spot_bright=103.1165  spot_dark=66.8061]
step 220: cost=170.0377  [spot_bright=103.1299  spot_dark=66.9079]
step 221: cost=170.1740  [spot_bright=103.1486  spot_dark=67.0253]
step 222: cost=170.3333  [spot_bright=103.1745  spot_dark=67.1588]
step 223: cost=170.4836  [spot_bright=103.2111  spot_dark=67.2725]
step 224: cost=170.5940  [spot_bright=103.2643  spot_dark=67.3297]
step 225: cost=170.4214  [spot_bright=103.6181  spot_dark=66.8033]
step 226: cost=171.0474  [spot_bright=103.3293  spot_dark=67.7180]
step 227: cost=171.2562  [spot_bright=103.3673  spot_dark=67.8889]
step 228: cost=171.2762  [spot_bright=104.3313  spot_dark=66.9449]
step 229: cost=172.3262  [spot_bright=103.3069  spot_dark=69.0193]
step 230: cost=172.8128  [spot_bright=103.2663  spot_dark=69.5465]
step 231: cost=172.7730  [spot_bright=105.1059  spot_dark=67.6671]
step 232: cost=174.1832  [spot_bright=103.0440  spot_dark=71.1392]
step 233: cost=173.8025  [spot_bright=103.1078  spot_dark=70.6947]
step 234: cost=173.1971  [spot_bright=105.2862  spot_dark=67.9109]
step 235: cost=172.7237  [spot_bright=103.4947  spot_dark=69.2291]
step 236: cost=174.5282  [spot_bright=102.9253  spot_dark=71.6029]
step 237: cost=172.3150  [spot_bright=104.3569  spot_dark=67.9581]
step 238: cost=172.3905  [spot_bright=104.4480  spot_dark=67.9426]
step 239: cost=173.8503  [spot_bright=103.1555  spot_dark=70.6948]
step 240: cost=172.7118  [spot_bright=103.6480  spot_dark=69.0638]
step 241: cost=172.7019  [spot_bright=104.7918  spot_dark=67.9100]
step 242: cost=172.5826  [spot_bright=103.8867  spot_dark=68.6959]
step 243: cost=173.6937  [spot_bright=103.3847  spot_dark=70.3090]
step 244: cost=172.5254  [spot_bright=104.1735  spot_dark=68.3520]
step 245: cost=172.6186  [spot_bright=104.6098  spot_dark=68.0088]
step 246: cost=172.8719  [spot_bright=103.8371  spot_dark=69.0347]
step 247: cost=173.3474  [spot_bright=103.6235  spot_dark=69.7239]
step 248: cost=172.6055  [spot_bright=104.2845  spot_dark=68.3210]
step 249: cost=172.6081  [spot_bright=104.4694  spot_dark=68.1387]
step 250: cost=172.9662  [spot_bright=103.8761  spot_dark=69.0902]
step 251: cost=173.1685  [spot_bright=103.7807  spot_dark=69.3877]
step 252: cost=172.5802  [spot_bright=104.3330  spot_dark=68.2472]
step 253: cost=172.5413  [spot_bright=104.4275  spot_dark=68.1138]
step 254: cost=172.9209  [spot_bright=103.9504  spot_dark=68.9705]
step 255: cost=173.0030  [spot_bright=103.9072  spot_dark=69.0958]
step 256: cost=172.5335  [spot_bright=104.3538  spot_dark=68.1797]
step 257: cost=172.5241  [spot_bright=104.3779  spot_dark=68.1462]
step 258: cost=172.9186  [spot_bright=103.9583  spot_dark=68.9603]
step 259: cost=172.9202  [spot_bright=103.9537  spot_dark=68.9665]
step 260: cost=172.5671  [spot_bright=104.3280  spot_dark=68.2391]
step 261: cost=172.6172  [spot_bright=104.2503  spot_dark=68.3669]
step 262: cost=173.0077  [spot_bright=103.8834  spot_dark=69.1243]
step 263: cost=172.7964  [spot_bright=104.0386  spot_dark=68.7578]
step 264: cost=172.6025  [spot_bright=104.3204  spot_dark=68.2822]
step 265: cost=172.7834  [spot_bright=104.0471  spot_dark=68.7363]
step 266: cost=172.9776  [spot_bright=103.8821  spot_dark=69.0955]
step 267: cost=172.6500  [spot_bright=104.2328  spot_dark=68.4172]
step 268: cost=172.7071  [spot_bright=104.1338  spot_dark=68.5733]
step 269: cost=173.0086  [spot_bright=103.8346  spot_dark=69.1740]
step 270: cost=172.6847  [spot_bright=104.1778  spot_dark=68.5070]
step 271: cost=172.7573  [spot_bright=104.0539  spot_dark=68.7034]
step 272: cost=173.0006  [spot_bright=103.8068  spot_dark=69.1938]
step 273: cost=172.6827  [spot_bright=104.2463  spot_dark=68.4363]
step 274: cost=173.0525  [spot_bright=103.7556  spot_dark=69.2968]
step 275: cost=172.7136  [spot_bright=104.1518  spot_dark=68.5618]
step 276: cost=172.9724  [spot_bright=103.8069  spot_dark=69.1655]
step 277: cost=172.7233  [spot_bright=104.1383  spot_dark=68.5851]
step 278: cost=173.1321  [spot_bright=103.6974  spot_dark=69.4347]
step 279: cost=172.7625  [spot_bright=104.5405  spot_dark=68.2220]
step 280: cost=174.9428  [spot_bright=103.2423  spot_dark=71.7005]
step 281: cost=174.1431  [spot_bright=105.8170  spot_dark=68.3261]
step 282: cost=175.6397  [spot_bright=103.1995  spot_dark=72.4403]
step 283: cost=172.5414  [spot_bright=104.1417  spot_dark=68.3997]
step 284: cost=172.7788  [spot_bright=105.1254  spot_dark=67.6533]
step 285: cost=174.4115  [spot_bright=103.3182  spot_dark=71.0933]
step 286: cost=172.5212  [spot_bright=104.0237  spot_dark=68.4975]
step 287: cost=172.5265  [spot_bright=104.8911  spot_dark=67.6354]
step 288: cost=173.0199  [spot_bright=103.6521  spot_dark=69.3677]
step 289: cost=173.1601  [spot_bright=103.5898  spot_dark=69.5703]
step 290: cost=172.3291  [spot_bright=104.6201  spot_dark=67.7089]
step 291: cost=172.2892  [spot_bright=104.2538  spot_dark=68.0353]
step 292: cost=173.3803  [spot_bright=103.5373  spot_dark=69.8430]
step 293: cost=172.3283  [spot_bright=104.0954  spot_dark=68.2330]
step 294: cost=172.1435  [spot_bright=104.6420  spot_dark=67.5015]
step 295: cost=172.5140  [spot_bright=104.0804  spot_dark=68.4336]
step 296: cost=173.2573  [spot_bright=103.9729  spot_dark=69.2844]
step 297: cost=172.4633  [spot_bright=104.6522  spot_dark=67.8111]
step 298: cost=172.1715  [spot_bright=104.3732  spot_dark=67.7983]
step 299: cost=172.9054  [spot_bright=103.7112  spot_dark=69.1941]
step 300: cost=172.2336  [spot_bright=104.1795  spot_dark=68.0541]
step 301: cost=172.1895  [spot_bright=104.3272  spot_dark=67.8623]
step 302: cost=172.9000  [spot_bright=103.7108  spot_dark=69.1892]
step 303: cost=172.2277  [spot_bright=104.2232  spot_dark=68.0045]
step 304: cost=172.2400  [spot_bright=104.1765  spot_dark=68.0634]
step 305: cost=172.8023  [spot_bright=103.7218  spot_dark=69.0805]
step 306: cost=172.1503  [spot_bright=104.4706  spot_dark=67.6797]
step 307: cost=172.5992  [spot_bright=103.7793  spot_dark=68.8198]
step 308: cost=172.2071  [spot_bright=104.0902  spot_dark=68.1169]
step 309: cost=172.1809  [spot_bright=104.1025  spot_dark=68.0784]
step 310: cost=172.5615  [spot_bright=103.7251  spot_dark=68.8365]
step 311: cost=172.1210  [spot_bright=104.5189  spot_dark=67.6021]
step 312: cost=172.8181  [spot_bright=103.5719  spot_dark=69.2462]
step 313: cost=172.0255  [spot_bright=104.3630  spot_dark=67.6625]
step 314: cost=172.3699  [spot_bright=103.7676  spot_dark=68.6024]
step 315: cost=171.9784  [spot_bright=104.1974  spot_dark=67.7810]
step 316: cost=172.2948  [spot_bright=104.1549  spot_dark=68.1399]
step 317: cost=172.3110  [spot_bright=104.2158  spot_dark=68.0952]
step 318: cost=172.3017  [spot_bright=104.2547  spot_dark=68.0470]
step 319: cost=172.3066  [spot_bright=104.2849  spot_dark=68.0216]
step 320: cost=172.3247  [spot_bright=104.3087  spot_dark=68.0161]
step 321: cost=172.3481  [spot_bright=104.3369  spot_dark=68.0112]
step 322: cost=172.3671  [spot_bright=104.3809  spot_dark=67.9862]
step 323: cost=172.3736  [spot_bright=104.4353  spot_dark=67.9382]
step 324: cost=172.3901  [spot_bright=104.4980  spot_dark=67.8921]
step 325: cost=172.4458  [spot_bright=104.5676  spot_dark=67.8783]
step 326: cost=172.5284  [spot_bright=104.6278  spot_dark=67.9006]
step 327: cost=172.5811  [spot_bright=104.6483  spot_dark=67.9328]
step 328: cost=172.6049  [spot_bright=104.6451  spot_dark=67.9598]
step 329: cost=172.6312  [spot_bright=104.6507  spot_dark=67.9804]
step 330: cost=172.6172  [spot_bright=104.6349  spot_dark=67.9823]
step 331: cost=171.9899  [spot_bright=104.1860  spot_dark=67.8039]
step 332: cost=171.9308  [spot_bright=104.2043  spot_dark=67.7265]
step 333: cost=171.9515  [spot_bright=104.2948  spot_dark=67.6567]
step 334: cost=171.9894  [spot_bright=104.3291  spot_dark=67.6603]
step 335: cost=172.0136  [spot_bright=104.3157  spot_dark=67.6980]
step 336: cost=171.8252  [spot_bright=104.0807  spot_dark=67.7445]
step 337: cost=171.9542  [spot_bright=104.2465  spot_dark=67.7077]
step 338: cost=171.7560  [spot_bright=104.1187  spot_dark=67.6373]
step 339: cost=171.6224  [spot_bright=104.0867  spot_dark=67.5358]
step 340: cost=171.5933  [spot_bright=104.1056  spot_dark=67.4877]
step 341: cost=171.5491  [spot_bright=104.0436  spot_dark=67.5055]
step 342: cost=171.4764  [spot_bright=103.9727  spot_dark=67.5037]
step 343: cost=171.4062  [spot_bright=103.9612  spot_dark=67.4451]
step 344: cost=171.3212  [spot_bright=103.9962  spot_dark=67.3250]
step 345: cost=171.2117  [spot_bright=103.9952  spot_dark=67.2165]
step 346: cost=171.1644  [spot_bright=104.0507  spot_dark=67.1137]
step 347: cost=171.1726  [spot_bright=104.0496  spot_dark=67.1230]
step 348: cost=171.2209  [spot_bright=104.0623  spot_dark=67.1586]
step 349: cost=170.9522  [spot_bright=103.8130  spot_dark=67.1392]
step 350: cost=173.5815  [spot_bright=105.1118  spot_dark=68.4696]
step 351: cost=170.8945  [spot_bright=104.0989  spot_dark=66.7956]
step 352: cost=170.5489  [spot_bright=103.8189  spot_dark=66.7299]
step 353: cost=187.1718  [spot_bright=111.6027  spot_dark=75.5691]
step 354: cost=170.1929  [spot_bright=103.8717  spot_dark=66.3213]
step 355: cost=180.3662  [spot_bright=108.5864  spot_dark=71.7798]
step 356: cost=184.0948  [spot_bright=110.5758  spot_dark=73.5191]
step 357: cost=179.2291  [spot_bright=108.1974  spot_dark=71.0317]
step 358: cost=169.4400  [spot_bright=103.5964  spot_dark=65.8436]
step 359: cost=170.0501  [spot_bright=103.2026  spot_dark=66.8475]
step 360: cost=170.3484  [spot_bright=103.1480  spot_dark=67.2003]
step 361: cost=170.4900  [spot_bright=103.2561  spot_dark=67.2339]
step 362: cost=170.7195  [spot_bright=103.3836  spot_dark=67.3359]
step 363: cost=170.9027  [spot_bright=103.3465  spot_dark=67.5561]
step 364: cost=170.7446  [spot_bright=103.1327  spot_dark=67.6120]
step 365: cost=170.6638  [spot_bright=102.9197  spot_dark=67.7441]
step 366: cost=170.5380  [spot_bright=102.8359  spot_dark=67.7020]
step 367: cost=170.3410  [spot_bright=102.8939  spot_dark=67.4471]
step 368: cost=170.1770  [spot_bright=102.9775  spot_dark=67.1995]
step 369: cost=170.0460  [spot_bright=102.9310  spot_dark=67.1151]
step 370: cost=169.9390  [spot_bright=102.7821  spot_dark=67.1569]
step 371: cost=169.8313  [spot_bright=102.7022  spot_dark=67.1292]
step 372: cost=169.6505  [spot_bright=102.7801  spot_dark=66.8704]
step 373: cost=169.4510  [spot_bright=102.9759  spot_dark=66.4750]
step 374: cost=169.3271  [spot_bright=103.1501  spot_dark=66.1770]
step 375: cost=169.3023  [spot_bright=103.2123  spot_dark=66.0900]
step 376: cost=169.3907  [spot_bright=103.2536  spot_dark=66.1370]
step 377: cost=169.5477  [spot_bright=103.3865  spot_dark=66.1612]
step 378: cost=169.7734  [spot_bright=103.6227  spot_dark=66.1507]
step 379: cost=170.1450  [spot_bright=103.8946  spot_dark=66.2504]
step 380: cost=170.6967  [spot_bright=104.1315  spot_dark=66.5652]
step 381: cost=171.4463  [spot_bright=104.3713  spot_dark=67.0750]
step 382: cost=172.4043  [spot_bright=104.7137  spot_dark=67.6906]
step 383: cost=173.5569  [spot_bright=105.1894  spot_dark=68.3675]
step 384: cost=173.5639  [spot_bright=105.2505  spot_dark=68.3134]
step 385: cost=173.6154  [spot_bright=105.2365  spot_dark=68.3789]
step 386: cost=173.6982  [spot_bright=105.1490  spot_dark=68.5492]
step 387: cost=173.7849  [spot_bright=105.0845  spot_dark=68.7004]
step 388: cost=173.8439  [spot_bright=105.0860  spot_dark=68.7579]
step 389: cost=173.8966  [spot_bright=105.1183  spot_dark=68.7783]
step 390: cost=173.9717  [spot_bright=105.1057  spot_dark=68.8660]
step 391: cost=174.0820  [spot_bright=105.0272  spot_dark=69.0547]
step 392: cost=174.2152  [spot_bright=104.9420  spot_dark=69.2732]
step 393: cost=174.2056  [spot_bright=104.8749  spot_dark=69.3308]
step 394: cost=174.1833  [spot_bright=104.8162  spot_dark=69.3670]
step 395: cost=174.1689  [spot_bright=104.7176  spot_dark=69.4513]
step 396: cost=174.1495  [spot_bright=104.5810  spot_dark=69.5686]
step 397: cost=174.1085  [spot_bright=104.4616  spot_dark=69.6469]
step 398: cost=174.0309  [spot_bright=104.3995  spot_dark=69.6313]
step 399: cost=173.9264  [spot_bright=104.3658  spot_dark=69.5606]
step 400: cost=173.8060  [spot_bright=104.3002  spot_dark=69.5058]
step 401: cost=173.6746  [spot_bright=104.2001  spot_dark=69.4746]
step 402: cost=173.5262  [spot_bright=104.1197  spot_dark=69.4066]
step 403: cost=173.2852  [spot_bright=104.0638  spot_dark=69.2214]
step 404: cost=172.9499  [spot_bright=103.9878  spot_dark=68.9622]
step 405: cost=172.5472  [spot_bright=103.8538  spot_dark=68.6934]
step 406: cost=172.1051  [spot_bright=103.6970  spot_dark=68.4081]
step 407: cost=171.6439  [spot_bright=103.5782  spot_dark=68.0658]
step 408: cost=171.1976  [spot_bright=103.4902  spot_dark=67.7074]
step 409: cost=170.7956  [spot_bright=103.3691  spot_dark=67.4265]
step 410: cost=170.4258  [spot_bright=103.2508  spot_dark=67.1750]
step 411: cost=170.0733  [spot_bright=103.2626  spot_dark=66.8107]
step 412: cost=169.7945  [spot_bright=103.3268  spot_dark=66.4677]
step 413: cost=169.6319  [spot_bright=103.3262  spot_dark=66.3057]
step 414: cost=169.5651  [spot_bright=103.3827  spot_dark=66.1824]
step 415: cost=169.6464  [spot_bright=103.4980  spot_dark=66.1484]
step 416: cost=169.8901  [spot_bright=103.6266  spot_dark=66.2634]
step 417: cost=170.2888  [spot_bright=103.7801  spot_dark=66.5086]
step 418: cost=170.5258  [spot_bright=103.9175  spot_dark=66.6083]
step 419: cost=170.3961  [spot_bright=103.9412  spot_dark=66.4548]
step 420: cost=170.2958  [spot_bright=103.9083  spot_dark=66.3875]
step 421: cost=170.2263  [spot_bright=103.8429  spot_dark=66.3834]
step 422: cost=170.1806  [spot_bright=103.8020  spot_dark=66.3786]
step 423: cost=170.1543  [spot_bright=103.7654  spot_dark=66.3890]
step 424: cost=170.1199  [spot_bright=103.6787  spot_dark=66.4412]
step 425: cost=170.0739  [spot_bright=103.6268  spot_dark=66.4471]
step 426: cost=170.0155  [spot_bright=103.6844  spot_dark=66.3311]
step 427: cost=169.9713  [spot_bright=103.7060  spot_dark=66.2654]
step 428: cost=169.9527  [spot_bright=103.6110  spot_dark=66.3417]
step 429: cost=169.9401  [spot_bright=103.5436  spot_dark=66.3965]
step 430: cost=169.8929  [spot_bright=103.5723  spot_dark=66.3205]
step 431: cost=169.8265  [spot_bright=103.6163  spot_dark=66.2102]
step 432: cost=169.7578  [spot_bright=103.5915  spot_dark=66.1663]
step 433: cost=169.6870  [spot_bright=103.5580  spot_dark=66.1290]
step 434: cost=169.5948  [spot_bright=103.5862  spot_dark=66.0086]
step 435: cost=169.5032  [spot_bright=103.6212  spot_dark=65.8820]
step 436: cost=169.4306  [spot_bright=103.5785  spot_dark=65.8521]
step 437: cost=169.3581  [spot_bright=103.5192  spot_dark=65.8390]
step 438: cost=169.2658  [spot_bright=103.5377  spot_dark=65.7281]
step 439: cost=169.1713  [spot_bright=103.5823  spot_dark=65.5890]
step 440: cost=169.0853  [spot_bright=103.5511  spot_dark=65.5342]
step 441: cost=168.9834  [spot_bright=103.5169  spot_dark=65.4666]
step 442: cost=168.8586  [spot_bright=103.5397  spot_dark=65.3189]
step 443: cost=168.7556  [spot_bright=103.5198  spot_dark=65.2358]
step 444: cost=168.6714  [spot_bright=103.4801  spot_dark=65.1913]
step 445: cost=168.5945  [spot_bright=103.4890  spot_dark=65.1055]
step 446: cost=168.5257  [spot_bright=103.5257  spot_dark=65.0000]
step 447: cost=168.4744  [spot_bright=103.5193  spot_dark=64.9551]
step 448: cost=168.4431  [spot_bright=103.4878  spot_dark=64.9553]
step 449: cost=168.4232  [spot_bright=103.4940  spot_dark=64.9292]
step 450: cost=168.4141  [spot_bright=103.5261  spot_dark=64.8881]
step 451: cost=168.4186  [spot_bright=103.5289  spot_dark=64.8897]
step 452: cost=168.4275  [spot_bright=103.5082  spot_dark=64.9193]
step 453: cost=168.4312  [spot_bright=103.5145  spot_dark=64.9167]
step 454: cost=168.4339  [spot_bright=103.5415  spot_dark=64.8924]
step 455: cost=168.4429  [spot_bright=103.5432  spot_dark=64.8996]
step 456: cost=168.4579  [spot_bright=103.5335  spot_dark=64.9244]
step 457: cost=168.4709  [spot_bright=103.5541  spot_dark=64.9168]
step 458: cost=168.4818  [spot_bright=103.5819  spot_dark=64.9000]
step 459: cost=168.4929  [spot_bright=103.5816  spot_dark=64.9113]
step 460: cost=168.5021  [spot_bright=103.5834  spot_dark=64.9187]
step 461: cost=168.5064  [spot_bright=103.6151  spot_dark=64.8913]
step 462: cost=168.5105  [spot_bright=103.6439  spot_dark=64.8666]
step 463: cost=168.5148  [spot_bright=103.6470  spot_dark=64.8679]
step 464: cost=168.5139  [spot_bright=103.6571  spot_dark=64.8568]
step 465: cost=168.5063  [spot_bright=103.6841  spot_dark=64.8222]
step 466: cost=168.4979  [spot_bright=103.7009  spot_dark=64.7969]
step 467: cost=168.4910  [spot_bright=103.7049  spot_dark=64.7861]
step 468: cost=168.4836  [spot_bright=103.7240  spot_dark=64.7596]
step 469: cost=168.4765  [spot_bright=103.7499  spot_dark=64.7266]
step 470: cost=168.4734  [spot_bright=103.7546  spot_dark=64.7189]
step 471: cost=168.4715  [spot_bright=103.7570  spot_dark=64.7145]
step 472: cost=168.4668  [spot_bright=103.7789  spot_dark=64.6879]
step 473: cost=168.4615  [spot_bright=103.7965  spot_dark=64.6650]
step 474: cost=168.4762  [spot_bright=103.7875  spot_dark=64.6887]
step 475: cost=168.4882  [spot_bright=103.7838  spot_dark=64.7044]
step 476: cost=168.4898  [spot_bright=103.7875  spot_dark=64.7022]
step 477: cost=168.4805  [spot_bright=103.7785  spot_dark=64.7020]
step 478: cost=168.4579  [spot_bright=103.7612  spot_dark=64.6967]
step 479: cost=168.4184  [spot_bright=103.7546  spot_dark=64.6638]
step 480: cost=168.3624  [spot_bright=103.7443  spot_dark=64.6181]
step 481: cost=168.2898  [spot_bright=103.7168  spot_dark=64.5730]
step 482: cost=168.1967  [spot_bright=103.6911  spot_dark=64.5055]
step 483: cost=168.0814  [spot_bright=103.6707  spot_dark=64.4107]
step 484: cost=167.9454  [spot_bright=103.6377  spot_dark=64.3077]
step 485: cost=167.7876  [spot_bright=103.5984  spot_dark=64.1892]
step 486: cost=167.6072  [spot_bright=103.5651  spot_dark=64.0421]
step 487: cost=167.4063  [spot_bright=103.5244  spot_dark=63.8820]
step 488: cost=167.1864  [spot_bright=103.4736  spot_dark=63.7128]
step 489: cost=166.9475  [spot_bright=103.4248  spot_dark=63.5227]
step 490: cost=166.6921  [spot_bright=103.3771  spot_dark=63.3151]
step 491: cost=166.4239  [spot_bright=103.3212  spot_dark=63.1027]
step 492: cost=166.1447  [spot_bright=103.2649  spot_dark=62.8799]
step 493: cost=165.8568  [spot_bright=103.2114  spot_dark=62.6454]
step 494: cost=165.5636  [spot_bright=103.1566  spot_dark=62.4071]
step 495: cost=165.2681  [spot_bright=103.0975  spot_dark=62.1706]
step 496: cost=164.9722  [spot_bright=103.0422  spot_dark=61.9300]
step 497: cost=164.6786  [spot_bright=102.9896  spot_dark=61.6890]
step 498: cost=164.3902  [spot_bright=102.9375  spot_dark=61.4527]
step 499: cost=164.1100  [spot_bright=102.8864  spot_dark=61.2236]
step 500: cost=163.8400  [spot_bright=102.8394  spot_dark=61.0006]
step 501: cost=163.5823  [spot_bright=102.7926  spot_dark=60.7897]
step 502: cost=163.3380  [spot_bright=102.7514  spot_dark=60.5867]
step 503: cost=163.1099  [spot_bright=102.7119  spot_dark=60.3980]
step 504: cost=162.8987  [spot_bright=102.6780  spot_dark=60.2207]
step 505: cost=162.7055  [spot_bright=102.6527  spot_dark=60.0528]
step 506: cost=162.5323  [spot_bright=102.6262  spot_dark=59.9061]
step 507: cost=162.3786  [spot_bright=102.6042  spot_dark=59.7744]
step 508: cost=162.2437  [spot_bright=102.5918  spot_dark=59.6519]
step 509: cost=162.1280  [spot_bright=102.5828  spot_dark=59.5453]
step 510: cost=162.0312  [spot_bright=102.5789  spot_dark=59.4523]
step 511: cost=161.9532  [spot_bright=102.5820  spot_dark=59.3712]
step 512: cost=161.8941  [spot_bright=102.5818  spot_dark=59.3124]
step 513: cost=161.8514  [spot_bright=102.5912  spot_dark=59.2602]
step 514: cost=161.8244  [spot_bright=102.6118  spot_dark=59.2126]
step 515: cost=161.8140  [spot_bright=102.6275  spot_dark=59.1865]
step 516: cost=161.8183  [spot_bright=102.6466  spot_dark=59.1717]
step 517: cost=161.8351  [spot_bright=102.6785  spot_dark=59.1566]
step 518: cost=161.8657  [spot_bright=102.7027  spot_dark=59.1630]
step 519: cost=161.9069  [spot_bright=102.7309  spot_dark=59.1760]
step 520: cost=161.9560  [spot_bright=102.7708  spot_dark=59.1852]
step 521: cost=162.0141  [spot_bright=102.8036  spot_dark=59.2105]
step 522: cost=162.0788  [spot_bright=102.8364  spot_dark=59.2424]
step 523: cost=162.1471  [spot_bright=102.8789  spot_dark=59.2682]
step 524: cost=162.2196  [spot_bright=102.9136  spot_dark=59.3060]
step 525: cost=162.2935  [spot_bright=102.9475  spot_dark=59.3460]
step 526: cost=162.3661  [spot_bright=102.9915  spot_dark=59.3746]
step 527: cost=162.4385  [spot_bright=103.0247  spot_dark=59.4138]
step 528: cost=162.5081  [spot_bright=103.0562  spot_dark=59.4519]
step 529: cost=162.5720  [spot_bright=103.0958  spot_dark=59.4762]
step 530: cost=162.6317  [spot_bright=103.1250  spot_dark=59.5067]
step 531: cost=162.6850  [spot_bright=103.1534  spot_dark=59.5316]
step 532: cost=162.7302  [spot_bright=103.1860  spot_dark=59.5443]
step 533: cost=162.7686  [spot_bright=103.2100  spot_dark=59.5585]
step 534: cost=162.7986  [spot_bright=103.2326  spot_dark=59.5661]
step 535: cost=162.8198  [spot_bright=103.2595  spot_dark=59.5603]
step 536: cost=162.8340  [spot_bright=103.2770  spot_dark=59.5571]
step 537: cost=162.8403  [spot_bright=103.2939  spot_dark=59.5464]
step 538: cost=162.8384  [spot_bright=103.3148  spot_dark=59.5236]
step 539: cost=162.8305  [spot_bright=103.3272  spot_dark=59.5033]
step 540: cost=162.8162  [spot_bright=103.3413  spot_dark=59.4749]
step 541: cost=162.7965  [spot_bright=103.3562  spot_dark=59.4403]
step 542: cost=162.7735  [spot_bright=103.3642  spot_dark=59.4093]
step 543: cost=162.7466  [spot_bright=103.3758  spot_dark=59.3708]
step 544: cost=162.7175  [spot_bright=103.3851  spot_dark=59.3324]
step 545: cost=162.6867  [spot_bright=103.3953  spot_dark=59.2914]
step 546: cost=162.6555  [spot_bright=103.4041  spot_dark=59.2514]
step 547: cost=162.6245  [spot_bright=103.4135  spot_dark=59.2110]
step 548: cost=162.5945  [spot_bright=103.4228  spot_dark=59.1717]
step 549: cost=162.5662  [spot_bright=103.4312  spot_dark=59.1350]
step 550: cost=162.5396  [spot_bright=103.4420  spot_dark=59.0976]
step 551: cost=162.5157  [spot_bright=103.4499  spot_dark=59.0658]
step 552: cost=162.4939  [spot_bright=103.4620  spot_dark=59.0320]
step 553: cost=162.4752  [spot_bright=103.4723  spot_dark=59.0029]
step 554: cost=162.4593  [spot_bright=103.4828  spot_dark=58.9766]
step 555: cost=162.4459  [spot_bright=103.4962  spot_dark=58.9497]
step 556: cost=162.4359  [spot_bright=103.5062  spot_dark=58.9296]
step 557: cost=162.4280  [spot_bright=103.5194  spot_dark=58.9086]
step 558: cost=162.4226  [spot_bright=103.5307  spot_dark=58.8919]
step 559: cost=162.4186  [spot_bright=103.5445  spot_dark=58.8741]
step 560: cost=162.4160  [spot_bright=103.5584  spot_dark=58.8577]
step 561: cost=162.4149  [spot_bright=103.5698  spot_dark=58.8451]
step 562: cost=162.4140  [spot_bright=103.5839  spot_dark=58.8301]
step 563: cost=162.4137  [spot_bright=103.5947  spot_dark=58.8191]
step 564: cost=162.4128  [spot_bright=103.6091  spot_dark=58.8037]
step 565: cost=162.4118  [spot_bright=103.6205  spot_dark=58.7913]
step 566: cost=162.4101  [spot_bright=103.6351  spot_dark=58.7750]
step 567: cost=162.4089  [spot_bright=103.6412  spot_dark=58.7677]
step 568: cost=162.4049  [spot_bright=103.6594  spot_dark=58.7455]
step 569: cost=162.4015  [spot_bright=103.6643  spot_dark=58.7372]
step 570: cost=162.3952  [spot_bright=103.6851  spot_dark=58.7101]
step 571: cost=162.3907  [spot_bright=103.6843  spot_dark=58.7064]
step 572: cost=162.3821  [spot_bright=103.7088  spot_dark=58.6733]
step 573: cost=162.3768  [spot_bright=103.6989  spot_dark=58.6779]
step 574: cost=162.3647  [spot_bright=103.7421  spot_dark=58.6225]
step 575: cost=162.3637  [spot_bright=103.6943  spot_dark=58.6694]
step 576: cost=162.3450  [spot_bright=103.8078  spot_dark=58.5372]
step 577: cost=162.3704  [spot_bright=103.6305  spot_dark=58.7399]
step 578: cost=162.3555  [spot_bright=103.9934  spot_dark=58.3621]
step 579: cost=162.5677  [spot_bright=103.3840  spot_dark=59.1837]
step 580: cost=163.7106  [spot_bright=105.5478  spot_dark=58.1629]
step 581: cost=166.4415  [spot_bright=102.6566  spot_dark=63.7848]
step 582: cost=167.3274  [spot_bright=102.5911  spot_dark=64.7363]
step 583: cost=167.6002  [spot_bright=102.5585  spot_dark=65.0417]
step 584: cost=167.6596  [spot_bright=102.5200  spot_dark=65.1395]
step 585: cost=167.5262  [spot_bright=102.4806  spot_dark=65.0456]
step 586: cost=167.3438  [spot_bright=102.4493  spot_dark=64.8945]
step 587: cost=167.3319  [spot_bright=102.4413  spot_dark=64.8906]
step 588: cost=167.2443  [spot_bright=102.4083  spot_dark=64.8361]
step 589: cost=167.2158  [spot_bright=102.3491  spot_dark=64.8667]
step 590: cost=167.2534  [spot_bright=102.3254  spot_dark=64.9280]
step 591: cost=166.9946  [spot_bright=102.3481  spot_dark=64.6465]
step 592: cost=166.8184  [spot_bright=102.4381  spot_dark=64.3803]
step 593: cost=166.4256  [spot_bright=102.4385  spot_dark=63.9871]
step 594: cost=165.2678  [spot_bright=102.9566  spot_dark=62.3112]
step 595: cost=169.7739  [spot_bright=108.1290  spot_dark=61.6449]
step 596: cost=168.9948  [spot_bright=102.9395  spot_dark=66.0552]
step 597: cost=168.1975  [spot_bright=102.7006  spot_dark=65.4969]
step 598: cost=169.1626  [spot_bright=102.8207  spot_dark=66.3419]
step 599: cost=169.2263  [spot_bright=102.9011  spot_dark=66.3252]
step 600: cost=168.8543  [spot_bright=102.9478  spot_dark=65.9065]
step 601: cost=168.5675  [spot_bright=102.9600  spot_dark=65.6075]
step 602: cost=168.5310  [spot_bright=102.9423  spot_dark=65.5887]
step 603: cost=168.6509  [spot_bright=102.9023  spot_dark=65.7487]
step 604: cost=168.7685  [spot_bright=102.8499  spot_dark=65.9187]
step 605: cost=168.7661  [spot_bright=102.7956  spot_dark=65.9705]
step 606: cost=168.5956  [spot_bright=102.7470  spot_dark=65.8487]
step 607: cost=168.2812  [spot_bright=102.7072  spot_dark=65.5740]
step 608: cost=167.8937  [spot_bright=102.6743  spot_dark=65.2195]
step 609: cost=167.5087  [spot_bright=102.6428  spot_dark=64.8659]
step 610: cost=167.1660  [spot_bright=102.6061  spot_dark=64.5599]
step 611: cost=166.8626  [spot_bright=102.5593  spot_dark=64.3033]
step 612: cost=166.5754  [spot_bright=102.5008  spot_dark=64.0747]
step 613: cost=166.3033  [spot_bright=102.4327  spot_dark=63.8706]
step 614: cost=166.0838  [spot_bright=102.3604  spot_dark=63.7235]
step 615: cost=165.9494  [spot_bright=102.2909  spot_dark=63.6585]
step 616: cost=165.8624  [spot_bright=102.2316  spot_dark=63.6308]
step 617: cost=165.7634  [spot_bright=102.1877  spot_dark=63.5756]
step 618: cost=165.6780  [spot_bright=102.1603  spot_dark=63.5177]
step 619: cost=165.6550  [spot_bright=102.1442  spot_dark=63.5108]
step 620: cost=165.7048  [spot_bright=102.1321  spot_dark=63.5726]
step 621: cost=165.8364  [spot_bright=102.1271  spot_dark=63.7092]
step 622: cost=165.9389  [spot_bright=102.1396  spot_dark=63.7993]
step 623: cost=165.9212  [spot_bright=102.1735  spot_dark=63.7478]
step 624: cost=165.9176  [spot_bright=102.2188  spot_dark=63.6988]
step 625: cost=166.0128  [spot_bright=102.2573  spot_dark=63.7555]
step 626: cost=166.1948  [spot_bright=102.2913  spot_dark=63.9035]
step 627: cost=166.2961  [spot_bright=102.3369  spot_dark=63.9592]
step 628: cost=166.2870  [spot_bright=102.3951  spot_dark=63.8919]
step 629: cost=166.3553  [spot_bright=102.4435  spot_dark=63.9118]
step 630: cost=166.5381  [spot_bright=102.4701  spot_dark=64.0680]
step 631: cost=166.6733  [spot_bright=102.4990  spot_dark=64.1744]
step 632: cost=166.6568  [spot_bright=102.5430  spot_dark=64.1138]
step 633: cost=166.7095  [spot_bright=102.5741  spot_dark=64.1355]
step 634: cost=166.8893  [spot_bright=102.5768  spot_dark=64.3125]
step 635: cost=166.9451  [spot_bright=102.6003  spot_dark=64.3448]
step 636: cost=166.9299  [spot_bright=102.6438  spot_dark=64.2861]
step 637: cost=167.1005  [spot_bright=102.6435  spot_dark=64.4570]
step 638: cost=167.2055  [spot_bright=102.6644  spot_dark=64.5411]
step 639: cost=167.2048  [spot_bright=102.7238  spot_dark=64.4809]
step 640: cost=167.4118  [spot_bright=102.7164  spot_dark=64.6954]
step 641: cost=167.4408  [spot_bright=102.7704  spot_dark=64.6704]
step 642: cost=167.5174  [spot_bright=102.8094  spot_dark=64.7079]
step 643: cost=167.6688  [spot_bright=102.8108  spot_dark=64.8580]
step 644: cost=167.6419  [spot_bright=102.8936  spot_dark=64.7482]
step 645: cost=167.8139  [spot_bright=102.8609  spot_dark=64.9529]
step 646: cost=167.7685  [spot_bright=102.9425  spot_dark=64.8260]
step 647: cost=167.8660  [spot_bright=102.9329  spot_dark=64.9331]
step 648: cost=167.9302  [spot_bright=102.9568  spot_dark=64.9733]
step 649: cost=167.9985  [spot_bright=102.9951  spot_dark=65.0034]
step 650: cost=168.1129  [spot_bright=103.0062  spot_dark=65.1067]
step 651: cost=168.2420  [spot_bright=103.0242  spot_dark=65.2177]
step 652: cost=168.3690  [spot_bright=103.0515  spot_dark=65.3175]
step 653: cost=168.4961  [spot_bright=103.0766  spot_dark=65.4196]
step 654: cost=168.6001  [spot_bright=103.0952  spot_dark=65.5049]
step 655: cost=168.6658  [spot_bright=103.1100  spot_dark=65.5558]
step 656: cost=168.6925  [spot_bright=103.1225  spot_dark=65.5700]
step 657: cost=168.6872  [spot_bright=103.1341  spot_dark=65.5530]
step 658: cost=168.6648  [spot_bright=103.1455  spot_dark=65.5193]
step 659: cost=168.6397  [spot_bright=103.1545  spot_dark=65.4852]
step 660: cost=168.6159  [spot_bright=103.1588  spot_dark=65.4571]
step 661: cost=168.5890  [spot_bright=103.1571  spot_dark=65.4319]
step 662: cost=168.5517  [spot_bright=103.1500  spot_dark=65.4017]
step 663: cost=168.4978  [spot_bright=103.1386  spot_dark=65.3592]
step 664: cost=168.4287  [spot_bright=103.1241  spot_dark=65.3046]
step 665: cost=168.3540  [spot_bright=103.1053  spot_dark=65.2487]
step 666: cost=168.2847  [spot_bright=103.0812  spot_dark=65.2035]
step 667: cost=168.2282  [spot_bright=103.0591  spot_dark=65.1692]
step 668: cost=168.1774  [spot_bright=103.0486  spot_dark=65.1288]
step 669: cost=168.1467  [spot_bright=103.0380  spot_dark=65.1087]
step 670: cost=168.1387  [spot_bright=103.0237  spot_dark=65.1151]
step 671: cost=168.0463  [spot_bright=103.0140  spot_dark=65.0323]
step 672: cost=167.9585  [spot_bright=103.0125  spot_dark=64.9459]
step 673: cost=167.9031  [spot_bright=103.0007  spot_dark=64.9024]
step 674: cost=167.8501  [spot_bright=103.0037  spot_dark=64.8465]
step 675: cost=167.8139  [spot_bright=103.0079  spot_dark=64.8060]
step 676: cost=167.8104  [spot_bright=102.9992  spot_dark=64.8112]
step 677: cost=167.8129  [spot_bright=102.9885  spot_dark=64.8245]
step 678: cost=167.8467  [spot_bright=102.9627  spot_dark=64.8840]
step 679: cost=167.9178  [spot_bright=102.9308  spot_dark=64.9869]
step 680: cost=167.9694  [spot_bright=102.8907  spot_dark=65.0788]
step 681: cost=168.2682  [spot_bright=102.8726  spot_dark=65.3956]
step 682: cost=167.9341  [spot_bright=102.8324  spot_dark=65.1017]
step 683: cost=167.8627  [spot_bright=102.8047  spot_dark=65.0581]
step 684: cost=167.8391  [spot_bright=102.7708  spot_dark=65.0683]
step 685: cost=167.7981  [spot_bright=102.7385  spot_dark=65.0596]
step 686: cost=167.7075  [spot_bright=102.7133  spot_dark=64.9942]
step 687: cost=167.6826  [spot_bright=102.6937  spot_dark=64.9889]
step 688: cost=167.7312  [spot_bright=102.6716  spot_dark=65.0596]
step 689: cost=167.8639  [spot_bright=102.6524  spot_dark=65.2115]
step 690: cost=167.9299  [spot_bright=102.6484  spot_dark=65.2815]
step 691: cost=167.9307  [spot_bright=102.6605  spot_dark=65.2702]
step 692: cost=167.9934  [spot_bright=102.6732  spot_dark=65.3203]
step 693: cost=168.1168  [spot_bright=102.6823  spot_dark=65.4346]
step 694: cost=168.1996  [spot_bright=102.7029  spot_dark=65.4967]
step 695: cost=168.1771  [spot_bright=102.7376  spot_dark=65.4395]
step 696: cost=168.1956  [spot_bright=102.7727  spot_dark=65.4229]
step 697: cost=168.2743  [spot_bright=102.8008  spot_dark=65.4735]
step 698: cost=168.3581  [spot_bright=102.8318  spot_dark=65.5263]
step 699: cost=168.3695  [spot_bright=102.8689  spot_dark=65.5005]
step 700: cost=168.3929  [spot_bright=102.9045  spot_dark=65.4885]
step 701: cost=168.4598  [spot_bright=102.9308  spot_dark=65.5290]
step 702: cost=168.5437  [spot_bright=102.9516  spot_dark=65.5921]
step 703: cost=168.5761  [spot_bright=102.9714  spot_dark=65.6047]
step 704: cost=168.5752  [spot_bright=102.9885  spot_dark=65.5867]
step 705: cost=168.5928  [spot_bright=102.9962  spot_dark=65.5966]
step 706: cost=168.6296  [spot_bright=102.9946  spot_dark=65.6349]
step 707: cost=168.6468  [spot_bright=102.9896  spot_dark=65.6572]
step 708: cost=168.6229  [spot_bright=102.9842  spot_dark=65.6388]
step 709: cost=168.6063  [spot_bright=102.9760  spot_dark=65.6304]
step 710: cost=168.6168  [spot_bright=102.9634  spot_dark=65.6534]
step 711: cost=168.6319  [spot_bright=102.9510  spot_dark=65.6809]
step 712: cost=168.6130  [spot_bright=102.9433  spot_dark=65.6697]
step 713: cost=168.5880  [spot_bright=102.9385  spot_dark=65.6495]
step 714: cost=168.5874  [spot_bright=102.9329  spot_dark=65.6545]
step 715: cost=168.5992  [spot_bright=102.9284  spot_dark=65.6708]
step 716: cost=168.5866  [spot_bright=102.9287  spot_dark=65.6578]
step 717: cost=168.5613  [spot_bright=102.9325  spot_dark=65.6287]
step 718: cost=168.5563  [spot_bright=102.9356  spot_dark=65.6207]
step 719: cost=168.5688  [spot_bright=102.9380  spot_dark=65.6308]
step 720: cost=168.5703  [spot_bright=102.9426  spot_dark=65.6277]
step 721: cost=168.5593  [spot_bright=102.9490  spot_dark=65.6104]
step 722: cost=168.5618  [spot_bright=102.9540  spot_dark=65.6078]
step 723: cost=168.5804  [spot_bright=102.9569  spot_dark=65.6235]
step 724: cost=168.5946  [spot_bright=102.9597  spot_dark=65.6349]
step 725: cost=168.5935  [spot_bright=102.9631  spot_dark=65.6304]
step 726: cost=168.5937  [spot_bright=102.9654  spot_dark=65.6283]
step 727: cost=168.6033  [spot_bright=102.9653  spot_dark=65.6380]
step 728: cost=168.6108  [spot_bright=102.9644  spot_dark=65.6464]
step 729: cost=168.6030  [spot_bright=102.9638  spot_dark=65.6392]
step 730: cost=168.5901  [spot_bright=102.9629  spot_dark=65.6272]
step 731: cost=168.5847  [spot_bright=102.9604  spot_dark=65.6243]
step 732: cost=168.5825  [spot_bright=102.9572  spot_dark=65.6253]
step 733: cost=168.5712  [spot_bright=102.9548  spot_dark=65.6164]
step 734: cost=168.5555  [spot_bright=102.9531  spot_dark=65.6024]
step 735: cost=168.5483  [spot_bright=102.9509  spot_dark=65.5974]
step 736: cost=168.5481  [spot_bright=102.9476  spot_dark=65.6005]
step 737: cost=168.5431  [spot_bright=102.9454  spot_dark=65.5977]
step 738: cost=168.5343  [spot_bright=102.9442  spot_dark=65.5901]
step 739: cost=168.5329  [spot_bright=102.9429  spot_dark=65.5900]
step 740: cost=168.5381  [spot_bright=102.9416  spot_dark=65.5965]
step 741: cost=168.5385  [spot_bright=102.9414  spot_dark=65.5971]
step 742: cost=168.5350  [spot_bright=102.9423  spot_dark=65.5927]
step 743: cost=168.5372  [spot_bright=102.9431  spot_dark=65.5941]
step 744: cost=168.5436  [spot_bright=102.9437  spot_dark=65.5999]
step 745: cost=168.5445  [spot_bright=102.9451  spot_dark=65.5993]
step 746: cost=168.5421  [spot_bright=102.9470  spot_dark=65.5951]
step 747: cost=168.5449  [spot_bright=102.9483  spot_dark=65.5966]
step 748: cost=168.5496  [spot_bright=102.9491  spot_dark=65.6004]
step 749: cost=168.5488  [spot_bright=102.9503  spot_dark=65.5985]
step 750: cost=168.5471  [spot_bright=102.9513  spot_dark=65.5958]
step 751: cost=168.5503  [spot_bright=102.9513  spot_dark=65.5990]
step 752: cost=168.5535  [spot_bright=102.9511  spot_dark=65.6024]
step 753: cost=168.5522  [spot_bright=102.9510  spot_dark=65.6013]
step 754: cost=168.5526  [spot_bright=102.9504  spot_dark=65.6022]
step 755: cost=168.5571  [spot_bright=102.9492  spot_dark=65.6079]
step 756: cost=168.5592  [spot_bright=102.9482  spot_dark=65.6110]
step 757: cost=168.5588  [spot_bright=102.9475  spot_dark=65.6113]
step 758: cost=168.5618  [spot_bright=102.9464  spot_dark=65.6154]
step 759: cost=168.5661  [spot_bright=102.9454  spot_dark=65.6207]
step 760: cost=168.5665  [spot_bright=102.9449  spot_dark=65.6217]
step 761: cost=168.5674  [spot_bright=102.9445  spot_dark=65.6230]
step 762: cost=168.5714  [spot_bright=102.9439  spot_dark=65.6274]
step 763: cost=168.5731  [spot_bright=102.9438  spot_dark=65.6293]
step 764: cost=168.5729  [spot_bright=102.9439  spot_dark=65.6290]
step 765: cost=168.5755  [spot_bright=102.9438  spot_dark=65.6317]
step 766: cost=168.5781  [spot_bright=102.9437  spot_dark=65.6343]
step 767: cost=168.5778  [spot_bright=102.9439  spot_dark=65.6339]
step 768: cost=168.5793  [spot_bright=102.9438  spot_dark=65.6355]
step 769: cost=168.5821  [spot_bright=102.9435  spot_dark=65.6386]
step 770: cost=168.5823  [spot_bright=102.9434  spot_dark=65.6389]
step 771: cost=168.5829  [spot_bright=102.9430  spot_dark=65.6398]
step 772: cost=168.5853  [spot_bright=102.9424  spot_dark=65.6429]
step 773: cost=168.5855  [spot_bright=102.9418  spot_dark=65.6437]
step 774: cost=168.5853  [spot_bright=102.9410  spot_dark=65.6442]
step 775: cost=168.5869  [spot_bright=102.9400  spot_dark=65.6469]
step 776: cost=168.5866  [spot_bright=102.9390  spot_dark=65.6476]
step 777: cost=168.5857  [spot_bright=102.9381  spot_dark=65.6476]
step 778: cost=168.5865  [spot_bright=102.9369  spot_dark=65.6497]
step 779: cost=168.5857  [spot_bright=102.9358  spot_dark=65.6499]
step 780: cost=168.5845  [spot_bright=102.9348  spot_dark=65.6498]
step 781: cost=168.5850  [spot_bright=102.9336  spot_dark=65.6514]
step 782: cost=168.5839  [spot_bright=102.9326  spot_dark=65.6513]
step 783: cost=168.5831  [spot_bright=102.9317  spot_dark=65.6514]
step 784: cost=168.5836  [spot_bright=102.9307  spot_dark=65.6529]
step 785: cost=168.5825  [spot_bright=102.9298  spot_dark=65.6527]
step 786: cost=168.5825  [spot_bright=102.9289  spot_dark=65.6536]
step 787: cost=168.5830  [spot_bright=102.9279  spot_dark=65.6550]
step 788: cost=168.5822  [spot_bright=102.9271  spot_dark=65.6550]
step 789: cost=168.5829  [spot_bright=102.9261  spot_dark=65.6567]
step 790: cost=168.5816  [spot_bright=102.9253  spot_dark=65.6563]
step 791: cost=168.5831  [spot_bright=102.9242  spot_dark=65.6589]
step 792: cost=168.5823  [spot_bright=102.9233  spot_dark=65.6591]
step 793: cost=168.5823  [spot_bright=102.9222  spot_dark=65.6601]
step 794: cost=168.5830  [spot_bright=102.9211  spot_dark=65.6619]
step 795: cost=168.5816  [spot_bright=102.9201  spot_dark=65.6615]
step 796: cost=168.5827  [spot_bright=102.9188  spot_dark=65.6639]
step 797: cost=168.5813  [spot_bright=102.9178  spot_dark=65.6635]
step 798: cost=168.5817  [spot_bright=102.9166  spot_dark=65.6652]
step 799: cost=168.5811  [spot_bright=102.9154  spot_dark=65.6656]
step 800: cost=168.5806  [spot_bright=102.9143  spot_dark=65.6664]
step 801: cost=168.5809  [spot_bright=102.9130  spot_dark=65.6678]
step 802: cost=168.5797  [spot_bright=102.9120  spot_dark=65.6678]
step 803: cost=168.5808  [spot_bright=102.9107  spot_dark=65.6701]
step 804: cost=168.5790  [spot_bright=102.9097  spot_dark=65.6693]
step 805: cost=168.5811  [spot_bright=102.9083  spot_dark=65.6728]
step 806: cost=168.5781  [spot_bright=102.9075  spot_dark=65.6706]
step 807: cost=168.5825  [spot_bright=102.9060  spot_dark=65.6765]
step 808: cost=168.5760  [spot_bright=102.9055  spot_dark=65.6705]
step 809: cost=168.5866  [spot_bright=102.9034  spot_dark=65.6832]
step 810: cost=168.5700  [spot_bright=102.9039  spot_dark=65.6661]
step 811: cost=168.6009  [spot_bright=102.9000  spot_dark=65.7009]
step 812: cost=168.5536  [spot_bright=102.9041  spot_dark=65.6495]
step 813: cost=168.6665  [spot_bright=102.8946  spot_dark=65.7719]
step 814: cost=168.5513  [spot_bright=102.9141  spot_dark=65.6372]
step 815: cost=169.0672  [spot_bright=102.8881  spot_dark=66.1791]
step 816: cost=169.0311  [spot_bright=102.9918  spot_dark=66.0393]
step 817: cost=169.3178  [spot_bright=102.8874  spot_dark=66.4303]
step 818: cost=168.5912  [spot_bright=102.9152  spot_dark=65.6761]
step 819: cost=168.5750  [spot_bright=102.8962  spot_dark=65.6787]
step 820: cost=168.9947  [spot_bright=102.8864  spot_dark=66.1082]
step 821: cost=168.7606  [spot_bright=102.9322  spot_dark=65.8284]
step 822: cost=168.6934  [spot_bright=102.8856  spot_dark=65.8078]
step 823: cost=168.8979  [spot_bright=102.8816  spot_dark=66.0163]
step 824: cost=168.7633  [spot_bright=102.9228  spot_dark=65.8404]
step 825: cost=168.6747  [spot_bright=102.8782  spot_dark=65.7965]
step 826: cost=168.9687  [spot_bright=102.8732  spot_dark=66.0954]
step 827: cost=168.7590  [spot_bright=102.9144  spot_dark=65.8446]
step 828: cost=168.6133  [spot_bright=102.8717  spot_dark=65.7416]
step 829: cost=169.1675  [spot_bright=102.8658  spot_dark=66.3017]
step 830: cost=168.7692  [spot_bright=102.9104  spot_dark=65.8588]
step 831: cost=168.5705  [spot_bright=102.8715  spot_dark=65.6990]
step 832: cost=169.4810  [spot_bright=102.8637  spot_dark=66.6173]
step 833: cost=168.7312  [spot_bright=102.9013  spot_dark=65.8299]
step 834: cost=168.6088  [spot_bright=102.8815  spot_dark=65.7273]
step 835: cost=169.5598  [spot_bright=102.8654  spot_dark=66.6944]
step 836: cost=168.6053  [spot_bright=102.8786  spot_dark=65.7267]
step 837: cost=168.7010  [spot_bright=102.8928  spot_dark=65.8081]
step 838: cost=169.0628  [spot_bright=102.8638  spot_dark=66.1990]
step 839: cost=168.6844  [spot_bright=102.8643  spot_dark=65.8200]
step 840: cost=168.6964  [spot_bright=102.8893  spot_dark=65.8071]
step 841: cost=168.6768  [spot_bright=102.8611  spot_dark=65.8157]
step 842: cost=168.9410  [spot_bright=102.8567  spot_dark=66.0843]
step 843: cost=168.6278  [spot_bright=102.8766  spot_dark=65.7511]
step 844: cost=168.5777  [spot_bright=102.8606  spot_dark=65.7172]
step 845: cost=169.0436  [spot_bright=102.8483  spot_dark=66.1953]
step 846: cost=168.5737  [spot_bright=102.8641  spot_dark=65.7096]
step 847: cost=168.5614  [spot_bright=102.8594  spot_dark=65.7019]
step 848: cost=168.9962  [spot_bright=102.8423  spot_dark=66.1539]
step 849: cost=168.5560  [spot_bright=102.8575  spot_dark=65.6986]
step 850: cost=168.5552  [spot_bright=102.8569  spot_dark=65.6983]
step 851: cost=168.9296  [spot_bright=102.8407  spot_dark=66.0889]
step 852: cost=168.5567  [spot_bright=102.8566  spot_dark=65.7001]
step 853: cost=168.5597  [spot_bright=102.8546  spot_dark=65.7051]
step 854: cost=168.8862  [spot_bright=102.8416  spot_dark=66.0446]
step 855: cost=168.5645  [spot_bright=102.8582  spot_dark=65.7062]
step 856: cost=168.5752  [spot_bright=102.8521  spot_dark=65.7231]
step 857: cost=168.8633  [spot_bright=102.8416  spot_dark=66.0217]
step 858: cost=168.5747  [spot_bright=102.8584  spot_dark=65.7163]
step 859: cost=168.5962  [spot_bright=102.8471  spot_dark=65.7492]
step 860: cost=168.8438  [spot_bright=102.8384  spot_dark=66.0054]
step 861: cost=168.5829  [spot_bright=102.8554  spot_dark=65.7275]
step 862: cost=168.6176  [spot_bright=102.8402  spot_dark=65.7774]
step 863: cost=168.8232  [spot_bright=102.8330  spot_dark=65.9902]
step 864: cost=168.5878  [spot_bright=102.8499  spot_dark=65.7379]
step 865: cost=168.6378  [spot_bright=102.8329  spot_dark=65.8049]
step 866: cost=168.8037  [spot_bright=102.8272  spot_dark=65.9765]
step 867: cost=168.5917  [spot_bright=102.8435  spot_dark=65.7482]
step 868: cost=168.6573  [spot_bright=102.8266  spot_dark=65.8307]
step 869: cost=168.7871  [spot_bright=102.8226  spot_dark=65.9646]
step 870: cost=168.5970  [spot_bright=102.8376  spot_dark=65.7594]
step 871: cost=168.6772  [spot_bright=102.8222  spot_dark=65.8550]
step 872: cost=168.7730  [spot_bright=102.8196  spot_dark=65.9534]
step 873: cost=168.6044  [spot_bright=102.8329  spot_dark=65.7715]
step 874: cost=168.6990  [spot_bright=102.8195  spot_dark=65.8795]
step 875: cost=168.7587  [spot_bright=102.8180  spot_dark=65.9407]
step 876: cost=168.6133  [spot_bright=102.8292  spot_dark=65.7842]
step 877: cost=168.7272  [spot_bright=102.8177  spot_dark=65.9096]
step 878: cost=168.7371  [spot_bright=102.8172  spot_dark=65.9199]
step 879: cost=168.6234  [spot_bright=102.8257  spot_dark=65.7977]
step 880: cost=168.7590  [spot_bright=102.8163  spot_dark=65.9427]
step 881: cost=168.7121  [spot_bright=102.8168  spot_dark=65.8954]
step 882: cost=168.6373  [spot_bright=102.8222  spot_dark=65.8150]
step 883: cost=168.7898  [spot_bright=102.8154  spot_dark=65.9745]
step 884: cost=168.6902  [spot_bright=102.8171  spot_dark=65.8731]
step 885: cost=168.6628  [spot_bright=102.8192  spot_dark=65.8437]
step 886: cost=168.8091  [spot_bright=102.8154  spot_dark=65.9937]
step 887: cost=168.6815  [spot_bright=102.8185  spot_dark=65.8631]
step 888: cost=168.7102  [spot_bright=102.8176  spot_dark=65.8926]
step 889: cost=168.8053  [spot_bright=102.8167  spot_dark=65.9886]
step 890: cost=168.6924  [spot_bright=102.8203  spot_dark=65.8721]
step 891: cost=168.7774  [spot_bright=102.8186  spot_dark=65.9588]
step 892: cost=168.7863  [spot_bright=102.8197  spot_dark=65.9666]
step 893: cost=168.7242  [spot_bright=102.8225  spot_dark=65.9017]
step 894: cost=168.8410  [spot_bright=102.8227  spot_dark=66.0183]
step 895: cost=168.7790  [spot_bright=102.8245  spot_dark=65.9545]
step 896: cost=168.7824  [spot_bright=102.8265  spot_dark=65.9559]
step 897: cost=168.8805  [spot_bright=102.8295  spot_dark=66.0511]
step 898: cost=168.8024  [spot_bright=102.8314  spot_dark=65.9710]
step 899: cost=168.8650  [spot_bright=102.8349  spot_dark=66.0301]
step 900: cost=168.9077  [spot_bright=102.8392  spot_dark=66.0685]
step 901: cost=168.8591  [spot_bright=102.8418  spot_dark=66.0173]
step 902: cost=168.9575  [spot_bright=102.8490  spot_dark=66.1085]
step 903: cost=168.9534  [spot_bright=102.8539  spot_dark=66.0995]
step 904: cost=168.9522  [spot_bright=102.8594  spot_dark=66.0929]
step 905: cost=169.0597  [spot_bright=102.8710  spot_dark=66.1887]
step 906: cost=169.0422  [spot_bright=102.8773  spot_dark=66.1649]
step 907: cost=169.0863  [spot_bright=102.8880  spot_dark=66.1983]
step 908: cost=169.1934  [spot_bright=102.9042  spot_dark=66.2892]
step 909: cost=169.1890  [spot_bright=102.9143  spot_dark=66.2747]
step 910: cost=169.2745  [spot_bright=102.9319  spot_dark=66.3426]
step 911: cost=169.3856  [spot_bright=102.9526  spot_dark=66.4330]
step 912: cost=169.4144  [spot_bright=102.9684  spot_dark=66.4460]
step 913: cost=169.5225  [spot_bright=102.9902  spot_dark=66.5322]
step 914: cost=169.6519  [spot_bright=103.0122  spot_dark=66.6397]
step 915: cost=169.7145  [spot_bright=103.0292  spot_dark=66.6853]
step 916: cost=169.8108  [spot_bright=103.0440  spot_dark=66.7669]
step 917: cost=169.9313  [spot_bright=103.0505  spot_dark=66.8808]
step 918: cost=170.0008  [spot_bright=103.0480  spot_dark=66.9528]
step 919: cost=170.0389  [spot_bright=103.0368  spot_dark=67.0022]
step 920: cost=170.0730  [spot_bright=103.0123  spot_dark=67.0607]
step 921: cost=170.0903  [spot_bright=102.9800  spot_dark=67.1103]
step 922: cost=170.0848  [spot_bright=102.9522  spot_dark=67.1326]
step 923: cost=170.0731  [spot_bright=102.9330  spot_dark=67.1401]
step 924: cost=170.0671  [spot_bright=102.9192  spot_dark=67.1479]
step 925: cost=170.0594  [spot_bright=102.9077  spot_dark=67.1517]
step 926: cost=170.0345  [spot_bright=102.8967  spot_dark=67.1379]
step 927: cost=169.9793  [spot_bright=102.8849  spot_dark=67.0945]
step 928: cost=169.8890  [spot_bright=102.8714  spot_dark=67.0177]
step 929: cost=169.7721  [spot_bright=102.8558  spot_dark=66.9163]
step 930: cost=169.6431  [spot_bright=102.8378  spot_dark=66.8053]
step 931: cost=169.5131  [spot_bright=102.8212  spot_dark=66.6919]
step 932: cost=169.3879  [spot_bright=102.8096  spot_dark=66.5783]
step 933: cost=169.2967  [spot_bright=102.7995  spot_dark=66.4972]
step 934: cost=169.2350  [spot_bright=102.7947  spot_dark=66.4403]
step 935: cost=169.1898  [spot_bright=102.7979  spot_dark=66.3919]
step 936: cost=169.2066  [spot_bright=102.8026  spot_dark=66.4040]
step 937: cost=169.1885  [spot_bright=102.8221  spot_dark=66.3664]
step 938: cost=169.3383  [spot_bright=102.8355  spot_dark=66.5027]
step 939: cost=169.3019  [spot_bright=102.8817  spot_dark=66.4202]
step 940: cost=170.2402  [spot_bright=102.9089  spot_dark=67.3312]
step 941: cost=170.8024  [spot_bright=103.1527  spot_dark=67.6497]
step 942: cost=171.1167  [spot_bright=103.0087  spot_dark=68.1080]
step 943: cost=169.7440  [spot_bright=102.9777  spot_dark=66.7663]
step 944: cost=170.0872  [spot_bright=102.9839  spot_dark=67.1033]
step 945: cost=170.2648  [spot_bright=103.0040  spot_dark=67.2608]
step 946: cost=170.1548  [spot_bright=102.9797  spot_dark=67.1751]
step 947: cost=170.0721  [spot_bright=102.9229  spot_dark=67.1492]
step 948: cost=170.0723  [spot_bright=102.9212  spot_dark=67.1512]
step 949: cost=170.1950  [spot_bright=102.9621  spot_dark=67.2329]
step 950: cost=170.3111  [spot_bright=102.9726  spot_dark=67.3386]
step 951: cost=170.0620  [spot_bright=102.9342  spot_dark=67.1278]
step 952: cost=170.1005  [spot_bright=102.9142  spot_dark=67.1864]
step 953: cost=169.9843  [spot_bright=102.9317  spot_dark=67.0527]
step 954: cost=170.1554  [spot_bright=102.9669  spot_dark=67.1885]
step 955: cost=169.9430  [spot_bright=102.9510  spot_dark=66.9920]
step 956: cost=169.8748  [spot_bright=102.9335  spot_dark=66.9412]
step 957: cost=169.8218  [spot_bright=102.9527  spot_dark=66.8691]
step 958: cost=170.0827  [spot_bright=102.9887  spot_dark=67.0940]
step 959: cost=169.7949  [spot_bright=102.9658  spot_dark=66.8291]
step 960: cost=169.7999  [spot_bright=102.9693  spot_dark=66.8306]
step 961: cost=170.0334  [spot_bright=102.9985  spot_dark=67.0349]
step 962: cost=169.8300  [spot_bright=102.9803  spot_dark=66.8497]
step 963: cost=169.8280  [spot_bright=102.9727  spot_dark=66.8553]
step 964: cost=170.0009  [spot_bright=102.9900  spot_dark=67.0110]
step 965: cost=169.8800  [spot_bright=102.9723  spot_dark=66.9077]
step 966: cost=169.8634  [spot_bright=102.9575  spot_dark=66.9059]
step 967: cost=169.9586  [spot_bright=102.9676  spot_dark=66.9910]
step 968: cost=169.9225  [spot_bright=102.9573  spot_dark=66.9652]
step 969: cost=169.8619  [spot_bright=102.9378  spot_dark=66.9241]
step 970: cost=169.8829  [spot_bright=102.9422  spot_dark=66.9406]
step 971: cost=169.9365  [spot_bright=102.9462  spot_dark=66.9902]
step 972: cost=169.8445  [spot_bright=102.9290  spot_dark=66.9155]
step 973: cost=169.8378  [spot_bright=102.9260  spot_dark=66.9119]
step 974: cost=169.9009  [spot_bright=102.9373  spot_dark=66.9636]
step 975: cost=169.8697  [spot_bright=102.9327  spot_dark=66.9371]
step 976: cost=169.8284  [spot_bright=102.9233  spot_dark=66.9051]
step 977: cost=169.8487  [spot_bright=102.9296  spot_dark=66.9191]
step 978: cost=169.8917  [spot_bright=102.9363  spot_dark=66.9554]
step 979: cost=169.8318  [spot_bright=102.9272  spot_dark=66.9046]
step 980: cost=169.8253  [spot_bright=102.9259  spot_dark=66.8994]
step 981: cost=169.8754  [spot_bright=102.9346  spot_dark=66.9409]
step 982: cost=169.8535  [spot_bright=102.9313  spot_dark=66.9222]
step 983: cost=169.8279  [spot_bright=102.9256  spot_dark=66.9023]
step 984: cost=169.8609  [spot_bright=102.9314  spot_dark=66.9295]
step 985: cost=169.8789  [spot_bright=102.9331  spot_dark=66.9458]
step 986: cost=169.8438  [spot_bright=102.9262  spot_dark=66.9175]
step 987: cost=169.8544  [spot_bright=102.9287  spot_dark=66.9258]
step 988: cost=169.8797  [spot_bright=102.9332  spot_dark=66.9465]
step 989: cost=169.8416  [spot_bright=102.9280  spot_dark=66.9136]
step 990: cost=169.8359  [spot_bright=102.9277  spot_dark=66.9082]
step 991: cost=169.8613  [spot_bright=102.9321  spot_dark=66.9292]
step 992: cost=169.8367  [spot_bright=102.9286  spot_dark=66.9081]
step 993: cost=169.8265  [spot_bright=102.9266  spot_dark=66.8998]
step 994: cost=169.8527  [spot_bright=102.9308  spot_dark=66.9219]
step 995: cost=169.8501  [spot_bright=102.9297  spot_dark=66.9204]
step 996: cost=169.8429  [spot_bright=102.9266  spot_dark=66.9162]
step 997: cost=169.8711  [spot_bright=102.9292  spot_dark=66.9420]
step 998: cost=169.8917  [spot_bright=102.9294  spot_dark=66.9622]
step 999: cost=169.8904  [spot_bright=102.9255  spot_dark=66.9649]

Initl cost = 205.6963  [spot_bright=102.6058  spot_dark=103.0906]
Final cost = 169.9148  [spot_bright=102.9259  spot_dark=66.9889]
Best  cost = 151.8880  [spot_bright=96.4504  spot_dark=55.4376]
time needed  = 464.16  sec

done in 0.13 hours
wrote table: /home/yitai/drosophila_vision/temporal_filtering/SimulationCode/0trained/conductance/27788185-train-target-spot-syn-strength-fixed-all-network-right_min_neuron1_extent3/training_with_Ih_table.csv (best run #0, cost=151.8880)
plot device=cuda (NVIDIA H100 80GB HBM3)
1 trained set(s); selected #0 (cost=151.8880)
plot /home/yitai/drosophila_vision/temporal_filtering/SimulationCode/0trained/conductance/27788185-train-target-spot-syn-strength-fixed-all-network-right_min_neuron1_extent3/cost_curve.png: draw=0.1s  save=0.2s  total=0.4s
plot /home/yitai/drosophila_vision/temporal_filtering/SimulationCode/0trained/conductance/27788185-train-target-spot-syn-strength-fixed-all-network-right_min_neuron1_extent3/model_data_spot.png: prep=0.4s  draw=0.3s  save=0.5s  total=1.1s
plot /home/yitai/drosophila_vision/temporal_filtering/SimulationCode/0trained/conductance/27788185-train-target-spot-syn-strength-fixed-all-network-right_min_neuron1_extent3/model_all_spot.png: prep=0.0s  draw=0.6s  save=1.1s  total=1.7s
plots saved to /home/yitai/drosophila_vision/temporal_filtering/SimulationCode/0trained/conductance/27788185-train-target-spot-syn-strength-fixed-all-network-right_min_neuron1_extent3
