Job ID: 27784526
Node:   spartan-gpgpu176
GPU:    0
GPU 0: NVIDIA H100 80GB HBM3 (UUID: GPU-f52658a1-abde-8fe6-f68a-8bba7dbf7473)
cuda: True NVIDIA H100 80GB HBM3
Start:  Tue 21 Jul 2026 16:35:49 AEST
device=cuda, model=conductance, nofruns=1, nofsteps=1000, lrs=[0.1], nparams=111, fname=training_with_Ih.npy, outdir=/home/yitai/drosophila_vision/temporal_filtering/SimulationCode/0trained/conductance/27784526-train-target-spot-syn-strength-fixed-all

round 0


Initl cost = 225.8022  [spot_bright=106.3574  spot_dark=119.4448]
Final cost = 168.2536  [spot_bright=95.3721  spot_dark=72.8815]
Best  cost = 146.3735  [spot_bright=84.5912  spot_dark=61.7823]
time needed  = 266.26  sec

done in 0.07 hours
wrote table: /home/yitai/drosophila_vision/temporal_filtering/SimulationCode/0trained/conductance/27784526-train-target-spot-syn-strength-fixed-all/training_with_Ih_table.csv (best run #0, cost=146.3735)
plot device=cuda (NVIDIA H100 80GB HBM3)
1 trained set(s); selected #0 (cost=146.3735)
plot /home/yitai/drosophila_vision/temporal_filtering/SimulationCode/0trained/conductance/27784526-train-target-spot-syn-strength-fixed-all/cost_curve.png: draw=0.1s  save=0.2s  total=0.3s
plot /home/yitai/drosophila_vision/temporal_filtering/SimulationCode/0trained/conductance/27784526-train-target-spot-syn-strength-fixed-all/model_data_spot.png: prep=0.2s  draw=0.3s  save=0.5s  total=1.1s
plot /home/yitai/drosophila_vision/temporal_filtering/SimulationCode/0trained/conductance/27784526-train-target-spot-syn-strength-fixed-all/model_all_spot.png: prep=0.0s  draw=0.6s  save=1.2s  total=1.8s
plots saved to /home/yitai/drosophila_vision/temporal_filtering/SimulationCode/0trained/conductance/27784526-train-target-spot-syn-strength-fixed-all
