Job ID: 27802708
Node:   spartan-gpgpu011
GPU:    0
GPU 0: NVIDIA H100 80GB HBM3 (UUID: GPU-0895e4b2-ab05-d1e7-094c-382e883b858a)
cuda: True NVIDIA H100 80GB HBM3
Start:  Wed 22 Jul 2026 00:24:43 AEST
device=cuda, model=conductance, nofruns=1, nofsteps=200, lrs=[0.1], nparams=112, fname=training_with_Ih.npy, outdir=/home/yitai/drosophila_vision/temporal_filtering/SimulationCode/0trained/conductance/27802708-add_r-target-spot-nofsteps-200-syn-strength-fixed-all-network-right_min_neuron1_extent3

round 0


Initl cost = 168.0354  [spot_bright=83.4458  spot_dark=84.5896]
Final cost = 60.8858  [spot_bright=30.0408  spot_dark=30.8450]
Best  cost = 60.8858  [spot_bright=30.0408  spot_dark=30.8450]
time needed  = 113.78  sec

done in 0.03 hours
wrote table: /home/yitai/drosophila_vision/temporal_filtering/SimulationCode/0trained/conductance/27802708-add_r-target-spot-nofsteps-200-syn-strength-fixed-all-network-right_min_neuron1_extent3/training_with_Ih_table.csv (best run #0, cost=60.8858)
plot device=cuda (NVIDIA H100 80GB HBM3)
1 trained set(s); selected #0 (cost=60.8858)
plot /home/yitai/drosophila_vision/temporal_filtering/SimulationCode/0trained/conductance/27802708-add_r-target-spot-nofsteps-200-syn-strength-fixed-all-network-right_min_neuron1_extent3/cost_curve.png: draw=0.1s  save=0.2s  total=0.2s
plot /home/yitai/drosophila_vision/temporal_filtering/SimulationCode/0trained/conductance/27802708-add_r-target-spot-nofsteps-200-syn-strength-fixed-all-network-right_min_neuron1_extent3/model_data_spot.png: prep=0.4s  draw=0.3s  save=0.6s  total=1.3s
plot /home/yitai/drosophila_vision/temporal_filtering/SimulationCode/0trained/conductance/27802708-add_r-target-spot-nofsteps-200-syn-strength-fixed-all-network-right_min_neuron1_extent3/model_all_spot.png: prep=0.0s  draw=0.7s  save=1.1s  total=1.8s
plots saved to /home/yitai/drosophila_vision/temporal_filtering/SimulationCode/0trained/conductance/27802708-add_r-target-spot-nofsteps-200-syn-strength-fixed-all-network-right_min_neuron1_extent3
spot_bright cost cells: 968
spot_dark cost cells: 968
done -> /home/yitai/drosophila_vision/temporal_filtering/SimulationCode/0trained/conductance/27802708-add_r-target-spot-nofsteps-200-syn-strength-fixed-all-network-right_min_neuron1_extent3
