Job ID: 27786644
Node:   spartan-gpgpu011
GPU:    0
GPU 0: NVIDIA H100 80GB HBM3 (UUID: GPU-0895e4b2-ab05-d1e7-094c-382e883b858a)
cuda: True NVIDIA H100 80GB HBM3
Start:  Tue 21 Jul 2026 17:22:49 AEST
device=cuda, model=conductance, nofruns=1, nofsteps=1000, lrs=[0.1], nparams=110, fname=training_with_Ih.npy, outdir=/home/yitai/drosophila_vision/temporal_filtering/SimulationCode/0trained/conductance/27786644-train-target-spot-syn-strength-fixed-all-network-right_min_neuron1_extent3

round 0


Initl cost = 191.3384  [spot_bright=94.2047  spot_dark=97.1337]
Final cost = 126.4993  [spot_bright=97.7974  spot_dark=28.7019]
Best  cost = 124.7729  [spot_bright=97.7823  spot_dark=26.9906]
time needed  = 471.71  sec

done in 0.13 hours
wrote table: /home/yitai/drosophila_vision/temporal_filtering/SimulationCode/0trained/conductance/27786644-train-target-spot-syn-strength-fixed-all-network-right_min_neuron1_extent3/training_with_Ih_table.csv (best run #0, cost=124.7729)
plot device=cuda (NVIDIA H100 80GB HBM3)
1 trained set(s); selected #0 (cost=124.7729)
plot /home/yitai/drosophila_vision/temporal_filtering/SimulationCode/0trained/conductance/27786644-train-target-spot-syn-strength-fixed-all-network-right_min_neuron1_extent3/cost_curve.png: draw=0.1s  save=0.2s  total=0.2s
plot /home/yitai/drosophila_vision/temporal_filtering/SimulationCode/0trained/conductance/27786644-train-target-spot-syn-strength-fixed-all-network-right_min_neuron1_extent3/model_data_spot.png: prep=0.4s  draw=0.3s  save=0.5s  total=1.1s
plot /home/yitai/drosophila_vision/temporal_filtering/SimulationCode/0trained/conductance/27786644-train-target-spot-syn-strength-fixed-all-network-right_min_neuron1_extent3/model_all_spot.png: prep=0.0s  draw=0.6s  save=1.1s  total=1.7s
plots saved to /home/yitai/drosophila_vision/temporal_filtering/SimulationCode/0trained/conductance/27786644-train-target-spot-syn-strength-fixed-all-network-right_min_neuron1_extent3
