Job ID: 27802740
Node:   spartan-gpgpu011
GPU:    0
GPU 0: NVIDIA H100 80GB HBM3 (UUID: GPU-f3ed8a99-8609-726a-bdc8-e3bf127ab717)
cuda: True NVIDIA H100 80GB HBM3
Start:  Wed 22 Jul 2026 00:25:23 AEST
device=cuda, model=conductance, nofruns=1, nofsteps=200, lrs=[0.1], nparams=112, fname=training_with_Ih.npy, outdir=/home/yitai/drosophila_vision/temporal_filtering/SimulationCode/0trained/conductance/27802740-train-target-spot-nofsteps-200-syn-strength-fixed-all-network-right_min_neuron1_extent3

round 0


Initl cost = 205.1671  [spot_bright=102.2226  spot_dark=102.9445]
Final cost = 78.6008  [spot_bright=38.6763  spot_dark=39.9246]
Best  cost = 78.6008  [spot_bright=38.6763  spot_dark=39.9246]
time needed  = 112.55  sec

done in 0.03 hours
wrote table: /home/yitai/drosophila_vision/temporal_filtering/SimulationCode/0trained/conductance/27802740-train-target-spot-nofsteps-200-syn-strength-fixed-all-network-right_min_neuron1_extent3/training_with_Ih_table.csv (best run #0, cost=78.6008)
plot device=cuda (NVIDIA H100 80GB HBM3)
1 trained set(s); selected #0 (cost=78.6008)
plot /home/yitai/drosophila_vision/temporal_filtering/SimulationCode/0trained/conductance/27802740-train-target-spot-nofsteps-200-syn-strength-fixed-all-network-right_min_neuron1_extent3/cost_curve.png: draw=0.2s  save=0.2s  total=0.3s
plot /home/yitai/drosophila_vision/temporal_filtering/SimulationCode/0trained/conductance/27802740-train-target-spot-nofsteps-200-syn-strength-fixed-all-network-right_min_neuron1_extent3/model_data_spot.png: prep=0.3s  draw=0.2s  save=0.5s  total=1.0s
plot /home/yitai/drosophila_vision/temporal_filtering/SimulationCode/0trained/conductance/27802740-train-target-spot-nofsteps-200-syn-strength-fixed-all-network-right_min_neuron1_extent3/model_all_spot.png: prep=0.0s  draw=0.6s  save=1.1s  total=1.7s
plots saved to /home/yitai/drosophila_vision/temporal_filtering/SimulationCode/0trained/conductance/27802740-train-target-spot-nofsteps-200-syn-strength-fixed-all-network-right_min_neuron1_extent3
