Job ID: 28307204
Node:   spartan-gpgpu113
GPU:    0
GPU 0: NVIDIA A100 80GB PCIe (UUID: GPU-50aaae5a-af2d-8326-30c1-4138eb24ab2c)
cuda: True NVIDIA A100 80GB PCIe
Start:  Wed 29 Jul 2026 20:08:00 AEST
param partitions:
  in_gain       indi=0/shared=0/fixed=32/frozen=0 (0)
  out_gain      indi=32/shared=0/fixed=0/frozen=0 (32)
  syn_strength  indi=414/shared=0/fixed=0/frozen=0 (414)
  out_scale     indi=32/shared=0/fixed=0/frozen=0 (32)
  tau_lp        indi=32/shared=0/fixed=0/frozen=0 (32)
  tau_hp        indi=4/shared=0/fixed=28/frozen=0 (4)
  bias          indi=32/shared=0/fixed=0/frozen=0 (32)
  hp_gain       indi=32/shared=0/fixed=0/frozen=0 (32)
device=cuda, model=hp_lp, nofruns=1, nofsteps=1000, lrs=[0.1], nparams=578, fname=training_hp_lp.npy, outdir=/home/yitai/drosophila_vision/temporal_filtering/SimulationCode/0trained/hp_lp/28307204-train-nofsteps-1000-tau-hp-indi-L1,L2,L4,L5

round 0


Initl cost = 99.9345  [spot_bright=99.9345]
Final cost = 36.3858  [spot_bright=36.3858]
Best  cost = 36.3551  [spot_bright=36.3551]
time needed  = 348.74  sec

done in 0.10 hours
wrote table: /home/yitai/drosophila_vision/temporal_filtering/SimulationCode/0trained/hp_lp/28307204-train-nofsteps-1000-tau-hp-indi-L1,L2,L4,L5/param.csv (best run #0, cost=36.3551)
wrote table: /home/yitai/drosophila_vision/temporal_filtering/SimulationCode/0trained/hp_lp/28307204-train-nofsteps-1000-tau-hp-indi-L1,L2,L4,L5/syn_strength.csv
plot device=cuda (NVIDIA A100 80GB PCIe)
1 trained set(s); selected #0 (cost=36.3551)
plot /home/yitai/drosophila_vision/temporal_filtering/SimulationCode/0trained/hp_lp/28307204-train-nofsteps-1000-tau-hp-indi-L1,L2,L4,L5/cost_curve.png: draw=0.1s  save=0.2s  total=0.3s
plot /home/yitai/drosophila_vision/temporal_filtering/SimulationCode/0trained/hp_lp/28307204-train-nofsteps-1000-tau-hp-indi-L1,L2,L4,L5/model_data_spot.png: prep=0.3s  draw=0.4s  save=0.7s  total=1.4s
plot /home/yitai/drosophila_vision/temporal_filtering/SimulationCode/0trained/hp_lp/28307204-train-nofsteps-1000-tau-hp-indi-L1,L2,L4,L5/model_all_spot.png: prep=0.0s  draw=0.8s  save=1.6s  total=2.4s
plots saved to /home/yitai/drosophila_vision/temporal_filtering/SimulationCode/0trained/hp_lp/28307204-train-nofsteps-1000-tau-hp-indi-L1,L2,L4,L5
