Job ID: 28292349
Node:   spartan-gpgpu176
GPU:    0
GPU 0: NVIDIA H100 80GB HBM3 (UUID: GPU-432cfbb2-1d11-3152-0e2b-2cffa7778337)
cuda: True NVIDIA H100 80GB HBM3
Start:  Wed 29 Jul 2026 18:21:08 AEST
param partitions:
  in_gain       indi=0/shared=0/fixed=32/frozen=0 (0)
  out_gain      indi=32/shared=0/fixed=0/frozen=0 (32)
  syn_strength  indi=414/shared=0/fixed=0/frozen=0 (414)
  out_scale     indi=32/shared=0/fixed=0/frozen=0 (32)
  tau_lp        indi=32/shared=0/fixed=0/frozen=0 (32)
  tau_hp        indi=32/shared=0/fixed=0/frozen=0 (32)
  bias          indi=32/shared=0/fixed=0/frozen=0 (32)
  hp_gain       indi=32/shared=0/fixed=0/frozen=0 (32)
device=cuda, model=hp_lp, nofruns=1, nofsteps=200, lrs=[0.1], nparams=606, fname=training_hp_lp.npy, outdir=/home/yitai/drosophila_vision/temporal_filtering/SimulationCode/0trained/hp_lp/28292349-train-target-spot_bright

round 0


Initl cost = 99.7478  [spot_bright=99.7478]
Final cost = 72.1230  [spot_bright=72.1230]
Best  cost = 66.0374  [spot_bright=66.0374]
time needed  = 41.91  sec

done in 0.01 hours
wrote table: /home/yitai/drosophila_vision/temporal_filtering/SimulationCode/0trained/hp_lp/28292349-train-target-spot_bright/param.csv (best run #0, cost=66.0374)
wrote table: /home/yitai/drosophila_vision/temporal_filtering/SimulationCode/0trained/hp_lp/28292349-train-target-spot_bright/syn_strength.csv
plot device=cuda (NVIDIA H100 80GB HBM3)
1 trained set(s); selected #0 (cost=66.0374)
plot /home/yitai/drosophila_vision/temporal_filtering/SimulationCode/0trained/hp_lp/28292349-train-target-spot_bright/cost_curve.png: draw=0.1s  save=0.1s  total=0.2s
plot /home/yitai/drosophila_vision/temporal_filtering/SimulationCode/0trained/hp_lp/28292349-train-target-spot_bright/model_data_spot.png: prep=0.2s  draw=0.3s  save=0.4s  total=1.0s
plot /home/yitai/drosophila_vision/temporal_filtering/SimulationCode/0trained/hp_lp/28292349-train-target-spot_bright/model_all_spot.png: prep=0.0s  draw=0.5s  save=1.1s  total=1.6s
plots saved to /home/yitai/drosophila_vision/temporal_filtering/SimulationCode/0trained/hp_lp/28292349-train-target-spot_bright
