Job ID: 27838654
Node:   spartan-gpgpu175
GPU:    0
GPU 0: NVIDIA H100 80GB HBM3 (UUID: GPU-91929a47-96c6-4006-3b89-5fc57cd35197)
cuda: True NVIDIA H100 80GB HBM3
Start:  Wed 22 Jul 2026 13:01:11 AEST
device=cuda, model=conductance, nofruns=1, nofsteps=300, lrs=[0.1], nparams=492, fname=training_with_Ih.npy, outdir=/home/yitai/drosophila_vision/temporal_filtering/SimulationCode/0trained/conductance/27838654-add_spot_r_t45-target-spot-in-gain-fixed-all

round 0


Initl cost = 171.5278  [spot_bright=76.6600  spot_dark=94.8677]
Final cost = 51.8323  [spot_bright=25.2179  spot_dark=26.6144]
Best  cost = 51.8305  [spot_bright=25.1265  spot_dark=26.7040]
time needed  = 226.12  sec

done in 0.06 hours
wrote table: /home/yitai/drosophila_vision/temporal_filtering/SimulationCode/0trained/conductance/27838654-add_spot_r_t45-target-spot-in-gain-fixed-all/training_with_Ih_table.csv (best run #0, cost=51.8305)
plot device=cuda (NVIDIA H100 80GB HBM3)
1 trained set(s); selected #0 (cost=51.8305)
plot /home/yitai/drosophila_vision/temporal_filtering/SimulationCode/0trained/conductance/27838654-add_spot_r_t45-target-spot-in-gain-fixed-all/cost_curve.png: draw=0.1s  save=0.2s  total=0.2s
plot /home/yitai/drosophila_vision/temporal_filtering/SimulationCode/0trained/conductance/27838654-add_spot_r_t45-target-spot-in-gain-fixed-all/model_data_spot.png: prep=0.8s  draw=0.5s  save=0.9s  total=2.1s
plot /home/yitai/drosophila_vision/temporal_filtering/SimulationCode/0trained/conductance/27838654-add_spot_r_t45-target-spot-in-gain-fixed-all/model_all_spot.png: prep=0.0s  draw=0.6s  save=1.1s  total=1.8s
plots saved to /home/yitai/drosophila_vision/temporal_filtering/SimulationCode/0trained/conductance/27838654-add_spot_r_t45-target-spot-in-gain-fixed-all
spot_bright cost cells: 48103
spot_dark cost cells: 48103
done -> /home/yitai/drosophila_vision/temporal_filtering/SimulationCode/0trained/conductance/27838654-add_spot_r_t45-target-spot-in-gain-fixed-all
