usage: add_spot.py [-h] [--model {conductance,adaptive}] [--nofruns NOFRUNS]
                   [--nofsteps NOFSTEPS] [--lrs LRS] [--fname FNAME]
                   [--outdir OUTDIR] [--from RUN]
                   [--all-param PART [PART ...]] [--in-gain PART [PART ...]]
                   [--out-gain PART [PART ...]] [--out-scale PART [PART ...]]
                   [--syn-strength PART [PART ...]] [--v-th PART [PART ...]]
                   [--ih-gmax PART [PART ...]] [--ih-gmax-off PART [PART ...]]
                   [--ih-shape PART [PART ...]] [--ih-midv PART [PART ...]]
                   [--ih-slope PART [PART ...]] [--tau-midv PART [PART ...]]
                   [--ih-midv-off PART [PART ...]]
                   [--ih-slope-off PART [PART ...]]
                   [--tau-midv-off PART [PART ...]] [--tau-m PART [PART ...]]
                   [--bias PART [PART ...]] [--adapt-gain PART [PART ...]]
                   [--tau-adapt PART [PART ...]] [--ih-off {on,off,mirrored}]
                   [--fp32] [--sequential] [--borst] [--network RUN]
                   [--multi-bar BOOL] [--target TARGET]
                   [--cost-weight NAME|NAME=VALUE,...]
                   [--shift-extent SHIFT_EXTENT] [--spot-extent R]
                   [--multi-spot BOOL] [--fully-inside BOOL]
                   [--spot-cost-r-w R|R=W,...] [--cost-extent N|TARGET=N,...]
                   [--i-baseline TARGET=VALUE,...]
                   [--i-bright TARGET=VALUE,...] [--i-dark TARGET=VALUE,...]
                   [--vm [BOOL]] [--plot-right-only [BOOL]]
                   [--show-pre [BOOL]] [--x X,...] [--y Y,...]
                   [--align-xy X,Y]
                   KIND
add_spot.py: error: unrecognized arguments: target moving_bar
