Job ID: 27801157
Node:   spartan-gpgpu180
GPU:    0
GPU 0: NVIDIA H100 80GB HBM3 (UUID: GPU-da9f1146-c650-e869-3c07-a2c100c92741)
cuda: True NVIDIA H100 80GB HBM3
Start:  Tue 21 Jul 2026 23:44:17 AEST
device=cuda, model=conductance, nofruns=1, nofsteps=200, lrs=[0.1], nparams=112, fname=training_with_Ih.npy, outdir=/home/yitai/drosophila_vision/temporal_filtering/SimulationCode/0trained/conductance/27801157-add_r-target-spot-nofsteps-200-syn-strength-fixed-all-network-right_min_neuron1_extent3

round 0


Initl cost = 163.8393  [spot_bright=81.1464  spot_dark=82.6929]
Final cost = 84.7216  [spot_bright=47.5365  spot_dark=37.1851]
Best  cost = 80.8031  [spot_bright=37.7332  spot_dark=43.0699]
time needed  = 97.83  sec

done in 0.03 hours
wrote table: /home/yitai/drosophila_vision/temporal_filtering/SimulationCode/0trained/conductance/27801157-add_r-target-spot-nofsteps-200-syn-strength-fixed-all-network-right_min_neuron1_extent3/training_with_Ih_table.csv (best run #0, cost=80.8031)
plot device=cuda (NVIDIA H100 80GB HBM3)
1 trained set(s); selected #0 (cost=80.8031)
plot /home/yitai/drosophila_vision/temporal_filtering/SimulationCode/0trained/conductance/27801157-add_r-target-spot-nofsteps-200-syn-strength-fixed-all-network-right_min_neuron1_extent3/cost_curve.png: draw=0.1s  save=0.2s  total=0.3s
plot /home/yitai/drosophila_vision/temporal_filtering/SimulationCode/0trained/conductance/27801157-add_r-target-spot-nofsteps-200-syn-strength-fixed-all-network-right_min_neuron1_extent3/model_data_spot.png: prep=0.4s  draw=0.3s  save=0.6s  total=1.3s
plot /home/yitai/drosophila_vision/temporal_filtering/SimulationCode/0trained/conductance/27801157-add_r-target-spot-nofsteps-200-syn-strength-fixed-all-network-right_min_neuron1_extent3/model_all_spot.png: prep=0.0s  draw=0.6s  save=1.1s  total=1.7s
plots saved to /home/yitai/drosophila_vision/temporal_filtering/SimulationCode/0trained/conductance/27801157-add_r-target-spot-nofsteps-200-syn-strength-fixed-all-network-right_min_neuron1_extent3
spot_bright cost cells: 968
spot_dark cost cells: 968
done -> /home/yitai/drosophila_vision/temporal_filtering/SimulationCode/0trained/conductance/27801157-add_r-target-spot-nofsteps-200-syn-strength-fixed-all-network-right_min_neuron1_extent3
