Job ID: 27848730
Node:   spartan-gpgpu176
GPU:    0
GPU 0: NVIDIA H100 80GB HBM3 (UUID: GPU-acf6f894-361f-ac1c-0a4a-241d225c7659)
cuda: True NVIDIA H100 80GB HBM3
Start:  Wed 22 Jul 2026 15:39:03 AEST
device=cuda, model=conductance, nofruns=1, nofsteps=200, lrs=[0.1], nparams=492, fname=training_with_Ih.npy, outdir=/home/yitai/drosophila_vision/temporal_filtering/SimulationCode/0trained/conductance/27848730-add_spot_r

round 0


Initl cost = 834.6287  [spot_bright=78.8068  spot_dark=87.6247  moving_bar_bright_PD=111.2285  moving_bar_bright_ND=162.6161  moving_bar_bright_DSI=133.9741  moving_bar_dark_PD=80.8870  moving_bar_dark_ND=75.3787  moving_bar_dark_DSI=104.1129]
Final cost = 460.9324  [spot_bright=39.8386  spot_dark=44.4120  moving_bar_bright_PD=70.2636  moving_bar_bright_ND=68.6446  moving_bar_bright_DSI=40.5988  moving_bar_dark_PD=82.4737  moving_bar_dark_ND=84.8540  moving_bar_dark_DSI=29.8470]
Best  cost = 460.9324  [spot_bright=39.8386  spot_dark=44.4120  moving_bar_bright_PD=70.2636  moving_bar_bright_ND=68.6446  moving_bar_bright_DSI=40.5988  moving_bar_dark_PD=82.4737  moving_bar_dark_ND=84.8540  moving_bar_dark_DSI=29.8470]
time needed  = 276.93  sec

done in 0.08 hours
wrote table: /home/yitai/drosophila_vision/temporal_filtering/SimulationCode/0trained/conductance/27848730-add_spot_r/param.csv (best run #0, cost=460.9324)
wrote table: /home/yitai/drosophila_vision/temporal_filtering/SimulationCode/0trained/conductance/27848730-add_spot_r/syn_strength.csv
plot device=cuda (NVIDIA H100 80GB HBM3)
1 trained set(s); selected #0 (cost=460.9324)
plot /home/yitai/drosophila_vision/temporal_filtering/SimulationCode/0trained/conductance/27848730-add_spot_r/cost_curve.png: draw=0.2s  save=0.4s  total=0.6s
plot /home/yitai/drosophila_vision/temporal_filtering/SimulationCode/0trained/conductance/27848730-add_spot_r/model_data_spot.png: prep=0.8s  draw=0.3s  save=0.6s  total=1.7s
plot /home/yitai/drosophila_vision/temporal_filtering/SimulationCode/0trained/conductance/27848730-add_spot_r/model_all_spot.png: prep=0.0s  draw=0.6s  save=1.1s  total=1.8s
plot /home/yitai/drosophila_vision/temporal_filtering/SimulationCode/0trained/conductance/27848730-add_spot_r/model_data_bar.png: prep=1.3s  draw=0.7s  save=1.1s  total=3.1s
plot /home/yitai/drosophila_vision/temporal_filtering/SimulationCode/0trained/conductance/27848730-add_spot_r/model_all_bar.png: prep=0.0s  draw=1.7s  save=2.3s  total=3.9s
plots saved to /home/yitai/drosophila_vision/temporal_filtering/SimulationCode/0trained/conductance/27848730-add_spot_r
spot_bright cost cells: 34196
spot_dark cost cells: 34196
done -> /home/yitai/drosophila_vision/temporal_filtering/SimulationCode/0trained/conductance/27848730-add_spot_r
