Job ID: 27788909
Node:   spartan-gpgpu171
GPU:    0
GPU 0: NVIDIA H100 80GB HBM3 (UUID: GPU-70ecc709-6022-7e09-50b0-e2070472848f)
cuda: True NVIDIA H100 80GB HBM3
Start:  Tue 21 Jul 2026 18:20:32 AEST
device=cuda, model=conductance, nofruns=1, nofsteps=1000, lrs=[0.1], nparams=112, fname=training_with_Ih.npy, outdir=/home/yitai/drosophila_vision/temporal_filtering/SimulationCode/0trained/conductance/27788909-train-target-spot-syn-strength-fixed-all-network-right_min_neuron1_extent3

round 0


Initl cost = 205.1938  [spot_bright=101.7562  spot_dark=103.4376]
Final cost = 125.5191  [spot_bright=96.9406  spot_dark=28.5785]
Best  cost = 125.5100  [spot_bright=96.9824  spot_dark=28.5276]
time needed  = 456.69  sec

done in 0.13 hours
wrote table: /home/yitai/drosophila_vision/temporal_filtering/SimulationCode/0trained/conductance/27788909-train-target-spot-syn-strength-fixed-all-network-right_min_neuron1_extent3/training_with_Ih_table.csv (best run #0, cost=125.5100)
plot device=cuda (NVIDIA H100 80GB HBM3)
1 trained set(s); selected #0 (cost=125.5100)
plot /home/yitai/drosophila_vision/temporal_filtering/SimulationCode/0trained/conductance/27788909-train-target-spot-syn-strength-fixed-all-network-right_min_neuron1_extent3/cost_curve.png: draw=0.1s  save=0.2s  total=0.2s
plot /home/yitai/drosophila_vision/temporal_filtering/SimulationCode/0trained/conductance/27788909-train-target-spot-syn-strength-fixed-all-network-right_min_neuron1_extent3/model_data_spot.png: prep=0.3s  draw=0.3s  save=0.5s  total=1.1s
plot /home/yitai/drosophila_vision/temporal_filtering/SimulationCode/0trained/conductance/27788909-train-target-spot-syn-strength-fixed-all-network-right_min_neuron1_extent3/model_all_spot.png: prep=0.0s  draw=0.6s  save=1.1s  total=1.7s
plots saved to /home/yitai/drosophila_vision/temporal_filtering/SimulationCode/0trained/conductance/27788909-train-target-spot-syn-strength-fixed-all-network-right_min_neuron1_extent3
