Job ID: 28256911
Node:   spartan-gpgpu171
GPU:    0
GPU 0: NVIDIA H100 80GB HBM3 (UUID: GPU-64930100-5f8a-64fd-5acc-808fdb233a2a)
cuda: True NVIDIA H100 80GB HBM3
Start:  Wed 29 Jul 2026 06:49:20 AEST
device=cuda, model=hp_lp, nofruns=1, nofsteps=200, lrs=[0.1], nparams=164, fname=training_hp_lp.npy, outdir=/home/yitai/drosophila_vision/temporal_filtering/SimulationCode/0trained/hp_lp/28256911-train-target-spot_bright-model-hp_lp-syn-strength-fixed-all

round 0


Initl cost = 99.9942  [spot_bright=99.9942]
Final cost = 59.3892  [spot_bright=59.3892]
Best  cost = 59.3892  [spot_bright=59.3892]
time needed  = 157.89  sec

done in 0.04 hours
wrote table: /home/yitai/drosophila_vision/temporal_filtering/SimulationCode/0trained/hp_lp/28256911-train-target-spot_bright-model-hp_lp-syn-strength-fixed-all/param.csv (best run #0, cost=59.3892)
wrote table: /home/yitai/drosophila_vision/temporal_filtering/SimulationCode/0trained/hp_lp/28256911-train-target-spot_bright-model-hp_lp-syn-strength-fixed-all/syn_strength.csv
plot device=cuda (NVIDIA H100 80GB HBM3)
1 trained set(s); selected #0 (cost=59.3892)
plot /home/yitai/drosophila_vision/temporal_filtering/SimulationCode/0trained/hp_lp/28256911-train-target-spot_bright-model-hp_lp-syn-strength-fixed-all/cost_curve.png: draw=0.1s  save=0.1s  total=0.2s
plot /home/yitai/drosophila_vision/temporal_filtering/SimulationCode/0trained/hp_lp/28256911-train-target-spot_bright-model-hp_lp-syn-strength-fixed-all/model_data_spot.png: prep=0.2s  draw=0.3s  save=0.4s  total=0.9s
plot /home/yitai/drosophila_vision/temporal_filtering/SimulationCode/0trained/hp_lp/28256911-train-target-spot_bright-model-hp_lp-syn-strength-fixed-all/model_all_spot.png: prep=0.0s  draw=0.6s  save=1.1s  total=1.6s
plots saved to /home/yitai/drosophila_vision/temporal_filtering/SimulationCode/0trained/hp_lp/28256911-train-target-spot_bright-model-hp_lp-syn-strength-fixed-all
