usage: add_r.py [-h] [--model {conductance,adaptive}] [--nofruns NOFRUNS]
                [--nofsteps NOFSTEPS] [--lrs LRS] [--fname FNAME]
                [--outdir OUTDIR] [--from RUN] [--all-param PART]
                [--in-gain PART] [--out-gain PART] [--out-scale PART]
                [--syn-strength PART] [--ih-gmax PART] [--ih-gmax-off PART]
                [--ih-shape PART] [--ih-midv PART] [--ih-slope PART]
                [--tau-midv PART] [--ih-midv-off PART] [--ih-slope-off PART]
                [--tau-midv-off PART] [--tau-m PART] [--bias PART]
                [--adapt-gain PART] [--tau-adapt PART]
                [--ih-off {on,off,mirrored}] [--fp32] [--sequential] [--borst]
                [--network RUN] [--multi-bar BOOL] [--target TARGET]
                [--cost-weight NAME|NAME=VALUE,...]
                [--shift-extent SHIFT_EXTENT] [--spot-extent R]
                [--multi-spot BOOL] [--fully-inside BOOL]
                [--spot-cost-r-w R|R=W,...] [--cost-extent N|TARGET=N,...]
                [--i-baseline TARGET=VALUE,...] [--i-bright TARGET=VALUE,...]
                [--i-dark TARGET=VALUE,...] [--vm [BOOL]]
                [--plot-right-only [BOOL]] [--show-pre [BOOL]] [--x X,...]
                [--y Y,...] [--align-xy X,Y]
add_r.py: error: unrecognized arguments: frozen=all
