Job ID: 27803084
Node:   spartan-gpgpu011
GPU:    0
GPU 0: NVIDIA H100 80GB HBM3 (UUID: GPU-0895e4b2-ab05-d1e7-094c-382e883b858a)
cuda: True NVIDIA H100 80GB HBM3
Start:  Wed 22 Jul 2026 00:36:10 AEST
device=cuda, model=conductance, nofruns=1, nofsteps=150, lrs=[0.1], nparams=110, fname=training_with_Ih.npy, outdir=/home/yitai/drosophila_vision/temporal_filtering/SimulationCode/0trained/conductance/27803084-add_r-target-spot-nofsteps-150-syn-strength-fixed-all

round 0


Initl cost = 142.2304  [spot_bright=70.7788  spot_dark=71.4516]
Final cost = 61.4015  [spot_bright=29.7781  spot_dark=31.6234]
Best  cost = 61.4015  [spot_bright=29.7781  spot_dark=31.6234]
time needed  = 109.71  sec

done in 0.03 hours
wrote table: /home/yitai/drosophila_vision/temporal_filtering/SimulationCode/0trained/conductance/27803084-add_r-target-spot-nofsteps-150-syn-strength-fixed-all/training_with_Ih_table.csv (best run #0, cost=61.4015)
plot device=cuda (NVIDIA H100 80GB HBM3)
1 trained set(s); selected #0 (cost=61.4015)
plot /home/yitai/drosophila_vision/temporal_filtering/SimulationCode/0trained/conductance/27803084-add_r-target-spot-nofsteps-150-syn-strength-fixed-all/cost_curve.png: draw=0.1s  save=0.2s  total=0.3s
plot /home/yitai/drosophila_vision/temporal_filtering/SimulationCode/0trained/conductance/27803084-add_r-target-spot-nofsteps-150-syn-strength-fixed-all/model_data_spot.png: prep=0.8s  draw=0.3s  save=0.6s  total=1.7s
plot /home/yitai/drosophila_vision/temporal_filtering/SimulationCode/0trained/conductance/27803084-add_r-target-spot-nofsteps-150-syn-strength-fixed-all/model_all_spot.png: prep=0.0s  draw=0.6s  save=1.1s  total=1.7s
plots saved to /home/yitai/drosophila_vision/temporal_filtering/SimulationCode/0trained/conductance/27803084-add_r-target-spot-nofsteps-150-syn-strength-fixed-all
spot_bright cost cells: 34196
spot_dark cost cells: 34196
done -> /home/yitai/drosophila_vision/temporal_filtering/SimulationCode/0trained/conductance/27803084-add_r-target-spot-nofsteps-150-syn-strength-fixed-all
