Job ID: 28256954
Node:   spartan-gpgpu179
GPU:    0
GPU 0: NVIDIA H100 80GB HBM3 (UUID: GPU-04934b95-6e5f-881f-f1c6-b20d86526755)
cuda: True NVIDIA H100 80GB HBM3
Start:  Wed 29 Jul 2026 06:55:46 AEST
device=cuda, model=hp_lp, nofruns=1, nofsteps=200, lrs=[0.1], nparams=196, fname=training_hp_lp.npy, outdir=/home/yitai/drosophila_vision/temporal_filtering/SimulationCode/0trained/hp_lp/28256954-train-target-spot_bright-model-hp_lp-syn-strength-fixed-all-in-gain-indi-all-out-gain-indi-all-out-scale-indi-all

round 0


Initl cost = 99.9935  [spot_bright=99.9935]
Final cost = 52.1415  [spot_bright=52.1415]
Best  cost = 52.1415  [spot_bright=52.1415]
time needed  = 180.44  sec

done in 0.05 hours
wrote table: /home/yitai/drosophila_vision/temporal_filtering/SimulationCode/0trained/hp_lp/28256954-train-target-spot_bright-model-hp_lp-syn-strength-fixed-all-in-gain-indi-all-out-gain-indi-all-out-scale-indi-all/param.csv (best run #0, cost=52.1415)
wrote table: /home/yitai/drosophila_vision/temporal_filtering/SimulationCode/0trained/hp_lp/28256954-train-target-spot_bright-model-hp_lp-syn-strength-fixed-all-in-gain-indi-all-out-gain-indi-all-out-scale-indi-all/syn_strength.csv
plot device=cuda (NVIDIA H100 80GB HBM3)
1 trained set(s); selected #0 (cost=52.1415)
plot /home/yitai/drosophila_vision/temporal_filtering/SimulationCode/0trained/hp_lp/28256954-train-target-spot_bright-model-hp_lp-syn-strength-fixed-all-in-gain-indi-all-out-gain-indi-all-out-scale-indi-all/cost_curve.png: draw=0.1s  save=0.1s  total=0.2s
plot /home/yitai/drosophila_vision/temporal_filtering/SimulationCode/0trained/hp_lp/28256954-train-target-spot_bright-model-hp_lp-syn-strength-fixed-all-in-gain-indi-all-out-gain-indi-all-out-scale-indi-all/model_data_spot.png: prep=0.3s  draw=0.3s  save=0.5s  total=1.0s
plot /home/yitai/drosophila_vision/temporal_filtering/SimulationCode/0trained/hp_lp/28256954-train-target-spot_bright-model-hp_lp-syn-strength-fixed-all-in-gain-indi-all-out-gain-indi-all-out-scale-indi-all/model_all_spot.png: prep=0.0s  draw=0.6s  save=1.1s  total=1.7s
plots saved to /home/yitai/drosophila_vision/temporal_filtering/SimulationCode/0trained/hp_lp/28256954-train-target-spot_bright-model-hp_lp-syn-strength-fixed-all-in-gain-indi-all-out-gain-indi-all-out-scale-indi-all
