Job ID: 27800613
Node:   spartan-gpgpu011
GPU:    0
GPU 0: NVIDIA H100 80GB HBM3 (UUID: GPU-0895e4b2-ab05-d1e7-094c-382e883b858a)
cuda: True NVIDIA H100 80GB HBM3
Start:  Tue 21 Jul 2026 23:22:02 AEST
device=cuda, model=conductance, nofruns=1, nofsteps=200, lrs=[0.1], nparams=112, fname=training_with_Ih.npy, outdir=/home/yitai/drosophila_vision/temporal_filtering/SimulationCode/0trained/conductance/27800613-train-target-spot-nofsteps-200-shift-extent-1-network-right_min_neuron1_extent3

round 0


Initl cost = 158.3446  [spot_bright=81.6238  spot_dark=76.7208]
Final cost = 43.5481  [spot_bright=21.2578  spot_dark=22.2902]
Best  cost = 43.5481  [spot_bright=21.2578  spot_dark=22.2902]
time needed  = 50.75  sec

done in 0.01 hours
wrote table: /home/yitai/drosophila_vision/temporal_filtering/SimulationCode/0trained/conductance/27800613-train-target-spot-nofsteps-200-shift-extent-1-network-right_min_neuron1_extent3/training_with_Ih_table.csv (best run #0, cost=43.5481)
plot device=cuda (NVIDIA H100 80GB HBM3)
1 trained set(s); selected #0 (cost=43.5481)
plot /home/yitai/drosophila_vision/temporal_filtering/SimulationCode/0trained/conductance/27800613-train-target-spot-nofsteps-200-shift-extent-1-network-right_min_neuron1_extent3/cost_curve.png: draw=0.1s  save=0.2s  total=0.3s
plot /home/yitai/drosophila_vision/temporal_filtering/SimulationCode/0trained/conductance/27800613-train-target-spot-nofsteps-200-shift-extent-1-network-right_min_neuron1_extent3/model_data_spot.png: prep=0.2s  draw=0.2s  save=0.6s  total=0.9s
plot /home/yitai/drosophila_vision/temporal_filtering/SimulationCode/0trained/conductance/27800613-train-target-spot-nofsteps-200-shift-extent-1-network-right_min_neuron1_extent3/model_all_spot.png: prep=0.0s  draw=0.6s  save=1.1s  total=1.7s
plots saved to /home/yitai/drosophila_vision/temporal_filtering/SimulationCode/0trained/conductance/27800613-train-target-spot-nofsteps-200-shift-extent-1-network-right_min_neuron1_extent3
