Job ID: 28256933
Node:   spartan-gpgpu174
GPU:    0
GPU 0: NVIDIA H100 80GB HBM3 (UUID: GPU-83955491-084b-4cd0-e4cd-b20a159ffb34)
cuda: True NVIDIA H100 80GB HBM3
Start:  Wed 29 Jul 2026 07:43:23 AEST
device=cuda, model=conductance, nofruns=1, nofsteps=10000, lrs=[0.1, 0.01, 0.001], nparams=492, fname=training_with_Ih.npy, outdir=/home/yitai/drosophila_vision/temporal_filtering/SimulationCode/0trained/conductance/28256933-train-target-spot_bright-nofsteps-10000-lr-0.1,0.01,0.001

round 0


Initl cost = 94.8317  [spot_bright=94.8317]
Final cost = 24.6071  [spot_bright=24.6071]
Best  cost = 24.5512  [spot_bright=24.5512]
time needed  = 7046.34  sec


Initl cost = 24.5512  [spot_bright=24.5512]
Final cost = 24.4141  [spot_bright=24.4141]
Best  cost = 24.4120  [spot_bright=24.4120]
time needed  = 7043.03  sec


Initl cost = 24.4120  [spot_bright=24.4120]
Final cost = 24.4027  [spot_bright=24.4027]
Best  cost = 24.4027  [spot_bright=24.4027]
time needed  = 7041.19  sec

done in 5.87 hours
wrote table: /home/yitai/drosophila_vision/temporal_filtering/SimulationCode/0trained/conductance/28256933-train-target-spot_bright-nofsteps-10000-lr-0.1,0.01,0.001/param.csv (best run #0, cost=24.4027)
wrote table: /home/yitai/drosophila_vision/temporal_filtering/SimulationCode/0trained/conductance/28256933-train-target-spot_bright-nofsteps-10000-lr-0.1,0.01,0.001/syn_strength.csv
plot device=cuda (NVIDIA H100 80GB HBM3)
1 trained set(s); selected #0 (cost=24.4027)
plot /home/yitai/drosophila_vision/temporal_filtering/SimulationCode/0trained/conductance/28256933-train-target-spot_bright-nofsteps-10000-lr-0.1,0.01,0.001/cost_curve.png: draw=0.1s  save=0.1s  total=0.2s
plot /home/yitai/drosophila_vision/temporal_filtering/SimulationCode/0trained/conductance/28256933-train-target-spot_bright-nofsteps-10000-lr-0.1,0.01,0.001/model_data_spot.png: prep=0.4s  draw=0.3s  save=0.5s  total=1.2s
plot /home/yitai/drosophila_vision/temporal_filtering/SimulationCode/0trained/conductance/28256933-train-target-spot_bright-nofsteps-10000-lr-0.1,0.01,0.001/model_all_spot.png: prep=0.0s  draw=0.6s  save=1.1s  total=1.8s
plots saved to /home/yitai/drosophila_vision/temporal_filtering/SimulationCode/0trained/conductance/28256933-train-target-spot_bright-nofsteps-10000-lr-0.1,0.01,0.001
