Job ID: 28256752
Node:   spartan-gpgpu171
GPU:    0
GPU 0: NVIDIA H100 80GB HBM3 (UUID: GPU-64930100-5f8a-64fd-5acc-808fdb233a2a)
cuda: True NVIDIA H100 80GB HBM3
Start:  Wed 29 Jul 2026 06:36:32 AEST
device=cuda, model=conductance, nofruns=1, nofsteps=200, lrs=[0.1], nparams=492, fname=training_with_Ih.npy, outdir=/home/yitai/drosophila_vision/temporal_filtering/SimulationCode/0trained/conductance/28256752-train-target-spot_bright

round 0


Initl cost = 97.4369  [spot_bright=97.4369]
Final cost = 28.3028  [spot_bright=28.3028]
Best  cost = 28.2997  [spot_bright=28.2997]
time needed  = 139.49  sec

done in 0.04 hours
wrote table: /home/yitai/drosophila_vision/temporal_filtering/SimulationCode/0trained/conductance/28256752-train-target-spot_bright/param.csv (best run #0, cost=28.2997)
wrote table: /home/yitai/drosophila_vision/temporal_filtering/SimulationCode/0trained/conductance/28256752-train-target-spot_bright/syn_strength.csv
plot device=cuda (NVIDIA H100 80GB HBM3)
1 trained set(s); selected #0 (cost=28.2997)
plot /home/yitai/drosophila_vision/temporal_filtering/SimulationCode/0trained/conductance/28256752-train-target-spot_bright/cost_curve.png: draw=0.1s  save=0.1s  total=0.2s
plot /home/yitai/drosophila_vision/temporal_filtering/SimulationCode/0trained/conductance/28256752-train-target-spot_bright/model_data_spot.png: prep=0.4s  draw=0.3s  save=0.5s  total=1.1s
plot /home/yitai/drosophila_vision/temporal_filtering/SimulationCode/0trained/conductance/28256752-train-target-spot_bright/model_all_spot.png: prep=0.0s  draw=0.6s  save=1.1s  total=1.7s
plots saved to /home/yitai/drosophila_vision/temporal_filtering/SimulationCode/0trained/conductance/28256752-train-target-spot_bright
