Job ID: 27800982
Node:   spartan-gpgpu180
GPU:    0
GPU 0: NVIDIA H100 80GB HBM3 (UUID: GPU-da9f1146-c650-e869-3c07-a2c100c92741)
cuda: True NVIDIA H100 80GB HBM3
Start:  Tue 21 Jul 2026 23:36:10 AEST
device=cuda, model=conductance, nofruns=1, nofsteps=200, lrs=[0.1], nparams=112, fname=training_with_Ih.npy, outdir=/home/yitai/drosophila_vision/temporal_filtering/SimulationCode/0trained/conductance/27800982-train-target-spot-nofsteps-200-syn-strength-fixed-all-network-right_min_neuron1_extent3

round 0


Initl cost = 204.7734  [spot_bright=102.0868  spot_dark=102.6866]
Final cost = 94.8392  [spot_bright=48.3086  spot_dark=46.5305]
Best  cost = 89.6537  [spot_bright=46.1137  spot_dark=43.5401]
time needed  = 92.99  sec

done in 0.03 hours
wrote table: /home/yitai/drosophila_vision/temporal_filtering/SimulationCode/0trained/conductance/27800982-train-target-spot-nofsteps-200-syn-strength-fixed-all-network-right_min_neuron1_extent3/training_with_Ih_table.csv (best run #0, cost=89.6537)
plot device=cuda (NVIDIA H100 80GB HBM3)
1 trained set(s); selected #0 (cost=89.6537)
plot /home/yitai/drosophila_vision/temporal_filtering/SimulationCode/0trained/conductance/27800982-train-target-spot-nofsteps-200-syn-strength-fixed-all-network-right_min_neuron1_extent3/cost_curve.png: draw=0.1s  save=0.2s  total=0.3s
plot /home/yitai/drosophila_vision/temporal_filtering/SimulationCode/0trained/conductance/27800982-train-target-spot-nofsteps-200-syn-strength-fixed-all-network-right_min_neuron1_extent3/model_data_spot.png: prep=0.3s  draw=0.2s  save=0.6s  total=1.1s
plot /home/yitai/drosophila_vision/temporal_filtering/SimulationCode/0trained/conductance/27800982-train-target-spot-nofsteps-200-syn-strength-fixed-all-network-right_min_neuron1_extent3/model_all_spot.png: prep=0.0s  draw=0.6s  save=1.1s  total=1.7s
plots saved to /home/yitai/drosophila_vision/temporal_filtering/SimulationCode/0trained/conductance/27800982-train-target-spot-nofsteps-200-syn-strength-fixed-all-network-right_min_neuron1_extent3
