Job ID: 27836590
Node:   spartan-gpgpu180
GPU:    0
GPU 0: NVIDIA H100 80GB HBM3 (UUID: GPU-da9f1146-c650-e869-3c07-a2c100c92741)
cuda: True NVIDIA H100 80GB HBM3
Start:  Wed 22 Jul 2026 12:15:01 AEST
device=cuda, model=conductance, nofruns=1, nofsteps=1000, lrs=[0.1], nparams=492, fname=training_with_Ih.npy, outdir=/home/yitai/drosophila_vision/temporal_filtering/SimulationCode/0trained/conductance/27836590-add_spot_r-target-spot-in-gain-fixed-all

round 0


Initl cost = 145.3634  [spot_bright=72.8480  spot_dark=72.5154]
Final cost = 49.3579  [spot_bright=24.0451  spot_dark=25.3128]
Best  cost = 49.3565  [spot_bright=24.0476  spot_dark=25.3089]
time needed  = 754.04  sec

done in 0.21 hours
wrote table: /home/yitai/drosophila_vision/temporal_filtering/SimulationCode/0trained/conductance/27836590-add_spot_r-target-spot-in-gain-fixed-all/training_with_Ih_table.csv (best run #0, cost=49.3565)
plot device=cuda (NVIDIA H100 80GB HBM3)
1 trained set(s); selected #0 (cost=49.3565)
plot /home/yitai/drosophila_vision/temporal_filtering/SimulationCode/0trained/conductance/27836590-add_spot_r-target-spot-in-gain-fixed-all/cost_curve.png: draw=0.1s  save=0.2s  total=0.2s
plot /home/yitai/drosophila_vision/temporal_filtering/SimulationCode/0trained/conductance/27836590-add_spot_r-target-spot-in-gain-fixed-all/model_data_spot.png: prep=0.8s  draw=0.3s  save=0.6s  total=1.7s
plot /home/yitai/drosophila_vision/temporal_filtering/SimulationCode/0trained/conductance/27836590-add_spot_r-target-spot-in-gain-fixed-all/model_all_spot.png: prep=0.0s  draw=0.7s  save=1.1s  total=1.8s
plots saved to /home/yitai/drosophila_vision/temporal_filtering/SimulationCode/0trained/conductance/27836590-add_spot_r-target-spot-in-gain-fixed-all
spot_bright cost cells: 34196
spot_dark cost cells: 34196
done -> /home/yitai/drosophila_vision/temporal_filtering/SimulationCode/0trained/conductance/27836590-add_spot_r-target-spot-in-gain-fixed-all
