Job ID: 27792953
Node:   spartan-gpgpu171
GPU:    0
GPU 0: NVIDIA H100 80GB HBM3 (UUID: GPU-70ecc709-6022-7e09-50b0-e2070472848f)
cuda: True NVIDIA H100 80GB HBM3
Start:  Tue 21 Jul 2026 20:05:42 AEST
device=cuda, model=conductance, nofruns=1, nofsteps=200, lrs=[0.1], nparams=118, fname=training_with_Ih.npy, outdir=/home/yitai/drosophila_vision/temporal_filtering/SimulationCode/0trained/conductance/27792953-add_r-target-spot-syn-strength-fixed-all-network-right_min_neuron1_extent3-nofsteps-200

round 0


Initl cost = 194.2371  [spot_bright=96.9917  spot_dark=97.2455]
Final cost = 193.9464  [spot_bright=93.0217  spot_dark=100.9247]
Best  cost = 184.3632  [spot_bright=89.9173  spot_dark=94.4459]
time needed  = 95.07  sec

done in 0.03 hours
wrote table: /home/yitai/drosophila_vision/temporal_filtering/SimulationCode/0trained/conductance/27792953-add_r-target-spot-syn-strength-fixed-all-network-right_min_neuron1_extent3-nofsteps-200/training_with_Ih_table.csv (best run #0, cost=184.3632)
plot device=cuda (NVIDIA H100 80GB HBM3)
1 trained set(s); selected #0 (cost=184.3632)
plot /home/yitai/drosophila_vision/temporal_filtering/SimulationCode/0trained/conductance/27792953-add_r-target-spot-syn-strength-fixed-all-network-right_min_neuron1_extent3-nofsteps-200/cost_curve.png: draw=0.1s  save=0.2s  total=0.2s
plot /home/yitai/drosophila_vision/temporal_filtering/SimulationCode/0trained/conductance/27792953-add_r-target-spot-syn-strength-fixed-all-network-right_min_neuron1_extent3-nofsteps-200/model_data_spot.png: prep=0.4s  draw=0.3s  save=0.6s  total=1.3s
plot /home/yitai/drosophila_vision/temporal_filtering/SimulationCode/0trained/conductance/27792953-add_r-target-spot-syn-strength-fixed-all-network-right_min_neuron1_extent3-nofsteps-200/model_all_spot.png: prep=0.0s  draw=0.6s  save=1.1s  total=1.7s
plots saved to /home/yitai/drosophila_vision/temporal_filtering/SimulationCode/0trained/conductance/27792953-add_r-target-spot-syn-strength-fixed-all-network-right_min_neuron1_extent3-nofsteps-200
spot_bright cost cells: 968
spot_dark cost cells: 968
done -> /home/yitai/drosophila_vision/temporal_filtering/SimulationCode/0trained/conductance/27792953-add_r-target-spot-syn-strength-fixed-all-network-right_min_neuron1_extent3-nofsteps-200
