Job ID: 28256847
Node:   spartan-gpgpu171
GPU:    0
GPU 0: NVIDIA H100 80GB HBM3 (UUID: GPU-64930100-5f8a-64fd-5acc-808fdb233a2a)
cuda: True NVIDIA H100 80GB HBM3
Start:  Wed 29 Jul 2026 06:41:11 AEST
device=cuda, model=hp_lp, nofruns=1, nofsteps=200, lrs=[0.1], nparams=606, fname=training_hp_lp.npy, outdir=/home/yitai/drosophila_vision/temporal_filtering/SimulationCode/0trained/hp_lp/28256847-train-target-spot_bright-model-hp_lp

round 0


Initl cost = 100.0000  [spot_bright=100.0000]
Final cost = 67.5572  [spot_bright=67.5572]
Best  cost = 67.5430  [spot_bright=67.5430]
time needed  = 169.44  sec

done in 0.05 hours
wrote table: /home/yitai/drosophila_vision/temporal_filtering/SimulationCode/0trained/hp_lp/28256847-train-target-spot_bright-model-hp_lp/param.csv (best run #0, cost=67.5430)
wrote table: /home/yitai/drosophila_vision/temporal_filtering/SimulationCode/0trained/hp_lp/28256847-train-target-spot_bright-model-hp_lp/syn_strength.csv
plot device=cuda (NVIDIA H100 80GB HBM3)
1 trained set(s); selected #0 (cost=67.5430)
plot /home/yitai/drosophila_vision/temporal_filtering/SimulationCode/0trained/hp_lp/28256847-train-target-spot_bright-model-hp_lp/cost_curve.png: draw=0.1s  save=0.1s  total=0.2s
plot /home/yitai/drosophila_vision/temporal_filtering/SimulationCode/0trained/hp_lp/28256847-train-target-spot_bright-model-hp_lp/model_data_spot.png: prep=0.2s  draw=0.3s  save=0.5s  total=0.9s
plot /home/yitai/drosophila_vision/temporal_filtering/SimulationCode/0trained/hp_lp/28256847-train-target-spot_bright-model-hp_lp/model_all_spot.png: prep=0.0s  draw=0.5s  save=1.1s  total=1.6s
plots saved to /home/yitai/drosophila_vision/temporal_filtering/SimulationCode/0trained/hp_lp/28256847-train-target-spot_bright-model-hp_lp
