Job ID: 28560935
Node:   spartan-gpgpu175
GPU:    0
GPU 0: NVIDIA H100 80GB HBM3 (UUID: GPU-71eb266a-6239-d393-c333-1cc16834ab45)
cuda: True NVIDIA H100 80GB HBM3
Start:  Sat 01 Aug 2026 21:19:57 AEST
train_modes:
  in_gain            indi=0/shared=34/fixed=0/frozen=0 (1)
  out_gain           indi=34/shared=0/fixed=0/frozen=0 (34)
  syn_strength_cell  indi=459/shared=0/fixed=0/frozen=0 (459)
  out_scale          indi=34/shared=0/fixed=0/frozen=0 (34)
  tau_lp             indi=34/shared=0/fixed=0/frozen=0 (34)
  tau_hp             indi=34/shared=0/fixed=0/frozen=0 (34)
  v_rest             indi=34/shared=0/fixed=0/frozen=0 (34)
  hp_gain            indi=4/shared=0/fixed=30/frozen=0 (4)
device=cuda, model=hp_lp, syn_mode=per_cell, nofruns=1, nofsteps=500, lrs=[0.1], nparams=634, fname=training_hp_lp.npy, outdir=/home/yitai/drosophila_vision/vision/simulation/0_runs/hp_lp/28560935-run-nofsteps-500-tau-hp-init-L1,L2,L4,L5-200-pulse-ms-100-delta-ms-5-response-ms-500-gt-spot-L3
checkpoint_interval=1000

round 0


Initl cost = 89.6316  [spot_bright=89.6316]
Final cost = 55.7328  [spot_bright=55.7328]
Best  cost = 55.7328  [spot_bright=55.7328]
time needed  = 73.62  sec

done in 0.02 hours
wrote table: /home/yitai/drosophila_vision/vision/simulation/0_runs/hp_lp/28560935-run-nofsteps-500-tau-hp-init-L1,L2,L4,L5-200-pulse-ms-100-delta-ms-5-response-ms-500-gt-spot-L3/param.csv (best run #0, cost=55.7328)
wrote table: /home/yitai/drosophila_vision/vision/simulation/0_runs/hp_lp/28560935-run-nofsteps-500-tau-hp-init-L1,L2,L4,L5-200-pulse-ms-100-delta-ms-5-response-ms-500-gt-spot-L3/syn_strength_cell.csv
plot device=cuda (NVIDIA H100 80GB HBM3)
1 trained set(s); selected #0 (cost=55.7328)
plot /home/yitai/drosophila_vision/vision/simulation/0_runs/hp_lp/28560935-run-nofsteps-500-tau-hp-init-L1,L2,L4,L5-200-pulse-ms-100-delta-ms-5-response-ms-500-gt-spot-L3/cost_curve.png: draw=0.1s  save=0.2s  total=0.3s
plot /home/yitai/drosophila_vision/vision/simulation/0_runs/hp_lp/28560935-run-nofsteps-500-tau-hp-init-L1,L2,L4,L5-200-pulse-ms-100-delta-ms-5-response-ms-500-gt-spot-L3/spot_gt_v.png: prep=0.2s  draw=0.0s  save=0.1s  total=0.3s
plot /home/yitai/drosophila_vision/vision/simulation/0_runs/hp_lp/28560935-run-nofsteps-500-tau-hp-init-L1,L2,L4,L5-200-pulse-ms-100-delta-ms-5-response-ms-500-gt-spot-L3/spot_all_v.png: prep=0.0s  draw=0.6s  save=1.2s  total=1.8s
plots saved to /home/yitai/drosophila_vision/vision/simulation/0_runs/hp_lp/28560935-run-nofsteps-500-tau-hp-init-L1,L2,L4,L5-200-pulse-ms-100-delta-ms-5-response-ms-500-gt-spot-L3
