usage: run.py [-h] [--model {borst,hp_lp}] [--syn-mode {per_cell,per_edge}]
              [--nofruns NOFRUNS] [--nofsteps NOFSTEPS] [--lrs LRS]
              [--checkpoint-interval N] [--fname FNAME] [--outdir OUTDIR]
              [--from RUN] [--all-param MODE [MODE ...]]
              [--in-gain MODE [MODE ...]] [--out-gain MODE [MODE ...]]
              [--out-scale MODE [MODE ...]]
              [--syn-strength-cell MODE [MODE ...]]
              [--syn-strength-edge MODE [MODE ...]] [--v-th MODE [MODE ...]]
              [--ih-gmax MODE [MODE ...]] [--ih-gmax-off MODE [MODE ...]]
              [--ih-shape MODE [MODE ...]] [--ih-midv MODE [MODE ...]]
              [--ih-slope MODE [MODE ...]] [--tau-midv MODE [MODE ...]]
              [--ih-midv-off MODE [MODE ...]] [--ih-slope-off MODE [MODE ...]]
              [--tau-midv-off MODE [MODE ...]] [--tau-lp MODE [MODE ...]]
              [--v-rest MODE [MODE ...]] [--tau-hp MODE [MODE ...]]
              [--hp-gain MODE [MODE ...]] [--ih-off {on,off,mirrored}]
              [--fp N] [--pre-grad BOOL] [--sequential BOOL] [--network RUN]
              [--multi-bar BOOL] [--task TASK]
              [--cost-weight NAME|NAME=VALUE [NAME|NAME=VALUE ...]]
              [--shift-extent SHIFT_EXTENT] [--spot-extent R]
              [--multi-spot BOOL] [--fully-inside BOOL]
              [--spot-cost-r-w R|R=W [R|R=W ...]]
              [--cost-extent N|TASK=N [N|TASK=N ...]]
              [--gt TASK=CELLS [TASK=CELLS ...]]
              [--i-baseline TASK=VALUE [TASK=VALUE ...]]
              [--i-bright TASK=VALUE [TASK=VALUE ...]]
              [--i-dark TASK=VALUE [TASK=VALUE ...]] [--pre-ms MS]
              [--response-ms MS] [--pulse-ms MS] [--delta-ms MS]
              [--cost-interval-ms MS] [--plot-right-only [BOOL]]
              [--show-pre [BOOL]] [--x X,...] [--y Y,...] [--align-xy X,Y]
run.py: error: unrecognized arguments: -pre-ms 1000
