Job ID: 28572097
Node:   spartan-gpgpu175
GPU:    0
GPU 0: NVIDIA H100 80GB HBM3 (UUID: GPU-91929a47-96c6-4006-3b89-5fc57cd35197)
cuda: True NVIDIA H100 80GB HBM3
Start:  Sat 01 Aug 2026 23:42:51 AEST
train_modes:
  in_gain            indi=0/shared=0/fixed=34/frozen=0 (0)
  out_gain           indi=34/shared=0/fixed=0/frozen=0 (34)
  syn_strength_cell  indi=459/shared=0/fixed=0/frozen=0 (459)
  out_scale          indi=34/shared=0/fixed=0/frozen=0 (34)
  tau_lp             indi=34/shared=0/fixed=0/frozen=0 (34)
  tau_hp             indi=34/shared=0/fixed=0/frozen=0 (34)
  v_rest             indi=34/shared=0/fixed=0/frozen=0 (34)
  hp_gain            indi=4/shared=0/fixed=30/frozen=0 (4)
device=cuda, model=hp_lp, syn_mode=per_cell, nofruns=1, nofsteps=500, lrs=[0.1], nparams=633, fname=training_hp_lp.npy, outdir=/home/yitai/drosophila_vision/vision/simulation/0_runs/hp_lp/28572097-run-nofsteps-500-tau-hp-init-L1,L2,L4,L5-200-pulse-ms-100-delta-ms-5-response-ms-500-gt-spot-L3-pre-ms-1000
checkpoint_interval=1000

round 0


Initl cost = 90.0993  [spot_bright=90.0993]
Final cost = 62.6805  [spot_bright=62.6805]
Best  cost = 59.2640  [spot_bright=59.2640]
time needed  = 98.40  sec

done in 0.03 hours
wrote table: /home/yitai/drosophila_vision/vision/simulation/0_runs/hp_lp/28572097-run-nofsteps-500-tau-hp-init-L1,L2,L4,L5-200-pulse-ms-100-delta-ms-5-response-ms-500-gt-spot-L3-pre-ms-1000/param.csv (best run #0, cost=59.2640)
wrote table: /home/yitai/drosophila_vision/vision/simulation/0_runs/hp_lp/28572097-run-nofsteps-500-tau-hp-init-L1,L2,L4,L5-200-pulse-ms-100-delta-ms-5-response-ms-500-gt-spot-L3-pre-ms-1000/syn_strength_cell.csv
plot device=cuda (NVIDIA H100 80GB HBM3)
1 trained set(s); selected #0 (cost=59.2640)
plot /home/yitai/drosophila_vision/vision/simulation/0_runs/hp_lp/28572097-run-nofsteps-500-tau-hp-init-L1,L2,L4,L5-200-pulse-ms-100-delta-ms-5-response-ms-500-gt-spot-L3-pre-ms-1000/cost_curve.png: draw=0.1s  save=0.1s  total=0.2s
plot /home/yitai/drosophila_vision/vision/simulation/0_runs/hp_lp/28572097-run-nofsteps-500-tau-hp-init-L1,L2,L4,L5-200-pulse-ms-100-delta-ms-5-response-ms-500-gt-spot-L3-pre-ms-1000/spot_gt_v.png: prep=0.3s  draw=0.0s  save=0.1s  total=0.4s
plot /home/yitai/drosophila_vision/vision/simulation/0_runs/hp_lp/28572097-run-nofsteps-500-tau-hp-init-L1,L2,L4,L5-200-pulse-ms-100-delta-ms-5-response-ms-500-gt-spot-L3-pre-ms-1000/spot_all_v.png: prep=0.0s  draw=0.6s  save=1.3s  total=1.9s
plots saved to /home/yitai/drosophila_vision/vision/simulation/0_runs/hp_lp/28572097-run-nofsteps-500-tau-hp-init-L1,L2,L4,L5-200-pulse-ms-100-delta-ms-5-response-ms-500-gt-spot-L3-pre-ms-1000
