Job ID: 28587868
Node:   spartan-gpgpu002
GPU:    0
GPU 0: NVIDIA L40S (UUID: GPU-e39be93d-c1c2-ce9c-6a14-46f04653dde9)
cuda: True NVIDIA L40S
Start:  Sun 02 Aug 2026 13:20:50 AEST
train_modes:
  in_gain            indi=0/shared=0/fixed=34/frozen=0 (0)
  out_gain           indi=34/shared=0/fixed=0/frozen=0 (34)
  bias               indi=34/shared=0/fixed=0/frozen=0 (34)
  syn_strength_cell  indi=459/shared=0/fixed=0/frozen=0 (459)
  gt_scale           indi=34/shared=0/fixed=0/frozen=0 (34)
  gt_bias            indi=34/shared=0/fixed=0/frozen=0 (34)
  tau_lp             indi=34/shared=0/fixed=0/frozen=0 (34)
  tau_hp             indi=34/shared=0/fixed=0/frozen=0 (34)
  v_rest             indi=0/shared=0/fixed=34/frozen=0 (0)
  hp_gain            indi=4/shared=0/fixed=30/frozen=0 (4)
device=cuda, model=hp_lp, syn_mode=per_cell, nofruns=1, nofsteps=200, lrs=[0.1], nparams=667, fname=training_hp_lp.npy, outdir=/home/yitai/drosophila_vision/vision/simulation/0_runs/hp_lp/28587868-run-nofsteps-200-tau-hp-init.L1,L2,L4,L5-200-pre-ms-1000-pulse-ms-100-response-ms-500
checkpoint_interval=1000

round 0


Initl cost = 109.4186  [spot_bright_L1_r0=82.6671  spot_bright_L2_r0=78.9395  spot_bright_L4_r0=100.3170  spot_bright_L5_r0=100.1033  spot_bright_Mi1_r0=102.5479  spot_bright_Tm3_r0=99.2179  spot_bright_Mi4_r0=109.2553  spot_bright_Mi9_r0=91.4706  spot_bright_Tm1_r0=100.5015  spot_bright_Tm2_r0=99.8036  spot_bright_Tm4_r0=99.2169  spot_bright_Tm9_r0=104.7072  spot_bright_L1_r1=122.8964  spot_bright_L2_r1=100.6587  spot_bright_L3_r1=162.8439  spot_bright_L4_r1=101.3232  spot_bright_L5_r1=101.3332  spot_bright_Mi1_r1=134.7728  spot_bright_Tm3_r1=99.1839  spot_bright_Mi4_r1=91.1711  spot_bright_Mi9_r1=242.1850  spot_bright_Tm1_r1=109.0997  spot_bright_Tm2_r1=100.8132  spot_bright_Tm4_r1=99.0968  spot_bright_Tm9_r1=153.2497  spot_bright_L3_r0=57.5083]
Final cost = 63.6040  [spot_bright_L1_r0=15.9189  spot_bright_L2_r0=14.6317  spot_bright_L4_r0=86.3302  spot_bright_L5_r0=83.9049  spot_bright_Mi1_r0=84.2210  spot_bright_Tm3_r0=38.2737  spot_bright_Mi4_r0=122.8540  spot_bright_Mi9_r0=104.5115  spot_bright_Tm1_r0=58.6274  spot_bright_Tm2_r0=73.5502  spot_bright_Tm4_r0=61.4497  spot_bright_Tm9_r0=87.1039  spot_bright_L1_r1=63.3478  spot_bright_L2_r1=69.1448  spot_bright_L3_r1=86.3036  spot_bright_L4_r1=75.9398  spot_bright_L5_r1=71.7471  spot_bright_Mi1_r1=46.6883  spot_bright_Tm3_r1=36.8840  spot_bright_Mi4_r1=49.6129  spot_bright_Mi9_r1=49.2963  spot_bright_Tm1_r1=42.8671  spot_bright_Tm2_r1=62.8014  spot_bright_Tm4_r1=63.2822  spot_bright_Tm9_r1=45.6557  spot_bright_L3_r0=58.7564]
Best  cost = 63.6040  [spot_bright_L1_r0=15.9189  spot_bright_L2_r0=14.6317  spot_bright_L4_r0=86.3302  spot_bright_L5_r0=83.9049  spot_bright_Mi1_r0=84.2210  spot_bright_Tm3_r0=38.2737  spot_bright_Mi4_r0=122.8540  spot_bright_Mi9_r0=104.5115  spot_bright_Tm1_r0=58.6274  spot_bright_Tm2_r0=73.5502  spot_bright_Tm4_r0=61.4497  spot_bright_Tm9_r0=87.1039  spot_bright_L1_r1=63.3478  spot_bright_L2_r1=69.1448  spot_bright_L3_r1=86.3036  spot_bright_L4_r1=75.9398  spot_bright_L5_r1=71.7471  spot_bright_Mi1_r1=46.6883  spot_bright_Tm3_r1=36.8840  spot_bright_Mi4_r1=49.6129  spot_bright_Mi9_r1=49.2963  spot_bright_Tm1_r1=42.8671  spot_bright_Tm2_r1=62.8014  spot_bright_Tm4_r1=63.2822  spot_bright_Tm9_r1=45.6557  spot_bright_L3_r0=58.7564]
time needed  = 45.18  sec

done in 0.01 hours
wrote table: /home/yitai/drosophila_vision/vision/simulation/0_runs/hp_lp/28587868-run-nofsteps-200-tau-hp-init.L1,L2,L4,L5-200-pre-ms-1000-pulse-ms-100-response-ms-500/param.csv (best run #0, cost=63.6040)
wrote table: /home/yitai/drosophila_vision/vision/simulation/0_runs/hp_lp/28587868-run-nofsteps-200-tau-hp-init.L1,L2,L4,L5-200-pre-ms-1000-pulse-ms-100-response-ms-500/syn_strength_cell.csv
plot device=cuda (NVIDIA L40S)
1 trained set(s); selected #0 (cost=63.6040)
plot /home/yitai/drosophila_vision/vision/simulation/0_runs/hp_lp/28587868-run-nofsteps-200-tau-hp-init.L1,L2,L4,L5-200-pre-ms-1000-pulse-ms-100-response-ms-500/cost_curve.png: draw=0.8s  save=1.6s  total=2.4s
plot /home/yitai/drosophila_vision/vision/simulation/0_runs/hp_lp/28587868-run-nofsteps-200-tau-hp-init.L1,L2,L4,L5-200-pre-ms-1000-pulse-ms-100-response-ms-500/spot_gt_v.png: prep=0.3s  draw=0.2s  save=0.5s  total=1.0s
plot /home/yitai/drosophila_vision/vision/simulation/0_runs/hp_lp/28587868-run-nofsteps-200-tau-hp-init.L1,L2,L4,L5-200-pre-ms-1000-pulse-ms-100-response-ms-500/spot_all_v.png: prep=0.0s  draw=0.7s  save=1.2s  total=1.9s
plots saved to /home/yitai/drosophila_vision/vision/simulation/0_runs/hp_lp/28587868-run-nofsteps-200-tau-hp-init.L1,L2,L4,L5-200-pre-ms-1000-pulse-ms-100-response-ms-500
