Job ID: 28584739
Node:   spartan-gpgpu003
GPU:    0
GPU 0: NVIDIA L40S (UUID: GPU-f0af4c4a-fc76-b8b2-7507-60219a382e97)
cuda: True NVIDIA L40S
Start:  Sun 02 Aug 2026 11:54:47 AEST
train_modes:
  in_gain            indi=0/shared=0/fixed=34/frozen=0 (0)
  out_gain           indi=34/shared=0/fixed=0/frozen=0 (34)
  bias               indi=34/shared=0/fixed=0/frozen=0 (34)
  syn_strength_cell  indi=459/shared=0/fixed=0/frozen=0 (459)
  gt_scale           indi=34/shared=0/fixed=0/frozen=0 (34)
  gt_bias            indi=34/shared=0/fixed=0/frozen=0 (34)
  tau_lp             indi=34/shared=0/fixed=0/frozen=0 (34)
  tau_hp             indi=34/shared=0/fixed=0/frozen=0 (34)
  v_rest             indi=0/shared=0/fixed=34/frozen=0 (0)
  hp_gain            indi=4/shared=0/fixed=30/frozen=0 (4)
device=cuda, model=hp_lp, syn_mode=per_cell, nofruns=1, nofsteps=200, lrs=[0.1], nparams=667, fname=training_hp_lp.npy, outdir=/home/yitai/drosophila_vision/vision/simulation/0_runs/hp_lp/28584739-run-nofsteps-200-tau-hp-init.L1,L2,L4,L5-200-pre-ms-1000-pulse-ms-100-response-ms-500
checkpoint_interval=1000

round 0


Initl cost = 98.2341  [spot_bright=98.2341]
Final cost = 18.1168  [spot_bright=18.1168]
Best  cost = 18.1168  [spot_bright=18.1168]
time needed  = 41.46  sec

done in 0.01 hours
wrote table: /home/yitai/drosophila_vision/vision/simulation/0_runs/hp_lp/28584739-run-nofsteps-200-tau-hp-init.L1,L2,L4,L5-200-pre-ms-1000-pulse-ms-100-response-ms-500/param.csv (best run #0, cost=18.1168)
wrote table: /home/yitai/drosophila_vision/vision/simulation/0_runs/hp_lp/28584739-run-nofsteps-200-tau-hp-init.L1,L2,L4,L5-200-pre-ms-1000-pulse-ms-100-response-ms-500/syn_strength_cell.csv
plot device=cuda (NVIDIA L40S)
1 trained set(s); selected #0 (cost=18.1168)
plot /home/yitai/drosophila_vision/vision/simulation/0_runs/hp_lp/28584739-run-nofsteps-200-tau-hp-init.L1,L2,L4,L5-200-pre-ms-1000-pulse-ms-100-response-ms-500/cost_curve.png: draw=0.1s  save=0.1s  total=0.2s
plot /home/yitai/drosophila_vision/vision/simulation/0_runs/hp_lp/28584739-run-nofsteps-200-tau-hp-init.L1,L2,L4,L5-200-pre-ms-1000-pulse-ms-100-response-ms-500/spot_gt_v.png: prep=0.3s  draw=0.3s  save=0.5s  total=1.0s
plot /home/yitai/drosophila_vision/vision/simulation/0_runs/hp_lp/28584739-run-nofsteps-200-tau-hp-init.L1,L2,L4,L5-200-pre-ms-1000-pulse-ms-100-response-ms-500/spot_all_v.png: prep=0.0s  draw=0.6s  save=1.2s  total=1.8s
plots saved to /home/yitai/drosophila_vision/vision/simulation/0_runs/hp_lp/28584739-run-nofsteps-200-tau-hp-init.L1,L2,L4,L5-200-pre-ms-1000-pulse-ms-100-response-ms-500
