Job ID: 28596459
Node:   spartan-gpgpu004
GPU:    0
GPU 0: NVIDIA L40S (UUID: GPU-7877dc75-afaf-81b8-ea27-1e1896d9c9c2)
cuda: True NVIDIA L40S
Start:  Sun 02 Aug 2026 19:57:09 AEST
train_modes:
  in_gain            indi=0/shared=0/fixed=34/frozen=0 (0)
  out_gain           indi=34/shared=0/fixed=0/frozen=0 (34)
  syn_strength_cell  indi=459/shared=0/fixed=0/frozen=0 (459)
  v_th               indi=0/shared=0/fixed=34/frozen=0 (0)
  gt_scale           indi=34/shared=0/fixed=0/frozen=0 (34)
  gt_bias            indi=34/shared=0/fixed=0/frozen=0 (34)
  Ih_gmax            indi=4/shared=0/fixed=30/frozen=0 (4)
  Ih_gmax_off        indi=4/shared=0/fixed=30/frozen=0 (4)
  Ih_midv            indi=0/shared=34/fixed=0/frozen=0 (1)
  Ih_slope           indi=0/shared=34/fixed=0/frozen=0 (1)
  tau_midv           indi=0/shared=34/fixed=0/frozen=0 (1)
  Ih_midv_off        indi=0/shared=34/fixed=0/frozen=0 (1)
  Ih_slope_off       indi=0/shared=34/fixed=0/frozen=0 (1)
  tau_midv_off       indi=0/shared=34/fixed=0/frozen=0 (1)
device=cuda, model=borst, syn_mode=per_cell, nofruns=1, nofsteps=200, lrs=[0.1], nparams=575, fname=training_with_Ih.npy, outdir=/home/yitai/drosophila_vision/vision/simulation/0_runs/borst/28596459-run-nofsteps-200-tau-hp-init.L1,L2,L4,L5-200-pre-ms-1000-pulse-ms-100-response-ms-500-model-borst
checkpoint_interval=1000

round 0


Initl cost = 2572.0832  [spot_bright_L1_r0=88.8948  spot_bright_L2_r0=90.1294  spot_bright_L4_r0=96.9085  spot_bright_L5_r0=103.1684  spot_bright_Mi1_r0=218.9026  spot_bright_Tm3_r0=569.2166  spot_bright_Mi4_r0=334.3537  spot_bright_Mi9_r0=430.7555  spot_bright_Tm1_r0=146.1093  spot_bright_Tm2_r0=104.7183  spot_bright_Tm4_r0=140.7212  spot_bright_Tm9_r0=164.8185  spot_bright_L1_r1=251.5546  spot_bright_L2_r1=109.9231  spot_bright_L3_r1=297.2097  spot_bright_L4_r1=129.4737  spot_bright_L5_r1=183.2286  spot_bright_Mi1_r1=15671.6201  spot_bright_Tm3_r1=743.2269  spot_bright_Mi4_r1=432.3950  spot_bright_Mi9_r1=38618.7369  spot_bright_Tm1_r1=1031.4522  spot_bright_Tm2_r1=166.7072  spot_bright_Tm4_r1=192.2630  spot_bright_Tm9_r1=6352.6913  spot_bright_L3_r0=204.9845]
Final cost = 74.2282  [spot_bright_L1_r0=61.7270  spot_bright_L2_r0=49.3982  spot_bright_L4_r0=81.8236  spot_bright_L5_r0=99.1998  spot_bright_Mi1_r0=91.2879  spot_bright_Tm3_r0=33.7857  spot_bright_Mi4_r0=113.0031  spot_bright_Mi9_r0=104.2559  spot_bright_Tm1_r0=68.1120  spot_bright_Tm2_r0=99.5357  spot_bright_Tm4_r0=59.2767  spot_bright_Tm9_r0=88.9492  spot_bright_L1_r1=50.3705  spot_bright_L2_r1=49.6186  spot_bright_L3_r1=123.8364  spot_bright_L4_r1=53.4651  spot_bright_L5_r1=98.5633  spot_bright_Mi1_r1=52.0591  spot_bright_Tm3_r1=42.5851  spot_bright_Mi4_r1=81.7583  spot_bright_Mi9_r1=82.0276  spot_bright_Tm1_r1=53.6920  spot_bright_Tm2_r1=99.2437  spot_bright_Tm4_r1=64.3598  spot_bright_Tm9_r1=49.1319  spot_bright_L3_r0=78.8662]
Best  cost = 74.2282  [spot_bright_L1_r0=61.7270  spot_bright_L2_r0=49.3982  spot_bright_L4_r0=81.8236  spot_bright_L5_r0=99.1998  spot_bright_Mi1_r0=91.2879  spot_bright_Tm3_r0=33.7857  spot_bright_Mi4_r0=113.0031  spot_bright_Mi9_r0=104.2559  spot_bright_Tm1_r0=68.1120  spot_bright_Tm2_r0=99.5357  spot_bright_Tm4_r0=59.2767  spot_bright_Tm9_r0=88.9492  spot_bright_L1_r1=50.3705  spot_bright_L2_r1=49.6186  spot_bright_L3_r1=123.8364  spot_bright_L4_r1=53.4651  spot_bright_L5_r1=98.5633  spot_bright_Mi1_r1=52.0591  spot_bright_Tm3_r1=42.5851  spot_bright_Mi4_r1=81.7583  spot_bright_Mi9_r1=82.0276  spot_bright_Tm1_r1=53.6920  spot_bright_Tm2_r1=99.2437  spot_bright_Tm4_r1=64.3598  spot_bright_Tm9_r1=49.1319  spot_bright_L3_r0=78.8662]
time needed  = 169.15  sec

done in 0.05 hours
wrote table: /home/yitai/drosophila_vision/vision/simulation/0_runs/borst/28596459-run-nofsteps-200-tau-hp-init.L1,L2,L4,L5-200-pre-ms-1000-pulse-ms-100-response-ms-500-model-borst/param.csv (best run #0, cost=74.2282)
wrote table: /home/yitai/drosophila_vision/vision/simulation/0_runs/borst/28596459-run-nofsteps-200-tau-hp-init.L1,L2,L4,L5-200-pre-ms-1000-pulse-ms-100-response-ms-500-model-borst/syn_strength_cell.csv
plot device=cuda (NVIDIA L40S)
1 trained set(s); selected #0 (cost=74.2282)
plot /home/yitai/drosophila_vision/vision/simulation/0_runs/borst/28596459-run-nofsteps-200-tau-hp-init.L1,L2,L4,L5-200-pre-ms-1000-pulse-ms-100-response-ms-500-model-borst/cost_curve.png: draw=0.8s  save=1.5s  total=2.3s
plot /home/yitai/drosophila_vision/vision/simulation/0_runs/borst/28596459-run-nofsteps-200-tau-hp-init.L1,L2,L4,L5-200-pre-ms-1000-pulse-ms-100-response-ms-500-model-borst/spot_gt_v.png: prep=0.5s  draw=0.2s  save=0.8s  total=1.5s
plot /home/yitai/drosophila_vision/vision/simulation/0_runs/borst/28596459-run-nofsteps-200-tau-hp-init.L1,L2,L4,L5-200-pre-ms-1000-pulse-ms-100-response-ms-500-model-borst/spot_all_v.png: prep=0.0s  draw=0.5s  save=2.0s  total=2.5s
plots saved to /home/yitai/drosophila_vision/vision/simulation/0_runs/borst/28596459-run-nofsteps-200-tau-hp-init.L1,L2,L4,L5-200-pre-ms-1000-pulse-ms-100-response-ms-500-model-borst
