Job ID: 28596355
Node:   spartan-gpgpu009
GPU:    0
GPU 0: NVIDIA L40S (UUID: GPU-20c2d681-b61b-4d19-f707-373fc9c04f15)
cuda: True NVIDIA L40S
Start:  Sun 02 Aug 2026 19:47:38 AEST
train_modes:
  in_gain            indi=0/shared=0/fixed=34/frozen=0 (0)
  out_gain           indi=34/shared=0/fixed=0/frozen=0 (34)
  bias               indi=34/shared=0/fixed=0/frozen=0 (34)
  syn_strength_cell  indi=459/shared=0/fixed=0/frozen=0 (459)
  gt_scale           indi=34/shared=0/fixed=0/frozen=0 (34)
  gt_bias            indi=34/shared=0/fixed=0/frozen=0 (34)
  tau_lp             indi=34/shared=0/fixed=0/frozen=0 (34)
  tau_hp             indi=34/shared=0/fixed=0/frozen=0 (34)
  v_rest             indi=0/shared=0/fixed=34/frozen=0 (0)
  hp_gain            indi=4/shared=0/fixed=30/frozen=0 (4)
device=cuda, model=hp_lp, syn_mode=per_cell, nofruns=1, nofsteps=200, lrs=[0.1], nparams=667, fname=training_hp_lp.npy, outdir=/home/yitai/drosophila_vision/vision/simulation/0_runs/hp_lp/28596355-run-nofsteps-200-tau-hp-init.L1,L2,L4,L5-200-pre-ms-1000-pulse-ms-100-response-ms-500
checkpoint_interval=1000

round 0


Initl cost = 100.9615  [spot_bright_L1_r0=82.8922  spot_bright_L2_r0=74.8028  spot_bright_L4_r0=102.5666  spot_bright_L5_r0=100.3063  spot_bright_Mi1_r0=100.5131  spot_bright_Tm3_r0=100.7492  spot_bright_Mi4_r0=101.7660  spot_bright_Mi9_r0=96.5928  spot_bright_Tm1_r0=100.4783  spot_bright_Tm2_r0=99.7629  spot_bright_Tm4_r0=99.6031  spot_bright_Tm9_r0=98.0623  spot_bright_L1_r1=109.9289  spot_bright_L2_r1=95.3637  spot_bright_L3_r1=151.0029  spot_bright_L4_r1=113.3487  spot_bright_L5_r1=103.9672  spot_bright_Mi1_r1=99.1066  spot_bright_Tm3_r1=100.9343  spot_bright_Mi4_r1=104.6697  spot_bright_Mi9_r1=136.9687  spot_bright_Tm1_r1=109.6508  spot_bright_Tm2_r1=100.4920  spot_bright_Tm4_r1=99.5904  spot_bright_Tm9_r1=83.1323  spot_bright_L3_r0=58.7469]
Final cost = 87.2886  [spot_bright_L1_r0=63.6475  spot_bright_L2_r0=84.7081  spot_bright_L4_r0=90.8063  spot_bright_L5_r0=100.8526  spot_bright_Mi1_r0=100.1894  spot_bright_Tm3_r0=77.9577  spot_bright_Mi4_r0=112.9622  spot_bright_Mi9_r0=103.7344  spot_bright_Tm1_r0=92.7073  spot_bright_Tm2_r0=98.6749  spot_bright_Tm4_r0=85.3994  spot_bright_Tm9_r0=88.9228  spot_bright_L1_r1=80.3490  spot_bright_L2_r1=87.9550  spot_bright_L3_r1=89.7948  spot_bright_L4_r1=82.4455  spot_bright_L5_r1=103.5508  spot_bright_Mi1_r1=102.4258  spot_bright_Tm3_r1=85.5014  spot_bright_Mi4_r1=81.2794  spot_bright_Mi9_r1=64.4430  spot_bright_Tm1_r1=91.1028  spot_bright_Tm2_r1=99.6536  spot_bright_Tm4_r1=91.0875  spot_bright_Tm9_r1=51.3788  spot_bright_L3_r0=57.9746]
Best  cost = 68.6882  [spot_bright_L1_r0=16.3290  spot_bright_L2_r0=14.5845  spot_bright_L4_r0=77.9767  spot_bright_L5_r0=74.4670  spot_bright_Mi1_r0=75.7753  spot_bright_Tm3_r0=61.2934  spot_bright_Mi4_r0=113.8911  spot_bright_Mi9_r0=104.7604  spot_bright_Tm1_r0=66.7793  spot_bright_Tm2_r0=84.7621  spot_bright_Tm4_r0=66.0157  spot_bright_Tm9_r0=88.5661  spot_bright_L1_r1=55.8700  spot_bright_L2_r1=64.3924  spot_bright_L3_r1=86.9791  spot_bright_L4_r1=66.5047  spot_bright_L5_r1=84.3920  spot_bright_Mi1_r1=59.2967  spot_bright_Tm3_r1=70.7155  spot_bright_Mi4_r1=79.4568  spot_bright_Mi9_r1=61.4355  spot_bright_Tm1_r1=61.4272  spot_bright_Tm2_r1=77.2442  spot_bright_Tm4_r1=66.6019  spot_bright_Tm9_r1=47.8450  spot_bright_L3_r0=58.5330]
time needed  = 45.82  sec

done in 0.01 hours
wrote table: /home/yitai/drosophila_vision/vision/simulation/0_runs/hp_lp/28596355-run-nofsteps-200-tau-hp-init.L1,L2,L4,L5-200-pre-ms-1000-pulse-ms-100-response-ms-500/param.csv (best run #0, cost=68.6882)
wrote table: /home/yitai/drosophila_vision/vision/simulation/0_runs/hp_lp/28596355-run-nofsteps-200-tau-hp-init.L1,L2,L4,L5-200-pre-ms-1000-pulse-ms-100-response-ms-500/syn_strength_cell.csv
plot device=cuda (NVIDIA L40S)
1 trained set(s); selected #0 (cost=68.6882)
plot /home/yitai/drosophila_vision/vision/simulation/0_runs/hp_lp/28596355-run-nofsteps-200-tau-hp-init.L1,L2,L4,L5-200-pre-ms-1000-pulse-ms-100-response-ms-500/cost_curve.png: draw=0.8s  save=1.6s  total=2.4s
plot /home/yitai/drosophila_vision/vision/simulation/0_runs/hp_lp/28596355-run-nofsteps-200-tau-hp-init.L1,L2,L4,L5-200-pre-ms-1000-pulse-ms-100-response-ms-500/spot_gt_v.png: prep=0.3s  draw=0.2s  save=0.7s  total=1.2s
plot /home/yitai/drosophila_vision/vision/simulation/0_runs/hp_lp/28596355-run-nofsteps-200-tau-hp-init.L1,L2,L4,L5-200-pre-ms-1000-pulse-ms-100-response-ms-500/spot_all_v.png: prep=0.0s  draw=0.6s  save=1.9s  total=2.6s
plots saved to /home/yitai/drosophila_vision/vision/simulation/0_runs/hp_lp/28596355-run-nofsteps-200-tau-hp-init.L1,L2,L4,L5-200-pre-ms-1000-pulse-ms-100-response-ms-500
