Job ID: 28603478
Node:   spartan-gpgpu001
GPU:    0
GPU 0: NVIDIA L40S (UUID: GPU-48ff1ea3-d2dd-17ad-edc9-aeeb1faebb48)
cuda: True NVIDIA L40S
Start:  Sun 02 Aug 2026 22:07:03 AEST
train_modes:
  in_gain            indi=0/shared=0/fixed=34/frozen=0 (0)
  out_gain           indi=34/shared=0/fixed=0/frozen=0 (34)
  bias               indi=34/shared=0/fixed=0/frozen=0 (34)
  syn_strength_cell  indi=459/shared=0/fixed=0/frozen=0 (459)
  gt_scale           indi=34/shared=0/fixed=0/frozen=0 (34)
  gt_bias            indi=34/shared=0/fixed=0/frozen=0 (34)
  tau_lp             indi=34/shared=0/fixed=0/frozen=0 (34)
  tau_hp             indi=34/shared=0/fixed=0/frozen=0 (34)
  v_rest             indi=0/shared=0/fixed=34/frozen=0 (0)
  hp_gain            indi=4/shared=0/fixed=30/frozen=0 (4)
device=cuda, model=hp_lp, syn_mode=per_cell, nofruns=1, nofsteps=200, lrs=[0.1], nparams=667, fname=training_hp_lp.npy, outdir=/home/yitai/drosophila_vision/vision/simulation/0_runs/hp_lp/28603478-run-nofsteps-200-tau-hp-init.L1,L2,L4,L5-200-ms-pre-1000-ms-pulse-100-ms-response-500
checkpoint_interval=1000

round 0


Initl cost = 98.2158  [spot_bright_L1_r0=80.7212  spot_bright_L2_r0=77.9515  spot_bright_L4_r0=100.1833  spot_bright_L5_r0=99.9424  spot_bright_Mi1_r0=100.6445  spot_bright_Tm3_r0=99.6556  spot_bright_Mi4_r0=113.9215  spot_bright_Mi9_r0=97.6338  spot_bright_Tm1_r0=101.2996  spot_bright_Tm2_r0=99.5028  spot_bright_Tm4_r0=100.7067  spot_bright_Tm9_r0=94.1134  spot_bright_L1_r1=93.7856  spot_bright_L2_r1=103.9031  spot_bright_L3_r1=150.5869  spot_bright_L4_r1=100.7434  spot_bright_L5_r1=99.8539  spot_bright_Mi1_r1=99.3160  spot_bright_Tm3_r1=99.6557  spot_bright_Mi4_r1=85.0359  spot_bright_Mi9_r1=121.4895  spot_bright_Tm1_r1=111.3636  spot_bright_Tm2_r1=102.2088  spot_bright_Tm4_r1=101.1826  spot_bright_Tm9_r1=58.8562  spot_bright_L3_r0=59.3533]
Final cost = 1437468.5052  [spot_bright_L1_r0=23.1730  spot_bright_L2_r0=293.6760  spot_bright_L4_r0=96.7570  spot_bright_L5_r0=598.3839  spot_bright_Mi1_r0=210.7403  spot_bright_Tm3_r0=100.3621  spot_bright_Mi4_r0=129.3392  spot_bright_Mi9_r0=96.6315  spot_bright_Tm1_r0=102.2373  spot_bright_Tm2_r0=102.4249  spot_bright_Tm4_r0=99.0046  spot_bright_Tm9_r0=84.7116  spot_bright_L1_r1=4654962.8997  spot_bright_L2_r1=227174.6273  spot_bright_L3_r1=432.1461  spot_bright_L4_r1=646.4142  spot_bright_L5_r1=17721029.8571  spot_bright_Mi1_r1=11760977.6768  spot_bright_Tm3_r1=103.6156  spot_bright_Mi4_r1=74.2303  spot_bright_Mi9_r1=2475415.0370  spot_bright_Tm1_r1=530908.0960  spot_bright_Tm2_r1=141.3477  spot_bright_Tm4_r1=100.6489  spot_bright_Tm9_r1=65.2207  spot_bright_L3_r0=211.8764]
Best  cost = 65.5629  [spot_bright_L1_r0=21.0920  spot_bright_L2_r0=14.5477  spot_bright_L4_r0=88.0772  spot_bright_L5_r0=78.2593  spot_bright_Mi1_r0=90.9474  spot_bright_Tm3_r0=36.6409  spot_bright_Mi4_r0=126.6204  spot_bright_Mi9_r0=111.6163  spot_bright_Tm1_r0=65.5558  spot_bright_Tm2_r0=80.8138  spot_bright_Tm4_r0=67.3951  spot_bright_Tm9_r0=87.8727  spot_bright_L1_r1=73.6682  spot_bright_L2_r1=72.8070  spot_bright_L3_r1=87.2662  spot_bright_L4_r1=84.2698  spot_bright_L5_r1=49.5167  spot_bright_Mi1_r1=59.6273  spot_bright_Tm3_r1=32.6888  spot_bright_Mi4_r1=62.4922  spot_bright_Mi9_r1=47.5367  spot_bright_Tm1_r1=39.8210  spot_bright_Tm2_r1=59.7820  spot_bright_Tm4_r1=62.9453  spot_bright_Tm9_r1=44.1548  spot_bright_L3_r0=58.6205]
time needed  = 47.75  sec

done in 0.01 hours
wrote table: /home/yitai/drosophila_vision/vision/simulation/0_runs/hp_lp/28603478-run-nofsteps-200-tau-hp-init.L1,L2,L4,L5-200-ms-pre-1000-ms-pulse-100-ms-response-500/param.csv (best run #0, cost=65.5629)
wrote table: /home/yitai/drosophila_vision/vision/simulation/0_runs/hp_lp/28603478-run-nofsteps-200-tau-hp-init.L1,L2,L4,L5-200-ms-pre-1000-ms-pulse-100-ms-response-500/syn_strength_cell.csv
plot device=cuda (NVIDIA L40S)
1 trained set(s); selected #0 (cost=65.5629)
plot /home/yitai/drosophila_vision/vision/simulation/0_runs/hp_lp/28603478-run-nofsteps-200-tau-hp-init.L1,L2,L4,L5-200-ms-pre-1000-ms-pulse-100-ms-response-500/cost_curve.png: draw=0.8s  save=1.6s  total=2.4s
plot /home/yitai/drosophila_vision/vision/simulation/0_runs/hp_lp/28603478-run-nofsteps-200-tau-hp-init.L1,L2,L4,L5-200-ms-pre-1000-ms-pulse-100-ms-response-500/spot_gt_v.png: prep=0.3s  draw=0.2s  save=0.8s  total=1.2s
plot /home/yitai/drosophila_vision/vision/simulation/0_runs/hp_lp/28603478-run-nofsteps-200-tau-hp-init.L1,L2,L4,L5-200-ms-pre-1000-ms-pulse-100-ms-response-500/spot_all_v.png: prep=0.0s  draw=0.7s  save=1.9s  total=2.6s
plots saved to /home/yitai/drosophila_vision/vision/simulation/0_runs/hp_lp/28603478-run-nofsteps-200-tau-hp-init.L1,L2,L4,L5-200-ms-pre-1000-ms-pulse-100-ms-response-500
