Job ID: 28702512
Node:   spartan-gpgpu108
GPU:    0
GPU 0: NVIDIA A100 80GB PCIe (UUID: GPU-0ac2dc40-6d3d-a033-29da-31d06b83d5f5)
cuda: True NVIDIA A100 80GB PCIe
Start:  Tue 04 Aug 2026 01:17:07 AEST
train_modes:
  a_in               indi=0/shared=0/fixed=56/frozen=0 (0)
  a_out              indi=56/shared=0/fixed=0/frozen=0 (56)
  bias_out           indi=56/shared=0/fixed=0/frozen=0 (56)
  syn_strength_cell  indi=1035/shared=0/fixed=0/frozen=0 (1035)
  a_gt               indi=56/shared=0/fixed=0/frozen=0 (56)
  bias_gt            indi=56/shared=0/fixed=0/frozen=0 (56)
  tau_lp             indi=56/shared=0/fixed=0/frozen=0 (56)
  tau_hp             indi=56/shared=0/fixed=0/frozen=0 (56)
  v_rest             indi=0/shared=0/fixed=56/frozen=0 (0)
  a_slow             indi=0/shared=0/fixed=56/frozen=0 (0)
device=cuda, model=hp_lp, syn_mode=per_cell, euler=implicit, nofruns=1, nofsteps=200, lrs=[0.1], nparams=1371, fname=training_hp_lp.npy, outdir=/home/yitai/drosophila_vision/vision/simulation/0_runs/hp_lp/28702512-run-nofsteps-200-lrs-0.1-a-slow-init.L1,L2-0.6-ms-pre-1000-ms-pulse-1000-ms-response-1000
checkpoint_interval=1000

round 0

  0%|          | 0/200 [00:00<?, ?it/s] Cost: 95.3369  [spot_bright_L1_r0=64.5735  spot_bright_L2_r0=55.8527  spot_bright_L4_r0=105.8887  spot_bright_L5_r0=104.4771  spot_bright_Mi1_r0=104.9597  spot_bright_Tm3_r0=96.0461  spot_bright_Mi4_r0=105.2101  spot_bright_Mi9_r0=94.3297  spot_bright_Tm1_r0=96.0060  spot_bright_Tm2_r0=100.0937  spot_bright_Tm4_r0=92.7800  spot_bright_Tm9_r0=95.9655  spot_bright_L1_r1=37.8281  spot_bright_L2_r1=43.2321  spot_bright_L3_r1=115.3598  spot_bright_L4_r1=122.8912  spot_bright_L5_r1=131.0256  spot_bright_Mi1_r1=140.4190  spot_bright_Tm3_r1=95.4345  spot_bright_Mi4_r1=93.5724  spot_bright_Mi9_r1=168.4555  spot_bright_Tm1_r1=85.5584  spot_bright_Tm2_r1=100.3180  spot_bright_Tm4_r1=89.8603  spot_bright_Tm9_r1=65.5244  spot_bright_L3_r0=73.0982][2026-08-04T01:17:23.790] error: *** JOB 28702512 ON spartan-gpgpu108 CANCELLED AT 2026-08-04T01:17:23 DUE to SIGNAL Terminated ***
