Job ID: 28801204
Node:   spartan-gpgpu001
GPU:    0
GPU 0: NVIDIA L40S (UUID: GPU-3c0459fd-01bb-39a8-22ea-c42b0c47fba5)
cuda: True NVIDIA L40S
Start:  Tue 04 Aug 2026 22:51:49 AEST
train_modes:
  a_in               indi=0/shared=56/fixed=0/frozen=0 (1)
  a_out              indi=56/shared=0/fixed=0/frozen=0 (56)
  bias_out           indi=56/shared=0/fixed=0/frozen=0 (56)
  syn_strength_edge  indi=122971/shared=0/fixed=0/frozen=0 (122971)
  a_gt               indi=56/shared=0/fixed=0/frozen=0 (56)
  bias_gt            indi=56/shared=0/fixed=0/frozen=0 (56)
  tau_lp             indi=56/shared=0/fixed=0/frozen=0 (56)
  tau_hp             indi=56/shared=0/fixed=0/frozen=0 (56)
  v_rest             indi=0/shared=0/fixed=56/frozen=0 (0)
  a_slow             indi=0/shared=0/fixed=56/frozen=0 (0)
device=cuda, model=hp_lp, syn_mode=per_edge, euler=implicit, pre_steady=solve, nofruns=1, nofsteps=1500, lrs=[0.1], nparams=123308, fname=training_hp_lp.npy, outdir=/home/yitai/drosophila_vision/vision/simulation/0_runs/hp_lp/28801204-run-nofsteps-1500-a-slow-init.L1,L2-0.6-ms-pre-100-ms-pulse-100-ms-response-500
checkpoint_interval=2000

round 0

  0%|          | 0/1500 [00:00<?, ?it/s] Cost: 1751943.5171  [spot_bright_L1_r0=1745350.5281  spot_bright_L2_r0=1655688.5233  spot_bright_L4_r0=1483817.9391  spot_bright_L5_r0=1831054.4974  spot_bright_Mi1_r0=1601719.3998  spot_bright_Tm3_r0=2688870.4658  spot_bright_Mi4_r0=823047.2522  spot_bright_Mi9_r0=1190958.0735  spot_bright_Tm1_r0=1415979.9813  spot_bright_Tm2_r0=1594795.9554  spot_bright_Tm4_r0=1607725.7788  spot_bright_Tm9_r0=1397123.3685  spot_bright_L1_r1=178622.2343  spot_bright_L2_r1=491419.4676  spot_bright_L3_r1=4839872.6905  spot_bright_L4_r1=635148.9489  spot_bright_L5_r1=320148.7432  spot_bright_Mi1_r1=76930.7713  spot_bright_Tm3_r1=11777575.4705  spot_bright_Mi4_r1=1408688.2900  spot_bright_Mi9_r1=45942.6986  spot_bright_Tm1_r1=570834.5412  spot_bright_Tm2_r1=854551.4705  spot_bright_Tm4_r1=4668441.2072  spot_bright_Tm9_r1=69191.7661  spot_bright_L3_r0=577031.3809]  1%|          | 10/1500 [00:55<2:17:29,  5.54s/it] Cost: 1692276.3221  [spot_bright_L1_r0=1696583.6453  spot_bright_L2_r0=1638817.9251  spot_bright_L4_r0=1465292.6643  spot_bright_L5_r0=1833069.5139  spot_bright_Mi1_r0=1585627.3165  spot_bright_Tm3_r0=2665775.7319  spot_bright_Mi4_r0=931018.1973  spot_bright_Mi9_r0=1080965.4366  spot_bright_Tm1_r0=1404492.0359  spot_bright_Tm2_r0=1582515.4143  spot_bright_Tm4_r0=1579558.7639  spot_bright_Tm9_r0=1083965.6014  spot_bright_L1_r1=189280.6987  spot_bright_L2_r1=484442.2060  spot_bright_L3_r1=4073200.3692  spot_bright_L4_r1=626922.8762  spot_bright_L5_r1=302924.1080  spot_bright_Mi1_r1=79197.6205  spot_bright_Tm3_r1=11684808.5003  spot_bright_Mi4_r1=1088625.7564  spot_bright_Mi9_r1=130131.6632  spot_bright_Tm1_r1=566439.1652  spot_bright_Tm2_r1=815736.9462  spot_bright_Tm4_r1=4550871.2565  spot_bright_Tm9_r1=162580.1598  spot_bright_L3_r0=696340.8007]:   1%|▏         | 20/1500 [01:51<2:17:57,  5.59s/it] Cost: 1672713.2694  [spot_bright_L1_r0=1704482.1577  spot_bright_L2_r0=1624348.7217  spot_bright_L4_r0=1461891.1908  spot_bright_L5_r0=1831237.1899  spot_bright_Mi1_r0=1577880.0430  spot_bright_Tm3_r0=2666794.4343  spot_bright_Mi4_r0=1049998.7247  spot_bright_Mi9_r0=1111295.9176  spot_bright_Tm1_r0=1398414.9135  spot_bright_Tm2_r0=1582413.4823  spot_bright_Tm4_r0=1572750.1555  spot_bright_Tm9_r0=1159712.2312  spot_bright_L1_r1=169140.8047  spot_bright_L2_r1=492828.7272  spot_bright_L3_r1=3520562.1189  spot_bright_L4_r1=629917.3649  spot_bright_L5_r1=301989.8336  spot_bright_Mi1_r1=86138.5059  spot_bright_Tm3_r1=11684513.4412  spot_bright_Mi4_r1=918983.7751  spot_bright_Mi9_r1=95471.9642  spot_bright_Tm1_r1=571886.4918  spot_bright_Tm2_r1=816719.7035  spot_bright_Tm4_r1=4543860.2592  spot_bright_Tm9_r1=87230.0694  spot_bright_L3_r0=830082.7830]:     2%|▏         | 30/1500 [02:47<2:17:24,  5.61s/it] Cost: 1659131.6465  [spot_bright_L1_r0=1632081.9902  spot_bright_L2_r0=1564753.7801  spot_bright_L4_r0=1463819.2308  spot_bright_L5_r0=1831192.4678  spot_bright_Mi1_r0=1582207.1836  spot_bright_Tm3_r0=2665795.8551  spot_bright_Mi4_r0=1063116.0669  spot_bright_Mi9_r0=1076180.3812  spot_bright_Tm1_r0=1402404.6115  spot_bright_Tm2_r0=1582960.3647  spot_bright_Tm4_r0=1573333.6418  spot_bright_Tm9_r0=1094103.6489  spot_bright_L1_r1=199445.6218  spot_bright_L2_r1=495882.6540  spot_bright_L3_r1=2826865.7351  spot_bright_L4_r1=627958.2954  spot_bright_L5_r1=302090.1814  spot_bright_Mi1_r1=81957.9788  spot_bright_Tm3_r1=11684560.5813  spot_bright_Mi4_r1=907763.8785  spot_bright_Mi9_r1=123753.0290  spot_bright_Tm1_r1=567413.6388  spot_bright_Tm2_r1=814367.5239  spot_bright_Tm4_r1=4540515.9091  spot_bright_Tm9_r1=148931.2183  spot_bright_L3_r0=1283967.3410]:   3%|▎         | 40/1500 [03:44<2:16:30,  5.61s/it] Cost: 1641106.5785  [spot_bright_L1_r0=1464714.7185  spot_bright_L2_r0=906660.5656  spot_bright_L4_r0=1462450.1615  spot_bright_L5_r0=1831669.3000  spot_bright_Mi1_r0=1579510.3668  spot_bright_Tm3_r0=2666149.6625  spot_bright_Mi4_r0=1017044.4103  spot_bright_Mi9_r0=1081302.8702  spot_bright_Tm1_r0=1399704.7018  spot_bright_Tm2_r0=1583255.9935  spot_bright_Tm4_r0=1574387.1697  spot_bright_Tm9_r0=1132299.3099  spot_bright_L1_r1=222571.5932  spot_bright_L2_r1=925499.1538  spot_bright_L3_r1=3065854.5637  spot_bright_L4_r1=629251.5549  spot_bright_L5_r1=301538.5577  spot_bright_Mi1_r1=84821.5996  spot_bright_Tm3_r1=11683620.9687  spot_bright_Mi4_r1=950929.8725  spot_bright_Mi9_r1=108999.1048  spot_bright_Tm1_r1=569857.0123  spot_bright_Tm2_r1=814274.1760  spot_bright_Tm4_r1=4539637.1015  spot_bright_Tm9_r1=105743.9424  spot_bright_L3_r0=967022.6099]:   [2026-08-04T22:55:53.354] error: *** JOB 28801204 ON spartan-gpgpu001 CANCELLED AT 2026-08-04T22:55:53 DUE to SIGNAL Terminated ***
