Job ID: 28856246
Node:   spartan-gpgpu013
GPU:    0
GPU 0: NVIDIA H100 80GB HBM3 (UUID: GPU-a713d40e-2cd2-7667-ddac-5deca2c64521)
cuda: True NVIDIA H100 80GB HBM3
Start:  Fri 07 Aug 2026 03:07:43 AEST
==== param_defaults ====
{'DEFAULT_RUN_NAME': '28613815-run-nofsteps-10000-lrs-0.1,0.01,0.001-tau-hp-init.L1,L2,L4,L5-200-ms-pre-1000-ms-spot-100-ms-response-500',
 'DEFAULT_RUN_PATH': 'hp_lp/28613815-run-nofsteps-10000-lrs-0.1,0.01,0.001-tau-hp-init.L1,L2,L4,L5-200-ms-pre-1000-ms-spot-100-ms-response-500',
 'DELTA_MS': 1.0,
 'DELTA_MS_PRE': 5.0,
 'CAP': 40.0,
 'G_LEAK': 1.0,
 'G_IN': 1.0,
 'E_EXC': 10.0,
 'E_INH': -70.0,
 'E_H': 50.0,
 'E_LEAK_REST': -50.0,
 'E_LEAK_DEPOL': -20.0,
 'LEAK_DEPOL_CELLS': ('L1', 'L2', 'L3'),
 'A_H': 1.0,
 'CA_TAU': 50.0,
 'DATA_AMP': 20.0,
 'STATE_CLAMP': 1000000.0,
 'SYN_SCALE_EXC': 0.001,
 'SYN_SCALE_INH': 0.001,
 'I_H_OFF': 'on',
 'EULER': 'im',
 'GAIN_LO': 0.1,
 'GAIN_HI': 10.0,
 'H_CELLS': ('L1', 'L2', 'L4', 'L5'),
 'PARAM_BOXES': {'a_in': {'lo': 0.01, 'hi': 100, 'init': 1.0, 'jit': 0.1, 'train_mode': 'shared'},
                 'a_out': {'lo': 0.1, 'hi': 10.0, 'init': 1.0, 'jit': 0.1, 'train_mode': 'indi'},
                 'a_gt': {'lo': 0.1, 'hi': 10.0, 'init': 1.0, 'jit': 0.1, 'train_mode': 'indi'},
                 'bias_gt': {'lo': -20.0, 'hi': 20.0, 'init': 0.0, 'jit': 1.0, 'train_mode': 'indi'},
                 'syn_strength_cell': {'lo': 0.1, 'hi': 10.0, 'init': 1.0, 'jit': 0.1, 'train_mode': 'indi'},
                 'syn_strength_edge': {'lo': 0.1, 'hi': 10.0, 'init': 1.0, 'jit': 0.1, 'train_mode': 'indi'},
                 'v_th': {'lo': -70.0, 'hi': -30.0, 'init': -50.0, 'jit': 0.0, 'train_mode': 'fixed'},
                 'h_g_max': {'lo': 0.0, 'hi': 100.0, 'init': 50.0, 'jit': 10.0, 'train_mode': 'indi_named'},
                 'h_g_max_off': {'lo': 0.0, 'hi': 100.0, 'init': 50.0, 'jit': 10.0, 'train_mode': 'indi_named'},
                 'h_v_mid': {'lo': -70.0, 'hi': -30.0, 'init': -50.0, 'jit': 5.0, 'train_mode': 'shared'},
                 'h_slope': {'lo': -0.4, 'hi': -0.2, 'init': -0.25, 'jit': 0.02, 'train_mode': 'shared'},
                 'tau_v_mid': {'lo': -70.0, 'hi': -40.0, 'init': -50.0, 'jit': 5.0, 'train_mode': 'shared'},
                 'h_v_mid_off': {'lo': -70.0, 'hi': -30.0, 'init': -50.0, 'jit': 5.0, 'train_mode': 'shared'},
                 'h_slope_off': {'lo': -0.4, 'hi': -0.2, 'init': -0.25, 'jit': 0.02, 'train_mode': 'shared'},
                 'tau_v_mid_off': {'lo': -70.0, 'hi': -40.0, 'init': -50.0, 'jit': 5.0, 'train_mode': 'shared'},
                 'tau_lp': {'lo': 10.0, 'hi': 100.0, 'init': 40.0, 'jit': 2.0, 'train_mode': 'indi'},
                 'v_rest': {'lo': -20.0, 'hi': 20.0, 'init': 0.0, 'jit': 1.0, 'train_mode': 'fixed'},
                 'bias_out': {'lo': -50.0, 'hi': 55.0, 'init': 50.0, 'jit': 1.0, 'train_mode': 'indi'},
                 'tau_hp': {'lo': 100.0, 'hi': 500.0, 'init': 200.0, 'jit': 20.0, 'train_mode': 'indi'},
                 'a_slow': {'lo': 0.0, 'hi': 1.0, 'init': 0.0, 'jit': 0.05, 'train_mode': 'fixed'},
                 'a_sti_r': {'lo': 0.0, 'hi': 1.0, 'init': 0.0, 'jit': 0.05, 'train_mode': 'fixed'}},
 'MODEL': 'hp_lp',
 'SYN_MODE': 'per_cell',
 'PRE_GRAD': True,
 'NETWORK': 'right_min_neuron1_extent10',
 'I_BASELINE': 20.0,
 'I_BRIGHT': 40.0,
 'I_DARK': 0.0,
 'MS_PRE': 100.0,
 'MS_SPOT': 50.0,
 'MS_RESPONSE': 120.0,
 'MS_POST': 0.0,
 'SPOT_EXTENT': 1.0,
 'SPOT_EXTENTS': (0.5, 1.0, 1.5, 2.0),
 'FULLY_INSIDE': True,
 'MULTI_SPOT': True,
 'SHIFT_EXTENT': 1.0,
 'SPOT_COST_RADII': (0.0, 1.0, 1.7320508075688772, 2.0),
 'SPOT_STI_R_NAMES': ('0', '1', 'sqrt3', '2'),
 'SPOT_COST_RADIUS_WEIGHT': {0.0: 1.0, 1.0: 0.3333333333333333, 2.0: 0.3333333333333333},
 'SPOT_COST_RADIUS_WEIGHT_EXTENT1': {0.0: 1.0, 1.0: 0.0},
 'SPOT_COST_RADIUS_KEY_ALIASES': {'sqrt3': 1.7320508075688772},
 'MULTI_BAR': True,
 'TASK': 'spot',
 'COST_NORM': 'a_gt2',
 'COST_INTERVAL_MS': 5.0,
 'BIAS_GT_FROM_V_ONSET': True,
 'BIAS_GT_FROM_V_ONSET_GRAD': True,
 'PRE_STEADY': 'solve',
 'PRE_STEADY_ITERS': 60,
 'PRE_STEADY_DAMP': 0.1,
 'NOFRUNS': 1,
 'NOFSTEPS_CPU': 50,
 'NOFSTEPS_GPU': 200,
 'LRS': '0.1',
 'CHECKPOINT_INTERVAL': 500,
 'FP': 64,
 'SEQUENTIAL': False,
 'T_REL_START': -10,
 'T_REL_STOP': 10}
==== end param_defaults ====
train_modes:
  a_in               indi=0/shared=56/fixed=0/frozen=0 (1)
  a_out              indi=56/shared=0/fixed=0/frozen=0 (56)
  syn_strength_cell  indi=1035/shared=0/fixed=0/frozen=0 (1035)
  v_th               indi=0/shared=0/fixed=56/frozen=0 (0)
  a_gt               indi=56/shared=0/fixed=0/frozen=0 (56)
  bias_gt            indi=0/shared=0/fixed=0/frozen=56 (0)
  h_g_max            indi=4/shared=0/fixed=52/frozen=0 (4)
  h_g_max_off        indi=4/shared=0/fixed=52/frozen=0 (4)
  h_v_mid            indi=0/shared=56/fixed=0/frozen=0 (1)
  h_slope            indi=0/shared=56/fixed=0/frozen=0 (1)
  tau_v_mid          indi=0/shared=56/fixed=0/frozen=0 (1)
  h_v_mid_off        indi=0/shared=56/fixed=0/frozen=0 (1)
  h_slope_off        indi=0/shared=56/fixed=0/frozen=0 (1)
  tau_v_mid_off      indi=0/shared=56/fixed=0/frozen=0 (1)
  a_sti_r            indi=0/shared=0/fixed=4/frozen=0 (0)
device=cuda, model=borst, syn_mode=per_cell, euler=implicit, pre_steady=solve, nofruns=1, nofsteps=10, lrs=[0.1], nparams=1162, fname=training_with_i_h.npy, outdir=/home/yitai/drosophila_vision/vision/simulation/0_runs/borst/28856246-run-nofsteps-10-a-slow-init.L1,L2-0.6-bias-out-init.R1-6,R7,R8-0-task-spot_bright-model-borst
checkpoint_interval=500

round 0

  0%|          | 0/10 [00:00<?, ?it/s] Cost: 609982.3640  [spot_bright_L1_r0=716322.9613  spot_bright_L2_r0=740105.1456  spot_bright_L4_r0=599473.4676  spot_bright_L5_r0=655052.4649  spot_bright_Mi1_r0=936595.2846  spot_bright_Tm3_r0=1031322.1128  spot_bright_Mi4_r0=641951.1924  spot_bright_Mi9_r0=396203.2291  spot_bright_Tm1_r0=333274.1493  spot_bright_Tm2_r0=500662.8687  spot_bright_Tm4_r0=529200.3830  spot_bright_Tm9_r0=710517.5081  spot_bright_L3_r0=139089.9644]100%|██████████| 10/10 [00:05<00:00,  1.86it/s] Cost: 291967.8016  [spot_bright_L1_r0=189894.6216  spot_bright_L2_r0=541551.8760  spot_bright_L4_r0=593565.9063  spot_bright_L5_r0=637345.9679  spot_bright_Mi1_r0=221964.5801  spot_bright_Tm3_r0=322763.9755  spot_bright_Mi4_r0=184392.8236  spot_bright_Mi9_r0=177061.3451  spot_bright_Tm1_r0=128612.7231  spot_bright_Tm2_r0=266156.6518  spot_bright_Tm4_r0=242342.3496  spot_bright_Tm9_r0=251576.0136  spot_bright_L3_r0=38352.5870]: 100%|██████████| 10/10 [00:05<00:00,  1.86it/s] Cost: 291967.8016  [spot_bright_L1_r0=189894.6216  spot_bright_L2_r0=541551.8760  spot_bright_L4_r0=593565.9063  spot_bright_L5_r0=637345.9679  spot_bright_Mi1_r0=221964.5801  spot_bright_Tm3_r0=322763.9755  spot_bright_Mi4_r0=184392.8236  spot_bright_Mi9_r0=177061.3451  spot_bright_Tm1_r0=128612.7231  spot_bright_Tm2_r0=266156.6518  spot_bright_Tm4_r0=242342.3496  spot_bright_Tm9_r0=251576.0136  spot_bright_L3_r0=38352.5870]: 

Initl cost = 609982.3640  [spot_bright_L1_r0=716322.9613  spot_bright_L2_r0=740105.1456  spot_bright_L4_r0=599473.4676  spot_bright_L5_r0=655052.4649  spot_bright_Mi1_r0=936595.2846  spot_bright_Tm3_r0=1031322.1128  spot_bright_Mi4_r0=641951.1924  spot_bright_Mi9_r0=396203.2291  spot_bright_Tm1_r0=333274.1493  spot_bright_Tm2_r0=500662.8687  spot_bright_Tm4_r0=529200.3830  spot_bright_Tm9_r0=710517.5081  spot_bright_L3_r0=139089.9644]
Final cost = 261050.8578  [spot_bright_L1_r0=233265.6039  spot_bright_L2_r0=262656.2858  spot_bright_L4_r0=588723.3871  spot_bright_L5_r0=635153.1785  spot_bright_Mi1_r0=179728.5751  spot_bright_Tm3_r0=298364.8409  spot_bright_Mi4_r0=149347.5208  spot_bright_Mi9_r0=154670.5226  spot_bright_Tm1_r0=121762.2599  spot_bright_Tm2_r0=255969.5509  spot_bright_Tm4_r0=228198.0636  spot_bright_Tm9_r0=252055.4298  spot_bright_L3_r0=33765.9329]
Best  cost = 261050.8578  [spot_bright_L1_r0=233265.6039  spot_bright_L2_r0=262656.2858  spot_bright_L4_r0=588723.3871  spot_bright_L5_r0=635153.1785  spot_bright_Mi1_r0=179728.5751  spot_bright_Tm3_r0=298364.8409  spot_bright_Mi4_r0=149347.5208  spot_bright_Mi9_r0=154670.5226  spot_bright_Tm1_r0=121762.2599  spot_bright_Tm2_r0=255969.5509  spot_bright_Tm4_r0=228198.0636  spot_bright_Tm9_r0=252055.4298  spot_bright_L3_r0=33765.9329]
time needed  = 17.42  sec

done in 0.00 hours
wrote /home/yitai/drosophila_vision/vision/simulation/0_runs/borst/28856246-run-nofsteps-10-a-slow-init.L1,L2-0.6-bias-out-init.R1-6,R7,R8-0-task-spot_bright-model-borst/data/best_adam.npz (best run #0)
wrote table: /home/yitai/drosophila_vision/vision/simulation/0_runs/borst/28856246-run-nofsteps-10-a-slow-init.L1,L2-0.6-bias-out-init.R1-6,R7,R8-0-task-spot_bright-model-borst/param.csv (best run #0, cost=261050.8578)
wrote table: /home/yitai/drosophila_vision/vision/simulation/0_runs/borst/28856246-run-nofsteps-10-a-slow-init.L1,L2-0.6-bias-out-init.R1-6,R7,R8-0-task-spot_bright-model-borst/syn_strength_cell.csv
plot device=cuda (NVIDIA H100 80GB HBM3)
1 trained set(s); costs min=261050.8578 max=261050.8578; selected #0 (from saved final costs)
/home/yitai/drosophila_vision/vision/simulation/5_figure/1_util.py:1005: UserWarning: This figure includes Axes that are not compatible with tight_layout, so results might be incorrect.
  fig.tight_layout()
plot /home/yitai/drosophila_vision/vision/simulation/0_runs/borst/28856246-run-nofsteps-10-a-slow-init.L1,L2-0.6-bias-out-init.R1-6,R7,R8-0-task-spot_bright-model-borst/cost_curve.png: draw=0.2s  save=0.6s  total=0.9s
plot /home/yitai/drosophila_vision/vision/simulation/0_runs/borst/28856246-run-nofsteps-10-a-slow-init.L1,L2-0.6-bias-out-init.R1-6,R7,R8-0-task-spot_bright-model-borst/spot_gt_v.png: prep=0.2s  draw=0.3s  save=0.8s  total=1.3s
plot /home/yitai/drosophila_vision/vision/simulation/0_runs/borst/28856246-run-nofsteps-10-a-slow-init.L1,L2-0.6-bias-out-init.R1-6,R7,R8-0-task-spot_bright-model-borst/spot_all_v.png: prep=0.0s  draw=0.9s  save=3.3s  total=4.2s
plots saved to /home/yitai/drosophila_vision/vision/simulation/0_runs/borst/28856246-run-nofsteps-10-a-slow-init.L1,L2-0.6-bias-out-init.R1-6,R7,R8-0-task-spot_bright-model-borst
