Job ID: 28851183
Node:   spartan-gpgpu003
GPU:    0
GPU 0: NVIDIA L40S (UUID: GPU-bf147201-b64f-b7da-1160-4419c53c48ef)
cuda: True NVIDIA L40S
Start:  Thu 06 Aug 2026 23:14:59 AEST
train_modes:
  a_in               indi=0/shared=56/fixed=0/frozen=0 (1)
  a_out              indi=56/shared=0/fixed=0/frozen=0 (56)
  syn_strength_cell  indi=1035/shared=0/fixed=0/frozen=0 (1035)
  v_th               indi=0/shared=0/fixed=56/frozen=0 (0)
  a_gt               indi=56/shared=0/fixed=0/frozen=0 (56)
  bias_gt            indi=0/shared=0/fixed=0/frozen=56 (0)
  Ih_gmax            indi=4/shared=0/fixed=52/frozen=0 (4)
  Ih_gmax_off        indi=4/shared=0/fixed=52/frozen=0 (4)
  Ih_midv            indi=0/shared=56/fixed=0/frozen=0 (1)
  Ih_slope           indi=0/shared=56/fixed=0/frozen=0 (1)
  tau_midv           indi=0/shared=56/fixed=0/frozen=0 (1)
  Ih_midv_off        indi=0/shared=56/fixed=0/frozen=0 (1)
  Ih_slope_off       indi=0/shared=56/fixed=0/frozen=0 (1)
  tau_midv_off       indi=0/shared=56/fixed=0/frozen=0 (1)
  a_sti_r            indi=3/shared=0/fixed=1/frozen=0 (3)
device=cuda, model=borst, syn_mode=per_cell, euler=implicit, pre_steady=probe, nofruns=1, nofsteps=10, lrs=[0.1], nparams=1165, fname=training_with_Ih.npy, outdir=/home/yitai/drosophila_vision/vision/simulation/0_runs/borst/28851183-run-nofsteps-10-a-slow-init.L1,L2-0.6-bias-out-init.R1-6,R7,R8-0-model-borst-cost-norm-gt_power
checkpoint_interval=500

round 0

  0%|          | 0/10 [00:00<?, ?it/s] Cost: 88.4990  [spot_bright_L1_r0=93.1707  spot_bright_L2_r0=94.5927  spot_bright_L4_r0=99.3244  spot_bright_L5_r0=97.8557  spot_bright_Mi1_r0=145.0443  spot_bright_Tm3_r0=113.0068  spot_bright_Mi4_r0=150.0595  spot_bright_Mi9_r0=41.7448  spot_bright_Tm1_r0=117.9002  spot_bright_Tm2_r0=79.5412  spot_bright_Tm4_r0=81.8000  spot_bright_Tm9_r0=63.1915  spot_bright_L3_r0=45.1855  spot_dark_L1_r0=92.8942  spot_dark_L2_r0=93.5908  spot_dark_L4_r0=100.7367  spot_dark_L5_r0=106.3294  spot_dark_Mi1_r0=138.9309  spot_dark_Tm3_r0=94.5886  spot_dark_Mi4_r0=134.3503  spot_dark_Mi9_r0=45.1993  spot_dark_Tm1_r0=33.5009  spot_dark_Tm2_r0=49.3333  spot_dark_Tm4_r0=94.6727  spot_dark_Tm9_r0=84.8982  spot_dark_L3_r0=9.5304]100%|██████████| 10/10 [00:20<00:00,  2.10s/it] Cost: 66.5884  [spot_bright_L1_r0=45.2773  spot_bright_L2_r0=84.1495  spot_bright_L4_r0=100.1633  spot_bright_L5_r0=99.7550  spot_bright_Mi1_r0=78.1776  spot_bright_Tm3_r0=58.7504  spot_bright_Mi4_r0=72.4079  spot_bright_Mi9_r0=54.8803  spot_bright_Tm1_r0=101.2179  spot_bright_Tm2_r0=104.4597  spot_bright_Tm4_r0=90.3344  spot_bright_Tm9_r0=59.4986  spot_bright_L3_r0=55.8150  spot_dark_L1_r0=54.8377  spot_dark_L2_r0=35.1841  spot_dark_L4_r0=96.8367  spot_dark_L5_r0=99.3483  spot_dark_Mi1_r0=40.6633  spot_dark_Tm3_r0=35.1132  spot_dark_Mi4_r0=77.5739  spot_dark_Mi9_r0=47.3734  spot_dark_Tm1_r0=31.5301  spot_dark_Tm2_r0=22.0173  spot_dark_Tm4_r0=28.7179  spot_dark_Tm9_r0=136.9040  spot_dark_L3_r0=20.3122]: 100%|██████████| 10/10 [00:20<00:00,  2.10s/it] Cost: 66.5884  [spot_bright_L1_r0=45.2773  spot_bright_L2_r0=84.1495  spot_bright_L4_r0=100.1633  spot_bright_L5_r0=99.7550  spot_bright_Mi1_r0=78.1776  spot_bright_Tm3_r0=58.7504  spot_bright_Mi4_r0=72.4079  spot_bright_Mi9_r0=54.8803  spot_bright_Tm1_r0=101.2179  spot_bright_Tm2_r0=104.4597  spot_bright_Tm4_r0=90.3344  spot_bright_Tm9_r0=59.4986  spot_bright_L3_r0=55.8150  spot_dark_L1_r0=54.8377  spot_dark_L2_r0=35.1841  spot_dark_L4_r0=96.8367  spot_dark_L5_r0=99.3483  spot_dark_Mi1_r0=40.6633  spot_dark_Tm3_r0=35.1132  spot_dark_Mi4_r0=77.5739  spot_dark_Mi9_r0=47.3734  spot_dark_Tm1_r0=31.5301  spot_dark_Tm2_r0=22.0173  spot_dark_Tm4_r0=28.7179  spot_dark_Tm9_r0=136.9040  spot_dark_L3_r0=20.3122]: 

Initl cost = 88.4990  [spot_bright_L1_r0=93.1707  spot_bright_L2_r0=94.5927  spot_bright_L4_r0=99.3244  spot_bright_L5_r0=97.8557  spot_bright_Mi1_r0=145.0443  spot_bright_Tm3_r0=113.0068  spot_bright_Mi4_r0=150.0595  spot_bright_Mi9_r0=41.7448  spot_bright_Tm1_r0=117.9002  spot_bright_Tm2_r0=79.5412  spot_bright_Tm4_r0=81.8000  spot_bright_Tm9_r0=63.1915  spot_bright_L3_r0=45.1855  spot_dark_L1_r0=92.8942  spot_dark_L2_r0=93.5908  spot_dark_L4_r0=100.7367  spot_dark_L5_r0=106.3294  spot_dark_Mi1_r0=138.9309  spot_dark_Tm3_r0=94.5886  spot_dark_Mi4_r0=134.3503  spot_dark_Mi9_r0=45.1993  spot_dark_Tm1_r0=33.5009  spot_dark_Tm2_r0=49.3333  spot_dark_Tm4_r0=94.6727  spot_dark_Tm9_r0=84.8982  spot_dark_L3_r0=9.5304]
Final cost = 65.8527  [spot_bright_L1_r0=43.0440  spot_bright_L2_r0=88.8279  spot_bright_L4_r0=100.3957  spot_bright_L5_r0=100.0042  spot_bright_Mi1_r0=82.9612  spot_bright_Tm3_r0=63.2889  spot_bright_Mi4_r0=72.2309  spot_bright_Mi9_r0=59.2089  spot_bright_Tm1_r0=99.7925  spot_bright_Tm2_r0=104.6307  spot_bright_Tm4_r0=93.4014  spot_bright_Tm9_r0=60.8294  spot_bright_L3_r0=55.0836  spot_dark_L1_r0=41.0816  spot_dark_L2_r0=27.9785  spot_dark_L4_r0=95.6608  spot_dark_L5_r0=97.6538  spot_dark_Mi1_r0=42.6605  spot_dark_Tm3_r0=28.7229  spot_dark_Mi4_r0=66.2205  spot_dark_Mi9_r0=44.8449  spot_dark_Tm1_r0=33.1534  spot_dark_Tm2_r0=23.3856  spot_dark_Tm4_r0=35.0737  spot_dark_Tm9_r0=129.3013  spot_dark_L3_r0=22.7325]
Best  cost = 65.8527  [spot_bright_L1_r0=43.0440  spot_bright_L2_r0=88.8279  spot_bright_L4_r0=100.3957  spot_bright_L5_r0=100.0042  spot_bright_Mi1_r0=82.9612  spot_bright_Tm3_r0=63.2889  spot_bright_Mi4_r0=72.2309  spot_bright_Mi9_r0=59.2089  spot_bright_Tm1_r0=99.7925  spot_bright_Tm2_r0=104.6307  spot_bright_Tm4_r0=93.4014  spot_bright_Tm9_r0=60.8294  spot_bright_L3_r0=55.0836  spot_dark_L1_r0=41.0816  spot_dark_L2_r0=27.9785  spot_dark_L4_r0=95.6608  spot_dark_L5_r0=97.6538  spot_dark_Mi1_r0=42.6605  spot_dark_Tm3_r0=28.7229  spot_dark_Mi4_r0=66.2205  spot_dark_Mi9_r0=44.8449  spot_dark_Tm1_r0=33.1534  spot_dark_Tm2_r0=23.3856  spot_dark_Tm4_r0=35.0737  spot_dark_Tm9_r0=129.3013  spot_dark_L3_r0=22.7325]
time needed  = 24.89  sec

done in 0.01 hours
wrote /home/yitai/drosophila_vision/vision/simulation/0_runs/borst/28851183-run-nofsteps-10-a-slow-init.L1,L2-0.6-bias-out-init.R1-6,R7,R8-0-model-borst-cost-norm-gt_power/data/best_adam.npz (best run #0)
wrote table: /home/yitai/drosophila_vision/vision/simulation/0_runs/borst/28851183-run-nofsteps-10-a-slow-init.L1,L2-0.6-bias-out-init.R1-6,R7,R8-0-model-borst-cost-norm-gt_power/param.csv (best run #0, cost=65.8527)
wrote table: /home/yitai/drosophila_vision/vision/simulation/0_runs/borst/28851183-run-nofsteps-10-a-slow-init.L1,L2-0.6-bias-out-init.R1-6,R7,R8-0-model-borst-cost-norm-gt_power/syn_strength_cell.csv
plot device=cuda (NVIDIA L40S)
1 trained set(s); costs min=65.8527 max=65.8527; selected #0 (from saved final costs)
/home/yitai/drosophila_vision/vision/simulation/5_figure/1_util.py:1005: UserWarning: This figure includes Axes that are not compatible with tight_layout, so results might be incorrect.
  fig.tight_layout()
plot /home/yitai/drosophila_vision/vision/simulation/0_runs/borst/28851183-run-nofsteps-10-a-slow-init.L1,L2-0.6-bias-out-init.R1-6,R7,R8-0-model-borst-cost-norm-gt_power/cost_curve.png: draw=0.1s  save=0.6s  total=0.7s
plot /home/yitai/drosophila_vision/vision/simulation/0_runs/borst/28851183-run-nofsteps-10-a-slow-init.L1,L2-0.6-bias-out-init.R1-6,R7,R8-0-model-borst-cost-norm-gt_power/spot_gt_v.png: prep=0.5s  draw=0.2s  save=1.0s  total=1.7s
plot /home/yitai/drosophila_vision/vision/simulation/0_runs/borst/28851183-run-nofsteps-10-a-slow-init.L1,L2-0.6-bias-out-init.R1-6,R7,R8-0-model-borst-cost-norm-gt_power/spot_all_v.png: prep=0.0s  draw=1.0s  save=3.5s  total=4.5s
plots saved to /home/yitai/drosophila_vision/vision/simulation/0_runs/borst/28851183-run-nofsteps-10-a-slow-init.L1,L2-0.6-bias-out-init.R1-6,R7,R8-0-model-borst-cost-norm-gt_power
