Job ID: 28851439
Node:   spartan-gpgpu002
GPU:    0
GPU 0: NVIDIA L40S (UUID: GPU-e39be93d-c1c2-ce9c-6a14-46f04653dde9)
cuda: True NVIDIA L40S
Start:  Thu 06 Aug 2026 23:33:28 AEST
train_modes:
  a_in               indi=0/shared=56/fixed=0/frozen=0 (1)
  a_out              indi=56/shared=0/fixed=0/frozen=0 (56)
  syn_strength_cell  indi=1035/shared=0/fixed=0/frozen=0 (1035)
  v_th               indi=0/shared=0/fixed=56/frozen=0 (0)
  a_gt               indi=56/shared=0/fixed=0/frozen=0 (56)
  bias_gt            indi=0/shared=0/fixed=0/frozen=56 (0)
  Ih_gmax            indi=4/shared=0/fixed=52/frozen=0 (4)
  Ih_gmax_off        indi=4/shared=0/fixed=52/frozen=0 (4)
  Ih_midv            indi=0/shared=56/fixed=0/frozen=0 (1)
  Ih_slope           indi=0/shared=56/fixed=0/frozen=0 (1)
  tau_midv           indi=0/shared=56/fixed=0/frozen=0 (1)
  Ih_midv_off        indi=0/shared=56/fixed=0/frozen=0 (1)
  Ih_slope_off       indi=0/shared=56/fixed=0/frozen=0 (1)
  tau_midv_off       indi=0/shared=56/fixed=0/frozen=0 (1)
  a_sti_r            indi=3/shared=0/fixed=1/frozen=0 (3)
device=cuda, model=borst, syn_mode=per_cell, euler=implicit, pre_steady=solve, nofruns=1, nofsteps=5, lrs=[0.1], nparams=1165, fname=training_with_Ih.npy, outdir=/home/yitai/drosophila_vision/vision/simulation/0_runs/borst/28851439-run-nofsteps-5-a-slow-init.L1,L2-0.6-bias-out-init.R1-6,R7,R8-0-model-borst-cost-norm-gt_power-ms-pre-250
checkpoint_interval=500

round 0

  0%|          | 0/5 [00:00<?, ?it/s] Cost: 95.9253  [spot_bright_L1_r0=102.5321  spot_bright_L2_r0=104.0267  spot_bright_L4_r0=107.1731  spot_bright_L5_r0=93.5615  spot_bright_Mi1_r0=130.9846  spot_bright_Tm3_r0=106.1095  spot_bright_Mi4_r0=139.7505  spot_bright_Mi9_r0=74.7901  spot_bright_Tm1_r0=104.2523  spot_bright_Tm2_r0=100.6904  spot_bright_Tm4_r0=101.4305  spot_bright_Tm9_r0=87.5495  spot_bright_L3_r0=34.2759  spot_dark_L1_r0=85.5513  spot_dark_L2_r0=85.8612  spot_dark_L4_r0=93.4018  spot_dark_L5_r0=107.2744  spot_dark_Mi1_r0=163.0877  spot_dark_Tm3_r0=107.6629  spot_dark_Mi4_r0=142.5018  spot_dark_Mi9_r0=41.2692  spot_dark_Tm1_r0=109.6687  spot_dark_Tm2_r0=101.9344  spot_dark_Tm4_r0=101.2207  spot_dark_Tm9_r0=57.2101  spot_dark_L3_r0=10.2869]100%|██████████| 5/5 [00:22<00:00,  4.58s/it] Cost: 90.0424  [spot_bright_L1_r0=104.7914  spot_bright_L2_r0=105.7144  spot_bright_L4_r0=106.9321  spot_bright_L5_r0=93.5766  spot_bright_Mi1_r0=104.1654  spot_bright_Tm3_r0=103.2051  spot_bright_Mi4_r0=104.4762  spot_bright_Mi9_r0=77.7444  spot_bright_Tm1_r0=105.1692  spot_bright_Tm2_r0=100.7308  spot_bright_Tm4_r0=102.5999  spot_bright_Tm9_r0=92.7352  spot_bright_L3_r0=27.2512  spot_dark_L1_r0=66.2041  spot_dark_L2_r0=64.6848  spot_dark_L4_r0=93.6296  spot_dark_L5_r0=106.9556  spot_dark_Mi1_r0=109.7720  spot_dark_Tm3_r0=97.4531  spot_dark_Mi4_r0=107.8099  spot_dark_Mi9_r0=76.4806  spot_dark_Tm1_r0=97.6776  spot_dark_Tm2_r0=99.5692  spot_dark_Tm4_r0=97.8090  spot_dark_Tm9_r0=82.3898  spot_dark_L3_r0=11.5757]: 

Initl cost = 95.9253  [spot_bright_L1_r0=102.5321  spot_bright_L2_r0=104.0267  spot_bright_L4_r0=107.1731  spot_bright_L5_r0=93.5615  spot_bright_Mi1_r0=130.9846  spot_bright_Tm3_r0=106.1095  spot_bright_Mi4_r0=139.7505  spot_bright_Mi9_r0=74.7901  spot_bright_Tm1_r0=104.2523  spot_bright_Tm2_r0=100.6904  spot_bright_Tm4_r0=101.4305  spot_bright_Tm9_r0=87.5495  spot_bright_L3_r0=34.2759  spot_dark_L1_r0=85.5513  spot_dark_L2_r0=85.8612  spot_dark_L4_r0=93.4018  spot_dark_L5_r0=107.2744  spot_dark_Mi1_r0=163.0877  spot_dark_Tm3_r0=107.6629  spot_dark_Mi4_r0=142.5018  spot_dark_Mi9_r0=41.2692  spot_dark_Tm1_r0=109.6687  spot_dark_Tm2_r0=101.9344  spot_dark_Tm4_r0=101.2207  spot_dark_Tm9_r0=57.2101  spot_dark_L3_r0=10.2869]
Final cost = 89.3167  [spot_bright_L1_r0=103.9324  spot_bright_L2_r0=105.1506  spot_bright_L4_r0=106.4985  spot_bright_L5_r0=93.9024  spot_bright_Mi1_r0=101.8508  spot_bright_Tm3_r0=103.6334  spot_bright_Mi4_r0=100.4994  spot_bright_Mi9_r0=74.7554  spot_bright_Tm1_r0=105.2182  spot_bright_Tm2_r0=100.8358  spot_bright_Tm4_r0=102.7600  spot_bright_Tm9_r0=91.2049  spot_bright_L3_r0=26.2118  spot_dark_L1_r0=56.5149  spot_dark_L2_r0=54.9774  spot_dark_L4_r0=93.9974  spot_dark_L5_r0=106.5753  spot_dark_Mi1_r0=106.9549  spot_dark_Tm3_r0=96.8383  spot_dark_Mi4_r0=105.7543  spot_dark_Mi9_r0=83.6441  spot_dark_Tm1_r0=96.7876  spot_dark_Tm2_r0=99.4281  spot_dark_Tm4_r0=97.5934  spot_dark_Tm9_r0=87.3868  spot_dark_L3_r0=19.3288]
Best  cost = 89.3167  [spot_bright_L1_r0=103.9324  spot_bright_L2_r0=105.1506  spot_bright_L4_r0=106.4985  spot_bright_L5_r0=93.9024  spot_bright_Mi1_r0=101.8508  spot_bright_Tm3_r0=103.6334  spot_bright_Mi4_r0=100.4994  spot_bright_Mi9_r0=74.7554  spot_bright_Tm1_r0=105.2182  spot_bright_Tm2_r0=100.8358  spot_bright_Tm4_r0=102.7600  spot_bright_Tm9_r0=91.2049  spot_bright_L3_r0=26.2118  spot_dark_L1_r0=56.5149  spot_dark_L2_r0=54.9774  spot_dark_L4_r0=93.9974  spot_dark_L5_r0=106.5753  spot_dark_Mi1_r0=106.9549  spot_dark_Tm3_r0=96.8383  spot_dark_Mi4_r0=105.7543  spot_dark_Mi9_r0=83.6441  spot_dark_Tm1_r0=96.7876  spot_dark_Tm2_r0=99.4281  spot_dark_Tm4_r0=97.5934  spot_dark_Tm9_r0=87.3868  spot_dark_L3_r0=19.3288]
time needed  = 27.83  sec

done in 0.01 hours
wrote /home/yitai/drosophila_vision/vision/simulation/0_runs/borst/28851439-run-nofsteps-5-a-slow-init.L1,L2-0.6-bias-out-init.R1-6,R7,R8-0-model-borst-cost-norm-gt_power-ms-pre-250/data/best_adam.npz (best run #0)
wrote table: /home/yitai/drosophila_vision/vision/simulation/0_runs/borst/28851439-run-nofsteps-5-a-slow-init.L1,L2-0.6-bias-out-init.R1-6,R7,R8-0-model-borst-cost-norm-gt_power-ms-pre-250/param.csv (best run #0, cost=89.3167)
wrote table: /home/yitai/drosophila_vision/vision/simulation/0_runs/borst/28851439-run-nofsteps-5-a-slow-init.L1,L2-0.6-bias-out-init.R1-6,R7,R8-0-model-borst-cost-norm-gt_power-ms-pre-250/syn_strength_cell.csv
plot device=cuda (NVIDIA L40S)
1 trained set(s); costs min=89.3167 max=89.3167; selected #0 (from saved final costs)
/home/yitai/drosophila_vision/vision/simulation/5_figure/1_util.py:1005: UserWarning: This figure includes Axes that are not compatible with tight_layout, so results might be incorrect.
  fig.tight_layout()
plot /home/yitai/drosophila_vision/vision/simulation/0_runs/borst/28851439-run-nofsteps-5-a-slow-init.L1,L2-0.6-bias-out-init.R1-6,R7,R8-0-model-borst-cost-norm-gt_power-ms-pre-250/cost_curve.png: draw=0.1s  save=0.5s  total=0.6s
plot /home/yitai/drosophila_vision/vision/simulation/0_runs/borst/28851439-run-nofsteps-5-a-slow-init.L1,L2-0.6-bias-out-init.R1-6,R7,R8-0-model-borst-cost-norm-gt_power-ms-pre-250/spot_gt_v.png: prep=0.8s  draw=0.3s  save=0.9s  total=2.0s
plot /home/yitai/drosophila_vision/vision/simulation/0_runs/borst/28851439-run-nofsteps-5-a-slow-init.L1,L2-0.6-bias-out-init.R1-6,R7,R8-0-model-borst-cost-norm-gt_power-ms-pre-250/spot_all_v.png: prep=0.0s  draw=1.2s  save=3.3s  total=4.5s
plots saved to /home/yitai/drosophila_vision/vision/simulation/0_runs/borst/28851439-run-nofsteps-5-a-slow-init.L1,L2-0.6-bias-out-init.R1-6,R7,R8-0-model-borst-cost-norm-gt_power-ms-pre-250
