Job ID: 28886420
Node:   spartan-gpgpu006
GPU:    0
GPU 0: NVIDIA L40S (UUID: GPU-8e02a2b8-57d0-7fa8-5357-570bea34490d)
cuda: True NVIDIA L40S
Start:  Fri 07 Aug 2026 17:08:04 AEST
==== param_defaults ====
{'DEFAULT_RUN_NAME': '28857316-run-nofsteps-300-a-slow-init.L1,L2-0.6-v-th-init.R1-6,R7,R8-0-task-spot_bright',
 'DEFAULT_RUN_PATH': 'hp_lp/28857316-run-nofsteps-300-a-slow-init.L1,L2-0.6-v-th-init.R1-6,R7,R8-0-task-spot_bright',
 'DELTA_MS': 1.0,
 'DELTA_MS_PRE': 1.0,
 'CAP': 40.0,
 'G_LEAK': 1.0,
 'G_IN': 1.0,
 'E_EXC': 10.0,
 'E_INH': -70.0,
 'E_H': 50.0,
 'H_G_MAX': 100.0,
 'CA_TAU': 50.0,
 'DATA_AMP': 20.0,
 'STATE_CLAMP': 1000000.0,
 'SYN_SCALE_EXC': 0.001,
 'SYN_SCALE_INH': 0.001,
 'I_H_REV': 'off',
 'EULER': 'im',
 'GAIN_LO': 0.1,
 'GAIN_HI': 10.0,
 'H_CELLS': ('L1', 'L2', 'L4', 'L5'),
 'PARAM_BOXES': {'a_gt': {'lo': 0.1, 'hi': 10.0, 'init': 1.0, 'jit': 0.1, 'train_mode': 'indi'},
                 'bias_gt': {'lo': -50.0, 'hi': 50.0, 'init': 0.0, 'jit': 1.0, 'train_mode': 'indi'},
                 'syn_strength_cell': {'lo': 0.1, 'hi': 10.0, 'init': 1.0, 'jit': 0.1, 'train_mode': 'indi'},
                 'syn_strength_edge': {'lo': 0.1, 'hi': 10.0, 'init': 1.0, 'jit': 0.1, 'train_mode': 'indi'},
                 'a_in': {'lo': 0.01, 'hi': 100, 'init': 1.0, 'jit': 0.1, 'train_mode': 'shared'},
                 'a_out': {'lo': 0.1, 'hi': 10.0, 'init': 1.0, 'jit': 0.1, 'train_mode': 'indi'},
                 'e_leak': {'lo': -50.0, 'hi': 50.0, 'init': -50.0, 'jit': 1.0, 'train_mode': 'fixed'},
                 'v_th': {'lo': -70.0, 'hi': -30.0, 'init': -50.0, 'jit': 0.0, 'train_mode': 'fixed'},
                 'tau_lp': {'lo': 10.0, 'hi': 100.0, 'init': 40.0, 'jit': 2.0, 'train_mode': 'fixed'},
                 'tau_hp': {'lo': 100.0, 'hi': 500.0, 'init': 200.0, 'jit': 20.0, 'train_mode': 'shared'},
                 'a_h': {'lo': 0.0, 'hi': 1.0, 'init': 0, 'jit': 0.1, 'train_mode': 'indi_named'},
                 'v_mid_h_g': {'lo': -70.0, 'hi': -30.0, 'init': -50.0, 'jit': 5.0, 'train_mode': 'shared'},
                 'v_mid_h_tau': {'lo': -70.0, 'hi': -40.0, 'init': -50.0, 'jit': 5.0, 'train_mode': 'shared'},
                 'h_slope': {'lo': -0.4, 'hi': -0.2, 'init': -0.25, 'jit': 0.02, 'train_mode': 'shared'},
                 'a_h_rev': {'lo': 0.0, 'hi': 1.0, 'init': 0.5, 'jit': 0.1, 'train_mode': 'indi_named'},
                 'v_mid_h_g_rev': {'lo': -70.0, 'hi': -30.0, 'init': -50.0, 'jit': 5.0, 'train_mode': 'shared'},
                 'v_mid_h_tau_rev': {'lo': -70.0, 'hi': -40.0, 'init': -50.0, 'jit': 5.0, 'train_mode': 'shared'},
                 'h_slope_rev': {'lo': -0.4, 'hi': -0.2, 'init': -0.25, 'jit': 0.02, 'train_mode': 'shared'},
                 'a_sti_r': {'lo': 0.0, 'hi': 1.0, 'init': 0.0, 'jit': 0.05, 'train_mode': 'indi'}},
 'MODEL': 'hp_lp',
 'SYN_MODE': 'per_cell',
 'PRE_GRAD': True,
 'NETWORK': 'right_min_neuron1_extent10',
 'I_BASELINE': 20.0,
 'I_BRIGHT': 40.0,
 'I_DARK': 0.0,
 'MS_PRE': 10.0,
 'MS_SPOT': 50.0,
 'MS_RESPONSE': 120.0,
 'MS_POST': 0.0,
 'SPOT_EXTENT': 1.0,
 'SPOT_EXTENTS': (0.5, 1.0, 1.5, 2.0),
 'FULLY_INSIDE': True,
 'MULTI_SPOT': True,
 'SHIFT_EXTENT': 1.0,
 'SPOT_COST_RADII': (0.0, 1.0, 1.7320508075688772, 2.0),
 'SPOT_STI_R_NAMES': ('0', '1', 'sqrt3', '2'),
 'SPOT_COST_RADIUS_WEIGHT': {0.0: 1.0, 1.0: 0.3333333333333333, 2.0: 0.3333333333333333},
 'SPOT_COST_RADIUS_WEIGHT_EXTENT1': {0.0: 1.0, 1.0: 0},
 'SPOT_COST_RADIUS_KEY_ALIASES': {'sqrt3': 1.7320508075688772},
 'MULTI_BAR': True,
 'TASK': 'spot',
 'COST_NORM': 'a_gt2',
 'COST_INTERVAL_MS': 5.0,
 'BIAS_GT_FROM_V_ONSET': True,
 'BIAS_GT_FROM_V_ONSET_GRAD': True,
 'PRE_STEADY': 'solve',
 'PRE_STEADY_ITERS': 50,
 'PRE_STEADY_DAMP': 0.1,
 'NOFRUNS': 1,
 'NOFSTEPS_CPU': 50,
 'NOFSTEPS_GPU': 200,
 'LRS': '0.1',
 'CHECKPOINT_INTERVAL': 500,
 'FP': 64,
 'SEQUENTIAL': False,
 'T_REL_START': -10,
 'T_REL_STOP': 10}
==== end param_defaults ====
train_modes:
  a_in               indi=0/shared=56/fixed=0/frozen=0 (1)
  a_out              indi=56/shared=0/fixed=0/frozen=0 (56)
  syn_strength_cell  indi=1035/shared=0/fixed=0/frozen=0 (1035)
  v_th               indi=0/shared=0/fixed=56/frozen=0 (0)
  a_gt               indi=56/shared=0/fixed=0/frozen=0 (56)
  bias_gt            indi=0/shared=0/fixed=0/frozen=56 (0)
  tau_lp             indi=0/shared=0/fixed=56/frozen=0 (0)
  tau_hp             indi=0/shared=56/fixed=0/frozen=0 (1)
  e_leak             indi=0/shared=0/fixed=56/frozen=0 (0)
  a_h                indi=4/shared=0/fixed=52/frozen=0 (4)
  a_sti_r            indi=3/shared=0/fixed=1/frozen=0 (3)
device=cuda, model=hp_lp, syn_mode=per_cell, euler=implicit, pre_steady=solve, nofruns=1, nofsteps=500, lrs=[0.1], nparams=1156, fname=training_hp_lp.npy, outdir=/home/yitai/drosophila_vision/vision/simulation/0_runs/hp_lp/28886420-run-nofsteps-500-a-h-init.L1,L2,L4,L5-0.5-e-leak-init.L1,L2--20-task-spot_bright
checkpoint_interval=500

round 0

  0%|          | 0/500 [00:00<?, ?it/s] Cost: 738418.5660  [spot_bright_L1_r0=650153.7893  spot_bright_L2_r0=630763.4836  spot_bright_L4_r0=594974.5878  spot_bright_L5_r0=722477.3373  spot_bright_Mi1_r0=1397609.4608  spot_bright_Tm3_r0=1364391.0281  spot_bright_Mi4_r0=531365.8342  spot_bright_Mi9_r0=732029.4124  spot_bright_Tm1_r0=598589.0611  spot_bright_Tm2_r0=714220.3061  spot_bright_Tm4_r0=608292.4500  spot_bright_Tm9_r0=876356.2995  spot_bright_L3_r0=178218.3074]  2%|▏         | 10/500 [00:02<02:12,  3.70it/s] Cost: 605107.6593  [spot_bright_L1_r0=500192.5313  spot_bright_L2_r0=468051.7383  spot_bright_L4_r0=573799.0998  spot_bright_L5_r0=649392.5360  spot_bright_Mi1_r0=776937.1194  spot_bright_Tm3_r0=1035976.0713  spot_bright_Mi4_r0=477501.6592  spot_bright_Mi9_r0=636339.8736  spot_bright_Tm1_r0=468207.8478  spot_bright_Tm2_r0=712997.3541  spot_bright_Tm4_r0=556207.9744  spot_bright_Tm9_r0=873107.6172  spot_bright_L3_r0=137688.1484]:   4%|▍         | 20/500 [00:05<02:07,  3.77it/s] Cost: 561944.3093  [spot_bright_L1_r0=494372.6973  spot_bright_L2_r0=436244.8406  spot_bright_L4_r0=531982.9899  spot_bright_L5_r0=661421.6678  spot_bright_Mi1_r0=774534.9721  spot_bright_Tm3_r0=1034583.5540  spot_bright_Mi4_r0=481290.2390  spot_bright_Mi9_r0=465260.0479  spot_bright_Tm1_r0=434289.4153  spot_bright_Tm2_r0=713516.7406  spot_bright_Tm4_r0=555542.2278  spot_bright_Tm9_r0=577543.9863  spot_bright_L3_r0=144692.6422]:   6%|▌         | 30/500 [00:07<02:04,  3.78it/s] Cost: 524290.7626  [spot_bright_L1_r0=466651.5802  spot_bright_L2_r0=418568.6698  spot_bright_L4_r0=529919.9060  spot_bright_L5_r0=658178.6346  spot_bright_Mi1_r0=769427.7494  spot_bright_Tm3_r0=1025636.8690  spot_bright_Mi4_r0=478573.4478  spot_bright_Mi9_r0=276980.4969  spot_bright_Tm1_r0=451143.0814  spot_bright_Tm2_r0=713930.9002  spot_bright_Tm4_r0=552217.9871  spot_bright_Tm9_r0=342347.9258  spot_bright_L3_r0=132202.6652]:   8%|▊         | 40/500 [00:10<02:01,  3.79it/s] Cost: 500924.1430  [spot_bright_L1_r0=443583.7993  spot_bright_L2_r0=410622.7371  spot_bright_L4_r0=514395.4417  spot_bright_L5_r0=659949.7382  spot_bright_Mi1_r0=721401.2914  spot_bright_Tm3_r0=928141.6740  spot_bright_Mi4_r0=468358.6217  spot_bright_Mi9_r0=263539.1189  spot_bright_Tm1_r0=433072.6317  spot_bright_Tm2_r0=714197.3398  spot_bright_Tm4_r0=536325.0558  spot_bright_Tm9_r0=290095.6076  spot_bright_L3_r0=128330.8018]:   10%|█         | 50/500 [00:13<01:58,  3.80it/s] Cost: 481690.5964  [spot_bright_L1_r0=433563.6519  spot_bright_L2_r0=417389.0366  spot_bright_L4_r0=514844.5807  spot_bright_L5_r0=652420.5013  spot_bright_Mi1_r0=612515.7903  spot_bright_Tm3_r0=862708.1785  spot_bright_Mi4_r0=440640.6045  spot_bright_Mi9_r0=229015.0742  spot_bright_Tm1_r0=423498.4143  spot_bright_Tm2_r0=714277.2845  spot_bright_Tm4_r0=535236.3375  spot_bright_Tm9_r0=298346.4410  spot_bright_L3_r0=127521.8584]:  12%|█▏        | 60/500 [00:15<01:55,  3.80it/s] Cost: 461082.3852  [spot_bright_L1_r0=428392.9957  spot_bright_L2_r0=393326.7612  spot_bright_L4_r0=495311.5111  spot_bright_L5_r0=657979.4146  spot_bright_Mi1_r0=551560.2664  spot_bright_Tm3_r0=821535.4607  spot_bright_Mi4_r0=388069.6007  spot_bright_Mi9_r0=225924.6411  spot_bright_Tm1_r0=396595.7669  spot_bright_Tm2_r0=713411.6631  spot_bright_Tm4_r0=513429.9413  spot_bright_Tm9_r0=280922.7071  spot_bright_L3_r0=127610.2778]:  14%|█▍        | 70/500 [00:18<01:54,  3.76it/s] Cost: 440986.2253  [spot_bright_L1_r0=413253.5128  spot_bright_L2_r0=370624.9685  spot_bright_L4_r0=461415.9378  spot_bright_L5_r0=661860.3616  spot_bright_Mi1_r0=518151.1467  spot_bright_Tm3_r0=787985.4885  spot_bright_Mi4_r0=307031.4853  spot_bright_Mi9_r0=225109.7360  spot_bright_Tm1_r0=372775.4080  spot_bright_Tm2_r0=711842.2140  spot_bright_Tm4_r0=496409.4178  spot_bright_Tm9_r0=279622.8334  spot_bright_L3_r0=126738.4190]:  16%|█▌        | 80/500 [00:21<01:51,  3.78it/s] Cost: 408525.0678  [spot_bright_L1_r0=394930.8285  spot_bright_L2_r0=355935.6094  spot_bright_L4_r0=390641.9702  spot_bright_L5_r0=666316.5825  spot_bright_Mi1_r0=467350.3000  spot_bright_Tm3_r0=614470.4661  spot_bright_Mi4_r0=260148.4006  spot_bright_Mi9_r0=225732.7194  spot_bright_Tm1_r0=339372.6091  spot_bright_Tm2_r0=707867.1298  spot_bright_Tm4_r0=479896.8995  spot_bright_Tm9_r0=280797.3712  spot_bright_L3_r0=127364.9946]:  18%|█▊        | 90/500 [00:23<01:48,  3.79it/s] Cost: 401132.2611  [spot_bright_L1_r0=387727.7371  spot_bright_L2_r0=353828.5989  spot_bright_L4_r0=378729.2893  spot_bright_L5_r0=663266.2000  spot_bright_Mi1_r0=519839.1443  spot_bright_Tm3_r0=492726.7426  spot_bright_Mi4_r0=263426.1908  spot_bright_Mi9_r0=229178.0499  spot_bright_Tm1_r0=330488.7446  spot_bright_Tm2_r0=705035.6403  spot_bright_Tm4_r0=461779.0341  spot_bright_Tm9_r0=301859.4526  spot_bright_L3_r0=126834.5701]:  20%|██        | 100/500 [00:26<01:45,  3.79it/s] Cost: 373547.4990  [spot_bright_L1_r0=381233.7479  spot_bright_L2_r0=379063.9998  spot_bright_L4_r0=370597.5383  spot_bright_L5_r0=666180.1005  spot_bright_Mi1_r0=430191.6678  spot_bright_Tm3_r0=334010.1224  spot_bright_Mi4_r0=202108.1226  spot_bright_Mi9_r0=221564.1241  spot_bright_Tm1_r0=311374.4135  spot_bright_Tm2_r0=695007.4804  spot_bright_Tm4_r0=451441.3543  spot_bright_Tm9_r0=286160.1355  spot_bright_L3_r0=127184.6800]:  22%|██▏       | 110/500 [00:29<01:42,  3.80it/s] Cost: 360797.2336  [spot_bright_L1_r0=388161.5567  spot_bright_L2_r0=354302.4009  spot_bright_L4_r0=385915.9854  spot_bright_L5_r0=659624.7184  spot_bright_Mi1_r0=336156.8913  spot_bright_Tm3_r0=279319.8728  spot_bright_Mi4_r0=173051.4313  spot_bright_Mi9_r0=225675.8326  spot_bright_Tm1_r0=328280.5071  spot_bright_Tm2_r0=697910.5396  spot_bright_Tm4_r0=451849.3481  spot_bright_Tm9_r0=283258.1532  spot_bright_L3_r0=126856.8000]: [2026-08-07T17:08:47.398] error: *** JOB 28886420 ON spartan-gpgpu006 CANCELLED AT 2026-08-07T17:08:47 DUE to SIGNAL Terminated ***
