Job ID: 28881408
Node:   spartan-gpgpu003
GPU:    0
GPU 0: NVIDIA L40S (UUID: GPU-77768aa8-360c-07fe-e20f-dfb971849850)
cuda: True NVIDIA L40S
Start:  Fri 07 Aug 2026 14:30:05 AEST
==== param_defaults ====
{'DEFAULT_RUN_NAME': '28857316-run-nofsteps-300-a-slow-init.L1,L2-0.6-v-th-init.R1-6,R7,R8-0-task-spot_bright',
 'DEFAULT_RUN_PATH': 'hp_lp/28857316-run-nofsteps-300-a-slow-init.L1,L2-0.6-v-th-init.R1-6,R7,R8-0-task-spot_bright',
 'DELTA_MS': 1.0,
 'DELTA_MS_PRE': 1.0,
 'CAP': 40.0,
 'G_LEAK': 1.0,
 'G_IN': 1.0,
 'E_EXC': 10.0,
 'E_INH': -70.0,
 'E_H': 50.0,
 'E_LEAK_REST': -50.0,
 'E_LEAK_DEPOL': -20.0,
 'LEAK_DEPOL_CELLS': ('L1', 'L2', 'L3'),
 'A_H': 1.0,
 'CA_TAU': 50.0,
 'DATA_AMP': 20.0,
 'STATE_CLAMP': 1000000.0,
 'SYN_SCALE_EXC': 0.001,
 'SYN_SCALE_INH': 0.001,
 'I_H_OFF': 'on',
 'EULER': 'im',
 'GAIN_LO': 0.1,
 'GAIN_HI': 10.0,
 'H_CELLS': ('L1', 'L2', 'L4', 'L5'),
 'PARAM_BOXES': {'a_in': {'lo': 0.01, 'hi': 100, 'init': 1.0, 'jit': 0.1, 'train_mode': 'shared'},
                 'a_out': {'lo': 0.1, 'hi': 10.0, 'init': 1.0, 'jit': 0.1, 'train_mode': 'indi'},
                 'a_gt': {'lo': 0.1, 'hi': 10.0, 'init': 1.0, 'jit': 0.1, 'train_mode': 'indi'},
                 'bias_gt': {'lo': -50.0, 'hi': 50.0, 'init': 0.0, 'jit': 1.0, 'train_mode': 'indi'},
                 'syn_strength_cell': {'lo': 0.1, 'hi': 10.0, 'init': 1.0, 'jit': 0.1, 'train_mode': 'indi'},
                 'syn_strength_edge': {'lo': 0.1, 'hi': 10.0, 'init': 1.0, 'jit': 0.1, 'train_mode': 'indi'},
                 'v_th': {'lo': -70.0, 'hi': -30.0, 'init': -50.0, 'jit': 0.0, 'train_mode': 'indi'},
                 'h_g_max': {'lo': 0.0, 'hi': 100.0, 'init': 50.0, 'jit': 10.0, 'train_mode': 'indi_named'},
                 'h_g_max_off': {'lo': 0.0, 'hi': 100.0, 'init': 50.0, 'jit': 10.0, 'train_mode': 'indi_named'},
                 'h_v_mid': {'lo': -70.0, 'hi': -30.0, 'init': -50.0, 'jit': 5.0, 'train_mode': 'shared'},
                 'h_slope': {'lo': -0.4, 'hi': -0.2, 'init': -0.25, 'jit': 0.02, 'train_mode': 'shared'},
                 'tau_v_mid': {'lo': -70.0, 'hi': -40.0, 'init': -50.0, 'jit': 5.0, 'train_mode': 'shared'},
                 'h_v_mid_off': {'lo': -70.0, 'hi': -30.0, 'init': -50.0, 'jit': 5.0, 'train_mode': 'shared'},
                 'h_slope_off': {'lo': -0.4, 'hi': -0.2, 'init': -0.25, 'jit': 0.02, 'train_mode': 'shared'},
                 'tau_v_mid_off': {'lo': -70.0, 'hi': -40.0, 'init': -50.0, 'jit': 5.0, 'train_mode': 'shared'},
                 'tau_lp': {'lo': 10.0, 'hi': 100.0, 'init': 40.0, 'jit': 2.0, 'train_mode': 'indi'},
                 'v_rest': {'lo': -50.0, 'hi': 50.0, 'init': 0.0, 'jit': 1.0, 'train_mode': 'indi'},
                 'tau_hp': {'lo': 100.0, 'hi': 500.0, 'init': 200.0, 'jit': 20.0, 'train_mode': 'indi'},
                 'a_slow': {'lo': 0.0, 'hi': 1.0, 'init': 0.0, 'jit': 0.05, 'train_mode': 'fixed'},
                 'a_sti_r': {'lo': 0.0, 'hi': 1.0, 'init': 0.0, 'jit': 0.05, 'train_mode': 'indi'}},
 'MODEL': 'hp_lp',
 'SYN_MODE': 'per_cell',
 'PRE_GRAD': True,
 'NETWORK': 'right_min_neuron1_extent10',
 'I_BASELINE': 20.0,
 'I_BRIGHT': 40.0,
 'I_DARK': 0.0,
 'MS_PRE': 50.0,
 'MS_SPOT': 50.0,
 'MS_RESPONSE': 120.0,
 'MS_POST': 0.0,
 'SPOT_EXTENT': 1.0,
 'SPOT_EXTENTS': (0.5, 1.0, 1.5, 2.0),
 'FULLY_INSIDE': True,
 'MULTI_SPOT': True,
 'SHIFT_EXTENT': 1.0,
 'SPOT_COST_RADII': (0.0, 1.0, 1.7320508075688772, 2.0),
 'SPOT_STI_R_NAMES': ('0', '1', 'sqrt3', '2'),
 'SPOT_COST_RADIUS_WEIGHT': {0.0: 1.0, 1.0: 0.3333333333333333, 2.0: 0.3333333333333333},
 'SPOT_COST_RADIUS_WEIGHT_EXTENT1': {0.0: 1.0, 1.0: 1.0},
 'SPOT_COST_RADIUS_KEY_ALIASES': {'sqrt3': 1.7320508075688772},
 'MULTI_BAR': True,
 'TASK': 'spot',
 'COST_NORM': 'a_gt2',
 'COST_INTERVAL_MS': 5.0,
 'BIAS_GT_FROM_V_ONSET': True,
 'BIAS_GT_FROM_V_ONSET_GRAD': True,
 'PRE_STEADY': 'solve',
 'PRE_STEADY_ITERS': 50,
 'PRE_STEADY_DAMP': 1,
 'NOFRUNS': 1,
 'NOFSTEPS_CPU': 50,
 'NOFSTEPS_GPU': 200,
 'LRS': '0.1',
 'CHECKPOINT_INTERVAL': 500,
 'FP': 64,
 'SEQUENTIAL': False,
 'T_REL_START': -10,
 'T_REL_STOP': 10}
==== end param_defaults ====
train_modes:
  a_in               indi=0/shared=56/fixed=0/frozen=0 (1)
  a_out              indi=56/shared=0/fixed=0/frozen=0 (56)
  syn_strength_cell  indi=1035/shared=0/fixed=0/frozen=0 (1035)
  v_th               indi=56/shared=0/fixed=0/frozen=0 (56)
  a_gt               indi=56/shared=0/fixed=0/frozen=0 (56)
  bias_gt            indi=0/shared=0/fixed=0/frozen=56 (0)
  tau_lp             indi=56/shared=0/fixed=0/frozen=0 (56)
  tau_hp             indi=56/shared=0/fixed=0/frozen=0 (56)
  v_rest             indi=56/shared=0/fixed=0/frozen=0 (56)
  a_slow             indi=0/shared=0/fixed=56/frozen=0 (0)
  a_sti_r            indi=3/shared=0/fixed=1/frozen=0 (3)
device=cuda, model=hp_lp, syn_mode=per_cell, euler=implicit, pre_steady=solve, nofruns=1, nofsteps=300, lrs=[0.1], nparams=1375, fname=training_hp_lp.npy, outdir=/home/yitai/drosophila_vision/vision/simulation/0_runs/hp_lp/28881408-run-nofsteps-300-a-slow-init.L1,L2-0.6-v-th-init.R1-6,R7,R8-0-task-spot_bright
checkpoint_interval=500

round 0

  0%|          | 0/300 [00:00<?, ?it/s] Cost: 764868.3977  [spot_bright_L1_r0=769375.9906  spot_bright_L2_r0=796025.3738  spot_bright_L4_r0=600066.7710  spot_bright_L5_r0=666249.8555  spot_bright_Mi1_r0=773705.0238  spot_bright_Tm3_r0=1042372.7186  spot_bright_Mi4_r0=477937.2198  spot_bright_Mi9_r0=736802.7197  spot_bright_Tm1_r0=601280.2629  spot_bright_Tm2_r0=722065.6588  spot_bright_Tm4_r0=601176.7627  spot_bright_Tm9_r0=814153.2394  spot_bright_L1_r1=76169.3032  spot_bright_L2_r1=230354.8293  spot_bright_L3_r1=2564414.6766  spot_bright_L4_r1=259869.6386  spot_bright_L5_r1=127892.0952  spot_bright_Mi1_r1=38298.2796  spot_bright_Tm3_r1=4568646.7940  spot_bright_Mi4_r1=653704.9685  spot_bright_Mi9_r1=30652.2448  spot_bright_Tm1_r1=226819.8116  spot_bright_Tm2_r1=371571.3402  spot_bright_Tm4_r1=1718640.3373  spot_bright_Tm9_r1=26746.2845  spot_bright_L3_r0=391586.1409]  3%|▎         | 10/300 [00:04<02:01,  2.39it/s] Cost: 660356.2557  [spot_bright_L1_r0=340334.2400  spot_bright_L2_r0=287528.0986  spot_bright_L4_r0=600067.0316  spot_bright_L5_r0=645832.5317  spot_bright_Mi1_r0=775312.8430  spot_bright_Tm3_r0=1042370.4383  spot_bright_Mi4_r0=479447.5212  spot_bright_Mi9_r0=679931.3540  spot_bright_Tm1_r0=279011.0418  spot_bright_Tm2_r0=701244.6328  spot_bright_Tm4_r0=368885.6701  spot_bright_Tm9_r0=666272.5741  spot_bright_L1_r1=41190.8536  spot_bright_L2_r1=78299.6120  spot_bright_L3_r1=2564469.2028  spot_bright_L4_r1=259829.4386  spot_bright_L5_r1=106379.9476  spot_bright_Mi1_r1=38299.1621  spot_bright_Tm3_r1=4568650.6118  spot_bright_Mi4_r1=653687.7077  spot_bright_Mi9_r1=30697.3830  spot_bright_Tm1_r1=430211.9225  spot_bright_Tm2_r1=338414.5619  spot_bright_Tm4_r1=1021426.7833  spot_bright_Tm9_r1=42636.4278  spot_bright_L3_r0=128831.0567]:   7%|▋         | 20/300 [00:08<01:56,  2.41it/s] Cost: 638516.8725  [spot_bright_L1_r0=265182.6941  spot_bright_L2_r0=214207.3110  spot_bright_L4_r0=600067.1759  spot_bright_L5_r0=645733.2793  spot_bright_Mi1_r0=774814.1065  spot_bright_Tm3_r0=1042341.1161  spot_bright_Mi4_r0=478920.1027  spot_bright_Mi9_r0=281280.1612  spot_bright_Tm1_r0=452760.7879  spot_bright_Tm2_r0=624431.7460  spot_bright_Tm4_r0=457848.7123  spot_bright_Tm9_r0=549929.3279  spot_bright_L1_r1=53554.4728  spot_bright_L2_r1=98848.9049  spot_bright_L3_r1=2564413.0624  spot_bright_L4_r1=259767.1091  spot_bright_L5_r1=106377.6366  spot_bright_Mi1_r1=38297.9094  spot_bright_Tm3_r1=4568620.2213  spot_bright_Mi4_r1=653643.2336  spot_bright_Mi9_r1=32475.5550  spot_bright_Tm1_r1=93805.8787  spot_bright_Tm2_r1=298113.9146  spot_bright_Tm4_r1=1192768.9099  spot_bright_Tm9_r1=119166.9000  spot_bright_L3_r0=134068.4559]: [2026-08-07T14:30:30.241] error: *** JOB 28881408 ON spartan-gpgpu003 CANCELLED AT 2026-08-07T14:30:30 DUE to SIGNAL Terminated ***
