Job ID: 28884820
Node:   spartan-gpgpu003
GPU:    0
GPU 0: NVIDIA L40S (UUID: GPU-77768aa8-360c-07fe-e20f-dfb971849850)
cuda: True NVIDIA L40S
Start:  Fri 07 Aug 2026 16:13:02 AEST
==== param_defaults ====
{'DEFAULT_RUN_NAME': '28857316-run-nofsteps-300-a-slow-init.L1,L2-0.6-v-th-init.R1-6,R7,R8-0-task-spot_bright',
 'DEFAULT_RUN_PATH': 'hp_lp/28857316-run-nofsteps-300-a-slow-init.L1,L2-0.6-v-th-init.R1-6,R7,R8-0-task-spot_bright',
 'DELTA_MS': 1.0,
 'DELTA_MS_PRE': 1.0,
 'CAP': 40.0,
 'G_LEAK': 1.0,
 'G_IN': 1.0,
 'E_EXC': 10.0,
 'E_INH': -70.0,
 'E_H': 50.0,
 'H_G_MAX': 100.0,
 'CA_TAU': 50.0,
 'DATA_AMP': 20.0,
 'STATE_CLAMP': 1000000.0,
 'SYN_SCALE_EXC': 0.001,
 'SYN_SCALE_INH': 0.001,
 'I_H_REV': 'off',
 'EULER': 'im',
 'GAIN_LO': 0.1,
 'GAIN_HI': 10.0,
 'H_CELLS': ('L1', 'L2', 'L4', 'L5'),
 'PARAM_BOXES': {'a_in': {'lo': 0.01, 'hi': 100, 'init': 1.0, 'jit': 0.1, 'train_mode': 'shared'},
                 'a_out': {'lo': 0.1, 'hi': 10.0, 'init': 1.0, 'jit': 0.1, 'train_mode': 'indi'},
                 'a_gt': {'lo': 0.1, 'hi': 10.0, 'init': 1.0, 'jit': 0.1, 'train_mode': 'indi'},
                 'bias_gt': {'lo': -50.0, 'hi': 50.0, 'init': 0.0, 'jit': 1.0, 'train_mode': 'indi'},
                 'syn_strength_cell': {'lo': 0.1, 'hi': 10.0, 'init': 1.0, 'jit': 0.1, 'train_mode': 'indi'},
                 'syn_strength_edge': {'lo': 0.1, 'hi': 10.0, 'init': 1.0, 'jit': 0.1, 'train_mode': 'indi'},
                 'v_th': {'lo': -70.0, 'hi': -30.0, 'init': -50.0, 'jit': 0.0, 'train_mode': 'indi'},
                 'a_h': {'lo': 0.0, 'hi': 1.0, 'init': 0.5, 'jit': 0.1, 'train_mode': 'indi_named'},
                 'a_h_rev': {'lo': 0.0, 'hi': 1.0, 'init': 0.5, 'jit': 0.1, 'train_mode': 'indi_named'},
                 'h_v_mid': {'lo': -70.0, 'hi': -30.0, 'init': -50.0, 'jit': 5.0, 'train_mode': 'shared'},
                 'h_slope': {'lo': -0.4, 'hi': -0.2, 'init': -0.25, 'jit': 0.02, 'train_mode': 'shared'},
                 'tau_h_v': {'lo': -70.0, 'hi': -40.0, 'init': -50.0, 'jit': 5.0, 'train_mode': 'shared'},
                 'h_v_mid_rev': {'lo': -70.0, 'hi': -30.0, 'init': -50.0, 'jit': 5.0, 'train_mode': 'shared'},
                 'h_slope_rev': {'lo': -0.4, 'hi': -0.2, 'init': -0.25, 'jit': 0.02, 'train_mode': 'shared'},
                 'tau_h_v_rev': {'lo': -70.0, 'hi': -40.0, 'init': -50.0, 'jit': 5.0, 'train_mode': 'shared'},
                 'tau_lp': {'lo': 10.0, 'hi': 100.0, 'init': 40.0, 'jit': 2.0, 'train_mode': 'indi'},
                 'e_leak': {'lo': -50.0, 'hi': 50.0, 'init': -50.0, 'jit': 1.0, 'train_mode': 'fixed'},
                 'tau_hp': {'lo': 100.0, 'hi': 500.0, 'init': 200.0, 'jit': 20.0, 'train_mode': 'indi'},
                 'a_sti_r': {'lo': 0.0, 'hi': 1.0, 'init': 0.0, 'jit': 0.05, 'train_mode': 'indi'}},
 'MODEL': 'hp_lp',
 'SYN_MODE': 'per_cell',
 'PRE_GRAD': True,
 'NETWORK': 'right_min_neuron1_extent10',
 'I_BASELINE': 20.0,
 'I_BRIGHT': 40.0,
 'I_DARK': 0.0,
 'MS_PRE': 50.0,
 'MS_SPOT': 50.0,
 'MS_RESPONSE': 120.0,
 'MS_POST': 0.0,
 'SPOT_EXTENT': 1.0,
 'SPOT_EXTENTS': (0.5, 1.0, 1.5, 2.0),
 'FULLY_INSIDE': True,
 'MULTI_SPOT': True,
 'SHIFT_EXTENT': 1.0,
 'SPOT_COST_RADII': (0.0, 1.0, 1.7320508075688772, 2.0),
 'SPOT_STI_R_NAMES': ('0', '1', 'sqrt3', '2'),
 'SPOT_COST_RADIUS_WEIGHT': {0.0: 1.0, 1.0: 0.3333333333333333, 2.0: 0.3333333333333333},
 'SPOT_COST_RADIUS_WEIGHT_EXTENT1': {0.0: 1.0, 1.0: 1.0},
 'SPOT_COST_RADIUS_KEY_ALIASES': {'sqrt3': 1.7320508075688772},
 'MULTI_BAR': True,
 'TASK': 'spot',
 'COST_NORM': 'a_gt2',
 'COST_INTERVAL_MS': 5.0,
 'BIAS_GT_FROM_V_ONSET': True,
 'BIAS_GT_FROM_V_ONSET_GRAD': True,
 'PRE_STEADY': 'solve',
 'PRE_STEADY_ITERS': 50,
 'PRE_STEADY_DAMP': 1,
 'NOFRUNS': 1,
 'NOFSTEPS_CPU': 50,
 'NOFSTEPS_GPU': 200,
 'LRS': '0.1',
 'CHECKPOINT_INTERVAL': 500,
 'FP': 64,
 'SEQUENTIAL': False,
 'T_REL_START': -10,
 'T_REL_STOP': 10}
==== end param_defaults ====
train_modes:
  a_in               indi=0/shared=56/fixed=0/frozen=0 (1)
  a_out              indi=56/shared=0/fixed=0/frozen=0 (56)
  syn_strength_cell  indi=1035/shared=0/fixed=0/frozen=0 (1035)
  v_th               indi=56/shared=0/fixed=0/frozen=0 (56)
  e_leak             indi=0/shared=0/fixed=56/frozen=0 (0)
  a_gt               indi=56/shared=0/fixed=0/frozen=0 (56)
  bias_gt            indi=0/shared=0/fixed=0/frozen=56 (0)
  a_h                indi=4/shared=0/fixed=52/frozen=0 (4)
  h_v_mid            indi=0/shared=56/fixed=0/frozen=0 (1)
  h_slope            indi=0/shared=56/fixed=0/frozen=0 (1)
  tau_h_v            indi=0/shared=56/fixed=0/frozen=0 (1)
  a_sti_r            indi=3/shared=0/fixed=1/frozen=0 (3)
device=cuda, model=borst, syn_mode=per_cell, euler=implicit, pre_steady=solve, nofruns=1, nofsteps=10, lrs=[0.1], nparams=1214, fname=training_with_i_h.npy, outdir=/home/yitai/drosophila_vision/vision/simulation/0_runs/borst/28884820-run-nofsteps-10-a-h-init.L1,L2,L4,L5-0.5-e-leak-init.L1,L2--20-task-spot_bright-model-borst
checkpoint_interval=500

round 0

  0%|          | 0/10 [00:00<?, ?it/s] Cost: 1612491.4299  [spot_bright_L1_r0=357009.3228  spot_bright_L2_r0=922630.0405  spot_bright_L4_r0=411204.8124  spot_bright_L5_r0=730529.2547  spot_bright_Mi1_r0=1278439.1277  spot_bright_Tm3_r0=865067.8473  spot_bright_Mi4_r0=776548.6629  spot_bright_Mi9_r0=512761.4289  spot_bright_Tm1_r0=366003.7517  spot_bright_Tm2_r0=668889.3692  spot_bright_Tm4_r0=491199.1072  spot_bright_Tm9_r0=452085.3697  spot_bright_L1_r1=962189.4171  spot_bright_L2_r1=6489843.9444  spot_bright_L3_r1=15114452.4854  spot_bright_L4_r1=868689.9187  spot_bright_L5_r1=509505.8462  spot_bright_Mi1_r1=1830970.1654  spot_bright_Tm3_r1=4100636.8948  spot_bright_Mi4_r1=809920.6391  spot_bright_Mi9_r1=251381.6062  spot_bright_Tm1_r1=212010.0547  spot_bright_Tm2_r1=482656.7581  spot_bright_Tm4_r1=1465620.1408  spot_bright_Tm9_r1=420360.0708  spot_bright_L3_r0=574171.1412]100%|██████████| 10/10 [00:05<00:00,  1.76it/s] Cost: 815038.8615  [spot_bright_L1_r0=566590.6178  spot_bright_L2_r0=333620.9091  spot_bright_L4_r0=454747.5294  spot_bright_L5_r0=809098.9029  spot_bright_Mi1_r0=1045031.8071  spot_bright_Tm3_r0=1041000.6655  spot_bright_Mi4_r0=639333.5463  spot_bright_Mi9_r0=639405.6580  spot_bright_Tm1_r0=284117.8807  spot_bright_Tm2_r0=662814.6551  spot_bright_Tm4_r0=385237.1544  spot_bright_Tm9_r0=724184.7752  spot_bright_L1_r1=84381.7589  spot_bright_L2_r1=654120.2231  spot_bright_L3_r1=4453263.2208  spot_bright_L4_r1=183689.2099  spot_bright_L5_r1=253463.0123  spot_bright_Mi1_r1=456638.6468  spot_bright_Tm3_r1=4822273.7667  spot_bright_Mi4_r1=547889.2336  spot_bright_Mi9_r1=144735.5392  spot_bright_Tm1_r1=171022.9408  spot_bright_Tm2_r1=344220.9050  spot_bright_Tm4_r1=1191265.1391  spot_bright_Tm9_r1=83998.2301  spot_bright_L3_r0=214864.4718]: 100%|██████████| 10/10 [00:05<00:00,  1.76it/s] Cost: 815038.8615  [spot_bright_L1_r0=566590.6178  spot_bright_L2_r0=333620.9091  spot_bright_L4_r0=454747.5294  spot_bright_L5_r0=809098.9029  spot_bright_Mi1_r0=1045031.8071  spot_bright_Tm3_r0=1041000.6655  spot_bright_Mi4_r0=639333.5463  spot_bright_Mi9_r0=639405.6580  spot_bright_Tm1_r0=284117.8807  spot_bright_Tm2_r0=662814.6551  spot_bright_Tm4_r0=385237.1544  spot_bright_Tm9_r0=724184.7752  spot_bright_L1_r1=84381.7589  spot_bright_L2_r1=654120.2231  spot_bright_L3_r1=4453263.2208  spot_bright_L4_r1=183689.2099  spot_bright_L5_r1=253463.0123  spot_bright_Mi1_r1=456638.6468  spot_bright_Tm3_r1=4822273.7667  spot_bright_Mi4_r1=547889.2336  spot_bright_Mi9_r1=144735.5392  spot_bright_Tm1_r1=171022.9408  spot_bright_Tm2_r1=344220.9050  spot_bright_Tm4_r1=1191265.1391  spot_bright_Tm9_r1=83998.2301  spot_bright_L3_r0=214864.4718]: 

Initl cost = 1612491.4299  [spot_bright_L1_r0=357009.3228  spot_bright_L2_r0=922630.0405  spot_bright_L4_r0=411204.8124  spot_bright_L5_r0=730529.2547  spot_bright_Mi1_r0=1278439.1277  spot_bright_Tm3_r0=865067.8473  spot_bright_Mi4_r0=776548.6629  spot_bright_Mi9_r0=512761.4289  spot_bright_Tm1_r0=366003.7517  spot_bright_Tm2_r0=668889.3692  spot_bright_Tm4_r0=491199.1072  spot_bright_Tm9_r0=452085.3697  spot_bright_L1_r1=962189.4171  spot_bright_L2_r1=6489843.9444  spot_bright_L3_r1=15114452.4854  spot_bright_L4_r1=868689.9187  spot_bright_L5_r1=509505.8462  spot_bright_Mi1_r1=1830970.1654  spot_bright_Tm3_r1=4100636.8948  spot_bright_Mi4_r1=809920.6391  spot_bright_Mi9_r1=251381.6062  spot_bright_Tm1_r1=212010.0547  spot_bright_Tm2_r1=482656.7581  spot_bright_Tm4_r1=1465620.1408  spot_bright_Tm9_r1=420360.0708  spot_bright_L3_r0=574171.1412]
Final cost = 790283.1553  [spot_bright_L1_r0=570294.2913  spot_bright_L2_r0=345429.2840  spot_bright_L4_r0=454860.5131  spot_bright_L5_r0=804194.8161  spot_bright_Mi1_r0=1010900.2212  spot_bright_Tm3_r0=1046771.0515  spot_bright_Mi4_r0=625847.3589  spot_bright_Mi9_r0=652596.3595  spot_bright_Tm1_r0=289384.3440  spot_bright_Tm2_r0=662790.7027  spot_bright_Tm4_r0=374715.4235  spot_bright_Tm9_r0=747623.3228  spot_bright_L1_r1=78148.0995  spot_bright_L2_r1=540234.3582  spot_bright_L3_r1=4069706.5391  spot_bright_L4_r1=174969.6308  spot_bright_L5_r1=246513.0563  spot_bright_Mi1_r1=384862.4977  spot_bright_Tm3_r1=4762019.8874  spot_bright_Mi4_r1=548464.8866  spot_bright_Mi9_r1=129041.8693  spot_bright_Tm1_r1=174438.5453  spot_bright_Tm2_r1=339765.3618  spot_bright_Tm4_r1=1195720.9046  spot_bright_Tm9_r1=79113.3129  spot_bright_L3_r0=238955.3991]
Best  cost = 790283.1553  [spot_bright_L1_r0=570294.2913  spot_bright_L2_r0=345429.2840  spot_bright_L4_r0=454860.5131  spot_bright_L5_r0=804194.8161  spot_bright_Mi1_r0=1010900.2212  spot_bright_Tm3_r0=1046771.0515  spot_bright_Mi4_r0=625847.3589  spot_bright_Mi9_r0=652596.3595  spot_bright_Tm1_r0=289384.3440  spot_bright_Tm2_r0=662790.7027  spot_bright_Tm4_r0=374715.4235  spot_bright_Tm9_r0=747623.3228  spot_bright_L1_r1=78148.0995  spot_bright_L2_r1=540234.3582  spot_bright_L3_r1=4069706.5391  spot_bright_L4_r1=174969.6308  spot_bright_L5_r1=246513.0563  spot_bright_Mi1_r1=384862.4977  spot_bright_Tm3_r1=4762019.8874  spot_bright_Mi4_r1=548464.8866  spot_bright_Mi9_r1=129041.8693  spot_bright_Tm1_r1=174438.5453  spot_bright_Tm2_r1=339765.3618  spot_bright_Tm4_r1=1195720.9046  spot_bright_Tm9_r1=79113.3129  spot_bright_L3_r0=238955.3991]
time needed  = 9.67  sec

done in 0.00 hours
wrote /home/yitai/drosophila_vision/vision/simulation/0_runs/borst/28884820-run-nofsteps-10-a-h-init.L1,L2,L4,L5-0.5-e-leak-init.L1,L2--20-task-spot_bright-model-borst/data/best_adam.npz (best run #0)
wrote table: /home/yitai/drosophila_vision/vision/simulation/0_runs/borst/28884820-run-nofsteps-10-a-h-init.L1,L2,L4,L5-0.5-e-leak-init.L1,L2--20-task-spot_bright-model-borst/param.csv (best run #0, cost=790283.1553)
wrote table: /home/yitai/drosophila_vision/vision/simulation/0_runs/borst/28884820-run-nofsteps-10-a-h-init.L1,L2,L4,L5-0.5-e-leak-init.L1,L2--20-task-spot_bright-model-borst/syn_strength_cell.csv
plot device=cuda (NVIDIA L40S)
1 trained set(s); costs min=790283.1553 max=790283.1553; selected #0 (from saved final costs)
/home/yitai/drosophila_vision/vision/simulation/5_figure/1_util.py:1009: UserWarning: This figure includes Axes that are not compatible with tight_layout, so results might be incorrect.
  fig.tight_layout()
plot /home/yitai/drosophila_vision/vision/simulation/0_runs/borst/28884820-run-nofsteps-10-a-h-init.L1,L2,L4,L5-0.5-e-leak-init.L1,L2--20-task-spot_bright-model-borst/cost_curve.png: draw=0.2s  save=0.5s  total=0.7s
plot /home/yitai/drosophila_vision/vision/simulation/0_runs/borst/28884820-run-nofsteps-10-a-h-init.L1,L2,L4,L5-0.5-e-leak-init.L1,L2--20-task-spot_bright-model-borst/spot_gt_v.png: prep=0.4s  draw=0.4s  save=1.3s  total=2.1s
plot /home/yitai/drosophila_vision/vision/simulation/0_runs/borst/28884820-run-nofsteps-10-a-h-init.L1,L2,L4,L5-0.5-e-leak-init.L1,L2--20-task-spot_bright-model-borst/spot_all_v.png: prep=0.0s  draw=1.8s  save=5.0s  total=6.8s
plots saved to /home/yitai/drosophila_vision/vision/simulation/0_runs/borst/28884820-run-nofsteps-10-a-h-init.L1,L2,L4,L5-0.5-e-leak-init.L1,L2--20-task-spot_bright-model-borst
