Job ID: 28884773
Node:   spartan-gpgpu003
GPU:    0
GPU 0: NVIDIA L40S (UUID: GPU-77768aa8-360c-07fe-e20f-dfb971849850)
cuda: True NVIDIA L40S
Start:  Fri 07 Aug 2026 16:11:00 AEST
==== param_defaults ====
{'DEFAULT_RUN_NAME': '28857316-run-nofsteps-300-a-slow-init.L1,L2-0.6-v-th-init.R1-6,R7,R8-0-task-spot_bright',
 'DEFAULT_RUN_PATH': 'hp_lp/28857316-run-nofsteps-300-a-slow-init.L1,L2-0.6-v-th-init.R1-6,R7,R8-0-task-spot_bright',
 'DELTA_MS': 1.0,
 'DELTA_MS_PRE': 1.0,
 'CAP': 40.0,
 'G_LEAK': 1.0,
 'G_IN': 1.0,
 'E_EXC': 10.0,
 'E_INH': -70.0,
 'E_H': 50.0,
 'H_G_MAX': 100.0,
 'CA_TAU': 50.0,
 'DATA_AMP': 20.0,
 'STATE_CLAMP': 1000000.0,
 'SYN_SCALE_EXC': 0.001,
 'SYN_SCALE_INH': 0.001,
 'I_H_REV': 'off',
 'EULER': 'im',
 'GAIN_LO': 0.1,
 'GAIN_HI': 10.0,
 'H_CELLS': ('L1', 'L2', 'L4', 'L5'),
 'PARAM_BOXES': {'a_in': {'lo': 0.01, 'hi': 100, 'init': 1.0, 'jit': 0.1, 'train_mode': 'shared'},
                 'a_out': {'lo': 0.1, 'hi': 10.0, 'init': 1.0, 'jit': 0.1, 'train_mode': 'indi'},
                 'a_gt': {'lo': 0.1, 'hi': 10.0, 'init': 1.0, 'jit': 0.1, 'train_mode': 'indi'},
                 'bias_gt': {'lo': -50.0, 'hi': 50.0, 'init': 0.0, 'jit': 1.0, 'train_mode': 'indi'},
                 'syn_strength_cell': {'lo': 0.1, 'hi': 10.0, 'init': 1.0, 'jit': 0.1, 'train_mode': 'indi'},
                 'syn_strength_edge': {'lo': 0.1, 'hi': 10.0, 'init': 1.0, 'jit': 0.1, 'train_mode': 'indi'},
                 'v_th': {'lo': -70.0, 'hi': -30.0, 'init': -50.0, 'jit': 0.0, 'train_mode': 'indi'},
                 'a_h': {'lo': 0.0, 'hi': 1.0, 'init': 0.5, 'jit': 0.1, 'train_mode': 'indi_named'},
                 'a_h_rev': {'lo': 0.0, 'hi': 1.0, 'init': 0.5, 'jit': 0.1, 'train_mode': 'indi_named'},
                 'h_v_mid': {'lo': -70.0, 'hi': -30.0, 'init': -50.0, 'jit': 5.0, 'train_mode': 'shared'},
                 'h_slope': {'lo': -0.4, 'hi': -0.2, 'init': -0.25, 'jit': 0.02, 'train_mode': 'shared'},
                 'tau_h_v': {'lo': -70.0, 'hi': -40.0, 'init': -50.0, 'jit': 5.0, 'train_mode': 'shared'},
                 'h_v_mid_rev': {'lo': -70.0, 'hi': -30.0, 'init': -50.0, 'jit': 5.0, 'train_mode': 'shared'},
                 'h_slope_rev': {'lo': -0.4, 'hi': -0.2, 'init': -0.25, 'jit': 0.02, 'train_mode': 'shared'},
                 'tau_h_v_rev': {'lo': -70.0, 'hi': -40.0, 'init': -50.0, 'jit': 5.0, 'train_mode': 'shared'},
                 'tau_lp': {'lo': 10.0, 'hi': 100.0, 'init': 40.0, 'jit': 2.0, 'train_mode': 'indi'},
                 'e_leak': {'lo': -50.0, 'hi': 50.0, 'init': -50.0, 'jit': 1.0, 'train_mode': 'fixed'},
                 'tau_hp': {'lo': 100.0, 'hi': 500.0, 'init': 200.0, 'jit': 20.0, 'train_mode': 'indi'},
                 'a_sti_r': {'lo': 0.0, 'hi': 1.0, 'init': 0.0, 'jit': 0.05, 'train_mode': 'indi'}},
 'MODEL': 'hp_lp',
 'SYN_MODE': 'per_cell',
 'PRE_GRAD': True,
 'NETWORK': 'right_min_neuron1_extent10',
 'I_BASELINE': 20.0,
 'I_BRIGHT': 40.0,
 'I_DARK': 0.0,
 'MS_PRE': 10.0,
 'MS_SPOT': 50.0,
 'MS_RESPONSE': 120.0,
 'MS_POST': 0.0,
 'SPOT_EXTENT': 1.0,
 'SPOT_EXTENTS': (0.5, 1.0, 1.5, 2.0),
 'FULLY_INSIDE': True,
 'MULTI_SPOT': True,
 'SHIFT_EXTENT': 1.0,
 'SPOT_COST_RADII': (0.0, 1.0, 1.7320508075688772, 2.0),
 'SPOT_STI_R_NAMES': ('0', '1', 'sqrt3', '2'),
 'SPOT_COST_RADIUS_WEIGHT': {0.0: 1.0, 1.0: 0.3333333333333333, 2.0: 0.3333333333333333},
 'SPOT_COST_RADIUS_WEIGHT_EXTENT1': {0.0: 1.0, 1.0: 1.0},
 'SPOT_COST_RADIUS_KEY_ALIASES': {'sqrt3': 1.7320508075688772},
 'MULTI_BAR': True,
 'TASK': 'spot',
 'COST_NORM': 'a_gt2',
 'COST_INTERVAL_MS': 5.0,
 'BIAS_GT_FROM_V_ONSET': True,
 'BIAS_GT_FROM_V_ONSET_GRAD': True,
 'PRE_STEADY': 'solve',
 'PRE_STEADY_ITERS': 50,
 'PRE_STEADY_DAMP': 1,
 'NOFRUNS': 1,
 'NOFSTEPS_CPU': 50,
 'NOFSTEPS_GPU': 200,
 'LRS': '0.1',
 'CHECKPOINT_INTERVAL': 500,
 'FP': 64,
 'SEQUENTIAL': False,
 'T_REL_START': -10,
 'T_REL_STOP': 10}
==== end param_defaults ====
train_modes:
  a_in               indi=0/shared=56/fixed=0/frozen=0 (1)
  a_out              indi=56/shared=0/fixed=0/frozen=0 (56)
  syn_strength_cell  indi=1035/shared=0/fixed=0/frozen=0 (1035)
  v_th               indi=56/shared=0/fixed=0/frozen=0 (56)
  e_leak             indi=0/shared=0/fixed=56/frozen=0 (0)
  a_gt               indi=56/shared=0/fixed=0/frozen=0 (56)
  bias_gt            indi=0/shared=0/fixed=0/frozen=56 (0)
  a_h                indi=4/shared=0/fixed=52/frozen=0 (4)
  h_v_mid            indi=0/shared=56/fixed=0/frozen=0 (1)
  h_slope            indi=0/shared=56/fixed=0/frozen=0 (1)
  tau_h_v            indi=0/shared=56/fixed=0/frozen=0 (1)
  a_sti_r            indi=3/shared=0/fixed=1/frozen=0 (3)
device=cuda, model=borst, syn_mode=per_cell, euler=implicit, pre_steady=solve, nofruns=1, nofsteps=10, lrs=[0.1], nparams=1214, fname=training_with_i_h.npy, outdir=/home/yitai/drosophila_vision/vision/simulation/0_runs/borst/28884773-run-nofsteps-10-a-h-init.L1,L2,L4,L5-0.5-e-leak-init.L1,L2--20-task-spot_bright-model-borst
checkpoint_interval=500

round 0

  0%|          | 0/10 [00:00<?, ?it/s] Cost: 3702547.1310  [spot_bright_L1_r0=835873.4234  spot_bright_L2_r0=1244613.9951  spot_bright_L4_r0=3803091.1702  spot_bright_L5_r0=702336.0503  spot_bright_Mi1_r0=1352565.8678  spot_bright_Tm3_r0=802572.4765  spot_bright_Mi4_r0=1139990.8700  spot_bright_Mi9_r0=591891.0892  spot_bright_Tm1_r0=340212.4324  spot_bright_Tm2_r0=672465.1645  spot_bright_Tm4_r0=468056.5599  spot_bright_Tm9_r0=626650.4516  spot_bright_L1_r1=6903963.2735  spot_bright_L2_r1=9685893.1336  spot_bright_L3_r1=17187489.9012  spot_bright_L4_r1=28904688.9499  spot_bright_L5_r1=674313.1782  spot_bright_Mi1_r1=2186695.3579  spot_bright_Tm3_r1=3722436.0117  spot_bright_Mi4_r1=782685.1317  spot_bright_Mi9_r1=401702.6855  spot_bright_Tm1_r1=362456.7710  spot_bright_Tm2_r1=558601.9368  spot_bright_Tm4_r1=1467203.9561  spot_bright_Tm9_r1=10206762.2787  spot_bright_L3_r0=641013.2884]100%|██████████| 10/10 [00:05<00:00,  1.90it/s] Cost: 1161477.9519  [spot_bright_L1_r0=476065.4389  spot_bright_L2_r0=704976.0024  spot_bright_L4_r0=771716.0715  spot_bright_L5_r0=860700.6146  spot_bright_Mi1_r0=915949.8381  spot_bright_Tm3_r0=1197712.7431  spot_bright_Mi4_r0=899532.7904  spot_bright_Mi9_r0=842985.3125  spot_bright_Tm1_r0=664740.5801  spot_bright_Tm2_r0=748785.9357  spot_bright_Tm4_r0=720768.8331  spot_bright_Tm9_r0=855816.7933  spot_bright_L1_r1=690736.8343  spot_bright_L2_r1=736213.5439  spot_bright_L3_r1=4840877.3504  spot_bright_L4_r1=968681.6503  spot_bright_L5_r1=965313.2308  spot_bright_Mi1_r1=860877.0730  spot_bright_Tm3_r1=6070049.1168  spot_bright_Mi4_r1=672600.4687  spot_bright_Mi9_r1=99891.0069  spot_bright_Tm1_r1=813304.1829  spot_bright_Tm2_r1=635046.1336  spot_bright_Tm4_r1=2447756.4474  spot_bright_Tm9_r1=445708.4404  spot_bright_L3_r0=291620.3171]:  100%|██████████| 10/10 [00:05<00:00,  1.90it/s] Cost: 1161477.9519  [spot_bright_L1_r0=476065.4389  spot_bright_L2_r0=704976.0024  spot_bright_L4_r0=771716.0715  spot_bright_L5_r0=860700.6146  spot_bright_Mi1_r0=915949.8381  spot_bright_Tm3_r0=1197712.7431  spot_bright_Mi4_r0=899532.7904  spot_bright_Mi9_r0=842985.3125  spot_bright_Tm1_r0=664740.5801  spot_bright_Tm2_r0=748785.9357  spot_bright_Tm4_r0=720768.8331  spot_bright_Tm9_r0=855816.7933  spot_bright_L1_r1=690736.8343  spot_bright_L2_r1=736213.5439  spot_bright_L3_r1=4840877.3504  spot_bright_L4_r1=968681.6503  spot_bright_L5_r1=965313.2308  spot_bright_Mi1_r1=860877.0730  spot_bright_Tm3_r1=6070049.1168  spot_bright_Mi4_r1=672600.4687  spot_bright_Mi9_r1=99891.0069  spot_bright_Tm1_r1=813304.1829  spot_bright_Tm2_r1=635046.1336  spot_bright_Tm4_r1=2447756.4474  spot_bright_Tm9_r1=445708.4404  spot_bright_L3_r0=291620.3171]: 

Initl cost = 3702547.1310  [spot_bright_L1_r0=835873.4234  spot_bright_L2_r0=1244613.9951  spot_bright_L4_r0=3803091.1702  spot_bright_L5_r0=702336.0503  spot_bright_Mi1_r0=1352565.8678  spot_bright_Tm3_r0=802572.4765  spot_bright_Mi4_r0=1139990.8700  spot_bright_Mi9_r0=591891.0892  spot_bright_Tm1_r0=340212.4324  spot_bright_Tm2_r0=672465.1645  spot_bright_Tm4_r0=468056.5599  spot_bright_Tm9_r0=626650.4516  spot_bright_L1_r1=6903963.2735  spot_bright_L2_r1=9685893.1336  spot_bright_L3_r1=17187489.9012  spot_bright_L4_r1=28904688.9499  spot_bright_L5_r1=674313.1782  spot_bright_Mi1_r1=2186695.3579  spot_bright_Tm3_r1=3722436.0117  spot_bright_Mi4_r1=782685.1317  spot_bright_Mi9_r1=401702.6855  spot_bright_Tm1_r1=362456.7710  spot_bright_Tm2_r1=558601.9368  spot_bright_Tm4_r1=1467203.9561  spot_bright_Tm9_r1=10206762.2787  spot_bright_L3_r0=641013.2884]
Final cost = 1094941.8340  [spot_bright_L1_r0=489146.8553  spot_bright_L2_r0=718152.0468  spot_bright_L4_r0=769371.6798  spot_bright_L5_r0=856479.8041  spot_bright_Mi1_r0=873342.6517  spot_bright_Tm3_r0=1085530.9968  spot_bright_Mi4_r0=875731.7383  spot_bright_Mi9_r0=858771.1787  spot_bright_Tm1_r0=661382.2992  spot_bright_Tm2_r0=755209.8831  spot_bright_Tm4_r0=709649.1782  spot_bright_Tm9_r0=902931.5719  spot_bright_L1_r1=705211.4623  spot_bright_L2_r1=608903.7418  spot_bright_L3_r1=4341186.3762  spot_bright_L4_r1=867557.5215  spot_bright_L5_r1=974663.9755  spot_bright_Mi1_r1=728080.2002  spot_bright_Tm3_r1=5274069.6052  spot_bright_Mi4_r1=699869.6434  spot_bright_Mi9_r1=111945.2315  spot_bright_Tm1_r1=846865.6047  spot_bright_Tm2_r1=626189.4495  spot_bright_Tm4_r1=2442269.6071  spot_bright_Tm9_r1=392128.1748  spot_bright_L3_r0=293847.2054]
Best  cost = 1067824.6147  [spot_bright_L1_r0=429648.3122  spot_bright_L2_r0=521770.8463  spot_bright_L4_r0=620505.8667  spot_bright_L5_r0=618906.3765  spot_bright_Mi1_r0=1149704.1652  spot_bright_Tm3_r0=894906.7967  spot_bright_Mi4_r0=865608.2497  spot_bright_Mi9_r0=779949.5068  spot_bright_Tm1_r0=601754.8369  spot_bright_Tm2_r0=731359.8205  spot_bright_Tm4_r0=605210.8132  spot_bright_Tm9_r0=765503.2618  spot_bright_L1_r1=1405259.3964  spot_bright_L2_r1=1182755.2148  spot_bright_L3_r1=6128016.1953  spot_bright_L4_r1=357938.5341  spot_bright_L5_r1=331872.8661  spot_bright_Mi1_r1=1269183.0048  spot_bright_Tm3_r1=4453130.3130  spot_bright_Mi4_r1=562390.5870  spot_bright_Mi9_r1=64702.7000  spot_bright_Tm1_r1=394554.8513  spot_bright_Tm2_r1=472028.1749  spot_bright_Tm4_r1=1851419.1527  spot_bright_Tm9_r1=515042.3976  spot_bright_L3_r0=190317.7427]
time needed  = 9.26  sec

done in 0.00 hours
wrote /home/yitai/drosophila_vision/vision/simulation/0_runs/borst/28884773-run-nofsteps-10-a-h-init.L1,L2,L4,L5-0.5-e-leak-init.L1,L2--20-task-spot_bright-model-borst/data/best_adam.npz (best run #0)
wrote table: /home/yitai/drosophila_vision/vision/simulation/0_runs/borst/28884773-run-nofsteps-10-a-h-init.L1,L2,L4,L5-0.5-e-leak-init.L1,L2--20-task-spot_bright-model-borst/param.csv (best run #0, cost=1067824.6147)
wrote table: /home/yitai/drosophila_vision/vision/simulation/0_runs/borst/28884773-run-nofsteps-10-a-h-init.L1,L2,L4,L5-0.5-e-leak-init.L1,L2--20-task-spot_bright-model-borst/syn_strength_cell.csv
plot device=cuda (NVIDIA L40S)
1 trained set(s); costs min=1067824.6147 max=1067824.6147; selected #0 (from saved final costs)
/home/yitai/drosophila_vision/vision/simulation/5_figure/1_util.py:1009: UserWarning: This figure includes Axes that are not compatible with tight_layout, so results might be incorrect.
  fig.tight_layout()
plot /home/yitai/drosophila_vision/vision/simulation/0_runs/borst/28884773-run-nofsteps-10-a-h-init.L1,L2,L4,L5-0.5-e-leak-init.L1,L2--20-task-spot_bright-model-borst/cost_curve.png: draw=0.2s  save=0.5s  total=0.7s
plot /home/yitai/drosophila_vision/vision/simulation/0_runs/borst/28884773-run-nofsteps-10-a-h-init.L1,L2,L4,L5-0.5-e-leak-init.L1,L2--20-task-spot_bright-model-borst/spot_gt_v.png: prep=0.4s  draw=0.4s  save=1.3s  total=2.1s
plot /home/yitai/drosophila_vision/vision/simulation/0_runs/borst/28884773-run-nofsteps-10-a-h-init.L1,L2,L4,L5-0.5-e-leak-init.L1,L2--20-task-spot_bright-model-borst/spot_all_v.png: prep=0.0s  draw=1.8s  save=5.3s  total=7.0s
plots saved to /home/yitai/drosophila_vision/vision/simulation/0_runs/borst/28884773-run-nofsteps-10-a-h-init.L1,L2,L4,L5-0.5-e-leak-init.L1,L2--20-task-spot_bright-model-borst
