Job ID: 28885302
Node:   spartan-gpgpu177
GPU:    0
GPU 0: NVIDIA H100 80GB HBM3 (UUID: GPU-6ece9926-da42-c802-3040-42266b4794b4)
cuda: True NVIDIA H100 80GB HBM3
Start:  Fri 07 Aug 2026 16:28:53 AEST
==== param_defaults ====
{'DEFAULT_RUN_NAME': '28857316-run-nofsteps-300-a-slow-init.L1,L2-0.6-v-th-init.R1-6,R7,R8-0-task-spot_bright',
 'DEFAULT_RUN_PATH': 'hp_lp/28857316-run-nofsteps-300-a-slow-init.L1,L2-0.6-v-th-init.R1-6,R7,R8-0-task-spot_bright',
 'DELTA_MS': 1.0,
 'DELTA_MS_PRE': 1.0,
 'CAP': 40.0,
 'G_LEAK': 1.0,
 'G_IN': 1.0,
 'E_EXC': 10.0,
 'E_INH': -70.0,
 'E_H': 50.0,
 'H_G_MAX': 100.0,
 'CA_TAU': 50.0,
 'DATA_AMP': 20.0,
 'STATE_CLAMP': 1000000.0,
 'SYN_SCALE_EXC': 0.001,
 'SYN_SCALE_INH': 0.001,
 'I_H_REV': 'off',
 'EULER': 'im',
 'GAIN_LO': 0.1,
 'GAIN_HI': 10.0,
 'H_CELLS': ('L1', 'L2', 'L4', 'L5'),
 'PARAM_BOXES': {'a_in': {'lo': 0.01, 'hi': 100, 'init': 1.0, 'jit': 0.1, 'train_mode': 'shared'},
                 'a_out': {'lo': 0.1, 'hi': 10.0, 'init': 1.0, 'jit': 0.1, 'train_mode': 'indi'},
                 'a_gt': {'lo': 0.1, 'hi': 10.0, 'init': 1.0, 'jit': 0.1, 'train_mode': 'indi'},
                 'bias_gt': {'lo': -50.0, 'hi': 50.0, 'init': 0.0, 'jit': 1.0, 'train_mode': 'indi'},
                 'syn_strength_cell': {'lo': 0.1, 'hi': 10.0, 'init': 1.0, 'jit': 0.1, 'train_mode': 'indi'},
                 'syn_strength_edge': {'lo': 0.1, 'hi': 10.0, 'init': 1.0, 'jit': 0.1, 'train_mode': 'indi'},
                 'v_th': {'lo': -70.0, 'hi': -30.0, 'init': -50.0, 'jit': 0.0, 'train_mode': 'indi'},
                 'a_h': {'lo': 0.0, 'hi': 1.0, 'init': 0.5, 'jit': 0.1, 'train_mode': 'indi_named'},
                 'a_h_rev': {'lo': 0.0, 'hi': 1.0, 'init': 0.5, 'jit': 0.1, 'train_mode': 'indi_named'},
                 'h_v_mid': {'lo': -70.0, 'hi': -30.0, 'init': -50.0, 'jit': 5.0, 'train_mode': 'shared'},
                 'h_slope': {'lo': -0.4, 'hi': -0.2, 'init': -0.25, 'jit': 0.02, 'train_mode': 'shared'},
                 'tau_h_v': {'lo': -70.0, 'hi': -40.0, 'init': -50.0, 'jit': 5.0, 'train_mode': 'shared'},
                 'h_v_mid_rev': {'lo': -70.0, 'hi': -30.0, 'init': -50.0, 'jit': 5.0, 'train_mode': 'shared'},
                 'h_slope_rev': {'lo': -0.4, 'hi': -0.2, 'init': -0.25, 'jit': 0.02, 'train_mode': 'shared'},
                 'tau_h_v_rev': {'lo': -70.0, 'hi': -40.0, 'init': -50.0, 'jit': 5.0, 'train_mode': 'shared'},
                 'tau_lp': {'lo': 10.0, 'hi': 100.0, 'init': 40.0, 'jit': 2.0, 'train_mode': 'indi'},
                 'e_leak': {'lo': -50.0, 'hi': 50.0, 'init': -50.0, 'jit': 1.0, 'train_mode': 'fixed'},
                 'tau_hp': {'lo': 100.0, 'hi': 500.0, 'init': 200.0, 'jit': 20.0, 'train_mode': 'indi'},
                 'a_sti_r': {'lo': 0.0, 'hi': 1.0, 'init': 0.0, 'jit': 0.05, 'train_mode': 'indi'}},
 'MODEL': 'hp_lp',
 'SYN_MODE': 'per_cell',
 'PRE_GRAD': True,
 'NETWORK': 'right_min_neuron1_extent10',
 'I_BASELINE': 20.0,
 'I_BRIGHT': 40.0,
 'I_DARK': 0.0,
 'MS_PRE': 10.0,
 'MS_SPOT': 50.0,
 'MS_RESPONSE': 120.0,
 'MS_POST': 0.0,
 'SPOT_EXTENT': 1.0,
 'SPOT_EXTENTS': (0.5, 1.0, 1.5, 2.0),
 'FULLY_INSIDE': True,
 'MULTI_SPOT': True,
 'SHIFT_EXTENT': 1.0,
 'SPOT_COST_RADII': (0.0, 1.0, 1.7320508075688772, 2.0),
 'SPOT_STI_R_NAMES': ('0', '1', 'sqrt3', '2'),
 'SPOT_COST_RADIUS_WEIGHT': {0.0: 1.0, 1.0: 0.3333333333333333, 2.0: 0.3333333333333333},
 'SPOT_COST_RADIUS_WEIGHT_EXTENT1': {0.0: 1.0, 1.0: 1.0},
 'SPOT_COST_RADIUS_KEY_ALIASES': {'sqrt3': 1.7320508075688772},
 'MULTI_BAR': True,
 'TASK': 'spot',
 'COST_NORM': 'a_gt2',
 'COST_INTERVAL_MS': 5.0,
 'BIAS_GT_FROM_V_ONSET': True,
 'BIAS_GT_FROM_V_ONSET_GRAD': True,
 'PRE_STEADY': 'solve',
 'PRE_STEADY_ITERS': 50,
 'PRE_STEADY_DAMP': 0.1,
 'NOFRUNS': 1,
 'NOFSTEPS_CPU': 50,
 'NOFSTEPS_GPU': 200,
 'LRS': '0.1',
 'CHECKPOINT_INTERVAL': 500,
 'FP': 64,
 'SEQUENTIAL': False,
 'T_REL_START': -10,
 'T_REL_STOP': 10}
==== end param_defaults ====
train_modes:
  a_in               indi=0/shared=56/fixed=0/frozen=0 (1)
  a_out              indi=56/shared=0/fixed=0/frozen=0 (56)
  syn_strength_cell  indi=1035/shared=0/fixed=0/frozen=0 (1035)
  v_th               indi=56/shared=0/fixed=0/frozen=0 (56)
  e_leak             indi=0/shared=0/fixed=56/frozen=0 (0)
  a_gt               indi=56/shared=0/fixed=0/frozen=0 (56)
  bias_gt            indi=0/shared=0/fixed=0/frozen=56 (0)
  a_h                indi=4/shared=0/fixed=52/frozen=0 (4)
  h_v_mid            indi=0/shared=56/fixed=0/frozen=0 (1)
  h_slope            indi=0/shared=56/fixed=0/frozen=0 (1)
  tau_h_v            indi=0/shared=56/fixed=0/frozen=0 (1)
  a_sti_r            indi=3/shared=0/fixed=1/frozen=0 (3)
device=cuda, model=borst, syn_mode=per_cell, euler=implicit, pre_steady=solve, nofruns=1, nofsteps=10, lrs=[0.1], nparams=1214, fname=training_with_i_h.npy, outdir=/home/yitai/drosophila_vision/vision/simulation/0_runs/borst/28885302-run-nofsteps-10-a-h-init.L1,L2,L4,L5-0.5-e-leak-init.L1,L2--20-task-spot_bright-model-borst
checkpoint_interval=500

round 0

  0%|          | 0/10 [00:00<?, ?it/s] Cost: 676251.4052  [spot_bright_L1_r0=396147.9591  spot_bright_L2_r0=406467.2386  spot_bright_L4_r0=563189.0402  spot_bright_L5_r0=623873.3290  spot_bright_Mi1_r0=614694.4664  spot_bright_Tm3_r0=893634.1018  spot_bright_Mi4_r0=559723.0728  spot_bright_Mi9_r0=602566.3803  spot_bright_Tm1_r0=285116.7021  spot_bright_Tm2_r0=493160.4654  spot_bright_Tm4_r0=507124.1102  spot_bright_Tm9_r0=793421.9270  spot_bright_L1_r1=73552.1145  spot_bright_L2_r1=214645.1249  spot_bright_L3_r1=2553203.2039  spot_bright_L4_r1=244656.2508  spot_bright_L5_r1=107173.8293  spot_bright_Mi1_r1=38846.9043  spot_bright_Tm3_r1=4356135.1518  spot_bright_Mi4_r1=653744.8467  spot_bright_Mi9_r1=29261.3731  spot_bright_Tm1_r1=256392.6299  spot_bright_Tm2_r1=374460.7512  spot_bright_Tm4_r1=1641690.0524  spot_bright_Tm9_r1=54187.0409  spot_bright_L3_r0=245468.4695]100%|██████████| 10/10 [00:02<00:00,  3.39it/s] Cost: 305863.0869  [spot_bright_L1_r0=24958.5182  spot_bright_L2_r0=133008.3434  spot_bright_L4_r0=216482.9864  spot_bright_L5_r0=50807.8885  spot_bright_Mi1_r0=181887.6957  spot_bright_Tm3_r0=196443.3497  spot_bright_Mi4_r0=342440.2816  spot_bright_Mi9_r0=384348.4341  spot_bright_Tm1_r0=182246.5883  spot_bright_Tm2_r0=208347.8209  spot_bright_Tm4_r0=124343.2523  spot_bright_Tm9_r0=294126.3230  spot_bright_L1_r1=52317.2927  spot_bright_L2_r1=44669.2972  spot_bright_L3_r1=2733458.1845  spot_bright_L4_r1=196224.4280  spot_bright_L5_r1=16439.7083  spot_bright_Mi1_r1=22949.5458  spot_bright_Tm3_r1=735191.2545  spot_bright_Mi4_r1=713255.5930  spot_bright_Mi9_r1=73115.5434  spot_bright_Tm1_r1=94643.8277  spot_bright_Tm2_r1=165293.9335  spot_bright_Tm4_r1=494236.5598  spot_bright_Tm9_r1=30035.8260  spot_bright_L3_r0=241167.7818]: 100%|██████████| 10/10 [00:02<00:00,  3.39it/s] Cost: 305863.0869  [spot_bright_L1_r0=24958.5182  spot_bright_L2_r0=133008.3434  spot_bright_L4_r0=216482.9864  spot_bright_L5_r0=50807.8885  spot_bright_Mi1_r0=181887.6957  spot_bright_Tm3_r0=196443.3497  spot_bright_Mi4_r0=342440.2816  spot_bright_Mi9_r0=384348.4341  spot_bright_Tm1_r0=182246.5883  spot_bright_Tm2_r0=208347.8209  spot_bright_Tm4_r0=124343.2523  spot_bright_Tm9_r0=294126.3230  spot_bright_L1_r1=52317.2927  spot_bright_L2_r1=44669.2972  spot_bright_L3_r1=2733458.1845  spot_bright_L4_r1=196224.4280  spot_bright_L5_r1=16439.7083  spot_bright_Mi1_r1=22949.5458  spot_bright_Tm3_r1=735191.2545  spot_bright_Mi4_r1=713255.5930  spot_bright_Mi9_r1=73115.5434  spot_bright_Tm1_r1=94643.8277  spot_bright_Tm2_r1=165293.9335  spot_bright_Tm4_r1=494236.5598  spot_bright_Tm9_r1=30035.8260  spot_bright_L3_r0=241167.7818]: 

Initl cost = 676251.4052  [spot_bright_L1_r0=396147.9591  spot_bright_L2_r0=406467.2386  spot_bright_L4_r0=563189.0402  spot_bright_L5_r0=623873.3290  spot_bright_Mi1_r0=614694.4664  spot_bright_Tm3_r0=893634.1018  spot_bright_Mi4_r0=559723.0728  spot_bright_Mi9_r0=602566.3803  spot_bright_Tm1_r0=285116.7021  spot_bright_Tm2_r0=493160.4654  spot_bright_Tm4_r0=507124.1102  spot_bright_Tm9_r0=793421.9270  spot_bright_L1_r1=73552.1145  spot_bright_L2_r1=214645.1249  spot_bright_L3_r1=2553203.2039  spot_bright_L4_r1=244656.2508  spot_bright_L5_r1=107173.8293  spot_bright_Mi1_r1=38846.9043  spot_bright_Tm3_r1=4356135.1518  spot_bright_Mi4_r1=653744.8467  spot_bright_Mi9_r1=29261.3731  spot_bright_Tm1_r1=256392.6299  spot_bright_Tm2_r1=374460.7512  spot_bright_Tm4_r1=1641690.0524  spot_bright_Tm9_r1=54187.0409  spot_bright_L3_r0=245468.4695]
Final cost = 292413.4342  [spot_bright_L1_r0=24950.3756  spot_bright_L2_r0=131433.3544  spot_bright_L4_r0=228409.4768  spot_bright_L5_r0=70191.8529  spot_bright_Mi1_r0=177117.8881  spot_bright_Tm3_r0=153354.0479  spot_bright_Mi4_r0=326522.6336  spot_bright_Mi9_r0=350000.6663  spot_bright_Tm1_r0=159123.0434  spot_bright_Tm2_r0=167065.7476  spot_bright_Tm4_r0=95312.9206  spot_bright_Tm9_r0=269288.5227  spot_bright_L1_r1=20427.7351  spot_bright_L2_r1=41460.3662  spot_bright_L3_r1=2688521.5329  spot_bright_L4_r1=170153.2573  spot_bright_L5_r1=17286.0604  spot_bright_Mi1_r1=17694.8558  spot_bright_Tm3_r1=757884.1271  spot_bright_Mi4_r1=713235.8902  spot_bright_Mi9_r1=74029.8692  spot_bright_Tm1_r1=92278.2616  spot_bright_Tm2_r1=154424.5718  spot_bright_Tm4_r1=412394.8029  spot_bright_Tm9_r1=43326.9605  spot_bright_L3_r0=246860.4691]
Best  cost = 292413.4342  [spot_bright_L1_r0=24950.3756  spot_bright_L2_r0=131433.3544  spot_bright_L4_r0=228409.4768  spot_bright_L5_r0=70191.8529  spot_bright_Mi1_r0=177117.8881  spot_bright_Tm3_r0=153354.0479  spot_bright_Mi4_r0=326522.6336  spot_bright_Mi9_r0=350000.6663  spot_bright_Tm1_r0=159123.0434  spot_bright_Tm2_r0=167065.7476  spot_bright_Tm4_r0=95312.9206  spot_bright_Tm9_r0=269288.5227  spot_bright_L1_r1=20427.7351  spot_bright_L2_r1=41460.3662  spot_bright_L3_r1=2688521.5329  spot_bright_L4_r1=170153.2573  spot_bright_L5_r1=17286.0604  spot_bright_Mi1_r1=17694.8558  spot_bright_Tm3_r1=757884.1271  spot_bright_Mi4_r1=713235.8902  spot_bright_Mi9_r1=74029.8692  spot_bright_Tm1_r1=92278.2616  spot_bright_Tm2_r1=154424.5718  spot_bright_Tm4_r1=412394.8029  spot_bright_Tm9_r1=43326.9605  spot_bright_L3_r0=246860.4691]
time needed  = 5.48  sec

done in 0.00 hours
wrote /home/yitai/drosophila_vision/vision/simulation/0_runs/borst/28885302-run-nofsteps-10-a-h-init.L1,L2,L4,L5-0.5-e-leak-init.L1,L2--20-task-spot_bright-model-borst/data/best_adam.npz (best run #0)
wrote table: /home/yitai/drosophila_vision/vision/simulation/0_runs/borst/28885302-run-nofsteps-10-a-h-init.L1,L2,L4,L5-0.5-e-leak-init.L1,L2--20-task-spot_bright-model-borst/param.csv (best run #0, cost=292413.4342)
wrote table: /home/yitai/drosophila_vision/vision/simulation/0_runs/borst/28885302-run-nofsteps-10-a-h-init.L1,L2,L4,L5-0.5-e-leak-init.L1,L2--20-task-spot_bright-model-borst/syn_strength_cell.csv
plot device=cuda (NVIDIA H100 80GB HBM3)
1 trained set(s); costs min=292413.4342 max=292413.4342; selected #0 (from saved final costs)
/home/yitai/drosophila_vision/vision/simulation/5_figure/1_util.py:1009: UserWarning: This figure includes Axes that are not compatible with tight_layout, so results might be incorrect.
  fig.tight_layout()
plot /home/yitai/drosophila_vision/vision/simulation/0_runs/borst/28885302-run-nofsteps-10-a-h-init.L1,L2,L4,L5-0.5-e-leak-init.L1,L2--20-task-spot_bright-model-borst/cost_curve.png: draw=0.2s  save=0.5s  total=0.7s
plot /home/yitai/drosophila_vision/vision/simulation/0_runs/borst/28885302-run-nofsteps-10-a-h-init.L1,L2,L4,L5-0.5-e-leak-init.L1,L2--20-task-spot_bright-model-borst/spot_gt_v.png: prep=0.3s  draw=0.4s  save=1.3s  total=2.0s
plot /home/yitai/drosophila_vision/vision/simulation/0_runs/borst/28885302-run-nofsteps-10-a-h-init.L1,L2,L4,L5-0.5-e-leak-init.L1,L2--20-task-spot_bright-model-borst/spot_all_v.png: prep=0.0s  draw=1.5s  save=5.2s  total=6.7s
plots saved to /home/yitai/drosophila_vision/vision/simulation/0_runs/borst/28885302-run-nofsteps-10-a-h-init.L1,L2,L4,L5-0.5-e-leak-init.L1,L2--20-task-spot_bright-model-borst
