Job ID: 28912841
Node:   spartan-gpgpu006
GPU:    0
GPU 0: NVIDIA L40S (UUID: GPU-0c1dd129-6358-18b5-b3ba-6a68dc3b23a2)
cuda: True NVIDIA L40S
Start:  Sat 08 Aug 2026 03:46:30 AEST
==== param_defaults ====
{'DEFAULT_RUN_NAME': '28898905-run-nofsteps-500-a-h-init.L1,L2,L4,L5-0.5-e-leak-init.L1,L2--20-task-spot_bright-model-borst',
 'DEFAULT_RUN_PATH': 'borst/28898905-run-nofsteps-500-a-h-init.L1,L2,L4,L5-0.5-e-leak-init.L1,L2--20-task-spot_bright-model-borst',
 'DELTA_MS': 1.0,
 'DELTA_MS_PRE': 1.0,
 'CAP': 40.0,
 'G_LEAK': 1.0,
 'E_EXC': 10.0,
 'E_INH': -70.0,
 'E_H': 50.0,
 'H_G_MAX': 100.0,
 'CA_TAU': 50.0,
 'DATA_AMP': 20.0,
 'STATE_CLAMP': 1000000.0,
 'SYN_SCALE_EXC': 0.001,
 'SYN_SCALE_INH': 0.001,
 'I_H_REV': 'off',
 'EULER': 'im',
 'GAIN_LO': 0.1,
 'GAIN_HI': 10.0,
 'H_CELLS': ('L1', 'L2', 'L4', 'L5'),
 'PARAM_BOXES': {'a_gt': {'lo': 0.1, 'hi': 10.0, 'init': 1.0, 'jit': 0.1, 'train_mode': 'indi'},
                 'bias_gt': {'lo': -50.0, 'hi': 50.0, 'init': 0.0, 'jit': 1.0, 'train_mode': 'indi'},
                 'syn_strength_cell': {'lo': 0.1, 'hi': 10.0, 'init': 1.0, 'jit': 0.1, 'train_mode': 'indi'},
                 'syn_strength_edge': {'lo': 0.1, 'hi': 10.0, 'init': 1.0, 'jit': 0.1, 'train_mode': 'indi'},
                 'a_in': {'lo': 0.01, 'hi': 100, 'init': 1.0, 'jit': 0.1, 'train_mode': 'shared'},
                 'a_out': {'lo': 0.1, 'hi': 10.0, 'init': 1.0, 'jit': 0.1, 'train_mode': 'indi'},
                 'e_leak': {'lo': -50.0, 'hi': 50.0, 'init': -50.0, 'jit': 1.0, 'train_mode': 'fixed'},
                 'v_th': {'lo': -100.0, 'hi': -100.0, 'init': -50.0, 'jit': 0.0, 'train_mode': 'fixed'},
                 'tau_lp': {'lo': 10.0, 'hi': 100.0, 'init': 10.0, 'jit': 2.0, 'train_mode': 'fixed'},
                 'tau_hp': {'lo': 100.0, 'hi': 500.0, 'init': 200.0, 'jit': 20.0, 'train_mode': 'shared'},
                 'a_h': {'lo': 0.0, 'hi': 1.0, 'init': 0, 'jit': 0.1, 'train_mode': 'indi_named'},
                 'v_mid_h_g': {'lo': -70.0, 'hi': -30.0, 'init': -50.0, 'jit': 5.0, 'train_mode': 'shared'},
                 'v_mid_h_tau': {'lo': -70.0, 'hi': -40.0, 'init': -50.0, 'jit': 5.0, 'train_mode': 'shared'},
                 'h_slope': {'lo': -0.4, 'hi': -0.2, 'init': -0.25, 'jit': 0.02, 'train_mode': 'shared'},
                 'a_h_rev': {'lo': 0.0, 'hi': 1.0, 'init': 0.5, 'jit': 0.1, 'train_mode': 'indi_named'},
                 'v_mid_h_g_rev': {'lo': -70.0, 'hi': -30.0, 'init': -50.0, 'jit': 5.0, 'train_mode': 'shared'},
                 'v_mid_h_tau_rev': {'lo': -70.0, 'hi': -40.0, 'init': -50.0, 'jit': 5.0, 'train_mode': 'shared'},
                 'h_slope_rev': {'lo': -0.4, 'hi': -0.2, 'init': -0.25, 'jit': 0.02, 'train_mode': 'shared'},
                 'a_sti_r': {'lo': 0.0, 'hi': 1.0, 'init': 0.0, 'jit': 0.05, 'train_mode': 'fixed'}},
 'MODEL': 'hp_lp',
 'SYN_MODE': 'per_cell',
 'PRE_GRAD': True,
 'NETWORK': 'right_min_neuron1_extent10',
 'I_BASELINE': 20.0,
 'I_BRIGHT': 40.0,
 'I_DARK': 0.0,
 'MS_PRE': 10.0,
 'MS_SPOT': 50.0,
 'MS_RESPONSE': 120.0,
 'MS_POST': 0.0,
 'SPOT_EXTENT': 1.0,
 'SPOT_EXTENTS': (0.5, 1.0, 1.5, 2.0),
 'FULLY_INSIDE': True,
 'MULTI_SPOT': True,
 'SHIFT_EXTENT': 1.0,
 'SPOT_COST_RADII': (0.0, 1.0, 1.7320508075688772, 2.0),
 'SPOT_STI_RADII': (1.0, 1.7320508075688772, 2.0),
 'SPOT_COST_RADIUS_WEIGHT': {0.0: 1.0, 1.0: 0.3333333333333333, 2.0: 0.3333333333333333},
 'SPOT_COST_RADIUS_WEIGHT_EXTENT1': {0.0: 1.0, 1.0: 0},
 'SPOT_COST_RADIUS_KEY_ALIASES': {'sqrt3': 1.7320508075688772},
 'MULTI_BAR': True,
 'TASK': 'spot_bright',
 'COST_NORM': 'a_gt2',
 'COST_INTERVAL_MS': 5.0,
 'BIAS_GT_FROM_V_ONSET': True,
 'BIAS_GT_FROM_V_ONSET_GRAD': True,
 'PRE_STEADY': 'solve',
 'PRE_STEADY_ITERS': 50,
 'PRE_STEADY_DAMP': 0.1,
 'NOFRUNS': 1,
 'NOFSTEPS_CPU': 0,
 'NOFSTEPS_GPU': 200,
 'LRS': '0.1',
 'CHECKPOINT_INTERVAL': 1000,
 'FP': 64,
 'SEQUENTIAL': False,
 'T_REL_START': -10,
 'T_REL_STOP': 10}
==== end param_defaults ====
train_modes:
  a_gt               indi=56/shared=0/fixed=0/frozen=0 (56)
  bias_gt            indi=0/shared=0/fixed=0/frozen=56 (0)
  syn_strength_cell  indi=1035/shared=0/fixed=0/frozen=0 (1035)
  a_in               indi=0/shared=56/fixed=0/frozen=0 (1)
  a_out              indi=56/shared=0/fixed=0/frozen=0 (56)
  e_leak             indi=56/shared=0/fixed=0/frozen=0 (56)
  v_th               indi=0/shared=0/fixed=56/frozen=0 (0)
  tau_lp             indi=0/shared=0/fixed=56/frozen=0 (0)
  tau_hp             indi=0/shared=56/fixed=0/frozen=0 (1)
  a_h                indi=4/shared=0/fixed=52/frozen=0 (4)
  a_sti_r            indi=0/shared=0/fixed=3/frozen=0 (0)
device=cuda, model=hp_lp, syn_mode=per_cell, euler=implicit, pre_steady=solve, nofruns=1, nofsteps=500, lrs=[0.1], nparams=1209, fname=training_hp_lp.npy, outdir=/home/yitai/drosophila_vision/vision/simulation/0_runs/hp_lp/28912841-run-nofsteps-500-e-leak-indi-all-init-from-borst-28898905-run-nofsteps-500-a-h-init.L1,L2,L4,L5-0.5-e-leak-init.L1,L2--20-task-spot_bright-model-borst
checkpoint_interval=1000
from '/home/yitai/drosophila_vision/vision/simulation/0_runs/borst/28898905-run-nofsteps-500-a-h-init.L1,L2,L4,L5-0.5-e-leak-init.L1,L2--20-task-spot_bright-model-borst' -> '/home/yitai/drosophila_vision/vision/simulation/0_runs/borst/28898905-run-nofsteps-500-a-h-init.L1,L2,L4,L5-0.5-e-leak-init.L1,L2--20-task-spot_bright-model-borst/data/best_param.npz' + '/home/yitai/drosophila_vision/vision/simulation/0_runs/borst/28898905-run-nofsteps-500-a-h-init.L1,L2,L4,L5-0.5-e-leak-init.L1,L2--20-task-spot_bright-model-borst/data/best_adam.npz' (1209 trainable slots, adam_step=497)

round 0

  0%|          | 0/500 [00:00<?, ?it/s] Cost: 2017444.6039  [spot_bright_L1_r0=1022327.9935  spot_bright_L2_r0=2106616.8513  spot_bright_L4_r0=431064.5363  spot_bright_L5_r0=1806597.5905  spot_bright_Mi1_r0=903973.9866  spot_bright_Tm3_r0=13705823.6135  spot_bright_Mi4_r0=497693.7790  spot_bright_Mi9_r0=662771.9832  spot_bright_Tm1_r0=317796.2309  spot_bright_Tm2_r0=1867817.1534  spot_bright_Tm4_r0=1802484.4773  spot_bright_Tm9_r0=863327.9055  spot_bright_L3_r0=238483.7496]  2%|▏         | 10/500 [00:01<01:14,  6.61it/s] Cost: 631970.9939  [spot_bright_L1_r0=411225.7916  spot_bright_L2_r0=690426.9385  spot_bright_L4_r0=596284.3748  spot_bright_L5_r0=633213.1046  spot_bright_Mi1_r0=770345.1128  spot_bright_Tm3_r0=1030273.0840  spot_bright_Mi4_r0=478798.7479  spot_bright_Mi9_r0=676075.9623  spot_bright_Tm1_r0=607940.8081  spot_bright_Tm2_r0=719655.5488  spot_bright_Tm4_r0=611760.6495  spot_bright_Tm9_r0=867544.6412  spot_bright_L3_r0=122078.1571]:   4%|▍         | 20/500 [00:02<01:10,  6.85it/s] Cost: 590307.2781  [spot_bright_L1_r0=201876.6424  spot_bright_L2_r0=598833.2653  spot_bright_L4_r0=595462.4452  spot_bright_L5_r0=645274.7359  spot_bright_Mi1_r0=775167.4411  spot_bright_Tm3_r0=1041228.0541  spot_bright_Mi4_r0=481092.7793  spot_bright_Mi9_r0=416254.1697  spot_bright_Tm1_r0=611949.4517  spot_bright_Tm2_r0=720838.1165  spot_bright_Tm4_r0=612638.4107  spot_bright_Tm9_r0=858764.1713  spot_bright_L3_r0=114614.9320]:   6%|▌         | 30/500 [00:04<01:08,  6.87it/s] Cost: 569554.0939  [spot_bright_L1_r0=197942.9954  spot_bright_L2_r0=410209.8370  spot_bright_L4_r0=585833.6073  spot_bright_L5_r0=645809.6056  spot_bright_Mi1_r0=775542.7589  spot_bright_Tm3_r0=1041413.4165  spot_bright_Mi4_r0=481480.6378  spot_bright_Mi9_r0=371373.8919  spot_bright_Tm1_r0=601045.2722  spot_bright_Tm2_r0=719602.1688  spot_bright_Tm4_r0=608497.9148  spot_bright_Tm9_r0=830707.7088  spot_bright_L3_r0=134743.4056]:   8%|▊         | 40/500 [00:05<01:06,  6.90it/s] Cost: 501166.2294  [spot_bright_L1_r0=185056.5749  spot_bright_L2_r0=241147.6354  spot_bright_L4_r0=587103.9248  spot_bright_L5_r0=645409.2551  spot_bright_Mi1_r0=775599.3683  spot_bright_Tm3_r0=1041080.7764  spot_bright_Mi4_r0=481754.6052  spot_bright_Mi9_r0=286094.8213  spot_bright_Tm1_r0=595894.7456  spot_bright_Tm2_r0=717625.1014  spot_bright_Tm4_r0=608338.3077  spot_bright_Tm9_r0=231021.9740  spot_bright_L3_r0=119033.8915]:  10%|█         | 50/500 [00:07<01:05,  6.92it/s] Cost: 485071.0275  [spot_bright_L1_r0=180480.0104  spot_bright_L2_r0=219541.1495  spot_bright_L4_r0=565766.2276  spot_bright_L5_r0=645626.0285  spot_bright_Mi1_r0=775240.6751  spot_bright_Tm3_r0=1040670.9589  spot_bright_Mi4_r0=481330.1849  spot_bright_Mi9_r0=188004.2057  spot_bright_Tm1_r0=554698.5121  spot_bright_Tm2_r0=710354.7685  spot_bright_Tm4_r0=599228.8558  spot_bright_Tm9_r0=230950.0731  spot_bright_L3_r0=114031.7075]:  12%|█▏        | 60/500 [00:08<01:03,  6.98it/s] Cost: 441394.9432  [spot_bright_L1_r0=175025.1750  spot_bright_L2_r0=295601.5313  spot_bright_L4_r0=335218.3414  spot_bright_L5_r0=650789.6165  spot_bright_Mi1_r0=776705.4057  spot_bright_Tm3_r0=1041474.3267  spot_bright_Mi4_r0=482137.1624  spot_bright_Mi9_r0=172247.1855  spot_bright_Tm1_r0=286945.5894  spot_bright_Tm2_r0=665269.2562  spot_bright_Tm4_r0=515886.6983  spot_bright_Tm9_r0=228900.2113  spot_bright_L3_r0=111933.7620]:  14%|█▍        | 70/500 [00:10<01:01,  6.99it/s] Cost: 394587.6793  [spot_bright_L1_r0=169789.0178  spot_bright_L2_r0=311253.5576  spot_bright_L4_r0=251773.3610  spot_bright_L5_r0=651183.6886  spot_bright_Mi1_r0=777020.0303  spot_bright_Tm3_r0=1039314.4765  spot_bright_Mi4_r0=482992.2893  spot_bright_Mi9_r0=160199.9527  spot_bright_Tm1_r0=121392.5420  spot_bright_Tm2_r0=457596.6714  spot_bright_Tm4_r0=371516.4220  spot_bright_Tm9_r0=225739.0157  spot_bright_L3_r0=109868.8063]:  16%|█▌        | 80/500 [00:11<01:00,  6.99it/s] Cost: 360552.3824  [spot_bright_L1_r0=180207.0901  spot_bright_L2_r0=281549.9591  spot_bright_L4_r0=209736.5596  spot_bright_L5_r0=629646.8776  spot_bright_Mi1_r0=759341.4400  spot_bright_Tm3_r0=1014798.9148  spot_bright_Mi4_r0=478021.5653  spot_bright_Mi9_r0=139936.7687  spot_bright_Tm1_r0=78938.4929  spot_bright_Tm2_r0=295503.5130  spot_bright_Tm4_r0=288131.8294  spot_bright_Tm9_r0=221408.1620  spot_bright_L3_r0=109959.7983]:  