Job ID: 29047936
Node:   spartan-gpgpu015
GPU:    0
GPU 0: NVIDIA H100 80GB HBM3 (UUID: GPU-479f43a0-7854-0baf-2e50-ef87ecdd98f8)
cuda: True NVIDIA H100 80GB HBM3
Start:  Tue 11 Aug 2026 00:53:11 AEST
==== param_defaults ====
{'DEFAULT_RUN_NAME': '29008568-run-nofsteps-500-a-h-init.L1,L2,L4,L5-0.5-e-leak-init.L1,L2,L3-0-task-spot',
 'DEFAULT_RUN_PATH': 'hp_lp/29008568-run-nofsteps-500-a-h-init.L1,L2,L4,L5-0.5-e-leak-init.L1,L2,L3-0-task-spot',
 'DELTA_MS': 1.0,
 'DELTA_MS_PRE': 1.0,
 'CAP': 40.0,
 'G_LEAK': 1.0,
 'E_EXC': 10.0,
 'E_INH': -70.0,
 'E_H': 50.0,
 'H_G_MAX': 100.0,
 'DATA_AMP': 20.0,
 'STATE_CLAMP': 1000000.0,
 'SYN_SCALE_EXC': 0.001,
 'SYN_SCALE_INH': 0.001,
 'I_H_REV': 'off',
 'EULER': 'im',
 'GAIN_LO': 0.1,
 'GAIN_HI': 10.0,
 'H_CELLS': ('L1', 'L2', 'L4', 'L5'),
 'PARAM_BOXES': {'a_gt': {'lo': 0.5, 'hi': 2.0, 'init': 1.0, 'jit': 0.1, 'train_mode': 'indi'},
                 'bias_gt': {'lo': -50.0, 'hi': 50.0, 'init': 0.0, 'jit': 1.0, 'train_mode': 'indi'},
                 'syn_strength_cell': {'lo': 0.1, 'hi': 10.0, 'init': 1.0, 'jit': 0.1, 'train_mode': 'indi'},
                 'syn_strength_edge': {'lo': 0.1, 'hi': 10.0, 'init': 1.0, 'jit': 0.1, 'train_mode': 'indi'},
                 'a_in': {'lo': 0.01, 'hi': 100, 'init': 1.0, 'jit': 0.1, 'train_mode': 'shared'},
                 'a_out': {'lo': 0.1, 'hi': 10.0, 'init': 1.0, 'jit': 0.1, 'train_mode': 'indi'},
                 'e_leak': {'lo': -50.0, 'hi': 50.0, 'init': 0.0, 'jit': 1.0, 'train_mode': 'indi'},
                 'v_th': {'lo': -100.0, 'hi': -100.0, 'init': -50.0, 'jit': 0.0, 'train_mode': 'indi'},
                 'v_th_ca': {'lo': -100.0, 'hi': -100.0, 'init': -50.0, 'jit': 0.0, 'train_mode': 'indi'},
                 'a_ca': {'lo': 0.1, 'hi': 10.0, 'init': 1.0, 'jit': 0.1, 'train_mode': 'indi'},
                 'tau_ca': {'lo': 100.0, 'hi': 1000.0, 'init': 350.0, 'jit': 5.0, 'train_mode': 'indi'},
                 'tau_lp': {'lo': 10.0, 'hi': 100.0, 'init': 10.0, 'jit': 2.0, 'train_mode': 'fixed'},
                 'tau_hp': {'lo': 100.0, 'hi': 500.0, 'init': 200.0, 'jit': 20.0, 'train_mode': 'shared'},
                 'a_h': {'lo': 0.0, 'hi': 1.0, 'init': 0, 'jit': 0.1, 'train_mode': 'indi_named'},
                 'v_mid_h_g': {'lo': -70.0, 'hi': -30.0, 'init': -50.0, 'jit': 5.0, 'train_mode': 'shared'},
                 'v_mid_h_tau': {'lo': -70.0, 'hi': -40.0, 'init': -50.0, 'jit': 5.0, 'train_mode': 'shared'},
                 'h_slope': {'lo': -0.4, 'hi': -0.2, 'init': -0.25, 'jit': 0.02, 'train_mode': 'shared'},
                 'a_h_rev': {'lo': 0.0, 'hi': 1.0, 'init': 0.5, 'jit': 0.1, 'train_mode': 'indi_named'},
                 'v_mid_h_g_rev': {'lo': -70.0, 'hi': -30.0, 'init': -50.0, 'jit': 5.0, 'train_mode': 'shared'},
                 'v_mid_h_tau_rev': {'lo': -70.0, 'hi': -40.0, 'init': -50.0, 'jit': 5.0, 'train_mode': 'shared'},
                 'h_slope_rev': {'lo': -0.4, 'hi': -0.2, 'init': -0.25, 'jit': 0.02, 'train_mode': 'shared'},
                 'a_sti_radius': {'lo': 0.0, 'hi': 1.0, 'init': 0.0, 'jit': 0.05, 'train_mode': 'indi'}},
 'MODEL': 'hp_lp',
 'SYN_MODE': 'per_cell',
 'PRE_GRAD': True,
 'NETWORK': 'right_min_neuron1_extent10',
 'I_BASELINE': 20.0,
 'I_BRIGHT': 40.0,
 'I_DARK': 0.0,
 'MS_PRE': 10.0,
 'MS_SPOT': 50.0,
 'MS_SPOT_CA': 25.0,
 'MS_RESPONSE': 400.0,
 'MS_POST': 0.0,
 'SPOT_EXTENT': 1.0,
 'SPOT_EXTENTS': (0.5, 1.0, 1.5, 2.0),
 'FULLY_INSIDE': True,
 'MULTI_SPOT': True,
 'SHIFT_EXTENT': 1.0,
 'FILTER': 'none',
 'SPOT_COST_RADII': (0.0, 1.0, 1.7320508075688772, 2.0),
 'SPOT_STI_RADII': (1.0, 1.7320508075688772, 2.0),
 'SPOT_COST_RADIUS_WEIGHT': {0.0: 1.0, 1.0: 0.3333333333333333, 2.0: 0.3333333333333333},
 'SPOT_COST_RADIUS_WEIGHT_EXTENT1': {0.0: 1.0, 1.0: 2},
 'SPOT_COST_RADIUS_KEY_ALIASES': {'sqrt3': 1.7320508075688772},
 'MULTI_BAR': True,
 'TASK': 'spot_bright',
 'COST_NORM': 'a_gt2',
 'COST_INTERVAL_MS': 10.0,
 'COST_MS': {1.0: (0.0, 25.0)},
 'BIAS_GT_FROM_V_ONSET': True,
 'BIAS_GT_FROM_V_ONSET_GRAD': True,
 'V_TH_CA_FROM_V_TH': True,
 'PRE_STEADY': 'solve',
 'PRE_STEADY_ITERS': 50,
 'PRE_STEADY_DAMP': 0.1,
 'NOFRUNS': 1,
 'NOFSTEPS_CPU': 0,
 'NOFSTEPS_GPU': 200,
 'LRS': '0.1',
 'CHECKPOINT_INTERVAL': 1000,
 'FP': 32,
 'SEQUENTIAL': False,
 'T_REL_START': -10,
 'T_REL_STOP': 10}
==== end param_defaults ====
train_modes:
  a_gt               indi=56/shared=0/fixed=0/frozen=0 (56)
  bias_gt            indi=0/shared=0/fixed=0/frozen=56 (0)
  syn_strength_cell  indi=1035/shared=0/fixed=0/frozen=0 (1035)
  a_in               indi=0/shared=56/fixed=0/frozen=0 (1)
  a_out              indi=56/shared=0/fixed=0/frozen=0 (56)
  e_leak             indi=56/shared=0/fixed=0/frozen=0 (56)
  v_th               indi=56/shared=0/fixed=0/frozen=0 (56)
  v_th_ca            indi=0/shared=0/fixed=0/frozen=56 (0)
  a_ca               indi=56/shared=0/fixed=0/frozen=0 (56)
  tau_ca             indi=56/shared=0/fixed=0/frozen=0 (56)
  tau_lp             indi=0/shared=0/fixed=56/frozen=0 (0)
  tau_hp             indi=0/shared=56/fixed=0/frozen=0 (1)
  a_h                indi=4/shared=0/fixed=52/frozen=0 (4)
  a_sti_radius       indi=3/shared=0/fixed=0/frozen=0 (3)
device=cuda, model=hp_lp, syn_mode=per_cell, euler=implicit, pre_steady=solve, nofruns=1, nofsteps=100, lrs=[0.1], nparams=1380, fname=training_hp_lp.npy, outdir=/home/yitai/drosophila_vision/vision/simulation/0_runs/hp_lp/29047936-run-nofsteps-100-a-h-init.L1,L2,L4,L5-0.5-filter-ca
checkpoint_interval=1000

round 0

  0%|          | 0/100 [00:00<?, ?it/s] Cost: 661081.2500  [spot_bright_L1_r0=1509493.2500  spot_bright_L2_r0=1503316.6250  spot_bright_L4_r0=1357194.8750  spot_bright_L5_r0=1396999.7500  spot_bright_Mi1_r0=1633203.8750  spot_bright_Tm3_r0=1175977.3750  spot_bright_Mi4_r0=1180761.2500  spot_bright_Mi9_r0=975471.9375  spot_bright_Tm1_r0=736071.4375  spot_bright_Tm2_r0=839950.2500  spot_bright_Tm4_r0=1145810.0000  spot_bright_Tm9_r0=1691586.0000  spot_bright_L1_r1=1729.7391  spot_bright_L2_r1=60.3452  spot_bright_L3_r1=247.4947  spot_bright_L4_r1=7071.0459  spot_bright_L5_r1=858.4605  spot_bright_Mi1_r1=186.4469  spot_bright_Tm3_r1=29723.2910  spot_bright_Mi4_r1=73879.9141  spot_bright_Mi9_r1=164337.8906  spot_bright_Tm1_r1=304569.3750  spot_bright_Tm2_r1=77024.9297  spot_bright_Tm4_r1=26193.0410  spot_bright_Tm9_r1=105.8092  spot_bright_L3_r0=1356289.6250] 10%|█         | 10/100 [00:06<00:57,  1.57it/s] Cost: 739887.5625  [spot_bright_L1_r0=1511853.3750  spot_bright_L2_r0=1498062.0000  spot_bright_L4_r0=1296689.3750  spot_bright_L5_r0=1414741.7500  spot_bright_Mi1_r0=1630484.1250  spot_bright_Tm3_r0=1451858.6250  spot_bright_Mi4_r0=1519615.7500  spot_bright_Mi9_r0=1530763.0000  spot_bright_Tm1_r0=1589838.2500  spot_bright_Tm2_r0=1307914.0000  spot_bright_Tm4_r0=1423556.5000  spot_bright_Tm9_r0=1695558.2500  spot_bright_L1_r1=4729.8364  spot_bright_L2_r1=52.8842  spot_bright_L3_r1=2174.3250  spot_bright_L4_r1=12218.2422  spot_bright_L5_r1=99.5096  spot_bright_Mi1_r1=22.2377  spot_bright_Tm3_r1=1519.7487  spot_bright_Mi4_r1=12499.9355  spot_bright_Mi9_r1=9481.4531  spot_bright_Tm1_r1=2.2329  spot_bright_Tm2_r1=2.2597  spot_bright_Tm4_r1=126.9013  spot_bright_Tm9_r1=6.2161  spot_bright_L3_r0=1323206.0000]:    20%|██        | 20/100 [00:12<00:50,  1.57it/s] Cost: 763672.9375  [spot_bright_L1_r0=1528927.3750  spot_bright_L2_r0=1490233.2500  spot_bright_L4_r0=1546017.7500  spot_bright_L5_r0=1418977.7500  spot_bright_Mi1_r0=1632156.1250  spot_bright_Tm3_r0=1513860.1250  spot_bright_Mi4_r0=1712758.8750  spot_bright_Mi9_r0=1639643.6250  spot_bright_Tm1_r0=1589214.7500  spot_bright_Tm2_r0=1307342.8750  spot_bright_Tm4_r0=1430085.3750  spot_bright_Tm9_r0=1696393.2500  spot_bright_L1_r1=7.3334  spot_bright_L2_r1=16.3157  spot_bright_L3_r1=26.5668  spot_bright_L4_r1=2.8418  spot_bright_L5_r1=15.1939  spot_bright_Mi1_r1=8.7912  spot_bright_Tm3_r1=10.8013  spot_bright_Mi4_r1=6.0123  spot_bright_Mi9_r1=9.5276  spot_bright_Tm1_r1=6.5620  spot_bright_Tm2_r1=5.7232  spot_bright_Tm4_r1=0.2940  spot_bright_Tm9_r1=0.8155  spot_bright_L3_r0=1349770.1250]:                       30%|███       | 30/100 [00:18<00:44,  1.58it/s] Cost: 763463.9375  [spot_bright_L1_r0=1525653.2500  spot_bright_L2_r0=1487898.7500  spot_bright_L4_r0=1546011.6250  spot_bright_L5_r0=1419640.2500  spot_bright_Mi1_r0=1632944.5000  spot_bright_Tm3_r0=1514563.8750  spot_bright_Mi4_r0=1712333.0000  spot_bright_Mi9_r0=1639613.6250  spot_bright_Tm1_r0=1589205.0000  spot_bright_Tm2_r0=1307324.3750  spot_bright_Tm4_r0=1430069.2500  spot_bright_Tm9_r0=1696420.8750  spot_bright_L1_r1=2.3336  spot_bright_L2_r1=8.2006  spot_bright_L3_r1=22.0200  spot_bright_L4_r1=2.8398  spot_bright_L5_r1=11.2474  spot_bright_Mi1_r1=4.3610  spot_bright_Tm3_r1=6.0419  spot_bright_Mi4_r1=5.3486  spot_bright_Mi9_r1=8.3640  spot_bright_Tm1_r1=7.6218  spot_bright_Tm2_r1=6.2521  spot_bright_Tm4_r1=0.3526  spot_bright_Tm9_r1=0.8853  spot_bright_L3_r0=1348300.0000]:    40%|████      | 40/100 [00:25<00:37,  1.59it/s] Cost: 763363.0000  [spot_bright_L1_r0=1524395.1250  spot_bright_L2_r0=1487069.8750  spot_bright_L4_r0=1546010.6250  spot_bright_L5_r0=1419619.7500  spot_bright_Mi1_r0=1633048.6250  spot_bright_Tm3_r0=1514638.3750  spot_bright_Mi4_r0=1712225.1250  spot_bright_Mi9_r0=1639614.0000  spot_bright_Tm1_r0=1589201.2500  spot_bright_Tm2_r0=1307321.0000  spot_bright_Tm4_r0=1430065.5000  spot_bright_Tm9_r0=1696419.7500  spot_bright_L1_r1=1.2242  spot_bright_L2_r1=5.9174  spot_bright_L3_r1=20.3552  spot_bright_L4_r1=2.8396  spot_bright_L5_r1=11.3947  spot_bright_Mi1_r1=3.8873  spot_bright_Tm3_r1=5.6678  spot_bright_Mi4_r1=5.2012  spot_bright_Mi9_r1=7.9914  spot_bright_Tm1_r1=7.6627  spot_bright_Tm2_r1=6.2956  spot_bright_Tm4_r1=0.3647  spot_bright_Tm9_r1=0.8882  spot_bright_L3_r0=1347730.8750]:  50%|█████     | 50/100 [00:31<00:31,  1.58it/s] Cost: 763324.7500  [spot_bright_L1_r0=1523890.6250  spot_bright_L2_r0=1486765.3750  spot_bright_L4_r0=1546010.5000  spot_bright_L5_r0=1419610.6250  spot_bright_Mi1_r0=1633049.3750  spot_bright_Tm3_r0=1514641.7500  spot_bright_Mi4_r0=1712223.6250  spot_bright_Mi9_r0=1639612.3750  spot_bright_Tm1_r0=1589199.7500  spot_bright_Tm2_r0=1307319.5000  spot_bright_Tm4_r0=1430063.6250  spot_bright_Tm9_r0=1696419.7500  spot_bright_L1_r1=0.8896  spot_bright_L2_r1=5.0880  spot_bright_L3_r1=19.8605  spot_bright_L4_r1=2.8395  spot_bright_L5_r1=11.4446  spot_bright_Mi1_r1=3.8713  spot_bright_Tm3_r1=5.6514  spot_bright_Mi4_r1=5.1998  spot_bright_Mi9_r1=7.9586  spot_bright_Tm1_r1=7.6789  spot_bright_Tm2_r1=6.3097  spot_bright_Tm4_r1=0.3669  spot_bright_Tm9_r1=0.8893  spot_bright_L3_r0=1347555.2500]:  60%|██████    | 60/100 [00:37<00:25,  1.59it/s] Cost: 763310.1250  [spot_bright_L1_r0=1523676.2500  spot_bright_L2_r0=1486614.5000  spot_bright_L4_r0=1546010.3750  spot_bright_L5_r0=1419606.5000  spot_bright_Mi1_r0=1633047.7500  spot_bright_Tm3_r0=1514642.8750  spot_bright_Mi4_r0=1712223.2500  spot_bright_Mi9_r0=1639612.0000  spot_bright_Tm1_r0=1589199.5000  spot_bright_Tm2_r0=1307319.2500  spot_bright_Tm4_r0=1430063.1250  spot_bright_Tm9_r0=1696420.0000  spot_bright_L1_r1=0.7666  spot_bright_L2_r1=4.7311  spot_bright_L3_r1=19.8537  spot_bright_L4_r1=2.8395  spot_bright_L5_r1=11.4622  spot_bright_Mi1_r1=3.8633  spot_bright_Tm3_r1=5.6438  spot_bright_Mi4_r1=5.1990  spot_bright_Mi9_r1=7.9544  spot_bright_Tm1_r1=7.6852  spot_bright_Tm2_r1=6.3149  spot_bright_Tm4_r1=0.3677  spot_bright_Tm9_r1=0.8896  spot_bright_L3_r0=1347551.7500]:  70%|███████   | 70/100 [00:44<00:18,  1.58it/s] Cost: 763302.1250  [spot_bright_L1_r0=1523570.1250  spot_bright_L2_r0=1486521.7500  spot_bright_L4_r0=1546010.3750  spot_bright_L5_r0=1419603.0000  spot_bright_Mi1_r0=1633045.0000  spot_bright_Tm3_r0=1514642.5000  spot_bright_Mi4_r0=1712222.8750  spot_bright_Mi9_r0=1639611.6250  spot_bright_Tm1_r0=1589199.3750  spot_bright_Tm2_r0=1307319.2500  spot_bright_Tm4_r0=1430062.1250  spot_bright_Tm9_r0=1696419.5000  spot_bright_L1_r1=0.7115  spot_bright_L2_r1=4.5274  spot_bright_L3_r1=19.8506  spot_bright_L4_r1=2.8395  spot_bright_L5_r1=11.4702  spot_bright_Mi1_r1=3.8604  spot_bright_Tm3_r1=5.6408  spot_bright_Mi4_r1=5.1988  spot_bright_Mi9_r1=7.9528  spot_bright_Tm1_r1=7.6876  spot_bright_Tm2_r1=6.3168  spot_bright_Tm4_r1=0.3680  spot_bright_Tm9_r1=0.8898  spot_bright_L3_r0=1347550.5000]:  80%|████████  | 80/100 [00:50<00:12,  1.59it/s] Cost: 763296.5000  [spot_bright_L1_r0=1523507.0000  spot_bright_L2_r0=1486447.8750  spot_bright_L4_r0=1546010.3750  spot_bright_L5_r0=1419599.3750  spot_bright_Mi1_r0=1633041.2500  spot_bright_Tm3_r0=1514641.7500  spot_bright_Mi4_r0=1712222.6250  spot_bright_Mi9_r0=1639611.2500  spot_bright_Tm1_r0=1589199.2500  spot_bright_Tm2_r0=1307319.2500  spot_bright_Tm4_r0=1430062.3750  spot_bright_Tm9_r0=1696419.3750  spot_bright_L1_r1=0.6799  spot_bright_L2_r1=4.3740  spot_bright_L3_r1=19.8501  spot_bright_L4_r1=2.8396  spot_bright_L5_r1=11.4773  spot_bright_Mi1_r1=3.8630  spot_bright_Tm3_r1=5.6415  spot_bright_Mi4_r1=5.1988  spot_bright_Mi9_r1=7.9523  spot_bright_Tm1_r1=7.6883  spot_bright_Tm2_r1=6.3176  spot_bright_Tm4_r1=0.3681  spot_bright_Tm9_r1=0.8898  spot_bright_L3_r0=1347550.0000]:  90%|█████████ | 90/100 [00:56<00:06,  1.59it/s] Cost: 763291.0000  [spot_bright_L1_r0=1523456.5000  spot_bright_L2_r0=1486370.2500  spot_bright_L4_r0=1546010.3750  spot_bright_L5_r0=1419595.6250  spot_bright_Mi1_r0=1633033.0000  spot_bright_Tm3_r0=1514640.6250  spot_bright_Mi4_r0=1712222.6250  spot_bright_Mi9_r0=1639610.8750  spot_bright_Tm1_r0=1589199.1250  spot_bright_Tm2_r0=1307319.3750  spot_bright_Tm4_r0=1430062.1250  spot_bright_Tm9_r0=1696419.3750  spot_bright_L1_r1=0.6560  spot_bright_L2_r1=4.2420  spot_bright_L3_r1=19.8519  spot_bright_L4_r1=2.8395  spot_bright_L5_r1=11.4855  spot_bright_Mi1_r1=3.8807  spot_bright_Tm3_r1=5.6446  spot_bright_Mi4_r1=5.1990  spot_bright_Mi9_r1=7.9522  spot_bright_Tm1_r1=7.6882  spot_bright_Tm2_r1=6.3177  spot_bright_Tm4_r1=0.3681  spot_bright_Tm9_r1=0.8899  spot_bright_L3_r0=1347550.3750]: 100%|██████████| 100/100 [01:03<00:00,  1.59it/s] Cost: 763285.6250  [spot_bright_L1_r0=1523411.6250  spot_bright_L2_r0=1486295.0000  spot_bright_L4_r0=1546010.2500  spot_bright_L5_r0=1419589.5000  spot_bright_Mi1_r0=1633020.5000  spot_bright_Tm3_r0=1514638.2500  spot_bright_Mi4_r0=1712223.0000  spot_bright_Mi9_r0=1639611.0000  spot_bright_Tm1_r0=1589199.1250  spot_bright_Tm2_r0=1307319.1250  spot_bright_Tm4_r0=1430061.8750  spot_bright_Tm9_r0=1696419.3750  spot_bright_L1_r1=0.6352  spot_bright_L2_r1=4.0930  spot_bright_L3_r1=19.8553  spot_bright_L4_r1=2.8395  spot_bright_L5_r1=11.5019  spot_bright_Mi1_r1=3.9102  spot_bright_Tm3_r1=5.6515  spot_bright_Mi4_r1=5.1994  spot_bright_Mi9_r1=7.9523  spot_bright_Tm1_r1=7.6875  spot_bright_Tm2_r1=6.3178  spot_bright_Tm4_r1=0.3680  spot_bright_Tm9_r1=0.8899  spot_bright_L3_r0=1347551.1250]: 100%|██████████| 100/100 [01:03<00:00,  1.59it/s] Cost: 763285.6250  [spot_bright_L1_r0=1523411.6250  spot_bright_L2_r0=1486295.0000  spot_bright_L4_r0=1546010.2500  spot_bright_L5_r0=1419589.5000  spot_bright_Mi1_r0=1633020.5000  spot_bright_Tm3_r0=1514638.2500  spot_bright_Mi4_r0=1712223.0000  spot_bright_Mi9_r0=1639611.0000  spot_bright_Tm1_r0=1589199.1250  spot_bright_Tm2_r0=1307319.1250  spot_bright_Tm4_r0=1430061.8750  spot_bright_Tm9_r0=1696419.3750  spot_bright_L1_r1=0.6352  spot_bright_L2_r1=4.0930  spot_bright_L3_r1=19.8553  spot_bright_L4_r1=2.8395  spot_bright_L5_r1=11.5019  spot_bright_Mi1_r1=3.9102  spot_bright_Tm3_r1=5.6515  spot_bright_Mi4_r1=5.1994  spot_bright_Mi9_r1=7.9523  spot_bright_Tm1_r1=7.6875  spot_bright_Tm2_r1=6.3178  spot_bright_Tm4_r1=0.3680  spot_bright_Tm9_r1=0.8899  spot_bright_L3_r0=1347551.1250]: 

Initl cost = 661081.2500  [spot_bright_L1_r0=1509493.2500  spot_bright_L2_r0=1503316.6250  spot_bright_L4_r0=1357194.8750  spot_bright_L5_r0=1396999.7500  spot_bright_Mi1_r0=1633203.8750  spot_bright_Tm3_r0=1175977.3750  spot_bright_Mi4_r0=1180761.2500  spot_bright_Mi9_r0=975471.9375  spot_bright_Tm1_r0=736071.4375  spot_bright_Tm2_r0=839950.2500  spot_bright_Tm4_r0=1145810.0000  spot_bright_Tm9_r0=1691586.0000  spot_bright_L1_r1=1729.7391  spot_bright_L2_r1=60.3452  spot_bright_L3_r1=247.4947  spot_bright_L4_r1=7071.0459  spot_bright_L5_r1=858.4605  spot_bright_Mi1_r1=186.4469  spot_bright_Tm3_r1=29723.2910  spot_bright_Mi4_r1=73879.9141  spot_bright_Mi9_r1=164337.8906  spot_bright_Tm1_r1=304569.3750  spot_bright_Tm2_r1=77024.9297  spot_bright_Tm4_r1=26193.0410  spot_bright_Tm9_r1=105.8092  spot_bright_L3_r0=1356289.6250]
Final cost = 763285.1875  [spot_bright_L1_r0=1523408.0000  spot_bright_L2_r0=1486288.0000  spot_bright_L4_r0=1546010.2500  spot_bright_L5_r0=1419589.2500  spot_bright_Mi1_r0=1633019.6250  spot_bright_Tm3_r0=1514637.8750  spot_bright_Mi4_r0=1712222.8750  spot_bright_Mi9_r0=1639611.1250  spot_bright_Tm1_r0=1589199.0000  spot_bright_Tm2_r0=1307319.2500  spot_bright_Tm4_r0=1430061.8750  spot_bright_Tm9_r0=1696419.1250  spot_bright_L1_r1=0.6330  spot_bright_L2_r1=4.0778  spot_bright_L3_r1=19.8556  spot_bright_L4_r1=2.8395  spot_bright_L5_r1=11.5037  spot_bright_Mi1_r1=3.9132  spot_bright_Tm3_r1=5.6522  spot_bright_Mi4_r1=5.1994  spot_bright_Mi9_r1=7.9523  spot_bright_Tm1_r1=7.6875  spot_bright_Tm2_r1=6.3177  spot_bright_Tm4_r1=0.3680  spot_bright_Tm9_r1=0.8899  spot_bright_L3_r0=1347551.2500]
Best  cost = 625270.9375  [spot_bright_L1_r0=1425124.1250  spot_bright_L2_r0=1498731.8750  spot_bright_L4_r0=716167.7500  spot_bright_L5_r0=688140.0625  spot_bright_Mi1_r0=1630169.7500  spot_bright_Tm3_r0=617097.0000  spot_bright_Mi4_r0=689362.6875  spot_bright_Mi9_r0=784845.2500  spot_bright_Tm1_r0=1584657.6250  spot_bright_Tm2_r0=547175.6250  spot_bright_Tm4_r0=650539.6250  spot_bright_Tm9_r0=743287.3125  spot_bright_L1_r1=58570.7930  spot_bright_L2_r1=56.2844  spot_bright_L3_r1=97121.4922  spot_bright_L4_r1=717669.1875  spot_bright_L5_r1=286792.0312  spot_bright_Mi1_r1=31.1027  spot_bright_Tm3_r1=450323.7188  spot_bright_Mi4_r1=595080.3750  spot_bright_Mi9_r1=498086.0312  spot_bright_Tm1_r1=333.0139  spot_bright_Tm2_r1=321812.5625  spot_bright_Tm4_r1=254576.8906  spot_bright_Tm9_r1=305363.6875  spot_bright_L3_r0=1095926.6250]
time needed  = 66.79  sec

done in 0.02 hours
wrote /home/yitai/drosophila_vision/vision/simulation/0_runs/hp_lp/29047936-run-nofsteps-100-a-h-init.L1,L2,L4,L5-0.5-filter-ca/data/best_adam.npz (best run #0)
wrote table: /home/yitai/drosophila_vision/vision/simulation/0_runs/hp_lp/29047936-run-nofsteps-100-a-h-init.L1,L2,L4,L5-0.5-filter-ca/param.csv (best run #0, cost=625270.9375)
wrote table: /home/yitai/drosophila_vision/vision/simulation/0_runs/hp_lp/29047936-run-nofsteps-100-a-h-init.L1,L2,L4,L5-0.5-filter-ca/syn_strength_cell.csv
plot device=cuda (NVIDIA H100 80GB HBM3)
1 trained set(s); costs min=625270.9375 max=625270.9375; selected #0 (from saved final costs)
/home/yitai/drosophila_vision/vision/simulation/5_figure/1_util.py:1040: UserWarning: This figure includes Axes that are not compatible with tight_layout, so results might be incorrect.
  fig.tight_layout()
plot /home/yitai/drosophila_vision/vision/simulation/0_runs/hp_lp/29047936-run-nofsteps-100-a-h-init.L1,L2,L4,L5-0.5-filter-ca/cost_curve.png: prep=0.0s  draw=0.3s  save=1.2s  total=1.4s
plot /home/yitai/drosophila_vision/vision/simulation/0_runs/hp_lp/29047936-run-nofsteps-100-a-h-init.L1,L2,L4,L5-0.5-filter-ca/spot_gt_ca.png: prep=0.4s  draw=0.3s  save=1.3s  total=2.1s
plot /home/yitai/drosophila_vision/vision/simulation/0_runs/hp_lp/29047936-run-nofsteps-100-a-h-init.L1,L2,L4,L5-0.5-filter-ca/spot_all_ca.png: prep=0.0s  draw=1.5s  save=5.3s  total=6.8s
plots saved to /home/yitai/drosophila_vision/vision/simulation/0_runs/hp_lp/29047936-run-nofsteps-100-a-h-init.L1,L2,L4,L5-0.5-filter-ca
