Job ID: 29047931
Node:   spartan-gpgpu123
GPU:    0
GPU 0: NVIDIA A100 80GB PCIe (UUID: GPU-fb880f10-c5e9-5784-373f-5f4f3664989b)
cuda: True NVIDIA A100 80GB PCIe
Start:  Tue 11 Aug 2026 00:55:19 AEST
==== param_defaults ====
{'DEFAULT_RUN_NAME': '29008568-run-nofsteps-500-a-h-init.L1,L2,L4,L5-0.5-e-leak-init.L1,L2,L3-0-task-spot',
 'DEFAULT_RUN_PATH': 'hp_lp/29008568-run-nofsteps-500-a-h-init.L1,L2,L4,L5-0.5-e-leak-init.L1,L2,L3-0-task-spot',
 'DELTA_MS': 1.0,
 'DELTA_MS_PRE': 1.0,
 'CAP': 40.0,
 'G_LEAK': 1.0,
 'E_EXC': 10.0,
 'E_INH': -70.0,
 'E_H': 50.0,
 'H_G_MAX': 100.0,
 'DATA_AMP': 20.0,
 'STATE_CLAMP': 1000000.0,
 'SYN_SCALE_EXC': 0.001,
 'SYN_SCALE_INH': 0.001,
 'I_H_REV': 'off',
 'EULER': 'im',
 'GAIN_LO': 0.1,
 'GAIN_HI': 10.0,
 'H_CELLS': ('L1', 'L2', 'L4', 'L5'),
 'PARAM_BOXES': {'a_gt': {'lo': 0.5, 'hi': 2.0, 'init': 1.0, 'jit': 0.1, 'train_mode': 'indi'},
                 'bias_gt': {'lo': -50.0, 'hi': 50.0, 'init': 0.0, 'jit': 1.0, 'train_mode': 'indi'},
                 'syn_strength_cell': {'lo': 0.1, 'hi': 10.0, 'init': 1.0, 'jit': 0.1, 'train_mode': 'indi'},
                 'syn_strength_edge': {'lo': 0.1, 'hi': 10.0, 'init': 1.0, 'jit': 0.1, 'train_mode': 'indi'},
                 'a_in': {'lo': 0.01, 'hi': 100, 'init': 1.0, 'jit': 0.1, 'train_mode': 'shared'},
                 'a_out': {'lo': 0.1, 'hi': 10.0, 'init': 1.0, 'jit': 0.1, 'train_mode': 'indi'},
                 'e_leak': {'lo': -50.0, 'hi': 50.0, 'init': 0.0, 'jit': 1.0, 'train_mode': 'indi'},
                 'v_th': {'lo': -100.0, 'hi': -100.0, 'init': -50.0, 'jit': 0.0, 'train_mode': 'indi'},
                 'v_th_ca': {'lo': -100.0, 'hi': -100.0, 'init': -50.0, 'jit': 0.0, 'train_mode': 'indi'},
                 'a_ca': {'lo': 0.1, 'hi': 10.0, 'init': 1.0, 'jit': 0.1, 'train_mode': 'indi'},
                 'tau_ca': {'lo': 100.0, 'hi': 1000.0, 'init': 350.0, 'jit': 5.0, 'train_mode': 'indi'},
                 'tau_lp': {'lo': 10.0, 'hi': 100.0, 'init': 10.0, 'jit': 2.0, 'train_mode': 'fixed'},
                 'tau_hp': {'lo': 100.0, 'hi': 500.0, 'init': 200.0, 'jit': 20.0, 'train_mode': 'shared'},
                 'a_h': {'lo': 0.0, 'hi': 1.0, 'init': 0, 'jit': 0.1, 'train_mode': 'indi_named'},
                 'v_mid_h_g': {'lo': -70.0, 'hi': -30.0, 'init': -50.0, 'jit': 5.0, 'train_mode': 'shared'},
                 'v_mid_h_tau': {'lo': -70.0, 'hi': -40.0, 'init': -50.0, 'jit': 5.0, 'train_mode': 'shared'},
                 'h_slope': {'lo': -0.4, 'hi': -0.2, 'init': -0.25, 'jit': 0.02, 'train_mode': 'shared'},
                 'a_h_rev': {'lo': 0.0, 'hi': 1.0, 'init': 0.5, 'jit': 0.1, 'train_mode': 'indi_named'},
                 'v_mid_h_g_rev': {'lo': -70.0, 'hi': -30.0, 'init': -50.0, 'jit': 5.0, 'train_mode': 'shared'},
                 'v_mid_h_tau_rev': {'lo': -70.0, 'hi': -40.0, 'init': -50.0, 'jit': 5.0, 'train_mode': 'shared'},
                 'h_slope_rev': {'lo': -0.4, 'hi': -0.2, 'init': -0.25, 'jit': 0.02, 'train_mode': 'shared'},
                 'a_sti_radius': {'lo': 0.0, 'hi': 1.0, 'init': 0.0, 'jit': 0.05, 'train_mode': 'indi'}},
 'MODEL': 'hp_lp',
 'SYN_MODE': 'per_cell',
 'PRE_GRAD': True,
 'NETWORK': 'right_min_neuron1_extent10',
 'I_BASELINE': 20.0,
 'I_BRIGHT': 40.0,
 'I_DARK': 0.0,
 'MS_PRE': 10.0,
 'MS_SPOT': 50.0,
 'MS_SPOT_CA': 25.0,
 'MS_RESPONSE': 400.0,
 'MS_POST': 0.0,
 'SPOT_EXTENT': 1.0,
 'SPOT_EXTENTS': (0.5, 1.0, 1.5, 2.0),
 'FULLY_INSIDE': True,
 'MULTI_SPOT': True,
 'SHIFT_EXTENT': 1.0,
 'FILTER': 'none',
 'SPOT_COST_RADII': (0.0, 1.0, 1.7320508075688772, 2.0),
 'SPOT_STI_RADII': (1.0, 1.7320508075688772, 2.0),
 'SPOT_COST_RADIUS_WEIGHT': {0.0: 1.0, 1.0: 0.3333333333333333, 2.0: 0.3333333333333333},
 'SPOT_COST_RADIUS_WEIGHT_EXTENT1': {0.0: 1.0, 1.0: 2},
 'SPOT_COST_RADIUS_KEY_ALIASES': {'sqrt3': 1.7320508075688772},
 'MULTI_BAR': True,
 'TASK': 'spot_bright',
 'COST_NORM': 'a_gt2',
 'COST_INTERVAL_MS': 10.0,
 'COST_MS': {1.0: (0.0, 25.0)},
 'BIAS_GT_FROM_V_ONSET': True,
 'BIAS_GT_FROM_V_ONSET_GRAD': True,
 'V_TH_CA_FROM_V_TH': True,
 'PRE_STEADY': 'solve',
 'PRE_STEADY_ITERS': 50,
 'PRE_STEADY_DAMP': 0.1,
 'NOFRUNS': 1,
 'NOFSTEPS_CPU': 0,
 'NOFSTEPS_GPU': 200,
 'LRS': '0.1',
 'CHECKPOINT_INTERVAL': 1000,
 'FP': 32,
 'SEQUENTIAL': False,
 'T_REL_START': -10,
 'T_REL_STOP': 10}
==== end param_defaults ====
train_modes:
  a_gt               indi=56/shared=0/fixed=0/frozen=0 (56)
  bias_gt            indi=0/shared=0/fixed=0/frozen=56 (0)
  syn_strength_cell  indi=1035/shared=0/fixed=0/frozen=0 (1035)
  a_in               indi=0/shared=56/fixed=0/frozen=0 (1)
  a_out              indi=56/shared=0/fixed=0/frozen=0 (56)
  e_leak             indi=56/shared=0/fixed=0/frozen=0 (56)
  v_th               indi=56/shared=0/fixed=0/frozen=0 (56)
  v_th_ca            indi=0/shared=0/fixed=0/frozen=56 (0)
  a_ca               indi=56/shared=0/fixed=0/frozen=0 (56)
  tau_ca             indi=56/shared=0/fixed=0/frozen=0 (56)
  tau_lp             indi=0/shared=0/fixed=56/frozen=0 (0)
  tau_hp             indi=0/shared=56/fixed=0/frozen=0 (1)
  a_h                indi=4/shared=0/fixed=52/frozen=0 (4)
  a_sti_radius       indi=3/shared=0/fixed=0/frozen=0 (3)
device=cuda, model=hp_lp, syn_mode=per_cell, euler=implicit, pre_steady=solve, nofruns=1, nofsteps=100, lrs=[0.1], nparams=1380, fname=training_hp_lp.npy, outdir=/home/yitai/drosophila_vision/vision/simulation/0_runs/hp_lp/29047931-run-nofsteps-100-a-h-init.L1,L2,L4,L5-0.5-filter-ca
checkpoint_interval=1000

round 0

  0%|          | 0/100 [00:00<?, ?it/s] Cost: 665955.6875  [spot_bright_L1_r0=1529757.6250  spot_bright_L2_r0=1498682.7500  spot_bright_L4_r0=1422101.5000  spot_bright_L5_r0=1390852.1250  spot_bright_Mi1_r0=1627556.3750  spot_bright_Tm3_r0=990985.5000  spot_bright_Mi4_r0=1389004.5000  spot_bright_Mi9_r0=1063835.2500  spot_bright_Tm1_r0=1020252.5625  spot_bright_Tm2_r0=753442.1875  spot_bright_Tm4_r0=1112233.0000  spot_bright_Tm9_r0=1695218.7500  spot_bright_L1_r1=8.3008  spot_bright_L2_r1=39.0781  spot_bright_L3_r1=52.3530  spot_bright_L4_r1=3117.1536  spot_bright_L5_r1=1113.9481  spot_bright_Mi1_r1=561.6080  spot_bright_Tm3_r1=73114.6875  spot_bright_Mi4_r1=30305.0156  spot_bright_Mi9_r1=116081.2969  spot_bright_Tm1_r1=90874.8594  spot_bright_Tm2_r1=115269.9531  spot_bright_Tm4_r1=30723.8516  spot_bright_Tm9_r1=23.2462  spot_bright_L3_r0=1359641.6250] 10%|█         | 10/100 [00:10<01:36,  1.07s/it] Cost: 751920.3125  [spot_bright_L1_r0=1518430.5000  spot_bright_L2_r0=1494716.2500  spot_bright_L4_r0=1434120.8750  spot_bright_L5_r0=1418637.0000  spot_bright_Mi1_r0=1622191.5000  spot_bright_Tm3_r0=1475782.0000  spot_bright_Mi4_r0=1657788.2500  spot_bright_Mi9_r0=1556311.0000  spot_bright_Tm1_r0=1579729.7500  spot_bright_Tm2_r0=1306334.8750  spot_bright_Tm4_r0=1421668.5000  spot_bright_Tm9_r0=1696375.6250  spot_bright_L1_r1=1.5410  spot_bright_L2_r1=30.2200  spot_bright_L3_r1=30.7870  spot_bright_L4_r1=2262.2117  spot_bright_L5_r1=165.7782  spot_bright_Mi1_r1=2058.7610  spot_bright_Tm3_r1=2175.0745  spot_bright_Mi4_r1=2191.2815  spot_bright_Mi9_r1=7063.5356  spot_bright_Tm1_r1=532.0562  spot_bright_Tm2_r1=15.5209  spot_bright_Tm4_r1=158.3678  spot_bright_Tm9_r1=0.6101  spot_bright_L3_r0=1351155.2500]:  20%|██        | 20/100 [00:21<01:26,  1.08s/it] Cost: 763374.1875  [spot_bright_L1_r0=1518394.6250  spot_bright_L2_r0=1490058.3750  spot_bright_L4_r0=1546016.6250  spot_bright_L5_r0=1420221.8750  spot_bright_Mi1_r0=1634111.8750  spot_bright_Tm3_r0=1515080.5000  spot_bright_Mi4_r0=1712606.5000  spot_bright_Mi9_r0=1639596.7500  spot_bright_Tm1_r0=1589219.7500  spot_bright_Tm2_r0=1307353.3750  spot_bright_Tm4_r0=1430043.6250  spot_bright_Tm9_r0=1696402.3750  spot_bright_L1_r1=1.3629  spot_bright_L2_r1=12.5770  spot_bright_L3_r1=22.6431  spot_bright_L4_r1=2.8409  spot_bright_L5_r1=3.6815  spot_bright_Mi1_r1=0.2983  spot_bright_Tm3_r1=1.3716  spot_bright_Mi4_r1=5.9534  spot_bright_Mi9_r1=9.1414  spot_bright_Tm1_r1=6.3084  spot_bright_Tm2_r1=5.8163  spot_bright_Tm4_r1=0.3078  spot_bright_Tm9_r1=0.8394  spot_bright_L3_r0=1348549.5000]:                        30%|███       | 30/100 [00:32<01:15,  1.07s/it] Cost: 763251.2500  [spot_bright_L1_r0=1518389.8750  spot_bright_L2_r0=1488077.2500  spot_bright_L4_r0=1546010.8750  spot_bright_L5_r0=1420300.0000  spot_bright_Mi1_r0=1634078.8750  spot_bright_Tm3_r0=1515176.8750  spot_bright_Mi4_r0=1712218.3750  spot_bright_Mi9_r0=1639604.8750  spot_bright_Tm1_r0=1589202.8750  spot_bright_Tm2_r0=1307329.2500  spot_bright_Tm4_r0=1430060.8750  spot_bright_Tm9_r0=1696426.6250  spot_bright_L1_r1=1.3513  spot_bright_L2_r1=6.9678  spot_bright_L3_r1=19.9604  spot_bright_L4_r1=2.8396  spot_bright_L5_r1=5.3673  spot_bright_Mi1_r1=0.0429  spot_bright_Tm3_r1=2.0669  spot_bright_Mi4_r1=5.2538  spot_bright_Mi9_r1=8.2232  spot_bright_Tm1_r1=7.5932  spot_bright_Tm2_r1=6.2810  spot_bright_Tm4_r1=0.3839  spot_bright_Tm9_r1=0.8917  spot_bright_L3_r0=1347589.7500]:   40%|████      | 40/100 [00:42<01:04,  1.07s/it] Cost: 763211.3125  [spot_bright_L1_r0=1518389.7500  spot_bright_L2_r0=1487322.5000  spot_bright_L4_r0=1546010.2500  spot_bright_L5_r0=1420305.6250  spot_bright_Mi1_r0=1634062.1250  spot_bright_Tm3_r0=1515206.1250  spot_bright_Mi4_r0=1712168.1250  spot_bright_Mi9_r0=1639614.0000  spot_bright_Tm1_r0=1589203.8750  spot_bright_Tm2_r0=1307324.1250  spot_bright_Tm4_r0=1430060.2500  spot_bright_Tm9_r0=1696427.1250  spot_bright_L1_r1=1.3522  spot_bright_L2_r1=5.1934  spot_bright_L3_r1=19.2671  spot_bright_L4_r1=2.8394  spot_bright_L5_r1=5.5119  spot_bright_Mi1_r1=0.0977  spot_bright_Tm3_r1=2.3214  spot_bright_Mi4_r1=5.1699  spot_bright_Mi9_r1=7.9183  spot_bright_Tm1_r1=7.8028  spot_bright_Tm2_r1=6.3187  spot_bright_Tm4_r1=0.3899  spot_bright_Tm9_r1=0.8930  spot_bright_L3_r0=1347334.5000]:  50%|█████     | 50/100 [00:53<00:53,  1.07s/it] Cost: 763197.1250  [spot_bright_L1_r0=1518389.7500  spot_bright_L2_r0=1486976.6250  spot_bright_L4_r0=1546010.1250  spot_bright_L5_r0=1420305.3750  spot_bright_Mi1_r0=1634055.2500  spot_bright_Tm3_r0=1515206.8750  spot_bright_Mi4_r0=1712164.5000  spot_bright_Mi9_r0=1639613.5000  spot_bright_Tm1_r0=1589202.8750  spot_bright_Tm2_r0=1307323.0000  spot_bright_Tm4_r0=1430059.6250  spot_bright_Tm9_r0=1696427.2500  spot_bright_L1_r1=1.3524  spot_bright_L2_r1=4.5093  spot_bright_L3_r1=19.2405  spot_bright_L4_r1=2.8395  spot_bright_L5_r1=5.5230  spot_bright_Mi1_r1=0.1394  spot_bright_Tm3_r1=2.3284  spot_bright_Mi4_r1=5.1641  spot_bright_Mi9_r1=7.9136  spot_bright_Tm1_r1=7.8222  spot_bright_Tm2_r1=6.3312  spot_bright_Tm4_r1=0.3910  spot_bright_Tm9_r1=0.8934  spot_bright_L3_r0=1347323.7500]:  60%|██████    | 60/100 [01:04<00:42,  1.07s/it] Cost: 763189.5000  [spot_bright_L1_r0=1518389.7500  spot_bright_L2_r0=1486790.5000  spot_bright_L4_r0=1546010.0000  spot_bright_L5_r0=1420305.1250  spot_bright_Mi1_r0=1634052.6250  spot_bright_Tm3_r0=1515207.3750  spot_bright_Mi4_r0=1712163.2500  spot_bright_Mi9_r0=1639613.2500  spot_bright_Tm1_r0=1589202.3750  spot_bright_Tm2_r0=1307322.5000  spot_bright_Tm4_r0=1430059.3750  spot_bright_Tm9_r0=1696427.6250  spot_bright_L1_r1=1.3526  spot_bright_L2_r1=4.1775  spot_bright_L3_r1=19.2279  spot_bright_L4_r1=2.8394  spot_bright_L5_r1=5.5314  spot_bright_Mi1_r1=0.1584  spot_bright_Tm3_r1=2.3315  spot_bright_Mi4_r1=5.1618  spot_bright_Mi9_r1=7.9111  spot_bright_Tm1_r1=7.8305  spot_bright_Tm2_r1=6.3358  spot_bright_Tm4_r1=0.3916  spot_bright_Tm9_r1=0.8937  spot_bright_L3_r0=1347318.7500]:  70%|███████   | 70/100 [01:15<00:32,  1.07s/it] Cost: 763184.5000  [spot_bright_L1_r0=1518389.7500  spot_bright_L2_r0=1486665.8750  spot_bright_L4_r0=1546010.0000  spot_bright_L5_r0=1420304.8750  spot_bright_Mi1_r0=1634051.0000  spot_bright_Tm3_r0=1515207.3750  spot_bright_Mi4_r0=1712162.0000  spot_bright_Mi9_r0=1639613.5000  spot_bright_Tm1_r0=1589202.2500  spot_bright_Tm2_r0=1307322.3750  spot_bright_Tm4_r0=1430059.3750  spot_bright_Tm9_r0=1696427.7500  spot_bright_L1_r1=1.3526  spot_bright_L2_r1=3.9613  spot_bright_L3_r1=19.2208  spot_bright_L4_r1=2.8394  spot_bright_L5_r1=5.5352  spot_bright_Mi1_r1=0.1662  spot_bright_Tm3_r1=2.3327  spot_bright_Mi4_r1=5.1609  spot_bright_Mi9_r1=7.9101  spot_bright_Tm1_r1=7.8340  spot_bright_Tm2_r1=6.3375  spot_bright_Tm4_r1=0.3919  spot_bright_Tm9_r1=0.8937  spot_bright_L3_r0=1347315.6250]:  80%|████████  | 80/100 [01:25<00:21,  1.07s/it] Cost: 763180.3125  [spot_bright_L1_r0=1518389.7500  spot_bright_L2_r0=1486561.6250  spot_bright_L4_r0=1546010.0000  spot_bright_L5_r0=1420304.1250  spot_bright_Mi1_r0=1634050.1250  spot_bright_Tm3_r0=1515207.2500  spot_bright_Mi4_r0=1712161.6250  spot_bright_Mi9_r0=1639613.7500  spot_bright_Tm1_r0=1589202.1250  spot_bright_Tm2_r0=1307322.2500  spot_bright_Tm4_r0=1430059.8750  spot_bright_Tm9_r0=1696427.3750  spot_bright_L1_r1=1.3525  spot_bright_L2_r1=3.7774  spot_bright_L3_r1=19.2176  spot_bright_L4_r1=2.8394  spot_bright_L5_r1=5.5363  spot_bright_Mi1_r1=0.1691  spot_bright_Tm3_r1=2.3332  spot_bright_Mi4_r1=5.1607  spot_bright_Mi9_r1=7.9096  spot_bright_Tm1_r1=7.8350  spot_bright_Tm2_r1=6.3382  spot_bright_Tm4_r1=0.3919  spot_bright_Tm9_r1=0.8937  spot_bright_L3_r0=1347314.0000]:  90%|█████████ | 90/100 [01:36<00:10,  1.07s/it] Cost: 763176.3125  [spot_bright_L1_r0=1518389.7500  spot_bright_L2_r0=1486459.8750  spot_bright_L4_r0=1546010.0000  spot_bright_L5_r0=1420303.1250  spot_bright_Mi1_r0=1634049.2500  spot_bright_Tm3_r0=1515207.2500  spot_bright_Mi4_r0=1712161.5000  spot_bright_Mi9_r0=1639613.5000  spot_bright_Tm1_r0=1589202.2500  spot_bright_Tm2_r0=1307322.2500  spot_bright_Tm4_r0=1430059.3750  spot_bright_Tm9_r0=1696427.3750  spot_bright_L1_r1=1.3526  spot_bright_L2_r1=3.6089  spot_bright_L3_r1=19.2164  spot_bright_L4_r1=2.8394  spot_bright_L5_r1=5.5360  spot_bright_Mi1_r1=0.1700  spot_bright_Tm3_r1=2.3331  spot_bright_Mi4_r1=5.1606  spot_bright_Mi9_r1=7.9097  spot_bright_Tm1_r1=7.8353  spot_bright_Tm2_r1=6.3382  spot_bright_Tm4_r1=0.3919  spot_bright_Tm9_r1=0.8938  spot_bright_L3_r0=1347313.2500]: 100%|██████████| 100/100 [01:47<00:00,  1.07s/it] Cost: 763172.1875  [spot_bright_L1_r0=1518389.7500  spot_bright_L2_r0=1486356.0000  spot_bright_L4_r0=1546010.0000  spot_bright_L5_r0=1420302.6250  spot_bright_Mi1_r0=1634048.0000  spot_bright_Tm3_r0=1515207.3750  spot_bright_Mi4_r0=1712161.2500  spot_bright_Mi9_r0=1639613.5000  spot_bright_Tm1_r0=1589202.1250  spot_bright_Tm2_r0=1307322.2500  spot_bright_Tm4_r0=1430059.5000  spot_bright_Tm9_r0=1696427.6250  spot_bright_L1_r1=1.3526  spot_bright_L2_r1=3.4387  spot_bright_L3_r1=19.2149  spot_bright_L4_r1=2.8393  spot_bright_L5_r1=5.5357  spot_bright_Mi1_r1=0.1704  spot_bright_Tm3_r1=2.3331  spot_bright_Mi4_r1=5.1607  spot_bright_Mi9_r1=7.9097  spot_bright_Tm1_r1=7.8352  spot_bright_Tm2_r1=6.3383  spot_bright_Tm4_r1=0.3920  spot_bright_Tm9_r1=0.8938  spot_bright_L3_r0=1347311.8750]: 100%|██████████| 100/100 [01:47<00:00,  1.07s/it] Cost: 763172.1875  [spot_bright_L1_r0=1518389.7500  spot_bright_L2_r0=1486356.0000  spot_bright_L4_r0=1546010.0000  spot_bright_L5_r0=1420302.6250  spot_bright_Mi1_r0=1634048.0000  spot_bright_Tm3_r0=1515207.3750  spot_bright_Mi4_r0=1712161.2500  spot_bright_Mi9_r0=1639613.5000  spot_bright_Tm1_r0=1589202.1250  spot_bright_Tm2_r0=1307322.2500  spot_bright_Tm4_r0=1430059.5000  spot_bright_Tm9_r0=1696427.6250  spot_bright_L1_r1=1.3526  spot_bright_L2_r1=3.4387  spot_bright_L3_r1=19.2149  spot_bright_L4_r1=2.8393  spot_bright_L5_r1=5.5357  spot_bright_Mi1_r1=0.1704  spot_bright_Tm3_r1=2.3331  spot_bright_Mi4_r1=5.1607  spot_bright_Mi9_r1=7.9097  spot_bright_Tm1_r1=7.8352  spot_bright_Tm2_r1=6.3383  spot_bright_Tm4_r1=0.3920  spot_bright_Tm9_r1=0.8938  spot_bright_L3_r0=1347311.8750]: 

Initl cost = 665955.6875  [spot_bright_L1_r0=1529757.6250  spot_bright_L2_r0=1498682.7500  spot_bright_L4_r0=1422101.5000  spot_bright_L5_r0=1390852.1250  spot_bright_Mi1_r0=1627556.3750  spot_bright_Tm3_r0=990985.5000  spot_bright_Mi4_r0=1389004.5000  spot_bright_Mi9_r0=1063835.2500  spot_bright_Tm1_r0=1020252.5625  spot_bright_Tm2_r0=753442.1875  spot_bright_Tm4_r0=1112233.0000  spot_bright_Tm9_r0=1695218.7500  spot_bright_L1_r1=8.3008  spot_bright_L2_r1=39.0781  spot_bright_L3_r1=52.3530  spot_bright_L4_r1=3117.1536  spot_bright_L5_r1=1113.9481  spot_bright_Mi1_r1=561.6080  spot_bright_Tm3_r1=73114.6875  spot_bright_Mi4_r1=30305.0156  spot_bright_Mi9_r1=116081.2969  spot_bright_Tm1_r1=90874.8594  spot_bright_Tm2_r1=115269.9531  spot_bright_Tm4_r1=30723.8516  spot_bright_Tm9_r1=23.2462  spot_bright_L3_r0=1359641.6250]
Final cost = 763171.8125  [spot_bright_L1_r0=1518389.7500  spot_bright_L2_r0=1486345.6250  spot_bright_L4_r0=1546010.0000  spot_bright_L5_r0=1420302.6250  spot_bright_Mi1_r0=1634047.6250  spot_bright_Tm3_r0=1515207.5000  spot_bright_Mi4_r0=1712161.3750  spot_bright_Mi9_r0=1639613.2500  spot_bright_Tm1_r0=1589202.0000  spot_bright_Tm2_r0=1307322.5000  spot_bright_Tm4_r0=1430059.1250  spot_bright_Tm9_r0=1696427.5000  spot_bright_L1_r1=1.3526  spot_bright_L2_r1=3.4218  spot_bright_L3_r1=19.2147  spot_bright_L4_r1=2.8394  spot_bright_L5_r1=5.5358  spot_bright_Mi1_r1=0.1704  spot_bright_Tm3_r1=2.3331  spot_bright_Mi4_r1=5.1607  spot_bright_Mi9_r1=7.9098  spot_bright_Tm1_r1=7.8354  spot_bright_Tm2_r1=6.3383  spot_bright_Tm4_r1=0.3920  spot_bright_Tm9_r1=0.8937  spot_bright_L3_r0=1347311.7500]
Best  cost = 590596.8750  [spot_bright_L1_r0=1518826.2500  spot_bright_L2_r0=1494947.8750  spot_bright_L4_r0=690150.5625  spot_bright_L5_r0=744549.6250  spot_bright_Mi1_r0=1296704.7500  spot_bright_Tm3_r0=637699.1250  spot_bright_Mi4_r0=719160.3125  spot_bright_Mi9_r0=782488.8125  spot_bright_Tm1_r0=760002.1875  spot_bright_Tm2_r0=527768.8125  spot_bright_Tm4_r0=627484.3125  spot_bright_Tm9_r0=800996.5625  spot_bright_L1_r1=1.2646  spot_bright_L2_r1=31.5798  spot_bright_L3_r1=33.7862  spot_bright_L4_r1=603118.3750  spot_bright_L5_r1=218042.3750  spot_bright_Mi1_r1=66498.6406  spot_bright_Tm3_r1=411500.7812  spot_bright_Mi4_r1=416507.4688  spot_bright_Mi9_r1=513874.1250  spot_bright_Tm1_r1=260339.0625  spot_bright_Tm2_r1=397798.5000  spot_bright_Tm4_r1=278534.0312  spot_bright_Tm9_r1=236425.7500  spot_bright_L3_r0=1352031.8750]
time needed  = 110.39  sec

done in 0.03 hours
wrote /home/yitai/drosophila_vision/vision/simulation/0_runs/hp_lp/29047931-run-nofsteps-100-a-h-init.L1,L2,L4,L5-0.5-filter-ca/data/best_adam.npz (best run #0)
wrote table: /home/yitai/drosophila_vision/vision/simulation/0_runs/hp_lp/29047931-run-nofsteps-100-a-h-init.L1,L2,L4,L5-0.5-filter-ca/param.csv (best run #0, cost=590596.9375)
wrote table: /home/yitai/drosophila_vision/vision/simulation/0_runs/hp_lp/29047931-run-nofsteps-100-a-h-init.L1,L2,L4,L5-0.5-filter-ca/syn_strength_cell.csv
plot device=cuda (NVIDIA A100 80GB PCIe)
1 trained set(s); costs min=590596.9375 max=590596.9375; selected #0 (from saved final costs)
/home/yitai/drosophila_vision/vision/simulation/5_figure/1_util.py:1040: UserWarning: This figure includes Axes that are not compatible with tight_layout, so results might be incorrect.
  fig.tight_layout()
plot /home/yitai/drosophila_vision/vision/simulation/0_runs/hp_lp/29047931-run-nofsteps-100-a-h-init.L1,L2,L4,L5-0.5-filter-ca/cost_curve.png: prep=0.0s  draw=0.3s  save=1.7s  total=2.0s
plot /home/yitai/drosophila_vision/vision/simulation/0_runs/hp_lp/29047931-run-nofsteps-100-a-h-init.L1,L2,L4,L5-0.5-filter-ca/spot_gt_ca.png: prep=0.6s  draw=0.5s  save=1.9s  total=3.0s
plot /home/yitai/drosophila_vision/vision/simulation/0_runs/hp_lp/29047931-run-nofsteps-100-a-h-init.L1,L2,L4,L5-0.5-filter-ca/spot_all_ca.png: prep=0.0s  draw=2.0s  save=7.8s  total=9.8s
plots saved to /home/yitai/drosophila_vision/vision/simulation/0_runs/hp_lp/29047931-run-nofsteps-100-a-h-init.L1,L2,L4,L5-0.5-filter-ca
