Job ID: 29067305
Node:   spartan-gpgpu008
GPU:    0
GPU 0: NVIDIA L40S (UUID: GPU-4b3a136a-776e-af4d-1f28-11891f4835ae)
cuda: True NVIDIA L40S
Start:  Tue 11 Aug 2026 16:33:22 AEST
==== param_defaults ====
{'DEFAULT_RUN_NAME': '29048310-run-nofsteps-200-a-h-init.L1,L2,L4,L5-0.5',
 'DEFAULT_RUN_PATH': 'hp_lp/29048310-run-nofsteps-200-a-h-init.L1,L2,L4,L5-0.5',
 'DELTA_MS': 1.0,
 'DELTA_MS_PRE': 1.0,
 'CAP': 40.0,
 'G_LEAK': 1.0,
 'E_EXC': 10.0,
 'E_INH': -70.0,
 'E_H': 50.0,
 'H_G_MAX': 100.0,
 'GT_V_AMP': 20.0,
 'GT_CA_AMP': 2.0,
 'STATE_CLAMP': 1000000.0,
 'SYN_SCALE_EXC': 0.001,
 'SYN_SCALE_INH': 0.001,
 'I_H_REV': 'off',
 'EULER': 'im',
 'GAIN_LO': 0.1,
 'GAIN_HI': 10.0,
 'H_CELLS': ('L1', 'L2', 'L4', 'L5'),
 'PARAM_BOXES': {'a_gt': {'lo': 0.5, 'hi': 2.0, 'init': 1.0, 'jit': 0.1, 'train_mode': 'indi'},
                 'bias_gt': {'lo': -50.0, 'hi': 50.0, 'init': 0.0, 'jit': 1.0, 'train_mode': 'indi'},
                 'syn_strength_cell': {'lo': 0.1, 'hi': 10.0, 'init': 1.0, 'jit': 0.1, 'train_mode': 'indi'},
                 'syn_strength_edge': {'lo': 0.1, 'hi': 10.0, 'init': 1.0, 'jit': 0.1, 'train_mode': 'indi'},
                 'a_in': {'lo': 0.01, 'hi': 100, 'init': 1.0, 'jit': 0.1, 'train_mode': 'shared'},
                 'a_out': {'lo': 0.1, 'hi': 10.0, 'init': 1.0, 'jit': 0.1, 'train_mode': 'indi'},
                 'e_leak': {'lo': -50.0, 'hi': 50.0, 'init': 0.0, 'jit': 1.0, 'train_mode': 'indi'},
                 'v_th': {'lo': -100.0, 'hi': -100.0, 'init': -50.0, 'jit': 0.0, 'train_mode': 'indi'},
                 'v_th_ca': {'lo': -100.0, 'hi': -100.0, 'init': -50.0, 'jit': 0.0, 'train_mode': 'indi'},
                 'a_ca': {'lo': 0.1, 'hi': 10.0, 'init': 1.0, 'jit': 0.1, 'train_mode': 'indi'},
                 'tau_ca': {'lo': 100.0, 'hi': 1000.0, 'init': 350.0, 'jit': 5.0, 'train_mode': 'indi'},
                 'tau_lp': {'lo': 10.0, 'hi': 100.0, 'init': 10.0, 'jit': 2.0, 'train_mode': 'fixed'},
                 'tau_hp': {'lo': 100.0, 'hi': 500.0, 'init': 200.0, 'jit': 20.0, 'train_mode': 'shared'},
                 'a_h': {'lo': 0.0, 'hi': 1.0, 'init': 0, 'jit': 0.1, 'train_mode': 'indi_named'},
                 'v_mid_h_g': {'lo': -70.0, 'hi': -30.0, 'init': -50.0, 'jit': 5.0, 'train_mode': 'shared'},
                 'v_mid_h_tau': {'lo': -70.0, 'hi': -40.0, 'init': -50.0, 'jit': 5.0, 'train_mode': 'shared'},
                 'h_slope': {'lo': -0.4, 'hi': -0.2, 'init': -0.25, 'jit': 0.02, 'train_mode': 'shared'},
                 'a_h_rev': {'lo': 0.0, 'hi': 1.0, 'init': 0.5, 'jit': 0.1, 'train_mode': 'indi_named'},
                 'v_mid_h_g_rev': {'lo': -70.0, 'hi': -30.0, 'init': -50.0, 'jit': 5.0, 'train_mode': 'shared'},
                 'v_mid_h_tau_rev': {'lo': -70.0, 'hi': -40.0, 'init': -50.0, 'jit': 5.0, 'train_mode': 'shared'},
                 'h_slope_rev': {'lo': -0.4, 'hi': -0.2, 'init': -0.25, 'jit': 0.02, 'train_mode': 'shared'},
                 'a_sti_radius': {'lo': 0.0, 'hi': 1.0, 'init': 0.0, 'jit': 0.05, 'train_mode': 'indi'}},
 'MODEL': 'hp_lp',
 'SYN_MODE': 'per_cell',
 'PRE_GRAD': True,
 'NETWORK': 'right_min_neuron1_extent10',
 'I_BASELINE': 20.0,
 'I_BRIGHT': 40.0,
 'I_DARK': 0.0,
 'MS_PRE': 10.0,
 'MS_SPOT': 50.0,
 'MS_SPOT_CA': 25.0,
 'MS_RESPONSE': 400.0,
 'MS_POST': 0.0,
 'SPOT_EXTENT': 1.0,
 'SPOT_EXTENTS': (0.5, 1.0, 1.5, 2.0),
 'FULLY_INSIDE': True,
 'MULTI_SPOT': True,
 'SHIFT_EXTENT': 1.0,
 'FILTER': 'none',
 'SPOT_COST_RADII': (0.0, 1.0, 1.7320508075688772, 2.0),
 'SPOT_STI_RADII': (1.0, 1.7320508075688772, 2.0),
 'SPOT_COST_RADIUS_WEIGHT': {0.0: 1.0, 1.0: 0.3333333333333333, 2.0: 0.3333333333333333},
 'SPOT_COST_RADIUS_WEIGHT_EXTENT1': {0.0: 1.0, 1.0: 2},
 'SPOT_COST_RADIUS_KEY_ALIASES': {'sqrt3': 1.7320508075688772},
 'MULTI_BAR': True,
 'TASK': 'spot_bright',
 'COST_NORM': 'a_gt2',
 'COST_INTERVAL_MS': 10.0,
 'COST_MS': {1.0: (0.0, 25.0)},
 'BIAS_GT_FROM_V_ONSET': True,
 'BIAS_GT_FROM_V_ONSET_GRAD': True,
 'V_TH_CA_FROM_V_TH': False,
 'A_CA_FROM_A_OUT': False,
 'PRE_STEADY': 'solve',
 'PRE_STEADY_ITERS': 50,
 'PRE_STEADY_DAMP': 0.1,
 'NOFRUNS': 1,
 'NOFSTEPS_CPU': 0,
 'NOFSTEPS_GPU': 200,
 'LRS': '0.1',
 'CHECKPOINT_INTERVAL': 1000,
 'FP': 32,
 'SEQUENTIAL': False,
 'T_REL_START': -10,
 'T_REL_STOP': 10,
 'TRACE_OSC_MIN_FREQ_HZ': 0.5,
 'TRACE_OSC_MAX_FREQ_HZ': 20.0,
 'TRACE_OSC_PEAK_THRESHOLD': 0.5,
 'TRACE_OSC_Z_THRESHOLD': 2.0,
 'TRACE_OSC_SNR_MIN': 2.0,
 'TRACE_DRIFT_MIN_SLOPE_MV_PER_S': 1.0,
 'TRACE_DRIFT_MIN_R': 0.5,
 'TRACE_BASELINE_MS': 200.0,
 'TRACE_FLAT_MAX_ABS': 0.5,
 'TRACE_FLAT_PEAK_TO_PEAK': 1.0,
 'TRACE_FLAT_ABS_MEAN': 0.2}
==== end param_defaults ====
train_modes:
  a_gt               indi=56/shared=0/fixed=0/frozen=0 (56)
  bias_gt            indi=0/shared=0/fixed=0/frozen=56 (0)
  syn_strength_cell  indi=1035/shared=0/fixed=0/frozen=0 (1035)
  a_in               indi=0/shared=56/fixed=0/frozen=0 (1)
  a_out              indi=56/shared=0/fixed=0/frozen=0 (56)
  e_leak             indi=56/shared=0/fixed=0/frozen=0 (56)
  v_th               indi=56/shared=0/fixed=0/frozen=0 (56)
  v_th_ca            indi=56/shared=0/fixed=0/frozen=0 (56)
  a_ca               indi=56/shared=0/fixed=0/frozen=0 (56)
  tau_ca             indi=56/shared=0/fixed=0/frozen=0 (56)
  tau_lp             indi=0/shared=0/fixed=56/frozen=0 (0)
  tau_hp             indi=0/shared=56/fixed=0/frozen=0 (1)
  a_h                indi=4/shared=0/fixed=52/frozen=0 (4)
  a_sti_radius       indi=3/shared=0/fixed=0/frozen=0 (3)
device=cuda, model=hp_lp, syn_mode=per_cell, euler=implicit, pre_steady=solve, nofruns=1, nofsteps=100, lrs=[0.1], nparams=1436, fname=training_hp_lp.npy, outdir=/home/yitai/drosophila_vision/vision/simulation/0_runs/hp_lp/29067305-run-nofsteps-100-a-h-init.L1,L2,L4,L5-0.5-filter-ca
checkpoint_interval=1000

round 0

  0%|          | 0/100 [00:00<?, ?it/s] Cost: 136569.9688  [spot_bright_L1_r0=91607.8906  spot_bright_L2_r0=129195.1562  spot_bright_L4_r0=19526.3516  spot_bright_L5_r0=21173.7500  spot_bright_Mi1_r0=38572.7891  spot_bright_Tm3_r0=23305.7031  spot_bright_Mi4_r0=78245.5078  spot_bright_Mi9_r0=365135.7500  spot_bright_Tm1_r0=291810.0312  spot_bright_Tm2_r0=1031187.2500  spot_bright_Tm4_r0=99281.6250  spot_bright_Tm9_r0=25701.4395  spot_bright_L1_r1=38734.5117  spot_bright_L2_r1=60772.3281  spot_bright_L3_r1=115663.5000  spot_bright_L4_r1=372.1402  spot_bright_L5_r1=3291.1521  spot_bright_Mi1_r1=10838.5469  spot_bright_Tm3_r1=7496.1685  spot_bright_Mi4_r1=91401.1094  spot_bright_Mi9_r1=126873.4375  spot_bright_Tm1_r1=107563.2500  spot_bright_Tm2_r1=502335.2812  spot_bright_Tm4_r1=29212.1777  spot_bright_Tm9_r1=2198.8433  spot_bright_L3_r0=239323.1875] 10%|█         | 10/100 [00:17<02:35,  1.73s/it] Cost: 49947.2148  [spot_bright_L1_r0=121720.1094  spot_bright_L2_r0=143161.4375  spot_bright_L4_r0=18577.0371  spot_bright_L5_r0=62332.8477  spot_bright_Mi1_r0=56977.4766  spot_bright_Tm3_r0=36514.0898  spot_bright_Mi4_r0=46305.3789  spot_bright_Mi9_r0=50671.7656  spot_bright_Tm1_r0=44006.1836  spot_bright_Tm2_r0=17613.1465  spot_bright_Tm4_r0=33369.1836  spot_bright_Tm9_r0=23932.2461  spot_bright_L1_r1=56058.0664  spot_bright_L2_r1=73566.4453  spot_bright_L3_r1=132455.5625  spot_bright_L4_r1=81.6622  spot_bright_L5_r1=24435.0215  spot_bright_Mi1_r1=19769.5117  spot_bright_Tm3_r1=10080.7383  spot_bright_Mi4_r1=12516.0303  spot_bright_Mi9_r1=15741.3662  spot_bright_Tm1_r1=15614.6904  spot_bright_Tm2_r1=3050.3013  spot_bright_Tm4_r1=12867.9238  spot_bright_Tm9_r1=1454.5718  spot_bright_L3_r0=265754.7188]:  20%|██        | 20/100 [00:34<02:18,  1.73s/it] Cost: 13220.6211  [spot_bright_L1_r0=27418.5820  spot_bright_L2_r0=21044.9160  spot_bright_L4_r0=18510.5352  spot_bright_L5_r0=23520.8730  spot_bright_Mi1_r0=27516.5605  spot_bright_Tm3_r0=21612.6230  spot_bright_Mi4_r0=25676.0059  spot_bright_Mi9_r0=27020.8828  spot_bright_Tm1_r0=20449.9121  spot_bright_Tm2_r0=13505.5381  spot_bright_Tm4_r0=16766.4707  spot_bright_Tm9_r0=21690.2109  spot_bright_L1_r1=3845.2542  spot_bright_L2_r1=985.5677  spot_bright_L3_r1=11129.1553  spot_bright_L4_r1=52.5982  spot_bright_L5_r1=3813.0505  spot_bright_Mi1_r1=4184.9692  spot_bright_Tm3_r1=2306.8149  spot_bright_Mi4_r1=1477.2937  spot_bright_Mi9_r1=1887.3865  spot_bright_Tm1_r1=2127.9172  spot_bright_Tm2_r1=409.9886  spot_bright_Tm4_r1=1988.5061  spot_bright_Tm9_r1=258.1743  spot_bright_L3_r0=44536.3828]:                  30%|███       | 30/100 [00:51<02:01,  1.73s/it] Cost: 12878.1807  [spot_bright_L1_r0=25094.9355  spot_bright_L2_r0=20280.8105  spot_bright_L4_r0=18507.2441  spot_bright_L5_r0=23243.1777  spot_bright_Mi1_r0=25518.5723  spot_bright_Tm3_r0=19447.7070  spot_bright_Mi4_r0=26082.4648  spot_bright_Mi9_r0=27495.0176  spot_bright_Tm1_r0=20874.9902  spot_bright_Tm2_r0=13575.3838  spot_bright_Tm4_r0=17140.5996  spot_bright_Tm9_r0=21769.5156  spot_bright_L1_r1=2597.4287  spot_bright_L2_r1=410.3188  spot_bright_L3_r1=11049.0713  spot_bright_L4_r1=51.8417  spot_bright_L5_r1=3659.8257  spot_bright_Mi1_r1=3191.9421  spot_bright_Tm3_r1=1284.5757  spot_bright_Mi4_r1=1688.6233  spot_bright_Mi9_r1=2148.3464  spot_bright_Tm1_r1=2392.0249  spot_bright_Tm2_r1=464.8541  spot_bright_Tm4_r1=2273.3958  spot_bright_Tm9_r1=293.9646  spot_bright_L3_r0=44296.1094]:  40%|████      | 40/100 [01:09<01:43,  1.73s/it] Cost: 12825.0762  [spot_bright_L1_r0=24178.3320  spot_bright_L2_r0=20211.4023  spot_bright_L4_r0=18506.0039  spot_bright_L5_r0=23045.0762  spot_bright_Mi1_r0=25785.2227  spot_bright_Tm3_r0=19687.8730  spot_bright_Mi4_r0=26169.0820  spot_bright_Mi9_r0=27622.9863  spot_bright_Tm1_r0=20950.0547  spot_bright_Tm2_r0=13604.9512  spot_bright_Tm4_r0=17225.3223  spot_bright_Tm9_r0=21789.9297  spot_bright_L1_r1=2110.9492  spot_bright_L2_r1=332.4977  spot_bright_L3_r1=10716.4912  spot_bright_L4_r1=51.6263  spot_bright_L5_r1=3551.1709  spot_bright_Mi1_r1=3328.9126  spot_bright_Tm3_r1=1390.3602  spot_bright_Mi4_r1=1735.5959  spot_bright_Mi9_r1=2216.5696  spot_bright_Tm1_r1=2439.1089  spot_bright_Tm2_r1=487.8863  spot_bright_Tm4_r1=2339.0918  spot_bright_Tm9_r1=302.9675  spot_bright_L3_r0=43672.5234]:  50%|█████     | 50/100 [01:26<01:26,  1.73s/it] Cost: 12725.0361  [spot_bright_L1_r0=23578.3125  spot_bright_L2_r0=20197.8457  spot_bright_L4_r0=18505.4551  spot_bright_L5_r0=22687.7949  spot_bright_Mi1_r0=25742.7148  spot_bright_Tm3_r0=19799.4336  spot_bright_Mi4_r0=26108.6816  spot_bright_Mi9_r0=27590.0176  spot_bright_Tm1_r0=20868.6113  spot_bright_Tm2_r0=13604.4834  spot_bright_Tm4_r0=17177.6367  spot_bright_Tm9_r0=21784.2910  spot_bright_L1_r1=1794.0037  spot_bright_L2_r1=322.0602  spot_bright_L3_r1=10409.4229  spot_bright_L4_r1=51.5538  spot_bright_L5_r1=3367.3022  spot_bright_Mi1_r1=3312.5901  spot_bright_Tm3_r1=1440.5527  spot_bright_Mi4_r1=1707.5326  spot_bright_Mi9_r1=2197.9458  spot_bright_Tm1_r1=2389.6169  spot_bright_Tm2_r1=488.2356  spot_bright_Tm4_r1=2305.8882  spot_bright_Tm9_r1=300.2763  spot_bright_L3_r0=43118.6094]:  60%|██████    | 60/100 [01:43<01:09,  1.73s/it] Cost: 12604.2930  [spot_bright_L1_r0=23146.4336  spot_bright_L2_r0=20208.9492  spot_bright_L4_r0=18505.1875  spot_bright_L5_r0=22315.2695  spot_bright_Mi1_r0=25561.8691  spot_bright_Tm3_r0=19831.4688  spot_bright_Mi4_r0=25982.5156  spot_bright_Mi9_r0=27487.0391  spot_bright_Tm1_r0=20721.1035  spot_bright_Tm2_r0=13588.7266  spot_bright_Tm4_r0=17071.8359  spot_bright_Tm9_r0=21767.3438  spot_bright_L1_r1=1566.7123  spot_bright_L2_r1=338.7630  spot_bright_L3_r1=10080.6670  spot_bright_L4_r1=51.5234  spot_bright_L5_r1=3177.9778  spot_bright_Mi1_r1=3226.7734  spot_bright_Tm3_r1=1455.9081  spot_bright_Mi4_r1=1646.4935  spot_bright_Mi9_r1=2141.5056  spot_bright_Tm1_r1=2298.9941  spot_bright_Tm2_r1=476.6997  spot_bright_Tm4_r1=2228.7266  spot_bright_Tm9_r1=292.5805  spot_bright_L3_r0=42540.5117]:  70%|███████   | 70/100 [02:01<00:51,  1.73s/it] Cost: 12465.4316  [spot_bright_L1_r0=22819.7578  spot_bright_L2_r0=20234.9199  spot_bright_L4_r0=18504.9727  spot_bright_L5_r0=21893.8379  spot_bright_Mi1_r0=25306.4082  spot_bright_Tm3_r0=19806.6406  spot_bright_Mi4_r0=25827.7715  spot_bright_Mi9_r0=27351.0176  spot_bright_Tm1_r0=20543.9414  spot_bright_Tm2_r0=13567.2510  spot_bright_Tm4_r0=16938.2832  spot_bright_Tm9_r0=21745.0742  spot_bright_L1_r1=1395.1653  spot_bright_L2_r1=370.9186  spot_bright_L3_r1=9683.3496  spot_bright_L4_r1=51.5054  spot_bright_L5_r1=2968.1917  spot_bright_Mi1_r1=3103.3398  spot_bright_Tm3_r1=1446.0352  spot_bright_Mi4_r1=1571.1248  spot_bright_Mi9_r1=2066.5452  spot_bright_Tm1_r1=2189.6438  spot_bright_Tm2_r1=460.3305  spot_bright_Tm4_r1=2129.8755  spot_bright_Tm9_r1=282.4585  spot_bright_L3_r0=41842.8320]:   80%|████████  | 80/100 [02:18<00:34,  1.73s/it] Cost: 12312.3926  [spot_bright_L1_r0=22567.5703  spot_bright_L2_r0=20268.9434  spot_bright_L4_r0=18504.8652  spot_bright_L5_r0=21388.7832  spot_bright_Mi1_r0=25007.1582  spot_bright_Tm3_r0=19744.8750  spot_bright_Mi4_r0=25660.5605  spot_bright_Mi9_r0=27199.2070  spot_bright_Tm1_r0=20354.5742  spot_bright_Tm2_r0=13543.6455  spot_bright_Tm4_r0=16793.1445  spot_bright_Tm9_r0=21720.1738  spot_bright_L1_r1=1262.7885  spot_bright_L2_r1=413.9623  spot_bright_L3_r1=9229.5449  spot_bright_L4_r1=51.4941  spot_bright_L5_r1=2717.5300  spot_bright_Mi1_r1=2957.6287  spot_bright_Tm3_r1=1419.6901  spot_bright_Mi4_r1=1489.5497  spot_bright_Mi9_r1=1982.3365  spot_bright_Tm1_r1=2072.1538  spot_bright_Tm2_r1=441.8843  spot_bright_Tm4_r1=2021.2860  spot_bright_Tm9_r1=271.1308  spot_bright_L3_r0=41037.7344]:  90%|█████████ | 90/100 [02:35<00:17,  1.73s/it] Cost: 12152.6992  [spot_bright_L1_r0=22370.7676  spot_bright_L2_r0=20320.1914  spot_bright_L4_r0=18504.7207  spot_bright_L5_r0=20824.2910  spot_bright_Mi1_r0=24682.3906  spot_bright_Tm3_r0=19657.0059  spot_bright_Mi4_r0=25489.3906  spot_bright_Mi9_r0=27040.5371  spot_bright_Tm1_r0=20162.5391  spot_bright_Tm2_r0=13519.3447  spot_bright_Tm4_r0=16645.0176  spot_bright_Tm9_r0=21694.0586  spot_bright_L1_r1=1159.4154  spot_bright_L2_r1=466.2002  spot_bright_L3_r1=8750.5459  spot_bright_L4_r1=51.4844  spot_bright_L5_r1=2437.8091  spot_bright_Mi1_r1=2799.0051  spot_bright_Tm3_r1=1381.7096  spot_bright_Mi4_r1=1406.0225  spot_bright_Mi9_r1=1893.7349  spot_bright_Tm1_r1=1952.2864  spot_bright_Tm2_r1=422.5475  spot_bright_Tm4_r1=1909.3457  spot_bright_Tm9_r1=259.2384  spot_bright_L3_r0=40170.5273]: 100%|██████████| 100/100 [02:52<00:00,  1.73s/it] Cost: 11994.0820  [spot_bright_L1_r0=22205.8730  spot_bright_L2_r0=20393.3418  spot_bright_L4_r0=18504.6152  spot_bright_L5_r0=20283.4531  spot_bright_Mi1_r0=24350.0332  spot_bright_Tm3_r0=19554.1777  spot_bright_Mi4_r0=25319.3633  spot_bright_Mi9_r0=26880.5977  spot_bright_Tm1_r0=19973.8066  spot_bright_Tm2_r0=13495.0752  spot_bright_Tm4_r0=16499.2266  spot_bright_Tm9_r0=21667.5996  spot_bright_L1_r1=1072.6615  spot_bright_L2_r1=528.2021  spot_bright_L3_r1=8242.6260  spot_bright_L4_r1=51.4768  spot_bright_L5_r1=2172.0239  spot_bright_Mi1_r1=2636.8901  spot_bright_Tm3_r1=1337.0835  spot_bright_Mi4_r1=1323.0734  spot_bright_Mi9_r1=1803.7754  spot_bright_Tm1_r1=1833.7313  spot_bright_Tm2_r1=402.9637  spot_bright_Tm4_r1=1798.0349  spot_bright_Tm9_r1=247.1869  spot_bright_L3_r0=39269.2383]: 100%|██████████| 100/100 [02:52<00:00,  1.73s/it] Cost: 11994.0820  [spot_bright_L1_r0=22205.8730  spot_bright_L2_r0=20393.3418  spot_bright_L4_r0=18504.6152  spot_bright_L5_r0=20283.4531  spot_bright_Mi1_r0=24350.0332  spot_bright_Tm3_r0=19554.1777  spot_bright_Mi4_r0=25319.3633  spot_bright_Mi9_r0=26880.5977  spot_bright_Tm1_r0=19973.8066  spot_bright_Tm2_r0=13495.0752  spot_bright_Tm4_r0=16499.2266  spot_bright_Tm9_r0=21667.5996  spot_bright_L1_r1=1072.6615  spot_bright_L2_r1=528.2021  spot_bright_L3_r1=8242.6260  spot_bright_L4_r1=51.4768  spot_bright_L5_r1=2172.0239  spot_bright_Mi1_r1=2636.8901  spot_bright_Tm3_r1=1337.0835  spot_bright_Mi4_r1=1323.0734  spot_bright_Mi9_r1=1803.7754  spot_bright_Tm1_r1=1833.7313  spot_bright_Tm2_r1=402.9637  spot_bright_Tm4_r1=1798.0349  spot_bright_Tm9_r1=247.1869  spot_bright_L3_r0=39269.2383]: 

Initl cost = 136569.9688  [spot_bright_L1_r0=91607.8906  spot_bright_L2_r0=129195.1562  spot_bright_L4_r0=19526.3516  spot_bright_L5_r0=21173.7500  spot_bright_Mi1_r0=38572.7891  spot_bright_Tm3_r0=23305.7031  spot_bright_Mi4_r0=78245.5078  spot_bright_Mi9_r0=365135.7500  spot_bright_Tm1_r0=291810.0312  spot_bright_Tm2_r0=1031187.2500  spot_bright_Tm4_r0=99281.6250  spot_bright_Tm9_r0=25701.4395  spot_bright_L1_r1=38734.5117  spot_bright_L2_r1=60772.3281  spot_bright_L3_r1=115663.5000  spot_bright_L4_r1=372.1402  spot_bright_L5_r1=3291.1521  spot_bright_Mi1_r1=10838.5469  spot_bright_Tm3_r1=7496.1685  spot_bright_Mi4_r1=91401.1094  spot_bright_Mi9_r1=126873.4375  spot_bright_Tm1_r1=107563.2500  spot_bright_Tm2_r1=502335.2812  spot_bright_Tm4_r1=29212.1777  spot_bright_Tm9_r1=2198.8433  spot_bright_L3_r0=239323.1875]
Final cost = 11977.8818  [spot_bright_L1_r0=22190.3848  spot_bright_L2_r0=20401.8223  spot_bright_L4_r0=18504.6133  spot_bright_L5_r0=20231.9316  spot_bright_Mi1_r0=24316.7656  spot_bright_Tm3_r0=19543.3672  spot_bright_Mi4_r0=25302.4707  spot_bright_Mi9_r0=26864.5957  spot_bright_Tm1_r0=19955.1816  spot_bright_Tm2_r0=13492.6465  spot_bright_Tm4_r0=16484.8457  spot_bright_Tm9_r0=21664.9570  spot_bright_L1_r1=1064.4976  spot_bright_L2_r1=535.0361  spot_bright_L3_r1=8186.5513  spot_bright_L4_r1=51.4766  spot_bright_L5_r1=2146.8647  spot_bright_Mi1_r1=2620.6997  spot_bright_Tm3_r1=1332.3804  spot_bright_Mi4_r1=1314.8365  spot_bright_Mi9_r1=1794.7404  spot_bright_Tm1_r1=1821.9915  spot_bright_Tm2_r1=400.9977  spot_bright_Tm4_r1=1786.9922  spot_bright_Tm9_r1=245.9771  spot_bright_L3_r0=39168.2773]
Best  cost = 11977.8818  [spot_bright_L1_r0=22190.3848  spot_bright_L2_r0=20401.8223  spot_bright_L4_r0=18504.6133  spot_bright_L5_r0=20231.9316  spot_bright_Mi1_r0=24316.7656  spot_bright_Tm3_r0=19543.3672  spot_bright_Mi4_r0=25302.4707  spot_bright_Mi9_r0=26864.5957  spot_bright_Tm1_r0=19955.1816  spot_bright_Tm2_r0=13492.6465  spot_bright_Tm4_r0=16484.8457  spot_bright_Tm9_r0=21664.9570  spot_bright_L1_r1=1064.4976  spot_bright_L2_r1=535.0361  spot_bright_L3_r1=8186.5513  spot_bright_L4_r1=51.4766  spot_bright_L5_r1=2146.8647  spot_bright_Mi1_r1=2620.6997  spot_bright_Tm3_r1=1332.3804  spot_bright_Mi4_r1=1314.8365  spot_bright_Mi9_r1=1794.7404  spot_bright_Tm1_r1=1821.9915  spot_bright_Tm2_r1=400.9977  spot_bright_Tm4_r1=1786.9922  spot_bright_Tm9_r1=245.9771  spot_bright_L3_r0=39168.2773]
time needed  = 176.54  sec

done in 0.05 hours
wrote /home/yitai/drosophila_vision/vision/simulation/0_runs/hp_lp/29067305-run-nofsteps-100-a-h-init.L1,L2,L4,L5-0.5-filter-ca/data/best_adam.npz (best run #0)
wrote table: /home/yitai/drosophila_vision/vision/simulation/0_runs/hp_lp/29067305-run-nofsteps-100-a-h-init.L1,L2,L4,L5-0.5-filter-ca/param.csv (best run #0, cost=11977.8799)
wrote table: /home/yitai/drosophila_vision/vision/simulation/0_runs/hp_lp/29067305-run-nofsteps-100-a-h-init.L1,L2,L4,L5-0.5-filter-ca/syn_strength_cell.csv
/home/yitai/drosophila_vision/vision/simulation/5_figure/1_util.py:1018: UserWarning: This figure includes Axes that are not compatible with tight_layout, so results might be incorrect.
  fig.tight_layout()
plot /home/yitai/drosophila_vision/vision/simulation/0_runs/hp_lp/29067305-run-nofsteps-100-a-h-init.L1,L2,L4,L5-0.5-filter-ca/cost_curve.png: prep=0.0s  draw=0.3s  save=1.1s  total=1.3s
plot device=cuda (NVIDIA L40S)
1 trained set(s); costs min=11977.8799 max=11977.8799; selected #0 (from saved final costs)
plot /home/yitai/drosophila_vision/vision/simulation/0_runs/hp_lp/29067305-run-nofsteps-100-a-h-init.L1,L2,L4,L5-0.5-filter-ca/spot_gt_ca.png: prep=0.4s  draw=0.4s  save=1.2s  total=2.0s
plot /home/yitai/drosophila_vision/vision/simulation/0_runs/hp_lp/29067305-run-nofsteps-100-a-h-init.L1,L2,L4,L5-0.5-filter-ca/spot_all_ca.png: prep=0.0s  draw=1.5s  save=5.5s  total=7.0s
plots saved to /home/yitai/drosophila_vision/vision/simulation/0_runs/hp_lp/29067305-run-nofsteps-100-a-h-init.L1,L2,L4,L5-0.5-filter-ca
