Job ID: 29077762
Node:   spartan-gpgpu008
GPU:    0
GPU 0: NVIDIA L40S (UUID: GPU-7ee75612-9bbc-0954-d385-202e32d8fea9)
cuda: True NVIDIA L40S
Start:  Tue 11 Aug 2026 21:39:44 AEST
==== param_defaults ====
{'DEFAULT_RUN_NAME': '29048310-run-nofsteps-200-a-h-init.L1,L2,L4,L5-0.5',
 'DEFAULT_RUN_PATH': 'hp_lp/29048310-run-nofsteps-200-a-h-init.L1,L2,L4,L5-0.5',
 'DELTA_MS': 1.0,
 'DELTA_MS_PRE': 1.0,
 'CAP': 40.0,
 'G_LEAK': 1.0,
 'E_EXC': 10.0,
 'E_INH': -70.0,
 'E_H': 50.0,
 'H_G_MAX': 100.0,
 'GT_V_AMP': 20.0,
 'GT_CA_AMP': 2.0,
 'STATE_CLAMP': 1000000.0,
 'SYN_SCALE_EXC': 0.001,
 'SYN_SCALE_INH': 0.001,
 'I_H_REV': 'off',
 'EULER': 'im',
 'GAIN_LO': 0.1,
 'GAIN_HI': 10.0,
 'H_CELLS': ('L1', 'L2', 'L4', 'L5'),
 'PARAM_BOXES': {'a_gt': {'lo': 0.5, 'hi': 2.0, 'init': 1.0, 'jit': 0.1, 'train_mode': 'indi'},
                 'bias_gt': {'lo': -50.0, 'hi': 50.0, 'init': 0.0, 'jit': 1.0, 'train_mode': 'indi'},
                 'syn_strength_cell': {'lo': 0.1, 'hi': 10.0, 'init': 1.0, 'jit': 0.1, 'train_mode': 'indi'},
                 'syn_strength_edge': {'lo': 0.1, 'hi': 10.0, 'init': 1.0, 'jit': 0.1, 'train_mode': 'indi'},
                 'a_in': {'lo': 0.01, 'hi': 100, 'init': 1.0, 'jit': 0.1, 'train_mode': 'shared'},
                 'a_out': {'lo': 0.1, 'hi': 10.0, 'init': 1.0, 'jit': 0.1, 'train_mode': 'indi'},
                 'e_leak': {'lo': -50.0, 'hi': 50.0, 'init': 0.0, 'jit': 1.0, 'train_mode': 'indi'},
                 'v_th': {'lo': -100.0, 'hi': -100.0, 'init': -50.0, 'jit': 0.0, 'train_mode': 'indi'},
                 'v_th_ca': {'lo': -100.0, 'hi': -100.0, 'init': -50.0, 'jit': 0.0, 'train_mode': 'indi'},
                 'a_ca': {'lo': 0.1, 'hi': 10.0, 'init': 1.0, 'jit': 0.1, 'train_mode': 'indi'},
                 'tau_ca': {'lo': 100.0, 'hi': 1000.0, 'init': 350.0, 'jit': 5.0, 'train_mode': 'indi'},
                 'tau_lp': {'lo': 10.0, 'hi': 100.0, 'init': 10.0, 'jit': 2.0, 'train_mode': 'fixed'},
                 'tau_hp': {'lo': 100.0, 'hi': 500.0, 'init': 200.0, 'jit': 20.0, 'train_mode': 'shared'},
                 'a_h': {'lo': 0.0, 'hi': 1.0, 'init': 0, 'jit': 0.1, 'train_mode': 'indi_named'},
                 'v_mid_h_g': {'lo': -70.0, 'hi': -30.0, 'init': -50.0, 'jit': 5.0, 'train_mode': 'shared'},
                 'v_mid_h_tau': {'lo': -70.0, 'hi': -40.0, 'init': -50.0, 'jit': 5.0, 'train_mode': 'shared'},
                 'h_slope': {'lo': -0.4, 'hi': -0.2, 'init': -0.25, 'jit': 0.02, 'train_mode': 'shared'},
                 'a_h_rev': {'lo': 0.0, 'hi': 1.0, 'init': 0.5, 'jit': 0.1, 'train_mode': 'indi_named'},
                 'v_mid_h_g_rev': {'lo': -70.0, 'hi': -30.0, 'init': -50.0, 'jit': 5.0, 'train_mode': 'shared'},
                 'v_mid_h_tau_rev': {'lo': -70.0, 'hi': -40.0, 'init': -50.0, 'jit': 5.0, 'train_mode': 'shared'},
                 'h_slope_rev': {'lo': -0.4, 'hi': -0.2, 'init': -0.25, 'jit': 0.02, 'train_mode': 'shared'},
                 'a_sti_radius': {'lo': 0.0, 'hi': 1.0, 'init': 0.0, 'jit': 0.05, 'train_mode': 'indi'}},
 'MODEL': 'hp_lp',
 'SYN_MODE': 'per_cell',
 'PRE_GRAD': True,
 'NETWORK': 'right_min_neuron1_r10',
 'I_BASELINE': 20.0,
 'I_BRIGHT': 40.0,
 'I_DARK': 0.0,
 'MS_PRE': 10.0,
 'MS_SPOT': 50.0,
 'MS_SPOT_CA': 25.0,
 'MS_RESPONSE': 400.0,
 'MS_POST': 0.0,
 'SPOT_RADIUS': 1.0,
 'SPOT_RADII': (0.5, 1.0, 1.5, 2.0),
 'FULLY_INSIDE': True,
 'MULTI_SPOT': True,
 'SHIFT_RADIUS': 1.0,
 'FILTER': 'none',
 'SPOT_COST_RADII': (0.0, 1.0, 1.7320508075688772, 2.0),
 'SPOT_STI_RADII': (1.0, 1.7320508075688772, 2.0),
 'SPOT_COST_RADIUS_WEIGHT': {0.0: 1.0, 1.0: 0.3333333333333333, 2.0: 0.3333333333333333},
 'SPOT_COST_RADIUS_WEIGHT_RADIUS1': {0.0: 1.0, 1.0: 2},
 'SPOT_COST_RADIUS_KEY_ALIASES': {'sqrt3': 1.7320508075688772},
 'MULTI_BAR': True,
 'TASK': 'spot_bright',
 'COST_NORM': 'a_gt2',
 'COST_INTERVAL_MS': 10.0,
 'COST_MS': {1.0: (0.0, 25.0)},
 'BIAS_GT_FROM_V_ONSET': True,
 'BIAS_GT_FROM_V_ONSET_GRAD': True,
 'V_TH_CA_FROM_V_TH': False,
 'A_CA_FROM_A_OUT': False,
 'PRE_STEADY': 'solve',
 'PRE_STEADY_ITERS': 50,
 'PRE_STEADY_DAMP': 0.1,
 'NOFRUNS': 1,
 'NOFITERS_CPU': 0,
 'NOFITERS_GPU': 200,
 'LRS': '0.1',
 'CHECKPOINT_INTERVAL': 1000,
 'FP': 32,
 'SEQUENTIAL': False,
 'T_REL_START': -10,
 'T_REL_STOP': 10,
 'TRACE_OSC_MIN_FREQ_HZ': 0.5,
 'TRACE_OSC_MAX_FREQ_HZ': 20.0,
 'TRACE_OSC_PEAK_THRESHOLD': 0.5,
 'TRACE_OSC_Z_THRESHOLD': 2.0,
 'TRACE_OSC_SNR_MIN': 2.0,
 'TRACE_DRIFT_MIN_SLOPE_MV_PER_S': 1.0,
 'TRACE_DRIFT_MIN_R': 0.5,
 'TRACE_BASELINE_MS': 200.0,
 'TRACE_FLAT_MAX_ABS': 0.5,
 'TRACE_FLAT_V_PEAK_TO_PEAK_MAX': 1.0,
 'TRACE_FLAT_ABS_MEAN': 0.2}
==== end param_defaults ====
usage: run.py [-h] [--model {borst,hp_lp}] [--syn-mode {per_cell,per_edge}]
              [--nofruns NOFRUNS] [--nofiters NOFITERS] [--lrs LRS]
              [--checkpoint-interval N] [--fname FNAME] [--outdir OUTDIR]
              [--init-from MODEL/RUN] [--all-param MODE [MODE ...]]
              [--a-in MODE [MODE ...]] [--a-out MODE [MODE ...]]
              [--a-gt MODE [MODE ...]] [--bias-gt MODE [MODE ...]]
              [--syn-strength-cell MODE [MODE ...]]
              [--syn-strength-edge MODE [MODE ...]] [--v-th MODE [MODE ...]]
              [--v-th-ca MODE [MODE ...]] [--a-ca MODE [MODE ...]]
              [--a-h MODE [MODE ...]] [--a-h-rev MODE [MODE ...]]
              [--i-h-shape MODE [MODE ...]] [--v-mid-h-g MODE [MODE ...]]
              [--h-slope MODE [MODE ...]] [--v-mid-h-tau MODE [MODE ...]]
              [--v-mid-h-g-rev MODE [MODE ...]]
              [--h-slope-rev MODE [MODE ...]]
              [--v-mid-h-tau-rev MODE [MODE ...]] [--tau-lp MODE [MODE ...]]
              [--tau-ca MODE [MODE ...]] [--e-leak MODE [MODE ...]]
              [--tau-hp MODE [MODE ...]] [--a-sti-radius MODE [MODE ...]]
              [--i-h-rev {on,off,mirrored}] [--euler {im,ex}]
              [--pre-steady {probe,solve}] [--fp N] [--pre-grad BOOL]
              [--bias-gt-from-v-onset BOOL] [--bias-gt-from-v-onset-grad BOOL]
              [--v-th-ca-from-v-th BOOL] [--a-ca-from-a-out BOOL]
              [--filter {none,ca}] [--sequential BOOL] [--network RUN]
              [--multi-bar BOOL] [--task TASK]
              [--cost-weight NAME|NAME=VALUE [NAME|NAME=VALUE ...]]
              [--shift-radius SHIFT_RADIUS] [--spot-radius R]
              [--multi-spot BOOL] [--fully-inside BOOL]
              [--spot-cost-r-w R|R=W [R|R=W ...]]
              [--cost-radius N|TASK=N [N|TASK=N ...]]
              [--gt TASK=CELLS [TASK=CELLS ...]]
              [--i-baseline TASK=VALUE [TASK=VALUE ...]]
              [--i-bright TASK=VALUE [TASK=VALUE ...]]
              [--i-dark TASK=VALUE [TASK=VALUE ...]] [--ms-pre MS]
              [--ms-response MS] [--ms-post MS] [--ms-spot MS] [--delta-ms MS]
              [--delta-ms-pre MS] [--cost-interval-ms MS]
              [--cost-ms R=MS,... [R=MS,... ...]]
              [--cost-norm {gt_power,a_gt2}] [--html]
              [--plot-right-only [BOOL]] [--show-pre [BOOL]] [--r0only [BOOL]]
              [--x X,...] [--y Y,...] [--align-xy X,Y] [--ms-shown START,STOP]
              [--syn-sign [BOOL]]
run.py: error: unrecognized arguments: --nofsteps 50
