Job ID: 29081182
Node:   spartan-gpgpu008
GPU:    0
GPU 0: NVIDIA L40S (UUID: GPU-5211b715-ba90-a4ca-3e3f-936d8d5a1796)
cuda: True NVIDIA L40S
Start:  Wed 12 Aug 2026 00:02:46 AEST
==== param_defaults ====
{'DEFAULT_RUN_NAME': '29080544-run-n-iter-300-a-h-init.L1,L2,L4,L5-0.5',
 'DEFAULT_RUN_PATH': 'hp_lp/29080544-run-n-iter-300-a-h-init.L1,L2,L4,L5-0.5',
 'DELTA_MS': 1.0,
 'DELTA_MS_PRE': 1.0,
 'CAP': 40.0,
 'G_LEAK': 1.0,
 'E_EXC': 10.0,
 'E_INH': -70.0,
 'E_H': 50.0,
 'H_G_MAX': 100.0,
 'GT_V_AMP': 20.0,
 'GT_CA_AMP': 2.0,
 'STATE_CLAMP': 1000000.0,
 'SYN_SCALE_EXC': 0.001,
 'SYN_SCALE_INH': 0.001,
 'I_H_REV': 'off',
 'EULER': 'im',
 'GAIN_LO': 0.1,
 'GAIN_HI': 10.0,
 'H_CELLS': ('L1', 'L2', 'L4', 'L5'),
 'PARAM_BOXES': {'a_gt': {'lo': 0.5, 'hi': 2.0, 'init': 1.0, 'jit': 0.1, 'train_mode': 'indi'},
                 'bias_gt': {'lo': -50.0, 'hi': 50.0, 'init': 0.0, 'jit': 1.0, 'train_mode': 'indi'},
                 'syn_strength_cell': {'lo': 0.1, 'hi': 10.0, 'init': 1.0, 'jit': 0.1, 'train_mode': 'indi'},
                 'syn_strength_edge': {'lo': 0.1, 'hi': 10.0, 'init': 1.0, 'jit': 0.1, 'train_mode': 'indi'},
                 'a_in': {'lo': 0.01, 'hi': 100, 'init': 1.0, 'jit': 0.1, 'train_mode': 'shared'},
                 'a_out': {'lo': 0.1, 'hi': 10.0, 'init': 1.0, 'jit': 0.1, 'train_mode': 'indi'},
                 'e_leak': {'lo': -50.0, 'hi': 50.0, 'init': 0.0, 'jit': 1.0, 'train_mode': 'indi'},
                 'v_th': {'lo': -100.0, 'hi': -100.0, 'init': -50.0, 'jit': 0.0, 'train_mode': 'indi'},
                 'v_th_ca': {'lo': -100.0, 'hi': -100.0, 'init': -50.0, 'jit': 0.0, 'train_mode': 'indi'},
                 'a_ca': {'lo': 0.1, 'hi': 10.0, 'init': 1.0, 'jit': 0.1, 'train_mode': 'indi'},
                 'tau_ca': {'lo': 100.0, 'hi': 1000.0, 'init': 350.0, 'jit': 5.0, 'train_mode': 'indi'},
                 'tau_lp': {'lo': 10.0, 'hi': 100.0, 'init': 10.0, 'jit': 2.0, 'train_mode': 'indi'},
                 'tau_hp': {'lo': 100.0, 'hi': 500.0, 'init': 200.0, 'jit': 20.0, 'train_mode': 'indi'},
                 'a_h': {'lo': 0.0, 'hi': 1.0, 'init': 0, 'jit': 0.1, 'train_mode': 'indi_named'},
                 'v_mid_h_g': {'lo': -70.0, 'hi': -30.0, 'init': -50.0, 'jit': 5.0, 'train_mode': 'shared'},
                 'v_mid_h_tau': {'lo': -70.0, 'hi': -40.0, 'init': -50.0, 'jit': 5.0, 'train_mode': 'shared'},
                 'h_slope': {'lo': -0.4, 'hi': -0.2, 'init': -0.25, 'jit': 0.02, 'train_mode': 'shared'},
                 'a_h_rev': {'lo': 0.0, 'hi': 1.0, 'init': 0.5, 'jit': 0.1, 'train_mode': 'indi_named'},
                 'v_mid_h_g_rev': {'lo': -70.0, 'hi': -30.0, 'init': -50.0, 'jit': 5.0, 'train_mode': 'shared'},
                 'v_mid_h_tau_rev': {'lo': -70.0, 'hi': -40.0, 'init': -50.0, 'jit': 5.0, 'train_mode': 'shared'},
                 'h_slope_rev': {'lo': -0.4, 'hi': -0.2, 'init': -0.25, 'jit': 0.02, 'train_mode': 'shared'},
                 'a_sti_radius': {'lo': 0.0, 'hi': 1.0, 'init': 0.0, 'jit': 0.05, 'train_mode': 'indi'}},
 'MODEL': 'hp_lp',
 'SYN_MODE': 'per_cell',
 'PRE_GRAD': True,
 'NETWORK': 'right_min_neuron1_r10',
 'I_BASELINE': 20.0,
 'I_BRIGHT': 40.0,
 'I_DARK': 0.0,
 'MS_PRE': 10.0,
 'MS_SPOT': 50.0,
 'MS_SPOT_CA': 25.0,
 'MS_RESPONSE': 400.0,
 'MS_POST': 0.0,
 'SPOT_RADIUS': 1.0,
 'SPOT_RADII': (0.5, 1.0, 1.5, 2.0),
 'FULLY_INSIDE': True,
 'MULTI_SPOT': True,
 'SHIFT_RADIUS': 1.0,
 'FILTER': 'none',
 'SPOT_COST_RADII': (0.0, 1.0, 1.7320508075688772, 2.0),
 'SPOT_STI_RADII': (1.0, 1.7320508075688772, 2.0),
 'SPOT_COST_RADIUS_WEIGHT': {0.0: 1.0, 1.0: 0.3333333333333333, 2.0: 0.3333333333333333},
 'SPOT_COST_RADIUS_WEIGHT_RADIUS1': {0.0: 1.0, 1.0: 2},
 'SPOT_COST_RADIUS_KEY_ALIASES': {'sqrt3': 1.7320508075688772},
 'MULTI_BAR': True,
 'TASK': 'spot_bright',
 'COST_NORM': 'a_gt2',
 'COST_INTERVAL_MS': 10.0,
 'COST_MS': {1.0: (0.0, 25.0)},
 'BIAS_GT_FROM_V_ONSET': True,
 'BIAS_GT_FROM_V_ONSET_GRAD': True,
 'V_TH_CA_FROM_V_TH': False,
 'A_CA_FROM_A_OUT': False,
 'PRE_STEADY': 'solve',
 'PRE_STEADY_ITERS': 50,
 'PRE_STEADY_DAMP': 0.1,
 'N_RUN': 1,
 'N_ITER_CPU': 0,
 'N_ITER_GPU': 200,
 'LRS': '0.1',
 'CHECKPOINT_INTERVAL': 1000,
 'FP': 32,
 'SEQUENTIAL': False,
 'T_REL_START': -10,
 'T_REL_STOP': 10,
 'TRACE_OSC_MIN_FREQ_HZ': 0.5,
 'TRACE_OSC_MAX_FREQ_HZ': 20.0,
 'TRACE_OSC_PEAK_THRESHOLD': 0.5,
 'TRACE_OSC_Z_THRESHOLD': 2.0,
 'TRACE_OSC_SNR_MIN': 2.0,
 'TRACE_DRIFT_MIN_SLOPE_MV_PER_S': 1.0,
 'TRACE_DRIFT_MIN_R': 0.5,
 'TRACE_BASELINE_MS': 200.0,
 'TRACE_FLAT_MAX_ABS': 0.5,
 'TRACE_FLAT_V_PEAK_TO_PEAK_MAX': 1.0,
 'TRACE_FLAT_ABS_MEAN': 0.2}
==== end param_defaults ====
train_modes:
  a_gt               indi=56/shared=0/fixed=0/frozen=0 (56)
  bias_gt            indi=0/shared=0/fixed=0/frozen=56 (0)
  syn_strength_cell  indi=1035/shared=0/fixed=0/frozen=0 (1035)
  a_in               indi=0/shared=56/fixed=0/frozen=0 (1)
  a_out              indi=56/shared=0/fixed=0/frozen=0 (56)
  e_leak             indi=56/shared=0/fixed=0/frozen=0 (56)
  v_th               indi=56/shared=0/fixed=0/frozen=0 (56)
  v_th_ca            indi=56/shared=0/fixed=0/frozen=0 (56)
  a_ca               indi=56/shared=0/fixed=0/frozen=0 (56)
  tau_ca             indi=56/shared=0/fixed=0/frozen=0 (56)
  tau_lp             indi=56/shared=0/fixed=0/frozen=0 (56)
  tau_hp             indi=56/shared=0/fixed=0/frozen=0 (56)
  a_h                indi=4/shared=0/fixed=52/frozen=0 (4)
  a_sti_radius       indi=3/shared=0/fixed=0/frozen=0 (3)
device=cuda, model=hp_lp, syn_mode=per_cell, euler=implicit, pre_steady=solve, n_run=1, n_iter=5, lrs=[0.1], nparams=1547, fname=training_hp_lp.npy
checkpoint_interval=1000
from '/home/yitai/drosophila_vision/vision/simulation/0_runs/hp_lp/29080544-run-n-iter-300-a-h-init.L1,L2,L4,L5-0.5' -> '/home/yitai/drosophila_vision/vision/simulation/0_runs/hp_lp/29080544-run-n-iter-300-a-h-init.L1,L2,L4,L5-0.5/data/best_param.npz' + '/home/yitai/drosophila_vision/vision/simulation/0_runs/hp_lp/29080544-run-n-iter-300-a-h-init.L1,L2,L4,L5-0.5/data/best_adam.npz' (1547 trainable slots, adam_iter=299)

round 0

  0%|          | 0/5 [00:00<?, ?it/s] Cost: 6727450.5000  [spot_bright_L1_r0=1405024.0000  spot_bright_L2_r0=844869.0000  spot_bright_L4_r0=24304344.0000  spot_bright_L5_r0=1297303.6250  spot_bright_Mi1_r0=203099.0781  spot_bright_Tm3_r0=5976757.5000  spot_bright_Mi4_r0=4704465.0000  spot_bright_Mi9_r0=418094.9062  spot_bright_Tm1_r0=10862825.0000  spot_bright_Tm2_r0=11500959.0000  spot_bright_Tm4_r0=9540250.0000  spot_bright_Tm9_r0=35078828.0000  spot_bright_L1_r1=749859.3125  spot_bright_L2_r1=417146.9688  spot_bright_L3_r1=3153514.7500  spot_bright_L4_r1=13419263.0000  spot_bright_L5_r1=840786.6875  spot_bright_Mi1_r1=150141.3750  spot_bright_Tm3_r1=3619463.5000  spot_bright_Mi4_r1=3024969.2500  spot_bright_Mi9_r1=173563.0938  spot_bright_Tm1_r1=5983867.0000  spot_bright_Tm2_r1=6383173.0000  spot_bright_Tm4_r1=5223267.5000  spot_bright_Tm9_r1=19536340.0000  spot_bright_L3_r0=6101564.0000]100%|██████████| 5/5 [00:08<00:00,  1.76s/it] Cost: 22331.5566  [spot_bright_L1_r0=12587.4307  spot_bright_L2_r0=31068.4668  spot_bright_L4_r0=18467.1719  spot_bright_L5_r0=21195.2422  spot_bright_Mi1_r0=67288.1016  spot_bright_Tm3_r0=50337.0547  spot_bright_Mi4_r0=58076.7188  spot_bright_Mi9_r0=19555.7324  spot_bright_Tm1_r0=25057.5664  spot_bright_Tm2_r0=16846.8418  spot_bright_Tm4_r0=16225.0391  spot_bright_Tm9_r0=21902.6602  spot_bright_L1_r1=17.5069  spot_bright_L2_r1=7393.0146  spot_bright_L3_r1=35220.7461  spot_bright_L4_r1=51.3646  spot_bright_L5_r1=5447.5317  spot_bright_Mi1_r1=31479.1094  spot_bright_Tm3_r1=19163.4082  spot_bright_Mi4_r1=19311.8848  spot_bright_Mi9_r1=466.8694  spot_bright_Tm1_r1=7086.4839  spot_bright_Tm2_r1=2629.0032  spot_bright_Tm4_r1=3574.7988  spot_bright_Tm9_r1=763.7001  spot_bright_L3_r0=89407.0781]:                                                          

Initl cost = 6727450.5000  [spot_bright_L1_r0=1405024.0000  spot_bright_L2_r0=844869.0000  spot_bright_L4_r0=24304344.0000  spot_bright_L5_r0=1297303.6250  spot_bright_Mi1_r0=203099.0781  spot_bright_Tm3_r0=5976757.5000  spot_bright_Mi4_r0=4704465.0000  spot_bright_Mi9_r0=418094.9062  spot_bright_Tm1_r0=10862825.0000  spot_bright_Tm2_r0=11500959.0000  spot_bright_Tm4_r0=9540250.0000  spot_bright_Tm9_r0=35078828.0000  spot_bright_L1_r1=749859.3125  spot_bright_L2_r1=417146.9688  spot_bright_L3_r1=3153514.7500  spot_bright_L4_r1=13419263.0000  spot_bright_L5_r1=840786.6875  spot_bright_Mi1_r1=150141.3750  spot_bright_Tm3_r1=3619463.5000  spot_bright_Mi4_r1=3024969.2500  spot_bright_Mi9_r1=173563.0938  spot_bright_Tm1_r1=5983867.0000  spot_bright_Tm2_r1=6383173.0000  spot_bright_Tm4_r1=5223267.5000  spot_bright_Tm9_r1=19536340.0000  spot_bright_L3_r0=6101564.0000]
Final cost = 13001.5859  [spot_bright_L1_r0=14954.4639  spot_bright_L2_r0=21813.1973  spot_bright_L4_r0=18489.1641  spot_bright_L5_r0=17239.5391  spot_bright_Mi1_r0=34730.5391  spot_bright_Tm3_r0=22699.3379  spot_bright_Mi4_r0=34431.1758  spot_bright_Mi9_r0=22005.4531  spot_bright_Tm1_r0=20049.3574  spot_bright_Tm2_r0=13938.9990  spot_bright_Tm4_r0=14665.5879  spot_bright_Tm9_r0=21217.0527  spot_bright_L1_r1=5.3555  spot_bright_L2_r1=1418.4885  spot_bright_L3_r1=10063.6807  spot_bright_L4_r1=51.4279  spot_bright_L5_r1=1987.7317  spot_bright_Mi1_r1=10821.1992  spot_bright_Tm3_r1=3348.8064  spot_bright_Mi4_r1=6064.0254  spot_bright_Mi9_r1=140.8191  spot_bright_Tm1_r1=3114.7832  spot_bright_Tm2_r1=746.6240  spot_bright_Tm4_r1=1387.5944  spot_bright_Tm9_r1=135.2168  spot_bright_L3_r0=42521.6133]
Best  cost = 13001.5859  [spot_bright_L1_r0=14954.4639  spot_bright_L2_r0=21813.1973  spot_bright_L4_r0=18489.1641  spot_bright_L5_r0=17239.5391  spot_bright_Mi1_r0=34730.5391  spot_bright_Tm3_r0=22699.3379  spot_bright_Mi4_r0=34431.1758  spot_bright_Mi9_r0=22005.4531  spot_bright_Tm1_r0=20049.3574  spot_bright_Tm2_r0=13938.9990  spot_bright_Tm4_r0=14665.5879  spot_bright_Tm9_r0=21217.0527  spot_bright_L1_r1=5.3555  spot_bright_L2_r1=1418.4885  spot_bright_L3_r1=10063.6807  spot_bright_L4_r1=51.4279  spot_bright_L5_r1=1987.7317  spot_bright_Mi1_r1=10821.1992  spot_bright_Tm3_r1=3348.8064  spot_bright_Mi4_r1=6064.0254  spot_bright_Mi9_r1=140.8191  spot_bright_Tm1_r1=3114.7832  spot_bright_Tm2_r1=746.6240  spot_bright_Tm4_r1=1387.5944  spot_bright_Tm9_r1=135.2168  spot_bright_L3_r0=42521.6133]
time needed  = 12.44  sec

done in 0.00 hours
wrote /home/yitai/drosophila_vision/vision/simulation/0_runs/hp_lp/29081182-run_init_from-n-iter-5-filter-ca/data/best_adam.npz (best run #0)
wrote table: /home/yitai/drosophila_vision/vision/simulation/0_runs/hp_lp/29081182-run_init_from-n-iter-5-filter-ca/param.csv (best run #0, cost=13001.5879)
wrote table: /home/yitai/drosophila_vision/vision/simulation/0_runs/hp_lp/29081182-run_init_from-n-iter-5-filter-ca/syn_strength_cell.csv
/home/yitai/drosophila_vision/vision/simulation/5_figure/1_util.py:1020: UserWarning: This figure includes Axes that are not compatible with tight_layout, so results might be incorrect.
  fig.tight_layout()
plot /home/yitai/drosophila_vision/vision/simulation/0_runs/hp_lp/29081182-run_init_from-n-iter-5-filter-ca/cost_curve.png: prep=0.0s  draw=0.2s  save=1.1s  elapsed_s=1.3s
plot device=cuda (NVIDIA L40S)
1 trained set(s); costs min=13001.5879 max=13001.5879; selected #0 (from saved final costs)
plot /home/yitai/drosophila_vision/vision/simulation/0_runs/hp_lp/29081182-run_init_from-n-iter-5-filter-ca/spot_gt_ca.png: prep=0.4s  draw=0.4s  save=1.2s  elapsed_s=2.0s
plot /home/yitai/drosophila_vision/vision/simulation/0_runs/hp_lp/29081182-run_init_from-n-iter-5-filter-ca/spot_all_ca.png: prep=0.0s  draw=1.5s  save=5.3s  elapsed_s=6.8s
