Job ID: 29080947
Node:   spartan-gpgpu013
GPU:    0
GPU 0: NVIDIA H100 80GB HBM3 (UUID: GPU-a713d40e-2cd2-7667-ddac-5deca2c64521)
cuda: True NVIDIA H100 80GB HBM3
Start:  Tue 11 Aug 2026 23:56:08 AEST
==== param_defaults ====
{'DEFAULT_RUN_NAME': '29080544-run-n-iter-300-a-h-init.L1,L2,L4,L5-0.5',
 'DEFAULT_RUN_PATH': 'hp_lp/29080544-run-n-iter-300-a-h-init.L1,L2,L4,L5-0.5',
 'DELTA_MS': 1.0,
 'DELTA_MS_PRE': 1.0,
 'CAP': 40.0,
 'G_LEAK': 1.0,
 'E_EXC': 10.0,
 'E_INH': -70.0,
 'E_H': 50.0,
 'H_G_MAX': 100.0,
 'GT_V_AMP': 20.0,
 'GT_CA_AMP': 2.0,
 'STATE_CLAMP': 1000000.0,
 'SYN_SCALE_EXC': 0.001,
 'SYN_SCALE_INH': 0.001,
 'I_H_REV': 'off',
 'EULER': 'im',
 'GAIN_LO': 0.1,
 'GAIN_HI': 10.0,
 'H_CELLS': ('L1', 'L2', 'L4', 'L5'),
 'PARAM_BOXES': {'a_gt': {'lo': 0.5, 'hi': 2.0, 'init': 1.0, 'jit': 0.1, 'train_mode': 'indi'},
                 'bias_gt': {'lo': -50.0, 'hi': 50.0, 'init': 0.0, 'jit': 1.0, 'train_mode': 'indi'},
                 'syn_strength_cell': {'lo': 0.1, 'hi': 10.0, 'init': 1.0, 'jit': 0.1, 'train_mode': 'indi'},
                 'syn_strength_edge': {'lo': 0.1, 'hi': 10.0, 'init': 1.0, 'jit': 0.1, 'train_mode': 'indi'},
                 'a_in': {'lo': 0.01, 'hi': 100, 'init': 1.0, 'jit': 0.1, 'train_mode': 'shared'},
                 'a_out': {'lo': 0.1, 'hi': 10.0, 'init': 1.0, 'jit': 0.1, 'train_mode': 'indi'},
                 'e_leak': {'lo': -50.0, 'hi': 50.0, 'init': 0.0, 'jit': 1.0, 'train_mode': 'indi'},
                 'v_th': {'lo': -100.0, 'hi': -100.0, 'init': -50.0, 'jit': 0.0, 'train_mode': 'indi'},
                 'v_th_ca': {'lo': -100.0, 'hi': -100.0, 'init': -50.0, 'jit': 0.0, 'train_mode': 'indi'},
                 'a_ca': {'lo': 0.1, 'hi': 10.0, 'init': 1.0, 'jit': 0.1, 'train_mode': 'indi'},
                 'tau_ca': {'lo': 100.0, 'hi': 1000.0, 'init': 350.0, 'jit': 5.0, 'train_mode': 'indi'},
                 'tau_lp': {'lo': 10.0, 'hi': 100.0, 'init': 10.0, 'jit': 2.0, 'train_mode': 'indi'},
                 'tau_hp': {'lo': 100.0, 'hi': 500.0, 'init': 200.0, 'jit': 20.0, 'train_mode': 'indi'},
                 'a_h': {'lo': 0.0, 'hi': 1.0, 'init': 0, 'jit': 0.1, 'train_mode': 'indi_named'},
                 'v_mid_h_g': {'lo': -70.0, 'hi': -30.0, 'init': -50.0, 'jit': 5.0, 'train_mode': 'shared'},
                 'v_mid_h_tau': {'lo': -70.0, 'hi': -40.0, 'init': -50.0, 'jit': 5.0, 'train_mode': 'shared'},
                 'h_slope': {'lo': -0.4, 'hi': -0.2, 'init': -0.25, 'jit': 0.02, 'train_mode': 'shared'},
                 'a_h_rev': {'lo': 0.0, 'hi': 1.0, 'init': 0.5, 'jit': 0.1, 'train_mode': 'indi_named'},
                 'v_mid_h_g_rev': {'lo': -70.0, 'hi': -30.0, 'init': -50.0, 'jit': 5.0, 'train_mode': 'shared'},
                 'v_mid_h_tau_rev': {'lo': -70.0, 'hi': -40.0, 'init': -50.0, 'jit': 5.0, 'train_mode': 'shared'},
                 'h_slope_rev': {'lo': -0.4, 'hi': -0.2, 'init': -0.25, 'jit': 0.02, 'train_mode': 'shared'},
                 'a_sti_radius': {'lo': 0.0, 'hi': 1.0, 'init': 0.0, 'jit': 0.05, 'train_mode': 'indi'}},
 'MODEL': 'hp_lp',
 'SYN_MODE': 'per_cell',
 'PRE_GRAD': True,
 'NETWORK': 'right_min_neuron1_r10',
 'I_BASELINE': 20.0,
 'I_BRIGHT': 40.0,
 'I_DARK': 0.0,
 'MS_PRE': 10.0,
 'MS_SPOT': 50.0,
 'MS_SPOT_CA': 25.0,
 'MS_RESPONSE': 400.0,
 'MS_POST': 0.0,
 'SPOT_RADIUS': 1.0,
 'SPOT_RADII': (0.5, 1.0, 1.5, 2.0),
 'FULLY_INSIDE': True,
 'MULTI_SPOT': True,
 'SHIFT_RADIUS': 1.0,
 'FILTER': 'none',
 'SPOT_COST_RADII': (0.0, 1.0, 1.7320508075688772, 2.0),
 'SPOT_STI_RADII': (1.0, 1.7320508075688772, 2.0),
 'SPOT_COST_RADIUS_WEIGHT': {0.0: 1.0, 1.0: 0.3333333333333333, 2.0: 0.3333333333333333},
 'SPOT_COST_RADIUS_WEIGHT_RADIUS1': {0.0: 1.0, 1.0: 2},
 'SPOT_COST_RADIUS_KEY_ALIASES': {'sqrt3': 1.7320508075688772},
 'MULTI_BAR': True,
 'TASK': 'spot_bright',
 'COST_NORM': 'a_gt2',
 'COST_INTERVAL_MS': 10.0,
 'COST_MS': {1.0: (0.0, 25.0)},
 'BIAS_GT_FROM_V_ONSET': True,
 'BIAS_GT_FROM_V_ONSET_GRAD': True,
 'V_TH_CA_FROM_V_TH': False,
 'A_CA_FROM_A_OUT': False,
 'PRE_STEADY': 'solve',
 'PRE_STEADY_ITERS': 50,
 'PRE_STEADY_DAMP': 0.1,
 'N_RUN': 1,
 'N_ITER_CPU': 0,
 'N_ITER_GPU': 200,
 'LRS': '0.1',
 'CHECKPOINT_INTERVAL': 1000,
 'FP': 32,
 'SEQUENTIAL': False,
 'T_REL_START': -10,
 'T_REL_STOP': 10,
 'TRACE_OSC_MIN_FREQ_HZ': 0.5,
 'TRACE_OSC_MAX_FREQ_HZ': 20.0,
 'TRACE_OSC_PEAK_THRESHOLD': 0.5,
 'TRACE_OSC_Z_THRESHOLD': 2.0,
 'TRACE_OSC_SNR_MIN': 2.0,
 'TRACE_DRIFT_MIN_SLOPE_MV_PER_S': 1.0,
 'TRACE_DRIFT_MIN_R': 0.5,
 'TRACE_BASELINE_MS': 200.0,
 'TRACE_FLAT_MAX_ABS': 0.5,
 'TRACE_FLAT_V_PEAK_TO_PEAK_MAX': 1.0,
 'TRACE_FLAT_ABS_MEAN': 0.2}
==== end param_defaults ====
train_modes:
  a_gt               indi=56/shared=0/fixed=0/frozen=0 (56)
  bias_gt            indi=0/shared=0/fixed=0/frozen=56 (0)
  syn_strength_cell  indi=1035/shared=0/fixed=0/frozen=0 (1035)
  a_in               indi=0/shared=56/fixed=0/frozen=0 (1)
  a_out              indi=56/shared=0/fixed=0/frozen=0 (56)
  e_leak             indi=56/shared=0/fixed=0/frozen=0 (56)
  v_th               indi=56/shared=0/fixed=0/frozen=0 (56)
  v_th_ca            indi=56/shared=0/fixed=0/frozen=0 (56)
  a_ca               indi=56/shared=0/fixed=0/frozen=0 (56)
  tau_ca             indi=56/shared=0/fixed=0/frozen=0 (56)
  tau_lp             indi=56/shared=0/fixed=0/frozen=0 (56)
  tau_hp             indi=56/shared=0/fixed=0/frozen=0 (56)
  a_h                indi=4/shared=0/fixed=52/frozen=0 (4)
  a_sti_radius       indi=3/shared=0/fixed=0/frozen=0 (3)
device=cuda, model=hp_lp, syn_mode=per_cell, euler=implicit, pre_steady=solve, n_run=1, n_iter=10, lrs=[0.1], nparams=1547, fname=training_hp_lp.npy, outdir=/home/yitai/drosophila_vision/vision/simulation/0_runs/hp_lp/29080947-run_init_from-n-iter-10
checkpoint_interval=1000
from '/home/yitai/drosophila_vision/vision/simulation/0_runs/hp_lp/29080544-run-n-iter-300-a-h-init.L1,L2,L4,L5-0.5' -> '/home/yitai/drosophila_vision/vision/simulation/0_runs/hp_lp/29080544-run-n-iter-300-a-h-init.L1,L2,L4,L5-0.5/data/best_param.npz' + '/home/yitai/drosophila_vision/vision/simulation/0_runs/hp_lp/29080544-run-n-iter-300-a-h-init.L1,L2,L4,L5-0.5/data/best_adam.npz' (1547 trainable slots, adam_iter=299)

round 0

  0%|          | 0/10 [00:00<?, ?it/s] Cost: 140808.5781  [spot_bright_L1_r0=129962.5859  spot_bright_L2_r0=128926.3906  spot_bright_L4_r0=138485.8125  spot_bright_L5_r0=62569.3594  spot_bright_Mi1_r0=147520.4688  spot_bright_Tm3_r0=218790.1250  spot_bright_Mi4_r0=297927.7188  spot_bright_Mi9_r0=182048.0469  spot_bright_Tm1_r0=146592.3438  spot_bright_Tm2_r0=340206.5938  spot_bright_Tm4_r0=254787.9062  spot_bright_Tm9_r0=504382.3438  spot_bright_L1_r1=53475.7188  spot_bright_L2_r1=14048.9834  spot_bright_L3_r1=65629.1797  spot_bright_L4_r1=16520.4375  spot_bright_L5_r1=7134.0264  spot_bright_Mi1_r1=43321.7227  spot_bright_Tm3_r1=221411.6094  spot_bright_Mi4_r1=42735.8906  spot_bright_Mi9_r1=31588.1211  spot_bright_Tm1_r1=27334.8477  spot_bright_Tm2_r1=88293.8750  spot_bright_Tm4_r1=132717.0781  spot_bright_Tm9_r1=22052.9688  spot_bright_L3_r0=342558.8125]100%|██████████| 10/10 [00:04<00:00,  2.11it/s] Cost: 140094.8438  [spot_bright_L1_r0=132821.5938  spot_bright_L2_r0=130736.8281  spot_bright_L4_r0=138314.9219  spot_bright_L5_r0=61963.5430  spot_bright_Mi1_r0=145465.5312  spot_bright_Tm3_r0=216947.5781  spot_bright_Mi4_r0=295859.1562  spot_bright_Mi9_r0=180683.2812  spot_bright_Tm1_r0=145087.5781  spot_bright_Tm2_r0=333232.3750  spot_bright_Tm4_r0=253365.9844  spot_bright_Tm9_r0=501625.8438  spot_bright_L1_r1=52684.8398  spot_bright_L2_r1=13832.6514  spot_bright_L3_r1=65594.1797  spot_bright_L4_r1=16442.5859  spot_bright_L5_r1=6585.9648  spot_bright_Mi1_r1=42737.5938  spot_bright_Tm3_r1=220404.7344  spot_bright_Mi4_r1=41970.0117  spot_bright_Mi9_r1=31856.7793  spot_bright_Tm1_r1=26476.6328  spot_bright_Tm2_r1=92346.3438  spot_bright_Tm4_r1=132126.6406  spot_bright_Tm9_r1=23330.2852  spot_bright_L3_r0=339972.5625]: 100%|██████████| 10/10 [00:04<00:00,  2.11it/s] Cost: 140094.8438  [spot_bright_L1_r0=132821.5938  spot_bright_L2_r0=130736.8281  spot_bright_L4_r0=138314.9219  spot_bright_L5_r0=61963.5430  spot_bright_Mi1_r0=145465.5312  spot_bright_Tm3_r0=216947.5781  spot_bright_Mi4_r0=295859.1562  spot_bright_Mi9_r0=180683.2812  spot_bright_Tm1_r0=145087.5781  spot_bright_Tm2_r0=333232.3750  spot_bright_Tm4_r0=253365.9844  spot_bright_Tm9_r0=501625.8438  spot_bright_L1_r1=52684.8398  spot_bright_L2_r1=13832.6514  spot_bright_L3_r1=65594.1797  spot_bright_L4_r1=16442.5859  spot_bright_L5_r1=6585.9648  spot_bright_Mi1_r1=42737.5938  spot_bright_Tm3_r1=220404.7344  spot_bright_Mi4_r1=41970.0117  spot_bright_Mi9_r1=31856.7793  spot_bright_Tm1_r1=26476.6328  spot_bright_Tm2_r1=92346.3438  spot_bright_Tm4_r1=132126.6406  spot_bright_Tm9_r1=23330.2852  spot_bright_L3_r0=339972.5625]: 

Initl cost = 140808.5781  [spot_bright_L1_r0=129962.5859  spot_bright_L2_r0=128926.3906  spot_bright_L4_r0=138485.8125  spot_bright_L5_r0=62569.3594  spot_bright_Mi1_r0=147520.4688  spot_bright_Tm3_r0=218790.1250  spot_bright_Mi4_r0=297927.7188  spot_bright_Mi9_r0=182048.0469  spot_bright_Tm1_r0=146592.3438  spot_bright_Tm2_r0=340206.5938  spot_bright_Tm4_r0=254787.9062  spot_bright_Tm9_r0=504382.3438  spot_bright_L1_r1=53475.7188  spot_bright_L2_r1=14048.9834  spot_bright_L3_r1=65629.1797  spot_bright_L4_r1=16520.4375  spot_bright_L5_r1=7134.0264  spot_bright_Mi1_r1=43321.7227  spot_bright_Tm3_r1=221411.6094  spot_bright_Mi4_r1=42735.8906  spot_bright_Mi9_r1=31588.1211  spot_bright_Tm1_r1=27334.8477  spot_bright_Tm2_r1=88293.8750  spot_bright_Tm4_r1=132717.0781  spot_bright_Tm9_r1=22052.9688  spot_bright_L3_r0=342558.8125]
Final cost = 140478.7656  [spot_bright_L1_r0=151133.2344  spot_bright_L2_r0=132713.6250  spot_bright_L4_r0=137974.2344  spot_bright_L5_r0=60649.7070  spot_bright_Mi1_r0=142365.0938  spot_bright_Tm3_r0=211224.5312  spot_bright_Mi4_r0=291642.8438  spot_bright_Mi9_r0=181500.8438  spot_bright_Tm1_r0=139861.5938  spot_bright_Tm2_r0=332206.1875  spot_bright_Tm4_r0=250932.9531  spot_bright_Tm9_r0=505623.6250  spot_bright_L1_r1=64759.6758  spot_bright_L2_r1=15304.2422  spot_bright_L3_r1=68457.2812  spot_bright_L4_r1=17105.0781  spot_bright_L5_r1=7021.0376  spot_bright_Mi1_r1=40519.2305  spot_bright_Tm3_r1=213954.4375  spot_bright_Mi4_r1=44754.6641  spot_bright_Mi9_r1=39467.8047  spot_bright_Tm1_r1=27134.5176  spot_bright_Tm2_r1=90706.4375  spot_bright_Tm4_r1=123480.2188  spot_bright_Tm9_r1=27176.6621  spot_bright_L3_r0=334777.8125]
Best  cost = 140094.8438  [spot_bright_L1_r0=132821.5938  spot_bright_L2_r0=130736.8281  spot_bright_L4_r0=138314.9219  spot_bright_L5_r0=61963.5430  spot_bright_Mi1_r0=145465.5312  spot_bright_Tm3_r0=216947.5781  spot_bright_Mi4_r0=295859.1562  spot_bright_Mi9_r0=180683.2812  spot_bright_Tm1_r0=145087.5781  spot_bright_Tm2_r0=333232.3750  spot_bright_Tm4_r0=253365.9844  spot_bright_Tm9_r0=501625.8438  spot_bright_L1_r1=52684.8398  spot_bright_L2_r1=13832.6514  spot_bright_L3_r1=65594.1797  spot_bright_L4_r1=16442.5859  spot_bright_L5_r1=6585.9648  spot_bright_Mi1_r1=42737.5938  spot_bright_Tm3_r1=220404.7344  spot_bright_Mi4_r1=41970.0117  spot_bright_Mi9_r1=31856.7793  spot_bright_Tm1_r1=26476.6328  spot_bright_Tm2_r1=92346.3438  spot_bright_Tm4_r1=132126.6406  spot_bright_Tm9_r1=23330.2852  spot_bright_L3_r0=339972.5625]
time needed  = 9.76  sec

done in 0.00 hours
wrote /home/yitai/drosophila_vision/vision/simulation/0_runs/hp_lp/29080947-run_init_from-n-iter-10/data/best_adam.npz (best run #0)
wrote table: /home/yitai/drosophila_vision/vision/simulation/0_runs/hp_lp/29080947-run_init_from-n-iter-10/param.csv (best run #0, cost=140094.8438)
wrote table: /home/yitai/drosophila_vision/vision/simulation/0_runs/hp_lp/29080947-run_init_from-n-iter-10/syn_strength_cell.csv
/home/yitai/drosophila_vision/vision/simulation/5_figure/1_util.py:1020: UserWarning: This figure includes Axes that are not compatible with tight_layout, so results might be incorrect.
  fig.tight_layout()
plot /home/yitai/drosophila_vision/vision/simulation/0_runs/hp_lp/29080947-run_init_from-n-iter-10/cost_curve.png: prep=0.0s  draw=0.2s  save=1.8s  elapsed_s=1.9s
plot device=cuda (NVIDIA H100 80GB HBM3)
1 trained set(s); costs min=140094.8438 max=140094.8438; selected #0 (from saved final costs)
plot /home/yitai/drosophila_vision/vision/simulation/0_runs/hp_lp/29080947-run_init_from-n-iter-10/spot_gt_v.png: prep=0.3s  draw=0.4s  save=1.2s  elapsed_s=1.9s
plot /home/yitai/drosophila_vision/vision/simulation/0_runs/hp_lp/29080947-run_init_from-n-iter-10/spot_all_v.png: prep=0.0s  draw=1.4s  save=5.2s  elapsed_s=6.6s
plots saved to /home/yitai/drosophila_vision/vision/simulation/0_runs/hp_lp/29080947-run_init_from-n-iter-10
