Job ID: 29082218
Node:   spartan-gpgpu008
GPU:    0
GPU 0: NVIDIA L40S (UUID: GPU-5211b715-ba90-a4ca-3e3f-936d8d5a1796)
cuda: True NVIDIA L40S
Start:  Wed 12 Aug 2026 00:51:00 AEST
==== param_defaults ====
{'DEFAULT_RUN_NAME': '29080544-run-n-iter-300-a-h-init.L1,L2,L4,L5-0.5',
 'DEFAULT_RUN_PATH': 'hp_lp/29080544-run-n-iter-300-a-h-init.L1,L2,L4,L5-0.5',
 'DELTA_MS': 1.0,
 'DELTA_MS_PRE': 1.0,
 'CAP': 40.0,
 'G_LEAK': 1.0,
 'E_EXC': 10.0,
 'E_INH': -70.0,
 'E_H': 50.0,
 'H_G_MAX': 100.0,
 'GT_V_AMP': 20.0,
 'GT_CA_AMP': 2.0,
 'STATE_CLAMP': 1000000.0,
 'SYN_SCALE_EXC': 0.001,
 'SYN_SCALE_INH': 0.001,
 'I_H_REV': 'off',
 'EULER': 'im',
 'GAIN_LO': 0.1,
 'GAIN_HI': 10.0,
 'H_CELLS': ('L1', 'L2', 'L4', 'L5'),
 'PARAM_BOXES': {'a_gt': {'lo': 0.5, 'hi': 2.0, 'init': 1.0, 'jit': 0.1, 'train_mode': 'indi'},
                 'bias_gt': {'lo': -200.0, 'hi': 200.0, 'init': 0.0, 'jit': 1.0, 'train_mode': 'indi'},
                 'syn_strength_cell': {'lo': 0.1, 'hi': 10.0, 'init': 1.0, 'jit': 0.1, 'train_mode': 'indi'},
                 'syn_strength_edge': {'lo': 0.1, 'hi': 10.0, 'init': 1.0, 'jit': 0.1, 'train_mode': 'indi'},
                 'a_in': {'lo': 0.01, 'hi': 100, 'init': 1.0, 'jit': 0.1, 'train_mode': 'shared'},
                 'a_out': {'lo': 0.1, 'hi': 10.0, 'init': 1.0, 'jit': 0.1, 'train_mode': 'indi'},
                 'e_leak': {'lo': -50.0, 'hi': 50.0, 'init': 0.0, 'jit': 1.0, 'train_mode': 'indi'},
                 'v_th': {'lo': -100.0, 'hi': 100.0, 'init': -50.0, 'jit': 0.0, 'train_mode': 'indi'},
                 'tau_lp': {'lo': 10.0, 'hi': 100.0, 'init': 10.0, 'jit': 2.0, 'train_mode': 'indi'},
                 'tau_hp': {'lo': 100.0, 'hi': 500.0, 'init': 200.0, 'jit': 20.0, 'train_mode': 'indi'},
                 'a_h': {'lo': 0.0, 'hi': 1.0, 'init': 0, 'jit': 0.1, 'train_mode': 'indi_named'},
                 'v_mid_h_g': {'lo': -70.0, 'hi': -30.0, 'init': -50.0, 'jit': 5.0, 'train_mode': 'shared'},
                 'v_mid_h_tau': {'lo': -70.0, 'hi': -40.0, 'init': -50.0, 'jit': 5.0, 'train_mode': 'shared'},
                 'h_slope': {'lo': -0.4, 'hi': -0.2, 'init': -0.25, 'jit': 0.02, 'train_mode': 'shared'},
                 'a_h_rev': {'lo': 0.0, 'hi': 1.0, 'init': 0.5, 'jit': 0.1, 'train_mode': 'indi_named'},
                 'v_mid_h_g_rev': {'lo': -70.0, 'hi': -30.0, 'init': -50.0, 'jit': 5.0, 'train_mode': 'shared'},
                 'v_mid_h_tau_rev': {'lo': -70.0, 'hi': -40.0, 'init': -50.0, 'jit': 5.0, 'train_mode': 'shared'},
                 'h_slope_rev': {'lo': -0.4, 'hi': -0.2, 'init': -0.25, 'jit': 0.02, 'train_mode': 'shared'},
                 'v_th_ca': {'lo': -100.0, 'hi': 100.0, 'init': -50.0, 'jit': 0.0, 'train_mode': 'indi'},
                 'a_ca': {'lo': 0.1, 'hi': 10.0, 'init': 1.0, 'jit': 0.1, 'train_mode': 'indi'},
                 'tau_ca': {'lo': 100.0, 'hi': 1000.0, 'init': 350.0, 'jit': 5.0, 'train_mode': 'indi'},
                 'a_sti_radius': {'lo': 0.0, 'hi': 1.0, 'init': 0.0, 'jit': 0.05, 'train_mode': 'indi'}},
 'MODEL': 'hp_lp',
 'SYN_MODE': 'per_cell',
 'PRE_GRAD': True,
 'NETWORK': 'right_min_neuron1_r10',
 'I_BASELINE': 20.0,
 'I_BRIGHT': 40.0,
 'I_DARK': 0.0,
 'MS_PRE': 10.0,
 'MS_SPOT': 50.0,
 'MS_SPOT_CA': 25.0,
 'MS_RESPONSE': 400.0,
 'MS_POST': 0.0,
 'SPOT_RADIUS': 1.0,
 'FULLY_INSIDE': True,
 'MULTI_SPOT': True,
 'SHIFT_RADIUS': 1.0,
 'FILTER': 'none',
 'SPOT_COST_RADII': (0.0, 1.0, 1.7320508075688772, 2.0),
 'SPOT_STI_RADII': (1.0, 1.7320508075688772, 2.0),
 'SPOT_COST_RADIUS_WEIGHT': {0.0: 1.0, 1.0: 0.3333333333333333, 2.0: 0.3333333333333333},
 'SPOT_COST_RADIUS_WEIGHT_RADIUS1': {0.0: 1.0, 1.0: 2},
 'SPOT_COST_RADIUS_KEY_ALIASES': {'sqrt3': 1.7320508075688772},
 'MULTI_BAR': True,
 'TASK': 'spot_bright',
 'COST_NORM': 'a_gt2',
 'COST_INTERVAL_MS': 10.0,
 'COST_MS': {1.0: (0.0, 100)},
 'BIAS_GT_FROM_V_ONSET': True,
 'BIAS_GT_FROM_V_ONSET_GRAD': True,
 'V_TH_CA_FROM_V_TH': False,
 'A_CA_FROM_A_OUT': False,
 'PRE_STEADY': 'solve',
 'PRE_STEADY_ITERS': 50,
 'PRE_STEADY_DAMP': 0.1,
 'N_RUN': 1,
 'N_ITER_CPU': 0,
 'N_ITER_GPU': 200,
 'LRS': '0.1',
 'CHECKPOINT_INTERVAL': 1000,
 'FP': 32,
 'SEQUENTIAL': False,
 'T_REL_START': -10,
 'T_REL_STOP': 10,
 'TRACE_OSC_MIN_F': 0.5,
 'TRACE_OSC_MAX_F': 20.0,
 'TRACE_OSC_PEAK_THRESHOLD': 0.5,
 'TRACE_OSC_Z_THRESHOLD': 2.0,
 'TRACE_OSC_SNR_MIN': 2.0,
 'TRACE_DRIFT_MIN_SLOPE_MV_PER_S': 1.0,
 'TRACE_DRIFT_MIN_R': 0.5,
 'TRACE_BASELINE_MS': 200.0,
 'TRACE_FLAT_MAX_ABS': 0.5,
 'TRACE_FLAT_V_PEAK_TO_PEAK_MAX': 1.0,
 'TRACE_FLAT_ABS_MEAN': 0.2}
==== end param_defaults ====
train_modes:
  a_gt               indi=56/shared=0/fixed=0/frozen=0 (56)
  bias_gt            indi=0/shared=0/fixed=0/frozen=56 (0)
  syn_strength_cell  indi=1035/shared=0/fixed=0/frozen=0 (1035)
  a_in               indi=0/shared=56/fixed=0/frozen=0 (1)
  a_out              indi=56/shared=0/fixed=0/frozen=0 (56)
  e_leak             indi=56/shared=0/fixed=0/frozen=0 (56)
  v_th               indi=56/shared=0/fixed=0/frozen=0 (56)
  tau_lp             indi=56/shared=0/fixed=0/frozen=0 (56)
  tau_hp             indi=56/shared=0/fixed=0/frozen=0 (56)
  a_h                indi=4/shared=0/fixed=52/frozen=0 (4)
  v_th_ca            indi=56/shared=0/fixed=0/frozen=0 (56)
  a_ca               indi=56/shared=0/fixed=0/frozen=0 (56)
  tau_ca             indi=56/shared=0/fixed=0/frozen=0 (56)
  a_sti_radius       indi=3/shared=0/fixed=0/frozen=0 (3)
device=cuda, model=hp_lp, syn_mode=per_cell, euler=implicit, pre_steady=solve, n_run=1, n_iter=50, lrs=[0.1], nparams=1547, fname=training_hp_lp.npy
checkpoint_interval=1000

round 0

  0%|          | 0/50 [00:00<?, ?it/s] Cost: 46267.8203  [spot_bright_L1_r0=105100.4766  spot_bright_L2_r0=170147.6406  spot_bright_L4_r0=19572.9180  spot_bright_L5_r0=21879.0938  spot_bright_Mi1_r0=44456.6914  spot_bright_Tm3_r0=28242.1367  spot_bright_Mi4_r0=39269.1602  spot_bright_Mi9_r0=54795.6914  spot_bright_Tm1_r0=43332.6523  spot_bright_Tm2_r0=38210.2344  spot_bright_Tm4_r0=34123.7617  spot_bright_Tm9_r0=26784.0879  spot_bright_L1_r1=47232.7109  spot_bright_L2_r1=84990.0312  spot_bright_L3_r1=111322.3594  spot_bright_L4_r1=1115.0886  spot_bright_L5_r1=4077.2798  spot_bright_Mi1_r1=14330.7100  spot_bright_Tm3_r1=11083.0967  spot_bright_Mi4_r1=11021.4883  spot_bright_Mi9_r1=16649.1035  spot_bright_Tm1_r1=15579.4199  spot_bright_Tm2_r1=15117.9395  spot_bright_Tm4_r1=12555.4473  spot_bright_Tm9_r1=3023.5100  spot_bright_L3_r0=228950.5312] 20%|██        | 10/50 [00:17<01:09,  1.74s/it] Cost: 9768.9639  [spot_bright_L1_r0=20058.6523  spot_bright_L2_r0=19726.2773  spot_bright_L4_r0=18505.0508  spot_bright_L5_r0=15049.9795  spot_bright_Mi1_r0=18106.8262  spot_bright_Tm3_r0=16041.6748  spot_bright_Mi4_r0=22249.5996  spot_bright_Mi9_r0=24152.6074  spot_bright_Tm1_r0=17643.5039  spot_bright_Tm2_r0=13216.3076  spot_bright_Tm4_r0=14884.1826  spot_bright_Tm9_r0=21130.8613  spot_bright_L1_r1=113.3612  spot_bright_L2_r1=269.3599  spot_bright_L3_r1=813.7319  spot_bright_L4_r1=703.7209  spot_bright_L5_r1=351.5357  spot_bright_Mi1_r1=88.4466  spot_bright_Tm3_r1=2919.5269  spot_bright_Mi4_r1=131.5143  spot_bright_Mi9_r1=32.1511  spot_bright_Tm1_r1=367.0265  spot_bright_Tm2_r1=779.4605  spot_bright_Tm4_r1=2120.3142  spot_bright_Tm9_r1=139.0061  spot_bright_L3_r0=24398.3770]:                   40%|████      | 20/50 [00:34<00:52,  1.73s/it] Cost: 9747.5391  [spot_bright_L1_r0=20118.0039  spot_bright_L2_r0=19794.0117  spot_bright_L4_r0=18504.9902  spot_bright_L5_r0=15050.5127  spot_bright_Mi1_r0=18108.8984  spot_bright_Tm3_r0=16080.4951  spot_bright_Mi4_r0=22323.4004  spot_bright_Mi9_r0=24161.9395  spot_bright_Tm1_r0=17637.8867  spot_bright_Tm2_r0=13172.2129  spot_bright_Tm4_r0=14951.4453  spot_bright_Tm9_r0=21110.9531  spot_bright_L1_r1=113.2078  spot_bright_L2_r1=269.3640  spot_bright_L3_r1=655.9056  spot_bright_L4_r1=703.7206  spot_bright_L5_r1=351.5359  spot_bright_Mi1_r1=66.3397  spot_bright_Tm3_r1=2920.3655  spot_bright_Mi4_r1=114.9418  spot_bright_Mi9_r1=6.7454  spot_bright_Tm1_r1=355.2749  spot_bright_Tm2_r1=765.9082  spot_bright_Tm4_r1=2111.4165  spot_bright_Tm9_r1=136.7617  spot_bright_L3_r0=23849.7539]:   60%|██████    | 30/50 [00:52<00:34,  1.74s/it] Cost: 9749.1875  [spot_bright_L1_r0=20125.0293  spot_bright_L2_r0=19801.4297  spot_bright_L4_r0=18504.9902  spot_bright_L5_r0=15050.5107  spot_bright_Mi1_r0=18123.4668  spot_bright_Tm3_r0=16099.3359  spot_bright_Mi4_r0=22337.7676  spot_bright_Mi9_r0=24181.6113  spot_bright_Tm1_r0=17646.4688  spot_bright_Tm2_r0=13172.5537  spot_bright_Tm4_r0=14983.2480  spot_bright_Tm9_r0=21110.8477  spot_bright_L1_r1=113.2078  spot_bright_L2_r1=269.3642  spot_bright_L3_r1=644.9512  spot_bright_L4_r1=703.7206  spot_bright_L5_r1=351.5359  spot_bright_Mi1_r1=65.7644  spot_bright_Tm3_r1=2924.5054  spot_bright_Mi4_r1=113.5492  spot_bright_Mi9_r1=5.1392  spot_bright_Tm1_r1=355.7607  spot_bright_Tm2_r1=765.9207  spot_bright_Tm4_r1=2115.2148  spot_bright_Tm9_r1=136.7662  spot_bright_L3_r0=23776.2129]:  80%|████████  | 40/50 [01:09<00:17,  1.73s/it] Cost: 9749.2627  [spot_bright_L1_r0=20126.5195  spot_bright_L2_r0=19802.9648  spot_bright_L4_r0=18504.9902  spot_bright_L5_r0=15050.5078  spot_bright_Mi1_r0=18126.2812  spot_bright_Tm3_r0=16102.6367  spot_bright_Mi4_r0=22338.7910  spot_bright_Mi9_r0=24186.6797  spot_bright_Tm1_r0=17649.0703  spot_bright_Tm2_r0=13172.9707  spot_bright_Tm4_r0=14983.3008  spot_bright_Tm9_r0=21110.8809  spot_bright_L1_r1=113.2129  spot_bright_L2_r1=269.3614  spot_bright_L3_r1=643.8656  spot_bright_L4_r1=703.7207  spot_bright_L5_r1=351.5357  spot_bright_Mi1_r1=65.7489  spot_bright_Tm3_r1=2925.2537  spot_bright_Mi4_r1=113.6068  spot_bright_Mi9_r1=4.9132  spot_bright_Tm1_r1=355.9670  spot_bright_Tm2_r1=765.9899  spot_bright_Tm4_r1=2115.2146  spot_bright_Tm9_r1=136.7683  spot_bright_L3_r0=23760.1016]: 100%|██████████| 50/50 [01:26<00:00,  1.74s/it] Cost: 9748.4551  [spot_bright_L1_r0=20126.9082  spot_bright_L2_r0=19803.4023  spot_bright_L4_r0=18504.9902  spot_bright_L5_r0=15050.5107  spot_bright_Mi1_r0=18125.7324  spot_bright_Tm3_r0=16102.7812  spot_bright_Mi4_r0=22334.3047  spot_bright_Mi9_r0=24186.3418  spot_bright_Tm1_r0=17649.3418  spot_bright_Tm2_r0=13173.0811  spot_bright_Tm4_r0=14969.0566  spot_bright_Tm9_r0=21110.8828  spot_bright_L1_r1=113.2078  spot_bright_L2_r1=269.3642  spot_bright_L3_r1=643.8456  spot_bright_L4_r1=703.7207  spot_bright_L5_r1=351.5359  spot_bright_Mi1_r1=65.7537  spot_bright_Tm3_r1=2925.2996  spot_bright_Mi4_r1=114.4944  spot_bright_Mi9_r1=4.9226  spot_bright_Tm1_r1=355.9846  spot_bright_Tm2_r1=766.0081  spot_bright_Tm4_r1=2113.3032  spot_bright_Tm9_r1=136.7684  spot_bright_L3_r0=23758.2773]: 100%|██████████| 50/50 [01:26<00:00,  1.74s/it] Cost: 9748.4551  [spot_bright_L1_r0=20126.9082  spot_bright_L2_r0=19803.4023  spot_bright_L4_r0=18504.9902  spot_bright_L5_r0=15050.5107  spot_bright_Mi1_r0=18125.7324  spot_bright_Tm3_r0=16102.7812  spot_bright_Mi4_r0=22334.3047  spot_bright_Mi9_r0=24186.3418  spot_bright_Tm1_r0=17649.3418  spot_bright_Tm2_r0=13173.0811  spot_bright_Tm4_r0=14969.0566  spot_bright_Tm9_r0=21110.8828  spot_bright_L1_r1=113.2078  spot_bright_L2_r1=269.3642  spot_bright_L3_r1=643.8456  spot_bright_L4_r1=703.7207  spot_bright_L5_r1=351.5359  spot_bright_Mi1_r1=65.7537  spot_bright_Tm3_r1=2925.2996  spot_bright_Mi4_r1=114.4944  spot_bright_Mi9_r1=4.9226  spot_bright_Tm1_r1=355.9846  spot_bright_Tm2_r1=766.0081  spot_bright_Tm4_r1=2113.3032  spot_bright_Tm9_r1=136.7684  spot_bright_L3_r0=23758.2773]: 

Initl cost = 46267.8203  [spot_bright_L1_r0=105100.4766  spot_bright_L2_r0=170147.6406  spot_bright_L4_r0=19572.9180  spot_bright_L5_r0=21879.0938  spot_bright_Mi1_r0=44456.6914  spot_bright_Tm3_r0=28242.1367  spot_bright_Mi4_r0=39269.1602  spot_bright_Mi9_r0=54795.6914  spot_bright_Tm1_r0=43332.6523  spot_bright_Tm2_r0=38210.2344  spot_bright_Tm4_r0=34123.7617  spot_bright_Tm9_r0=26784.0879  spot_bright_L1_r1=47232.7109  spot_bright_L2_r1=84990.0312  spot_bright_L3_r1=111322.3594  spot_bright_L4_r1=1115.0886  spot_bright_L5_r1=4077.2798  spot_bright_Mi1_r1=14330.7100  spot_bright_Tm3_r1=11083.0967  spot_bright_Mi4_r1=11021.4883  spot_bright_Mi9_r1=16649.1035  spot_bright_Tm1_r1=15579.4199  spot_bright_Tm2_r1=15117.9395  spot_bright_Tm4_r1=12555.4473  spot_bright_Tm9_r1=3023.5100  spot_bright_L3_r0=228950.5312]
Final cost = 9748.3350  [spot_bright_L1_r0=20126.9512  spot_bright_L2_r0=19803.4219  spot_bright_L4_r0=18504.9902  spot_bright_L5_r0=15050.5068  spot_bright_Mi1_r0=18125.6055  spot_bright_Tm3_r0=16102.7334  spot_bright_Mi4_r0=22333.6426  spot_bright_Mi9_r0=24186.1348  spot_bright_Tm1_r0=17649.3145  spot_bright_Tm2_r0=13173.0879  spot_bright_Tm4_r0=14967.0908  spot_bright_Tm9_r0=21110.8867  spot_bright_L1_r1=113.2130  spot_bright_L2_r1=269.3642  spot_bright_L3_r1=643.8478  spot_bright_L4_r1=703.7208  spot_bright_L5_r1=351.5357  spot_bright_Mi1_r1=65.7544  spot_bright_Tm3_r1=2925.2944  spot_bright_Mi4_r1=114.6395  spot_bright_Mi9_r1=4.9300  spot_bright_Tm1_r1=355.9817  spot_bright_Tm2_r1=766.0090  spot_bright_Tm4_r1=2113.0557  spot_bright_Tm9_r1=136.7684  spot_bright_L3_r0=23758.1758]
Best  cost = 9747.0605  [spot_bright_L1_r0=20111.5820  spot_bright_L2_r0=19787.2520  spot_bright_L4_r0=18505.0488  spot_bright_L5_r0=15050.5010  spot_bright_Mi1_r0=18099.3652  spot_bright_Tm3_r0=16063.4102  spot_bright_Mi4_r0=22311.9941  spot_bright_Mi9_r0=24150.8730  spot_bright_Tm1_r0=17633.0078  spot_bright_Tm2_r0=13173.4922  spot_bright_Tm4_r0=14930.2598  spot_bright_Tm9_r0=21111.7891  spot_bright_L1_r1=113.2093  spot_bright_L2_r1=269.3390  spot_bright_L3_r1=668.8484  spot_bright_L4_r1=703.7209  spot_bright_L5_r1=351.5352  spot_bright_Mi1_r1=67.3820  spot_bright_Tm3_r1=2916.9160  spot_bright_Mi4_r1=116.2284  spot_bright_Mi9_r1=8.5109  spot_bright_Tm1_r1=355.2741  spot_bright_Tm2_r1=766.2244  spot_bright_Tm4_r1=2109.7644  spot_bright_Tm9_r1=136.7995  spot_bright_L3_r0=23911.2246]
time needed  = 90.24  sec

done in 0.03 hours
wrote /home/yitai/drosophila_vision/vision/simulation/0_runs/hp_lp/29082218-run-n-iter-50-a-h-init.L1,L2,L4,L5-0.5-filter-ca/data/best_adam.npz (best run #0)
wrote table: /home/yitai/drosophila_vision/vision/simulation/0_runs/hp_lp/29082218-run-n-iter-50-a-h-init.L1,L2,L4,L5-0.5-filter-ca/param.csv (best run #0, cost=9747.0596)
wrote table: /home/yitai/drosophila_vision/vision/simulation/0_runs/hp_lp/29082218-run-n-iter-50-a-h-init.L1,L2,L4,L5-0.5-filter-ca/syn_strength_cell.csv
/home/yitai/drosophila_vision/vision/simulation/5_figure/1_util.py:1020: UserWarning: This figure includes Axes that are not compatible with tight_layout, so results might be incorrect.
  fig.tight_layout()
plot /home/yitai/drosophila_vision/vision/simulation/0_runs/hp_lp/29082218-run-n-iter-50-a-h-init.L1,L2,L4,L5-0.5-filter-ca/cost_curve.png: prep=0.0s  draw=0.2s  save=2.0s  elapsed_s=2.2s
plot device=cuda (NVIDIA L40S)
1 trained set(s); costs min=9747.0596 max=9747.0596; selected #0 (from saved final costs)
plot /home/yitai/drosophila_vision/vision/simulation/0_runs/hp_lp/29082218-run-n-iter-50-a-h-init.L1,L2,L4,L5-0.5-filter-ca/spot_gt_ca.png: prep=0.4s  draw=0.5s  save=1.3s  elapsed_s=2.1s
plot /home/yitai/drosophila_vision/vision/simulation/0_runs/hp_lp/29082218-run-n-iter-50-a-h-init.L1,L2,L4,L5-0.5-filter-ca/spot_all_ca.png: prep=0.0s  draw=1.5s  save=5.6s  elapsed_s=7.0s
