Job ID: 29082221
Node:   spartan-gpgpu013
GPU:    0
GPU 0: NVIDIA H100 80GB HBM3 (UUID: GPU-a713d40e-2cd2-7667-ddac-5deca2c64521)
cuda: True NVIDIA H100 80GB HBM3
Start:  Wed 12 Aug 2026 01:33:23 AEST
==== param_defaults ====
{'DEFAULT_RUN_NAME': '29080544-run-n-iter-300-a-h-init.L1,L2,L4,L5-0.5',
 'DEFAULT_RUN_PATH': 'hp_lp/29080544-run-n-iter-300-a-h-init.L1,L2,L4,L5-0.5',
 'DELTA_MS': 1.0,
 'DELTA_MS_PRE': 1.0,
 'CAP': 40.0,
 'G_LEAK': 1.0,
 'E_EXC': 10.0,
 'E_INH': -70.0,
 'E_H': 50.0,
 'H_G_MAX': 100.0,
 'GT_V_AMP': 20.0,
 'GT_CA_AMP': 2.0,
 'STATE_CLAMP': 1000000.0,
 'SYN_SCALE_EXC': 0.001,
 'SYN_SCALE_INH': 0.001,
 'I_H_REV': 'off',
 'EULER': 'im',
 'GAIN_LO': 0.1,
 'GAIN_HI': 10.0,
 'H_CELLS': ('L1', 'L2', 'L4', 'L5'),
 'PARAM_BOXES': {'a_gt': {'lo': 0.5, 'hi': 2.0, 'init': 1.0, 'jit': 0.1, 'train_mode': 'indi'},
                 'bias_gt': {'lo': -200.0, 'hi': 200.0, 'init': 0.0, 'jit': 1.0, 'train_mode': 'indi'},
                 'syn_strength_cell': {'lo': 0.1, 'hi': 10.0, 'init': 1.0, 'jit': 0.1, 'train_mode': 'indi'},
                 'syn_strength_edge': {'lo': 0.1, 'hi': 10.0, 'init': 1.0, 'jit': 0.1, 'train_mode': 'indi'},
                 'a_in': {'lo': 0.01, 'hi': 100, 'init': 1.0, 'jit': 0.1, 'train_mode': 'shared'},
                 'a_out': {'lo': 0.1, 'hi': 10.0, 'init': 1.0, 'jit': 0.1, 'train_mode': 'indi'},
                 'e_leak': {'lo': -50.0, 'hi': 50.0, 'init': 0.0, 'jit': 1.0, 'train_mode': 'indi'},
                 'v_th': {'lo': -100.0, 'hi': 100.0, 'init': -50.0, 'jit': 0.0, 'train_mode': 'indi'},
                 'tau_lp': {'lo': 10.0, 'hi': 100.0, 'init': 10.0, 'jit': 2.0, 'train_mode': 'indi'},
                 'tau_hp': {'lo': 100.0, 'hi': 500.0, 'init': 200.0, 'jit': 20.0, 'train_mode': 'indi'},
                 'a_h': {'lo': 0.0, 'hi': 1.0, 'init': 0, 'jit': 0.1, 'train_mode': 'indi_named'},
                 'v_mid_h_g': {'lo': -70.0, 'hi': -30.0, 'init': -50.0, 'jit': 5.0, 'train_mode': 'shared'},
                 'v_mid_h_tau': {'lo': -70.0, 'hi': -40.0, 'init': -50.0, 'jit': 5.0, 'train_mode': 'shared'},
                 'h_slope': {'lo': -0.4, 'hi': -0.2, 'init': -0.25, 'jit': 0.02, 'train_mode': 'shared'},
                 'a_h_rev': {'lo': 0.0, 'hi': 1.0, 'init': 0.5, 'jit': 0.1, 'train_mode': 'indi_named'},
                 'v_mid_h_g_rev': {'lo': -70.0, 'hi': -30.0, 'init': -50.0, 'jit': 5.0, 'train_mode': 'shared'},
                 'v_mid_h_tau_rev': {'lo': -70.0, 'hi': -40.0, 'init': -50.0, 'jit': 5.0, 'train_mode': 'shared'},
                 'h_slope_rev': {'lo': -0.4, 'hi': -0.2, 'init': -0.25, 'jit': 0.02, 'train_mode': 'shared'},
                 'v_th_ca': {'lo': -100.0, 'hi': 100.0, 'init': -50.0, 'jit': 0.0, 'train_mode': 'indi'},
                 'a_ca': {'lo': 0.1, 'hi': 10.0, 'init': 1.0, 'jit': 0.1, 'train_mode': 'indi'},
                 'tau_ca': {'lo': 100.0, 'hi': 1000.0, 'init': 350.0, 'jit': 5.0, 'train_mode': 'indi'},
                 'a_sti_radius': {'lo': 0.0, 'hi': 1.0, 'init': 0.0, 'jit': 0.05, 'train_mode': 'indi'}},
 'MODEL': 'hp_lp',
 'SYN_MODE': 'per_cell',
 'PRE_GRAD': True,
 'NETWORK': 'right_min_neuron1_r10',
 'I_BASELINE': 20.0,
 'I_BRIGHT': 40.0,
 'I_DARK': 0.0,
 'MS_PRE': 10.0,
 'MS_SPOT': 50.0,
 'MS_SPOT_CA': 25.0,
 'MS_RESPONSE': 400.0,
 'MS_POST': 0.0,
 'SPOT_RADIUS': 1.0,
 'FULLY_INSIDE': True,
 'MULTI_SPOT': True,
 'SHIFT_RADIUS': 1.0,
 'FILTER': 'none',
 'SPOT_COST_RADII': (0.0, 1.0, 1.7320508075688772, 2.0),
 'SPOT_STI_RADII': (1.0, 1.7320508075688772, 2.0),
 'SPOT_COST_RADIUS_WEIGHT': {0.0: 1.0, 1.0: 0.3333333333333333, 2.0: 0.3333333333333333},
 'SPOT_COST_RADIUS_WEIGHT_RADIUS1': {0.0: 1.0, 1.0: 2},
 'SPOT_COST_RADIUS_KEY_ALIASES': {'sqrt3': 1.7320508075688772},
 'MULTI_BAR': True,
 'TASK': 'spot_bright',
 'COST_NORM': 'a_gt2',
 'COST_INTERVAL_MS': 10.0,
 'COST_MS': {1.0: (0.0, 100)},
 'BIAS_GT_FROM_V_ONSET': True,
 'BIAS_GT_FROM_V_ONSET_GRAD': True,
 'V_TH_CA_FROM_V_TH': False,
 'A_CA_FROM_A_OUT': False,
 'PRE_STEADY': 'solve',
 'PRE_STEADY_ITERS': 50,
 'PRE_STEADY_DAMP': 0.1,
 'N_RUN': 1,
 'N_ITER_CPU': 0,
 'N_ITER_GPU': 200,
 'LRS': '0.1',
 'CHECKPOINT_INTERVAL': 1000,
 'FP': 32,
 'SEQUENTIAL': False,
 'T_REL_START': -10,
 'T_REL_STOP': 10,
 'TRACE_OSC_MIN_F': 0.5,
 'TRACE_OSC_MAX_F': 20.0,
 'TRACE_OSC_PEAK_THRESHOLD': 0.5,
 'TRACE_OSC_Z_THRESHOLD': 2.0,
 'TRACE_OSC_SNR_MIN': 2.0,
 'TRACE_DRIFT_MIN_SLOPE_MV_PER_S': 1.0,
 'TRACE_DRIFT_MIN_R': 0.5,
 'TRACE_BASELINE_MS': 200.0,
 'TRACE_FLAT_MAX_ABS': 0.5,
 'TRACE_FLAT_V_PEAK_TO_PEAK_MAX': 1.0,
 'TRACE_FLAT_ABS_MEAN': 0.2}
==== end param_defaults ====
Traceback (most recent call last):
  File "/home/yitai/drosophila_vision/vision/simulation/run.py", line 37, in <module>
    import train.implement as implement
ModuleNotFoundError: No module named 'train.implement'
