Job ID: 29083059
Node:   spartan-gpgpu179
GPU:    0
GPU 0: NVIDIA H100 80GB HBM3 (UUID: GPU-edaf4fa6-ce00-bf1c-b002-80064935646e)
cuda: True NVIDIA H100 80GB HBM3
Start:  Wed 12 Aug 2026 01:57:18 AEST
==== param_defaults ====
{'DEFAULT_RUN_NAME': '29080544-run-n-iter-300-a-h-init.L1,L2,L4,L5-0.5',
 'DEFAULT_RUN_PATH': 'hp_lp/29080544-run-n-iter-300-a-h-init.L1,L2,L4,L5-0.5',
 'DELTA_MS': 1.0,
 'DELTA_MS_PRE': 1.0,
 'CAP': 40.0,
 'G_LEAK': 1.0,
 'E_EXC': 10.0,
 'E_INH': -70.0,
 'E_H': 50.0,
 'H_G_MAX': 100.0,
 'GT_V_AMP': 20.0,
 'GT_CA_AMP': 2.0,
 'STATE_CLAMP': 1000000.0,
 'SYN_SCALE_EXC': 0.001,
 'SYN_SCALE_INH': 0.001,
 'I_H_REV': 'off',
 'EULER': 'im',
 'GAIN_LO': 0.1,
 'GAIN_HI': 10.0,
 'H_CELLS': ('L1', 'L2', 'L4', 'L5'),
 'PARAM_BOXES': {'a_gt': {'lo': 0.5, 'hi': 2.0, 'init': 1.0, 'jit': 0.1, 'train_mode': 'indi'},
                 'bias_gt': {'lo': -200.0, 'hi': 200.0, 'init': 0.0, 'jit': 1.0, 'train_mode': 'indi'},
                 'syn_strength_cell': {'lo': 0.1, 'hi': 10.0, 'init': 1.0, 'jit': 0.1, 'train_mode': 'indi'},
                 'syn_strength_edge': {'lo': 0.1, 'hi': 10.0, 'init': 1.0, 'jit': 0.1, 'train_mode': 'indi'},
                 'a_in': {'lo': 0.01, 'hi': 100, 'init': 1.0, 'jit': 0.1, 'train_mode': 'shared'},
                 'a_out': {'lo': 0.1, 'hi': 10.0, 'init': 1.0, 'jit': 0.1, 'train_mode': 'indi'},
                 'e_leak': {'lo': -50.0, 'hi': 50.0, 'init': 0.0, 'jit': 1.0, 'train_mode': 'indi'},
                 'v_th': {'lo': -100.0, 'hi': 100.0, 'init': -50.0, 'jit': 0.0, 'train_mode': 'indi'},
                 'tau_lp': {'lo': 10.0, 'hi': 100.0, 'init': 10.0, 'jit': 2.0, 'train_mode': 'indi'},
                 'tau_hp': {'lo': 100.0, 'hi': 500.0, 'init': 200.0, 'jit': 20.0, 'train_mode': 'indi'},
                 'a_h': {'lo': 0.0, 'hi': 1.0, 'init': 0, 'jit': 0.1, 'train_mode': 'indi_named'},
                 'v_mid_h_g': {'lo': -70.0, 'hi': -30.0, 'init': -50.0, 'jit': 5.0, 'train_mode': 'shared'},
                 'v_mid_h_tau': {'lo': -70.0, 'hi': -40.0, 'init': -50.0, 'jit': 5.0, 'train_mode': 'shared'},
                 'h_slope': {'lo': -0.4, 'hi': -0.2, 'init': -0.25, 'jit': 0.02, 'train_mode': 'shared'},
                 'a_h_rev': {'lo': 0.0, 'hi': 1.0, 'init': 0.5, 'jit': 0.1, 'train_mode': 'indi_named'},
                 'v_mid_h_g_rev': {'lo': -70.0, 'hi': -30.0, 'init': -50.0, 'jit': 5.0, 'train_mode': 'shared'},
                 'v_mid_h_tau_rev': {'lo': -70.0, 'hi': -40.0, 'init': -50.0, 'jit': 5.0, 'train_mode': 'shared'},
                 'h_slope_rev': {'lo': -0.4, 'hi': -0.2, 'init': -0.25, 'jit': 0.02, 'train_mode': 'shared'},
                 'v_th_ca': {'lo': -100.0, 'hi': 100.0, 'init': -50.0, 'jit': 0.0, 'train_mode': 'indi'},
                 'a_ca': {'lo': 0.1, 'hi': 10.0, 'init': 1.0, 'jit': 0.1, 'train_mode': 'indi'},
                 'tau_ca': {'lo': 100.0, 'hi': 1000.0, 'init': 350.0, 'jit': 5.0, 'train_mode': 'indi'},
                 'a_sti_radius': {'lo': 0.0, 'hi': 1.0, 'init': 0.0, 'jit': 0.05, 'train_mode': 'indi'}},
 'MODEL': 'hp_lp',
 'SYN_MODE': 'per_cell',
 'PRE_GRAD': True,
 'NETWORK': 'right_min_neuron1_r10',
 'I_BASELINE': 20.0,
 'I_BRIGHT': 40.0,
 'I_DARK': 0.0,
 'MS_PRE': 10.0,
 'MS_SPOT': 50.0,
 'MS_SPOT_CA': 25.0,
 'MS_RESPONSE': 400.0,
 'MS_POST': 0.0,
 'SPOT_RADIUS': 1.0,
 'FULLY_INSIDE': True,
 'MULTI_SPOT': True,
 'SHIFT_RADIUS': 1.0,
 'FILTER': 'none',
 'SPOT_COST_RADII': (0.0, 1.0, 1.7320508075688772, 2.0),
 'SPOT_STI_RADII': (1.0, 1.7320508075688772, 2.0),
 'SPOT_COST_RADIUS_WEIGHT': {0.0: 1.0, 1.0: 0.3333333333333333, 2.0: 0.3333333333333333},
 'SPOT_COST_RADIUS_WEIGHT_RADIUS1': {0.0: 1.0, 1.0: 2},
 'SPOT_COST_RADIUS_KEY_ALIASES': {'sqrt3': 1.7320508075688772},
 'MULTI_BAR': True,
 'TASK': 'spot_bright',
 'COST_NORM': 'a_gt2',
 'COST_INTERVAL_MS': 10.0,
 'COST_MS': {1.0: (0.0, 100)},
 'BIAS_GT_FROM_V_ONSET': True,
 'BIAS_GT_FROM_V_ONSET_GRAD': True,
 'V_TH_CA_FROM_V_TH': False,
 'A_CA_FROM_A_OUT': False,
 'PRE_STEADY': 'solve',
 'PRE_STEADY_ITERS': 50,
 'PRE_STEADY_DAMP': 0.1,
 'N_RUN': 1,
 'N_ITER_CPU': 0,
 'N_ITER_GPU': 200,
 'LRS': '0.1',
 'CHECKPOINT_INTERVAL': 1000,
 'FP': 32,
 'SEQUENTIAL': False,
 'T_REL_START': -10,
 'T_REL_STOP': 10,
 'TRACE_OSC_MIN_F': 0.5,
 'TRACE_OSC_MAX_F': 20.0,
 'TRACE_OSC_PEAK_THRESHOLD': 0.5,
 'TRACE_OSC_Z_THRESHOLD': 2.0,
 'TRACE_OSC_SNR_MIN': 2.0,
 'TRACE_DRIFT_MIN_SLOPE_MV_PER_S': 1.0,
 'TRACE_DRIFT_MIN_R': 0.5,
 'TRACE_BASELINE_MS': 200.0,
 'TRACE_FLAT_MAX_ABS': 0.5,
 'TRACE_FLAT_V_PEAK_TO_PEAK_MAX': 1.0,
 'TRACE_FLAT_ABS_MEAN': 0.2}
==== end param_defaults ====
train_modes:
  a_gt               indi=56/shared=0/fixed=0/frozen=0 (56)
  bias_gt            indi=0/shared=0/fixed=0/frozen=56 (0)
  syn_strength_cell  indi=1035/shared=0/fixed=0/frozen=0 (1035)
  a_in               indi=0/shared=56/fixed=0/frozen=0 (1)
  a_out              indi=56/shared=0/fixed=0/frozen=0 (56)
  e_leak             indi=56/shared=0/fixed=0/frozen=0 (56)
  v_th               indi=56/shared=0/fixed=0/frozen=0 (56)
  tau_lp             indi=56/shared=0/fixed=0/frozen=0 (56)
  tau_hp             indi=56/shared=0/fixed=0/frozen=0 (56)
  a_h                indi=4/shared=0/fixed=52/frozen=0 (4)
  v_th_ca            indi=56/shared=0/fixed=0/frozen=0 (56)
  a_ca               indi=56/shared=0/fixed=0/frozen=0 (56)
  tau_ca             indi=56/shared=0/fixed=0/frozen=0 (56)
  a_sti_radius       indi=3/shared=0/fixed=0/frozen=0 (3)
device=cuda, model=hp_lp, syn_mode=per_cell, euler=implicit, pre_steady=solve, n_run=1, n_iter=30, lrs=[0.1], nparams=1547, fname=train_hp_lp.npy
checkpoint_interval=1000
from '/home/yitai/drosophila_vision/vision/simulation/0_runs/hp_lp/29080544-run-n-iter-300-a-h-init.L1,L2,L4,L5-0.5' -> '/home/yitai/drosophila_vision/vision/simulation/0_runs/hp_lp/29080544-run-n-iter-300-a-h-init.L1,L2,L4,L5-0.5/data/best_param.npz' + '/home/yitai/drosophila_vision/vision/simulation/0_runs/hp_lp/29080544-run-n-iter-300-a-h-init.L1,L2,L4,L5-0.5/data/best_adam.npz' (1547 z slots, adam_iter=299)

round 0

  0%|          | 0/30 [00:00<?, ?it/s] Cost: 27765.1504  [spot_bright_L1_r0=6036.1396  spot_bright_L2_r0=9055.1270  spot_bright_L4_r0=14405.1182  spot_bright_L5_r0=8013.1318  spot_bright_Mi1_r0=78235.1016  spot_bright_Tm3_r0=102847.5469  spot_bright_Mi4_r0=52287.1602  spot_bright_Mi9_r0=29818.7227  spot_bright_Tm1_r0=28808.2461  spot_bright_Tm2_r0=45930.1367  spot_bright_Tm4_r0=19517.4512  spot_bright_Tm9_r0=32397.2227  spot_bright_L1_r1=301.2483  spot_bright_L2_r1=156.3642  spot_bright_L3_r1=16637.4961  spot_bright_L4_r1=269.0479  spot_bright_L5_r1=49.1997  spot_bright_Mi1_r1=43239.8281  spot_bright_Tm3_r1=59126.0586  spot_bright_Mi4_r1=25230.1680  spot_bright_Mi9_r1=35143.6523  spot_bright_Tm1_r1=16037.0967  spot_bright_Tm2_r1=21274.5059  spot_bright_Tm4_r1=14591.1396  spot_bright_Tm9_r1=15619.3965  spot_bright_L3_r0=46867.6406] 33%|███▎      | 10/30 [00:06<00:13,  1.47it/s] Cost: 8111.9097  [spot_bright_L1_r0=6179.7661  spot_bright_L2_r0=14898.1084  spot_bright_L4_r0=13853.7939  spot_bright_L5_r0=7782.3696  spot_bright_Mi1_r0=17762.2344  spot_bright_Tm3_r0=15620.7451  spot_bright_Mi4_r0=21777.5840  spot_bright_Mi9_r0=20897.3711  spot_bright_Tm1_r0=15811.7617  spot_bright_Tm2_r0=13135.0850  spot_bright_Tm4_r0=10606.4902  spot_bright_Tm9_r0=20848.2539  spot_bright_L1_r1=592.6417  spot_bright_L2_r1=87.4995  spot_bright_L3_r1=707.1221  spot_bright_L4_r1=558.1931  spot_bright_L5_r1=79.6566  spot_bright_Mi1_r1=199.5305  spot_bright_Tm3_r1=2898.7146  spot_bright_Mi4_r1=227.4910  spot_bright_Mi9_r1=76.9923  spot_bright_Tm1_r1=290.8827  spot_bright_Tm2_r1=777.4948  spot_bright_Tm4_r1=1308.6820  spot_bright_Tm9_r1=153.9591  spot_bright_L3_r0=23777.2344]:          67%|██████▋   | 20/30 [00:13<00:06,  1.49it/s] Cost: 7508.0376  [spot_bright_L1_r0=6033.7227  spot_bright_L2_r0=12985.1641  spot_bright_L4_r0=14137.6357  spot_bright_L5_r0=7338.8882  spot_bright_Mi1_r0=17762.7539  spot_bright_Tm3_r0=15600.5576  spot_bright_Mi4_r0=21615.7148  spot_bright_Mi9_r0=10027.5381  spot_bright_Tm1_r0=10683.3975  spot_bright_Tm2_r0=13132.9531  spot_bright_Tm4_r0=6152.1196  spot_bright_Tm9_r0=20892.1074  spot_bright_L1_r1=515.9474  spot_bright_L2_r1=47.9504  spot_bright_L3_r1=704.1330  spot_bright_L4_r1=334.7728  spot_bright_L5_r1=129.1230  spot_bright_Mi1_r1=154.8541  spot_bright_Tm3_r1=2914.3950  spot_bright_Mi4_r1=275.5379  spot_bright_Mi9_r1=3698.0078  spot_bright_Tm1_r1=2045.3495  spot_bright_Tm2_r1=774.6835  spot_bright_Tm4_r1=3337.8081  spot_bright_Tm9_r1=145.3090  spot_bright_L3_r0=23768.5312]: 100%|██████████| 30/30 [00:20<00:00,  1.48it/s] Cost: 7246.0479  [spot_bright_L1_r0=5742.9209  spot_bright_L2_r0=9165.5254  spot_bright_L4_r0=15668.9971  spot_bright_L5_r0=6735.9443  spot_bright_Mi1_r0=17756.2910  spot_bright_Tm3_r0=15612.4385  spot_bright_Mi4_r0=21413.1738  spot_bright_Mi9_r0=8104.7490  spot_bright_Tm1_r0=9913.7188  spot_bright_Tm2_r0=13123.0225  spot_bright_Tm4_r0=6852.3628  spot_bright_Tm9_r0=20672.6328  spot_bright_L1_r1=423.6655  spot_bright_L2_r1=117.2827  spot_bright_L3_r1=710.8730  spot_bright_L4_r1=245.2457  spot_bright_L5_r1=143.3707  spot_bright_Mi1_r1=151.9093  spot_bright_Tm3_r1=2929.3159  spot_bright_Mi4_r1=370.9690  spot_bright_Mi9_r1=4913.1602  spot_bright_Tm1_r1=1645.0990  spot_bright_Tm2_r1=772.6323  spot_bright_Tm4_r1=1334.3755  spot_bright_Tm9_r1=162.2452  spot_bright_L3_r0=23715.3066]:   100%|██████████| 30/30 [00:20<00:00,  1.48it/s] Cost: 7246.0479  [spot_bright_L1_r0=5742.9209  spot_bright_L2_r0=9165.5254  spot_bright_L4_r0=15668.9971  spot_bright_L5_r0=6735.9443  spot_bright_Mi1_r0=17756.2910  spot_bright_Tm3_r0=15612.4385  spot_bright_Mi4_r0=21413.1738  spot_bright_Mi9_r0=8104.7490  spot_bright_Tm1_r0=9913.7188  spot_bright_Tm2_r0=13123.0225  spot_bright_Tm4_r0=6852.3628  spot_bright_Tm9_r0=20672.6328  spot_bright_L1_r1=423.6655  spot_bright_L2_r1=117.2827  spot_bright_L3_r1=710.8730  spot_bright_L4_r1=245.2457  spot_bright_L5_r1=143.3707  spot_bright_Mi1_r1=151.9093  spot_bright_Tm3_r1=2929.3159  spot_bright_Mi4_r1=370.9690  spot_bright_Mi9_r1=4913.1602  spot_bright_Tm1_r1=1645.0990  spot_bright_Tm2_r1=772.6323  spot_bright_Tm4_r1=1334.3755  spot_bright_Tm9_r1=162.2452  spot_bright_L3_r0=23715.3066]: 

Initl cost = 27765.1504  [spot_bright_L1_r0=6036.1396  spot_bright_L2_r0=9055.1270  spot_bright_L4_r0=14405.1182  spot_bright_L5_r0=8013.1318  spot_bright_Mi1_r0=78235.1016  spot_bright_Tm3_r0=102847.5469  spot_bright_Mi4_r0=52287.1602  spot_bright_Mi9_r0=29818.7227  spot_bright_Tm1_r0=28808.2461  spot_bright_Tm2_r0=45930.1367  spot_bright_Tm4_r0=19517.4512  spot_bright_Tm9_r0=32397.2227  spot_bright_L1_r1=301.2483  spot_bright_L2_r1=156.3642  spot_bright_L3_r1=16637.4961  spot_bright_L4_r1=269.0479  spot_bright_L5_r1=49.1997  spot_bright_Mi1_r1=43239.8281  spot_bright_Tm3_r1=59126.0586  spot_bright_Mi4_r1=25230.1680  spot_bright_Mi9_r1=35143.6523  spot_bright_Tm1_r1=16037.0967  spot_bright_Tm2_r1=21274.5059  spot_bright_Tm4_r1=14591.1396  spot_bright_Tm9_r1=15619.3965  spot_bright_L3_r0=46867.6406]
Final cost = 7220.8188  [spot_bright_L1_r0=5742.1982  spot_bright_L2_r0=8981.0371  spot_bright_L4_r0=15747.9893  spot_bright_L5_r0=6704.6768  spot_bright_Mi1_r0=17753.3242  spot_bright_Tm3_r0=15611.7510  spot_bright_Mi4_r0=21386.3906  spot_bright_Mi9_r0=8169.4956  spot_bright_Tm1_r0=9809.8311  spot_bright_Tm2_r0=13121.5352  spot_bright_Tm4_r0=6732.5127  spot_bright_Tm9_r0=20621.0840  spot_bright_L1_r1=383.7446  spot_bright_L2_r1=142.5474  spot_bright_L3_r1=713.0011  spot_bright_L4_r1=254.6831  spot_bright_L5_r1=134.5443  spot_bright_Mi1_r1=152.1102  spot_bright_Tm3_r1=2928.6665  spot_bright_Mi4_r1=383.2303  spot_bright_Mi9_r1=4624.5498  spot_bright_Tm1_r1=1642.9481  spot_bright_Tm2_r1=772.4444  spot_bright_Tm4_r1=1355.6422  spot_bright_Tm9_r1=167.4971  spot_bright_L3_r0=23703.8457]
Best  cost = 7220.8188  [spot_bright_L1_r0=5742.1982  spot_bright_L2_r0=8981.0371  spot_bright_L4_r0=15747.9893  spot_bright_L5_r0=6704.6768  spot_bright_Mi1_r0=17753.3242  spot_bright_Tm3_r0=15611.7510  spot_bright_Mi4_r0=21386.3906  spot_bright_Mi9_r0=8169.4956  spot_bright_Tm1_r0=9809.8311  spot_bright_Tm2_r0=13121.5352  spot_bright_Tm4_r0=6732.5127  spot_bright_Tm9_r0=20621.0840  spot_bright_L1_r1=383.7446  spot_bright_L2_r1=142.5474  spot_bright_L3_r1=713.0011  spot_bright_L4_r1=254.6831  spot_bright_L5_r1=134.5443  spot_bright_Mi1_r1=152.1102  spot_bright_Tm3_r1=2928.6665  spot_bright_Mi4_r1=383.2303  spot_bright_Mi9_r1=4624.5498  spot_bright_Tm1_r1=1642.9481  spot_bright_Tm2_r1=772.4444  spot_bright_Tm4_r1=1355.6422  spot_bright_Tm9_r1=167.4971  spot_bright_L3_r0=23703.8457]
time needed  = 23.59  sec

done in 0.01 hours
wrote /home/yitai/drosophila_vision/vision/simulation/0_runs/hp_lp/29083059-run_init_from-n-iter-30-filter-ca/data/best_adam.npz (best run #0)
wrote table: /home/yitai/drosophila_vision/vision/simulation/0_runs/hp_lp/29083059-run_init_from-n-iter-30-filter-ca/param.csv (best run #0, cost=7220.8188)
wrote table: /home/yitai/drosophila_vision/vision/simulation/0_runs/hp_lp/29083059-run_init_from-n-iter-30-filter-ca/syn_strength_cell.csv
/home/yitai/drosophila_vision/vision/simulation/5_figure/1_util.py:1020: UserWarning: This figure includes Axes that are not compatible with tight_layout, so results might be incorrect.
  fig.tight_layout()
plot /home/yitai/drosophila_vision/vision/simulation/0_runs/hp_lp/29083059-run_init_from-n-iter-30-filter-ca/cost_curve.png: prep=0.0s  draw=0.2s  save=1.9s  elapsed_s=2.1s
plot device=cuda (NVIDIA H100 80GB HBM3)
1 trained set(s); costs min=7220.8188 max=7220.8188; selected #0 (from saved final costs)
plot /home/yitai/drosophila_vision/vision/simulation/0_runs/hp_lp/29083059-run_init_from-n-iter-30-filter-ca/spot_gt_ca.png: prep=0.4s  draw=0.3s  save=1.3s  elapsed_s=2.0s
plot /home/yitai/drosophila_vision/vision/simulation/0_runs/hp_lp/29083059-run_init_from-n-iter-30-filter-ca/spot_all_ca.png: prep=0.0s  draw=1.5s  save=5.2s  elapsed_s=6.7s
