Job ID: 29081614
Node:   spartan-gpgpu013
GPU:    0
GPU 0: NVIDIA H100 80GB HBM3 (UUID: GPU-a713d40e-2cd2-7667-ddac-5deca2c64521)
cuda: True NVIDIA H100 80GB HBM3
Start:  Wed 12 Aug 2026 00:32:16 AEST
==== param_defaults ====
{'DEFAULT_RUN_NAME': '29080544-run-n-iter-300-a-h-init.L1,L2,L4,L5-0.5',
 'DEFAULT_RUN_PATH': 'hp_lp/29080544-run-n-iter-300-a-h-init.L1,L2,L4,L5-0.5',
 'DELTA_MS': 1.0,
 'DELTA_MS_PRE': 1.0,
 'CAP': 40.0,
 'G_LEAK': 1.0,
 'E_EXC': 10.0,
 'E_INH': -70.0,
 'E_H': 50.0,
 'H_G_MAX': 100.0,
 'GT_V_AMP': 20.0,
 'GT_CA_AMP': 2.0,
 'STATE_CLAMP': 1000000.0,
 'SYN_SCALE_EXC': 0.001,
 'SYN_SCALE_INH': 0.001,
 'I_H_REV': 'off',
 'EULER': 'im',
 'GAIN_LO': 0.1,
 'GAIN_HI': 10.0,
 'H_CELLS': ('L1', 'L2', 'L4', 'L5'),
 'PARAM_BOXES': {'a_gt': {'lo': 0.5, 'hi': 2.0, 'init': 1.0, 'jit': 0.1, 'train_mode': 'indi'},
                 'bias_gt': {'lo': -50.0, 'hi': 50.0, 'init': 0.0, 'jit': 1.0, 'train_mode': 'indi'},
                 'syn_strength_cell': {'lo': 0.1, 'hi': 10.0, 'init': 1.0, 'jit': 0.1, 'train_mode': 'indi'},
                 'syn_strength_edge': {'lo': 0.1, 'hi': 10.0, 'init': 1.0, 'jit': 0.1, 'train_mode': 'indi'},
                 'a_in': {'lo': 0.01, 'hi': 100, 'init': 1.0, 'jit': 0.1, 'train_mode': 'shared'},
                 'a_out': {'lo': 0.1, 'hi': 10.0, 'init': 1.0, 'jit': 0.1, 'train_mode': 'indi'},
                 'e_leak': {'lo': -50.0, 'hi': 50.0, 'init': 0.0, 'jit': 1.0, 'train_mode': 'indi'},
                 'v_th': {'lo': -100.0, 'hi': 100.0, 'init': -50.0, 'jit': 0.0, 'train_mode': 'indi'},
                 'tau_lp': {'lo': 10.0, 'hi': 100.0, 'init': 10.0, 'jit': 2.0, 'train_mode': 'indi'},
                 'tau_hp': {'lo': 100.0, 'hi': 500.0, 'init': 200.0, 'jit': 20.0, 'train_mode': 'indi'},
                 'a_h': {'lo': 0.0, 'hi': 1.0, 'init': 0, 'jit': 0.1, 'train_mode': 'indi_named'},
                 'v_mid_h_g': {'lo': -70.0, 'hi': -30.0, 'init': -50.0, 'jit': 5.0, 'train_mode': 'shared'},
                 'v_mid_h_tau': {'lo': -70.0, 'hi': -40.0, 'init': -50.0, 'jit': 5.0, 'train_mode': 'shared'},
                 'h_slope': {'lo': -0.4, 'hi': -0.2, 'init': -0.25, 'jit': 0.02, 'train_mode': 'shared'},
                 'a_h_rev': {'lo': 0.0, 'hi': 1.0, 'init': 0.5, 'jit': 0.1, 'train_mode': 'indi_named'},
                 'v_mid_h_g_rev': {'lo': -70.0, 'hi': -30.0, 'init': -50.0, 'jit': 5.0, 'train_mode': 'shared'},
                 'v_mid_h_tau_rev': {'lo': -70.0, 'hi': -40.0, 'init': -50.0, 'jit': 5.0, 'train_mode': 'shared'},
                 'h_slope_rev': {'lo': -0.4, 'hi': -0.2, 'init': -0.25, 'jit': 0.02, 'train_mode': 'shared'},
                 'v_th_ca': {'lo': -100.0, 'hi': 100.0, 'init': -50.0, 'jit': 0.0, 'train_mode': 'indi'},
                 'a_ca': {'lo': 0.1, 'hi': 10.0, 'init': 1.0, 'jit': 0.1, 'train_mode': 'indi'},
                 'tau_ca': {'lo': 100.0, 'hi': 1000.0, 'init': 350.0, 'jit': 5.0, 'train_mode': 'indi'},
                 'a_sti_radius': {'lo': 0.0, 'hi': 1.0, 'init': 0.0, 'jit': 0.05, 'train_mode': 'indi'}},
 'MODEL': 'hp_lp',
 'SYN_MODE': 'per_cell',
 'PRE_GRAD': True,
 'NETWORK': 'right_min_neuron1_r10',
 'I_BASELINE': 20.0,
 'I_BRIGHT': 40.0,
 'I_DARK': 0.0,
 'MS_PRE': 10.0,
 'MS_SPOT': 50.0,
 'MS_SPOT_CA': 25.0,
 'MS_RESPONSE': 400.0,
 'MS_POST': 0.0,
 'SPOT_RADIUS': 1.0,
 'FULLY_INSIDE': True,
 'MULTI_SPOT': True,
 'SHIFT_RADIUS': 1.0,
 'FILTER': 'none',
 'SPOT_COST_RADII': (0.0, 1.0, 1.7320508075688772, 2.0),
 'SPOT_STI_RADII': (1.0, 1.7320508075688772, 2.0),
 'SPOT_COST_RADIUS_WEIGHT': {0.0: 1.0, 1.0: 0.3333333333333333, 2.0: 0.3333333333333333},
 'SPOT_COST_RADIUS_WEIGHT_RADIUS1': {0.0: 1.0, 1.0: 2},
 'SPOT_COST_RADIUS_KEY_ALIASES': {'sqrt3': 1.7320508075688772},
 'MULTI_BAR': True,
 'TASK': 'spot_bright',
 'COST_NORM': 'a_gt2',
 'COST_INTERVAL_MS': 10.0,
 'COST_MS': {1.0: (0.0, 25.0)},
 'BIAS_GT_FROM_V_ONSET': True,
 'BIAS_GT_FROM_V_ONSET_GRAD': True,
 'V_TH_CA_FROM_V_TH': False,
 'A_CA_FROM_A_OUT': False,
 'PRE_STEADY': 'solve',
 'PRE_STEADY_ITERS': 50,
 'PRE_STEADY_DAMP': 0.1,
 'N_RUN': 1,
 'N_ITER_CPU': 0,
 'N_ITER_GPU': 200,
 'LRS': '0.1',
 'CHECKPOINT_INTERVAL': 1000,
 'FP': 32,
 'SEQUENTIAL': False,
 'T_REL_START': -10,
 'T_REL_STOP': 10,
 'TRACE_OSC_MIN_F': 0.5,
 'TRACE_OSC_MAX_F': 20.0,
 'TRACE_OSC_PEAK_THRESHOLD': 0.5,
 'TRACE_OSC_Z_THRESHOLD': 2.0,
 'TRACE_OSC_SNR_MIN': 2.0,
 'TRACE_DRIFT_MIN_SLOPE_MV_PER_S': 1.0,
 'TRACE_DRIFT_MIN_R': 0.5,
 'TRACE_BASELINE_MS': 200.0,
 'TRACE_FLAT_MAX_ABS': 0.5,
 'TRACE_FLAT_V_PEAK_TO_PEAK_MAX': 1.0,
 'TRACE_FLAT_ABS_MEAN': 0.2}
==== end param_defaults ====
train_modes:
  a_gt               indi=56/shared=0/fixed=0/frozen=0 (56)
  bias_gt            indi=0/shared=0/fixed=0/frozen=56 (0)
  syn_strength_cell  indi=1035/shared=0/fixed=0/frozen=0 (1035)
  a_in               indi=0/shared=56/fixed=0/frozen=0 (1)
  a_out              indi=56/shared=0/fixed=0/frozen=0 (56)
  e_leak             indi=56/shared=0/fixed=0/frozen=0 (56)
  v_th               indi=56/shared=0/fixed=0/frozen=0 (56)
  tau_lp             indi=56/shared=0/fixed=0/frozen=0 (56)
  tau_hp             indi=56/shared=0/fixed=0/frozen=0 (56)
  a_h                indi=4/shared=0/fixed=52/frozen=0 (4)
  v_th_ca            indi=56/shared=0/fixed=0/frozen=0 (56)
  a_ca               indi=56/shared=0/fixed=0/frozen=0 (56)
  tau_ca             indi=56/shared=0/fixed=0/frozen=0 (56)
  a_sti_radius       indi=3/shared=0/fixed=0/frozen=0 (3)
device=cuda, model=hp_lp, syn_mode=per_cell, euler=implicit, pre_steady=solve, n_run=1, n_iter=50, lrs=[0.1], nparams=1547, fname=training_hp_lp.npy
checkpoint_interval=1000

round 0

  0%|          | 0/50 [00:00<?, ?it/s] Cost: 129739.9219  [spot_bright_L1_r0=87934.4453  spot_bright_L2_r0=160422.4219  spot_bright_L4_r0=19440.7793  spot_bright_L5_r0=22231.2891  spot_bright_Mi1_r0=46355.9180  spot_bright_Tm3_r0=17964.1562  spot_bright_Mi4_r0=32106.1855  spot_bright_Mi9_r0=67579.5625  spot_bright_Tm1_r0=816493.4375  spot_bright_Tm2_r0=694791.3125  spot_bright_Tm4_r0=147250.8281  spot_bright_Tm9_r0=55235.7266  spot_bright_L1_r1=37496.1602  spot_bright_L2_r1=79008.3828  spot_bright_L3_r1=89644.3203  spot_bright_L4_r1=361.6912  spot_bright_L5_r1=3844.3945  spot_bright_Mi1_r1=15135.4316  spot_bright_Tm3_r1=20056.9180  spot_bright_Mi4_r1=10897.5498  spot_bright_Mi9_r1=15169.4160  spot_bright_Tm1_r1=363808.4062  spot_bright_Tm2_r1=325238.0000  spot_bright_Tm4_r1=48398.8945  spot_bright_Tm9_r1=6738.7305  spot_bright_L3_r0=189632.6719] 20%|██        | 10/50 [00:06<00:27,  1.47it/s] Cost: 9705.4424  [spot_bright_L1_r0=20073.6348  spot_bright_L2_r0=20029.5820  spot_bright_L4_r0=18504.9512  spot_bright_L5_r0=15086.1289  spot_bright_Mi1_r0=18201.8223  spot_bright_Tm3_r0=16966.2500  spot_bright_Mi4_r0=23270.9102  spot_bright_Mi9_r0=24617.0977  spot_bright_Tm1_r0=18321.1328  spot_bright_Tm2_r0=13384.4316  spot_bright_Tm4_r0=15099.6025  spot_bright_Tm9_r0=21379.1523  spot_bright_L1_r1=3.4262  spot_bright_L2_r1=235.7506  spot_bright_L3_r1=153.5252  spot_bright_L4_r1=51.4662  spot_bright_L5_r1=22.0298  spot_bright_Mi1_r1=26.1669  spot_bright_Tm3_r1=297.7179  spot_bright_Mi4_r1=438.8731  spot_bright_Mi9_r1=429.3294  spot_bright_Tm1_r1=739.5394  spot_bright_Tm2_r1=209.0605  spot_bright_Tm4_r1=462.9322  spot_bright_Tm9_r1=116.3242  spot_bright_L3_r0=24220.6172]:                           40%|████      | 20/50 [00:13<00:20,  1.49it/s] Cost: 9459.0000  [spot_bright_L1_r0=20124.4941  spot_bright_L2_r0=19785.4082  spot_bright_L4_r0=18504.9902  spot_bright_L5_r0=15050.4795  spot_bright_Mi1_r0=18124.4746  spot_bright_Tm3_r0=16259.4863  spot_bright_Mi4_r0=22670.8418  spot_bright_Mi9_r0=24153.6602  spot_bright_Tm1_r0=17576.2129  spot_bright_Tm2_r0=13162.7148  spot_bright_Tm4_r0=14841.4600  spot_bright_Tm9_r0=21163.5195  spot_bright_L1_r1=3.4304  spot_bright_L2_r1=7.9696  spot_bright_L3_r1=32.8098  spot_bright_L4_r1=51.4662  spot_bright_L5_r1=20.2365  spot_bright_Mi1_r1=3.4407  spot_bright_Tm3_r1=74.4336  spot_bright_Mi4_r1=92.8098  spot_bright_Mi9_r1=68.4998  spot_bright_Tm1_r1=138.8717  spot_bright_Tm2_r1=60.4338  spot_bright_Tm4_r1=132.9274  spot_bright_Tm9_r1=22.0475  spot_bright_L3_r0=23806.8770]:           60%|██████    | 30/50 [00:20<00:13,  1.48it/s] Cost: 9433.6299  [spot_bright_L1_r0=20127.1328  spot_bright_L2_r0=19793.1641  spot_bright_L4_r0=18504.9902  spot_bright_L5_r0=15050.5078  spot_bright_Mi1_r0=18129.5781  spot_bright_Tm3_r0=16158.6982  spot_bright_Mi4_r0=22508.1699  spot_bright_Mi9_r0=24143.7559  spot_bright_Tm1_r0=17544.4473  spot_bright_Tm2_r0=13150.7168  spot_bright_Tm4_r0=14888.9883  spot_bright_Tm9_r0=21129.6484  spot_bright_L1_r1=3.4304  spot_bright_L2_r1=6.8181  spot_bright_L3_r1=25.7792  spot_bright_L4_r1=51.4662  spot_bright_L5_r1=20.2371  spot_bright_Mi1_r1=3.2069  spot_bright_Tm3_r1=56.3037  spot_bright_Mi4_r1=32.0661  spot_bright_Mi9_r1=19.1969  spot_bright_Tm1_r1=46.5268  spot_bright_Tm2_r1=39.5796  spot_bright_Tm4_r1=76.4114  spot_bright_Tm9_r1=8.6633  spot_bright_L3_r0=23754.8887]:     80%|████████  | 40/50 [00:26<00:06,  1.49it/s] Cost: 9430.3311  [spot_bright_L1_r0=20127.8008  spot_bright_L2_r0=19796.5977  spot_bright_L4_r0=18504.9902  spot_bright_L5_r0=15050.5078  spot_bright_Mi1_r0=18131.7949  spot_bright_Tm3_r0=16133.7041  spot_bright_Mi4_r0=22454.9805  spot_bright_Mi9_r0=24155.5469  spot_bright_Tm1_r0=17561.5723  spot_bright_Tm2_r0=13153.6689  spot_bright_Tm4_r0=14926.2139  spot_bright_Tm9_r0=21121.9570  spot_bright_L1_r1=3.4307  spot_bright_L2_r1=6.5722  spot_bright_L3_r1=25.4354  spot_bright_L4_r1=51.4662  spot_bright_L5_r1=20.2371  spot_bright_Mi1_r1=3.1516  spot_bright_Tm3_r1=53.1943  spot_bright_Mi4_r1=17.4700  spot_bright_Mi9_r1=8.8360  spot_bright_Tm1_r1=25.8775  spot_bright_Tm2_r1=34.9927  spot_bright_Tm4_r1=64.1934  spot_bright_Tm9_r1=5.7640  spot_bright_L3_r0=23748.6211]:  100%|██████████| 50/50 [00:33<00:00,  1.48it/s] Cost: 9429.8271  [spot_bright_L1_r0=20127.9844  spot_bright_L2_r0=19798.0098  spot_bright_L4_r0=18504.9902  spot_bright_L5_r0=15050.5078  spot_bright_Mi1_r0=18132.6621  spot_bright_Tm3_r0=16125.0977  spot_bright_Mi4_r0=22435.4238  spot_bright_Mi9_r0=24162.1309  spot_bright_Tm1_r0=17572.6094  spot_bright_Tm2_r0=13155.8916  spot_bright_Tm4_r0=14943.3672  spot_bright_Tm9_r0=21119.6660  spot_bright_L1_r1=3.4307  spot_bright_L2_r1=6.5063  spot_bright_L3_r1=25.3408  spot_bright_L4_r1=51.4662  spot_bright_L5_r1=20.2365  spot_bright_Mi1_r1=3.1363  spot_bright_Tm3_r1=52.3430  spot_bright_Mi4_r1=13.1281  spot_bright_Mi9_r1=5.9377  spot_bright_Tm1_r1=19.9683  spot_bright_Tm2_r1=33.6954  spot_bright_Tm4_r1=60.8686  spot_bright_Tm9_r1=4.9396  spot_bright_L3_r0=23746.1387]: 100%|██████████| 50/50 [00:33<00:00,  1.48it/s] Cost: 9429.8271  [spot_bright_L1_r0=20127.9844  spot_bright_L2_r0=19798.0098  spot_bright_L4_r0=18504.9902  spot_bright_L5_r0=15050.5078  spot_bright_Mi1_r0=18132.6621  spot_bright_Tm3_r0=16125.0977  spot_bright_Mi4_r0=22435.4238  spot_bright_Mi9_r0=24162.1309  spot_bright_Tm1_r0=17572.6094  spot_bright_Tm2_r0=13155.8916  spot_bright_Tm4_r0=14943.3672  spot_bright_Tm9_r0=21119.6660  spot_bright_L1_r1=3.4307  spot_bright_L2_r1=6.5063  spot_bright_L3_r1=25.3408  spot_bright_L4_r1=51.4662  spot_bright_L5_r1=20.2365  spot_bright_Mi1_r1=3.1363  spot_bright_Tm3_r1=52.3430  spot_bright_Mi4_r1=13.1281  spot_bright_Mi9_r1=5.9377  spot_bright_Tm1_r1=19.9683  spot_bright_Tm2_r1=33.6954  spot_bright_Tm4_r1=60.8686  spot_bright_Tm9_r1=4.9396  spot_bright_L3_r0=23746.1387]: 

Initl cost = 129739.9219  [spot_bright_L1_r0=87934.4453  spot_bright_L2_r0=160422.4219  spot_bright_L4_r0=19440.7793  spot_bright_L5_r0=22231.2891  spot_bright_Mi1_r0=46355.9180  spot_bright_Tm3_r0=17964.1562  spot_bright_Mi4_r0=32106.1855  spot_bright_Mi9_r0=67579.5625  spot_bright_Tm1_r0=816493.4375  spot_bright_Tm2_r0=694791.3125  spot_bright_Tm4_r0=147250.8281  spot_bright_Tm9_r0=55235.7266  spot_bright_L1_r1=37496.1602  spot_bright_L2_r1=79008.3828  spot_bright_L3_r1=89644.3203  spot_bright_L4_r1=361.6912  spot_bright_L5_r1=3844.3945  spot_bright_Mi1_r1=15135.4316  spot_bright_Tm3_r1=20056.9180  spot_bright_Mi4_r1=10897.5498  spot_bright_Mi9_r1=15169.4160  spot_bright_Tm1_r1=363808.4062  spot_bright_Tm2_r1=325238.0000  spot_bright_Tm4_r1=48398.8945  spot_bright_Tm9_r1=6738.7305  spot_bright_L3_r0=189632.6719]
Final cost = 9429.8096  [spot_bright_L1_r0=20127.9941  spot_bright_L2_r0=19798.0879  spot_bright_L4_r0=18504.9902  spot_bright_L5_r0=15050.5078  spot_bright_Mi1_r0=18132.7070  spot_bright_Tm3_r0=16124.5928  spot_bright_Mi4_r0=22434.3516  spot_bright_Mi9_r0=24162.5137  spot_bright_Tm1_r0=17573.3027  spot_bright_Tm2_r0=13156.0479  spot_bright_Tm4_r0=14944.4014  spot_bright_Tm9_r0=21119.5410  spot_bright_L1_r1=3.4307  spot_bright_L2_r1=6.5031  spot_bright_L3_r1=25.3361  spot_bright_L4_r1=51.4662  spot_bright_L5_r1=20.2371  spot_bright_Mi1_r1=3.1355  spot_bright_Tm3_r1=52.2977  spot_bright_Mi4_r1=12.9029  spot_bright_Mi9_r1=5.7920  spot_bright_Tm1_r1=19.6693  spot_bright_Tm2_r1=33.6305  spot_bright_Tm4_r1=60.7055  spot_bright_Tm9_r1=4.8976  spot_bright_L3_r0=23745.9980]
Best  cost = 9429.8096  [spot_bright_L1_r0=20127.9941  spot_bright_L2_r0=19798.0879  spot_bright_L4_r0=18504.9902  spot_bright_L5_r0=15050.5078  spot_bright_Mi1_r0=18132.7070  spot_bright_Tm3_r0=16124.5928  spot_bright_Mi4_r0=22434.3516  spot_bright_Mi9_r0=24162.5137  spot_bright_Tm1_r0=17573.3027  spot_bright_Tm2_r0=13156.0479  spot_bright_Tm4_r0=14944.4014  spot_bright_Tm9_r0=21119.5410  spot_bright_L1_r1=3.4307  spot_bright_L2_r1=6.5031  spot_bright_L3_r1=25.3361  spot_bright_L4_r1=51.4662  spot_bright_L5_r1=20.2371  spot_bright_Mi1_r1=3.1355  spot_bright_Tm3_r1=52.2977  spot_bright_Mi4_r1=12.9029  spot_bright_Mi9_r1=5.7920  spot_bright_Tm1_r1=19.6693  spot_bright_Tm2_r1=33.6305  spot_bright_Tm4_r1=60.7055  spot_bright_Tm9_r1=4.8976  spot_bright_L3_r0=23745.9980]
time needed  = 38.37  sec

done in 0.01 hours
wrote /home/yitai/drosophila_vision/vision/simulation/0_runs/hp_lp/29081614-run-n-iter-50-a-h-init.L1,L2,L4,L5-0.5-filter-ca/data/best_adam.npz (best run #0)
wrote table: /home/yitai/drosophila_vision/vision/simulation/0_runs/hp_lp/29081614-run-n-iter-50-a-h-init.L1,L2,L4,L5-0.5-filter-ca/param.csv (best run #0, cost=9429.8096)
wrote table: /home/yitai/drosophila_vision/vision/simulation/0_runs/hp_lp/29081614-run-n-iter-50-a-h-init.L1,L2,L4,L5-0.5-filter-ca/syn_strength_cell.csv
/home/yitai/drosophila_vision/vision/simulation/5_figure/1_util.py:1020: UserWarning: This figure includes Axes that are not compatible with tight_layout, so results might be incorrect.
  fig.tight_layout()
plot /home/yitai/drosophila_vision/vision/simulation/0_runs/hp_lp/29081614-run-n-iter-50-a-h-init.L1,L2,L4,L5-0.5-filter-ca/cost_curve.png: prep=0.0s  draw=0.4s  save=2.1s  elapsed_s=2.5s
plot device=cuda (NVIDIA H100 80GB HBM3)
1 trained set(s); costs min=9429.8096 max=9429.8096; selected #0 (from saved final costs)
plot /home/yitai/drosophila_vision/vision/simulation/0_runs/hp_lp/29081614-run-n-iter-50-a-h-init.L1,L2,L4,L5-0.5-filter-ca/spot_gt_ca.png: prep=0.4s  draw=0.5s  save=1.2s  elapsed_s=2.0s
plot /home/yitai/drosophila_vision/vision/simulation/0_runs/hp_lp/29081614-run-n-iter-50-a-h-init.L1,L2,L4,L5-0.5-filter-ca/spot_all_ca.png: prep=0.0s  draw=1.5s  save=5.4s  elapsed_s=6.8s
