Job ID: 29104860
Node:   spartan-gpgpu102
GPU:    0
GPU 0: NVIDIA A100 80GB PCIe (UUID: GPU-2b279b6d-46e6-4ea2-0bd8-14c48a59ea50)
cuda: True NVIDIA A100 80GB PCIe
Start:  Wed 12 Aug 2026 16:59:18 AEST
==== default_params ====
{'DEFAULT_RUN_NAME': '29104256-run-n-iter-300-a-h-init.L1,L2,L4,L5-0.5',
 'DEFAULT_RUN_PATH': 'hp_lp/29104256-run-n-iter-300-a-h-init.L1,L2,L4,L5-0.5',
 'DELTA_MS': 1.0,
 'DELTA_MS_PRE': 1.0,
 'CAP': 40.0,
 'G_LEAK': 1.0,
 'E_EXC': 10.0,
 'E_INH': -70.0,
 'E_H': 50.0,
 'H_G_MAX': 100.0,
 'GT_AMP': {'v': 20.0, 'ca': 2.0},
 'STATE_CLAMP': 1000000.0,
 'A_SYN_EXC': 0.001,
 'A_SYN_INH': 0.001,
 'I_H_REV': 'off',
 'EULER': 'im',
 'A_LO': 0.1,
 'A_HI': 10.0,
 'H_CELLS': ('L1', 'L2', 'L4', 'L5'),
 'PARAM_BOXES': {'a_gt': {'lo': 0.5, 'hi': 2.0, 'init': 1.0, 'jit': 0.1, 'train_mode': 'indi'},
                 'bias_gt': {'lo': -200.0, 'hi': 200.0, 'init': 0.0, 'jit': 1.0, 'train_mode': 'indi'},
                 'syn_strength_cell': {'lo': 0.1, 'hi': 10.0, 'init': 1.0, 'jit': 0.1, 'train_mode': 'indi'},
                 'syn_strength_edge': {'lo': 0.1, 'hi': 10.0, 'init': 1.0, 'jit': 0.1, 'train_mode': 'indi'},
                 'a_in': {'lo': 0.01, 'hi': 100, 'init': 1.0, 'jit': 0.1, 'train_mode': 'shared'},
                 'a_out': {'lo': 0.1, 'hi': 10.0, 'init': 1.0, 'jit': 0.1, 'train_mode': 'indi'},
                 'e_leak': {'lo': -50.0, 'hi': 50.0, 'init': 0.0, 'jit': 1.0, 'train_mode': 'indi'},
                 'v_th': {'lo': -100.0, 'hi': 100.0, 'init': -50.0, 'jit': 0.0, 'train_mode': 'indi'},
                 'tau_lp': {'lo': 10.0, 'hi': 100.0, 'init': 10.0, 'jit': 2.0, 'train_mode': 'indi'},
                 'tau_hp': {'lo': 100.0, 'hi': 500.0, 'init': 200.0, 'jit': 20.0, 'train_mode': 'indi'},
                 'a_h': {'lo': 0.0, 'hi': 1.0, 'init': 0, 'jit': 0.1, 'train_mode': 'indi_named'},
                 'v_mid_h_g': {'lo': -70.0, 'hi': -30.0, 'init': -50.0, 'jit': 5.0, 'train_mode': 'shared'},
                 'v_mid_h_tau': {'lo': -70.0, 'hi': -40.0, 'init': -50.0, 'jit': 5.0, 'train_mode': 'shared'},
                 'h_slope': {'lo': -0.4, 'hi': -0.2, 'init': -0.25, 'jit': 0.02, 'train_mode': 'shared'},
                 'a_h_rev': {'lo': 0.0, 'hi': 1.0, 'init': 0.5, 'jit': 0.1, 'train_mode': 'indi_named'},
                 'v_mid_h_g_rev': {'lo': -70.0, 'hi': -30.0, 'init': -50.0, 'jit': 5.0, 'train_mode': 'shared'},
                 'v_mid_h_tau_rev': {'lo': -70.0, 'hi': -40.0, 'init': -50.0, 'jit': 5.0, 'train_mode': 'shared'},
                 'h_slope_rev': {'lo': -0.4, 'hi': -0.2, 'init': -0.25, 'jit': 0.02, 'train_mode': 'shared'},
                 'v_th_ca': {'lo': -100.0, 'hi': 100.0, 'init': -50.0, 'jit': 0.0, 'train_mode': 'indi'},
                 'a_ca': {'lo': 0.1, 'hi': 10.0, 'init': 1.0, 'jit': 0.1, 'train_mode': 'indi'},
                 'tau_ca': {'lo': 100.0, 'hi': 1000.0, 'init': 350.0, 'jit': 10.0, 'train_mode': 'indi'},
                 'a_sti_radius': {'lo': 0.0, 'hi': 1.0, 'init': 0.0, 'jit': 0.05, 'train_mode': 'indi'}},
 'MODEL': 'hp_lp',
 'SYN_MODE': 'per_cell',
 'PRE_GRAD': True,
 'NETWORK': 'right_min_neuron1_r10',
 'I_BASELINE': 20.0,
 'I_BRIGHT': 40.0,
 'I_DARK': 0.0,
 'MS_PRE': 10.0,
 'MS_SPOT': {'v': 50.0, 'ca': 25.0},
 'MS_RESPONSE': {'v': 200.0, 'ca': 400.0},
 'MS_POST': 0.0,
 'SPOT_RADIUS': 1.0,
 'FULLY_INSIDE': True,
 'MULTI_SPOT': True,
 'SHIFT_RADIUS': 1.0,
 'FILTER': 'none',
 'SPOT_GT_MODE': 'pos',
 'SPOT_COST_RADII': (0.0, 1.0, 1.7320508075688772, 2.0),
 'A_STI_RADII': (1.0, 1.7320508075688772, 2.0),
 'SPOT_COST_RADIUS_SCALE': {0.0: 1.0, 1.0: 0.3333333333333333, 2.0: 0.3333333333333333},
 'SPOT_COST_RADIUS_SCALE_RADIUS1': {0.0: 1.0, 1.0: 2},
 'SPOT_COST_RADIUS_KEY_ALIASES': {'sqrt3': 1.7320508075688772},
 'MULTI_BAR': True,
 'TASK': 'spot',
 'COST_NORM': 'a_gt2',
 'COST_INTERVAL_MS': 10.0,
 'COST_MS': {1.0: (0.0, 100)},
 'BIAS_GT_FROM_V_ONSET': True,
 'BIAS_GT_FROM_V_ONSET_GRAD': True,
 'V_TH_CA_FROM_V_TH': False,
 'A_CA_FROM_A_OUT': False,
 'PRE_STEADY': 'solve',
 'PRE_STEADY_ITERS': 50,
 'PRE_STEADY_DAMP': 0.1,
 'N_RUN': 1,
 'N_ITER_CPU': 0,
 'N_ITER_GPU': 200,
 'LRS': '0.1',
 'CHECKPOINT_INTERVAL': 1000,
 'FP': 32,
 'SEQUENTIAL': False,
 'T_REL_START': -10,
 'T_REL_STOP': 10,
 'TRACE_OSC_MIN_F': 0.5,
 'TRACE_OSC_MAX_F': 20.0,
 'TRACE_OSC_PEAK_THRESHOLD': 0.5,
 'TRACE_OSC_Z_THRESHOLD': 2.0,
 'TRACE_OSC_SNR_MIN': 2.0,
 'TRACE_DRIFT_MIN_SLOPE_MV_PER_S': 1.0,
 'TRACE_DRIFT_MIN_R': 0.5,
 'TRACE_BASELINE_MS': 200.0,
 'TRACE_FLAT_MAX_ABS': 0.5,
 'TRACE_FLAT_V_PEAK_TO_PEAK_MAX': 1.0,
 'TRACE_FLAT_ABS_MEAN': 0.2}
==== end default_params ====
train_modes:
  a_gt               indi=56/shared=0/fixed=0/frozen=0 (56)
  bias_gt            indi=0/shared=0/fixed=0/frozen=56 (0)
  syn_strength_cell  indi=1035/shared=0/fixed=0/frozen=0 (1035)
  a_in               indi=0/shared=56/fixed=0/frozen=0 (1)
  a_out              indi=56/shared=0/fixed=0/frozen=0 (56)
  e_leak             indi=56/shared=0/fixed=0/frozen=0 (56)
  v_th               indi=56/shared=0/fixed=0/frozen=0 (56)
  tau_lp             indi=56/shared=0/fixed=0/frozen=0 (56)
  tau_hp             indi=56/shared=0/fixed=0/frozen=0 (56)
  a_h                indi=4/shared=0/fixed=52/frozen=0 (4)
  v_th_ca            indi=56/shared=0/fixed=0/frozen=0 (56)
  a_ca               indi=56/shared=0/fixed=0/frozen=0 (56)
  tau_ca             indi=56/shared=0/fixed=0/frozen=0 (56)
  a_sti_radius       indi=3/shared=0/fixed=0/frozen=0 (3)
device=cuda, model=hp_lp, syn_mode=per_cell, euler=implicit, pre_steady=solve, n_run=1, n_iter=100, lrs=[0.1], nparams=1547, fname=train_hp_lp.npy
checkpoint_interval=1000
from '/home/yitai/drosophila_vision/vision/simulation/0_runs/hp_lp/29104256-run-n-iter-300-a-h-init.L1,L2,L4,L5-0.5' -> '/home/yitai/drosophila_vision/vision/simulation/0_runs/hp_lp/29104256-run-n-iter-300-a-h-init.L1,L2,L4,L5-0.5/data/best_param.npz' + '/home/yitai/drosophila_vision/vision/simulation/0_runs/hp_lp/29104256-run-n-iter-300-a-h-init.L1,L2,L4,L5-0.5/data/best_adam.npz' (1547 z slots, adam_iter=300)

round 0

  0%|          | 0/100 [00:00<?, ?it/s] Cost: 12234.6953  [spot_bright_L5_r0=3632.8787  spot_bright_Mi1_r0=16265.0518  spot_bright_Tm3_r0=9955.0645  spot_bright_Mi4_r0=6807.8389  spot_bright_L5_r1=360.0153  spot_bright_Mi1_r1=20939.8223  spot_bright_Tm3_r1=8806.1123  spot_bright_Mi4_r1=5758.2124  spot_dark_L1_r0=2795.5264  spot_dark_L2_r0=5540.3975  spot_dark_L4_r0=5171.3765  spot_dark_Mi9_r0=12179.4492  spot_dark_Tm1_r0=2721.1633  spot_dark_Tm2_r0=8525.4609  spot_dark_Tm4_r0=7847.2554  spot_dark_Tm9_r0=32634.1875  spot_dark_L1_r1=47.6825  spot_dark_L2_r1=5774.3447  spot_dark_L3_r1=53749.6289  spot_dark_L4_r1=1369.2307  spot_dark_Mi9_r1=14870.5674  spot_dark_Tm1_r1=2056.8328  spot_dark_Tm2_r1=3516.9736  spot_dark_Tm4_r1=5734.4072  spot_dark_Tm9_r1=45350.1914  spot_dark_L3_r0=35692.3984] 10%|█         | 10/100 [00:20<03:08,  2.09s/it] Cost: 3649.4927  [spot_bright_L5_r0=4067.7446  spot_bright_Mi1_r0=8643.1699  spot_bright_Tm3_r0=8802.0234  spot_bright_Mi4_r0=8068.0728  spot_bright_L5_r1=782.6689  spot_bright_Mi1_r1=311.2518  spot_bright_Tm3_r1=2682.9126  spot_bright_Mi4_r1=195.3773  spot_dark_L1_r0=2523.0691  spot_dark_L2_r0=6533.3608  spot_dark_L4_r0=4831.8301  spot_dark_Mi9_r0=5590.2197  spot_dark_Tm1_r0=2694.4167  spot_dark_Tm2_r0=8647.0537  spot_dark_Tm4_r0=6969.8799  spot_dark_Tm9_r0=8521.8486  spot_dark_L1_r1=31.2120  spot_dark_L2_r1=686.0731  spot_dark_L3_r1=714.6956  spot_dark_L4_r1=870.4355  spot_dark_Mi9_r1=64.5381  spot_dark_Tm1_r1=1614.2483  spot_dark_Tm2_r1=997.3458  spot_dark_Tm4_r1=1953.5576  spot_dark_Tm9_r1=173.5815  spot_dark_L3_r0=7916.2212]:         20%|██        | 20/100 [00:41<02:46,  2.08s/it] Cost: 2866.6572  [spot_bright_L5_r0=3197.8020  spot_bright_Mi1_r0=8381.7832  spot_bright_Tm3_r0=6075.7163  spot_bright_Mi4_r0=4560.1460  spot_bright_L5_r1=316.8230  spot_bright_Mi1_r1=333.5594  spot_bright_Tm3_r1=2888.7678  spot_bright_Mi4_r1=1397.6797  spot_dark_L1_r0=1886.8463  spot_dark_L2_r0=3582.5234  spot_dark_L4_r0=4221.6318  spot_dark_Mi9_r0=2513.6875  spot_dark_Tm1_r0=1924.5918  spot_dark_Tm2_r0=4306.3315  spot_dark_Tm4_r0=3714.5515  spot_dark_Tm9_r0=8588.8252  spot_dark_L1_r1=183.8101  spot_dark_L2_r1=1571.1471  spot_dark_L3_r1=721.6347  spot_dark_L4_r1=926.1631  spot_dark_Mi9_r1=1718.5826  spot_dark_Tm1_r1=1000.3821  spot_dark_Tm2_r1=1104.4794  spot_dark_Tm4_r1=1370.3998  spot_dark_Tm9_r1=170.5901  spot_dark_L3_r0=7874.6362]:  30%|███       | 30/100 [01:02<02:25,  2.09s/it] Cost: 2384.4614  [spot_bright_L5_r0=3615.1067  spot_bright_Mi1_r0=7641.2583  spot_bright_Tm3_r0=4785.2725  spot_bright_Mi4_r0=3898.5684  spot_bright_L5_r1=485.4964  spot_bright_Mi1_r1=713.3444  spot_bright_Tm3_r1=1439.8459  spot_bright_Mi4_r1=1237.9861  spot_dark_L1_r0=2073.0237  spot_dark_L2_r0=2581.5549  spot_dark_L4_r0=3548.6265  spot_dark_Mi9_r0=2982.2834  spot_dark_Tm1_r0=1691.7673  spot_dark_Tm2_r0=2175.1721  spot_dark_Tm4_r0=2117.2874  spot_dark_Tm9_r0=6747.1118  spot_dark_L1_r1=151.4898  spot_dark_L2_r1=1197.0457  spot_dark_L3_r1=798.5933  spot_dark_L4_r1=1200.0726  spot_dark_Mi9_r1=651.6042  spot_dark_Tm1_r1=490.1757  spot_dark_Tm2_r1=771.2128  spot_dark_Tm4_r1=732.3857  spot_dark_Tm9_r1=604.6097  spot_dark_L3_r0=7665.0918]:     40%|████      | 40/100 [01:23<02:04,  2.08s/it] Cost: 2120.5574  [spot_bright_L5_r0=3020.6753  spot_bright_Mi1_r0=6237.9053  spot_bright_Tm3_r0=3707.9658  spot_bright_Mi4_r0=3275.4448  spot_bright_L5_r1=613.6490  spot_bright_Mi1_r1=1053.7822  spot_bright_Tm3_r1=1279.3329  spot_bright_Mi4_r1=1421.4070  spot_dark_L1_r0=2052.4788  spot_dark_L2_r0=2226.4104  spot_dark_L4_r0=2975.2742  spot_dark_Mi9_r0=1924.1155  spot_dark_Tm1_r0=1348.4325  spot_dark_Tm2_r0=1757.6392  spot_dark_Tm4_r0=1937.4604  spot_dark_Tm9_r0=5367.1431  spot_dark_L1_r1=258.9397  spot_dark_L2_r1=593.8349  spot_dark_L3_r1=1221.1339  spot_dark_L4_r1=1546.3160  spot_dark_Mi9_r1=1242.7589  spot_dark_Tm1_r1=634.6335  spot_dark_Tm2_r1=689.2142  spot_dark_Tm4_r1=591.7783  spot_dark_Tm9_r1=1382.1487  spot_dark_L3_r0=6774.6206]:  50%|█████     | 50/100 [01:44<01:44,  2.08s/it] Cost: 1858.6705  [spot_bright_L5_r0=2391.7878  spot_bright_Mi1_r0=4570.1328  spot_bright_Tm3_r0=3042.9197  spot_bright_Mi4_r0=2680.1960  spot_bright_L5_r1=640.6259  spot_bright_Mi1_r1=1187.8490  spot_bright_Tm3_r1=1239.4071  spot_bright_Mi4_r1=1363.9526  spot_dark_L1_r0=1861.2150  spot_dark_L2_r0=1958.2070  spot_dark_L4_r0=2779.4551  spot_dark_Mi9_r0=1936.0276  spot_dark_Tm1_r0=1207.1924  spot_dark_Tm2_r0=1633.2773  spot_dark_Tm4_r0=1441.9258  spot_dark_Tm9_r0=4783.9097  spot_dark_L1_r1=274.7066  spot_dark_L2_r1=577.2950  spot_dark_L3_r1=1750.3533  spot_dark_L4_r1=1313.8868  spot_dark_Mi9_r1=745.3458  spot_dark_Tm1_r1=504.1549  spot_dark_Tm2_r1=493.3827  spot_dark_Tm4_r1=614.7133  spot_dark_Tm9_r1=1338.5358  spot_dark_L3_r0=5994.9731]:   60%|██████    | 60/100 [02:05<01:23,  2.08s/it] Cost: 1627.5914  [spot_bright_L5_r0=1910.2496  spot_bright_Mi1_r0=2939.8948  spot_bright_Tm3_r0=2411.8589  spot_bright_Mi4_r0=2413.3384  spot_bright_L5_r1=593.4629  spot_bright_Mi1_r1=1120.5701  spot_bright_Tm3_r1=1038.2166  spot_bright_Mi4_r1=927.9106  spot_dark_L1_r0=1803.0778  spot_dark_L2_r0=1730.3948  spot_dark_L4_r0=2924.1987  spot_dark_Mi9_r0=1479.5664  spot_dark_Tm1_r0=1122.5950  spot_dark_Tm2_r0=1551.9971  spot_dark_Tm4_r0=1459.1914  spot_dark_Tm9_r0=4509.1812  spot_dark_L1_r1=260.3649  spot_dark_L2_r1=526.9939  spot_dark_L3_r1=1819.5026  spot_dark_L4_r1=945.9646  spot_dark_Mi9_r1=754.5029  spot_dark_Tm1_r1=388.2529  spot_dark_Tm2_r1=479.2415  spot_dark_Tm4_r1=536.8467  spot_dark_Tm9_r1=1026.9564  spot_dark_L3_r0=5643.0396]:    70%|███████   | 70/100 [02:25<01:02,  2.08s/it] Cost: 1495.5817  [spot_bright_L5_r0=1658.5046  spot_bright_Mi1_r0=2448.5735  spot_bright_Tm3_r0=2264.2793  spot_bright_Mi4_r0=2060.1641  spot_bright_L5_r1=530.3470  spot_bright_Mi1_r1=836.3335  spot_bright_Tm3_r1=1206.0449  spot_bright_Mi4_r1=733.4610  spot_dark_L1_r0=1766.7645  spot_dark_L2_r0=1497.7760  spot_dark_L4_r0=3168.7517  spot_dark_Mi9_r0=1287.1899  spot_dark_Tm1_r0=1071.7620  spot_dark_Tm2_r0=1550.1039  spot_dark_Tm4_r0=1684.7471  spot_dark_Tm9_r0=4197.3662  spot_dark_L1_r1=129.2446  spot_dark_L2_r1=330.7538  spot_dark_L3_r1=1523.6019  spot_dark_L4_r1=743.1824  spot_dark_Mi9_r1=541.5563  spot_dark_Tm1_r1=240.7131  spot_dark_Tm2_r1=358.2952  spot_dark_Tm4_r1=622.0988  spot_dark_Tm9_r1=951.8028  spot_dark_L3_r0=5481.7021]:    80%|████████  | 80/100 [02:46<00:41,  2.08s/it] Cost: 1449.2225  [spot_bright_L5_r0=1686.2745  spot_bright_Mi1_r0=2268.1074  spot_bright_Tm3_r0=1933.6362  spot_bright_Mi4_r0=1958.4895  spot_bright_L5_r1=578.9012  spot_bright_Mi1_r1=807.4784  spot_bright_Tm3_r1=1391.5278  spot_bright_Mi4_r1=562.6645  spot_dark_L1_r0=1831.2563  spot_dark_L2_r0=1282.2422  spot_dark_L4_r0=3259.5491  spot_dark_Mi9_r0=1260.4537  spot_dark_Tm1_r0=1065.6483  spot_dark_Tm2_r0=1541.7754  spot_dark_Tm4_r0=1760.1005  spot_dark_Tm9_r0=4079.7917  spot_dark_L1_r1=89.6472  spot_dark_L2_r1=288.2665  spot_dark_L3_r1=1462.9924  spot_dark_L4_r1=659.7418  spot_dark_Mi9_r1=435.3111  spot_dark_Tm1_r1=234.8752  spot_dark_Tm2_r1=366.6738  spot_dark_Tm4_r1=695.1408  spot_dark_Tm9_r1=885.2574  spot_dark_L3_r0=5293.9854]:   90%|█████████ | 90/100 [03:07<00:20,  2.08s/it] Cost: 1413.7974  [spot_bright_L5_r0=1561.5669  spot_bright_Mi1_r0=2151.6528  spot_bright_Tm3_r0=1968.3832  spot_bright_Mi4_r0=1922.5828  spot_bright_L5_r1=530.1310  spot_bright_Mi1_r1=740.7250  spot_bright_Tm3_r1=1120.4108  spot_bright_Mi4_r1=644.5723  spot_dark_L1_r0=1855.8020  spot_dark_L2_r0=1343.0962  spot_dark_L4_r0=3180.8943  spot_dark_Mi9_r0=1271.6603  spot_dark_Tm1_r0=1071.6940  spot_dark_Tm2_r0=1528.6298  spot_dark_Tm4_r0=1708.2516  spot_dark_Tm9_r0=4054.4590  spot_dark_L1_r1=105.1059  spot_dark_L2_r1=232.2424  spot_dark_L3_r1=1575.2672  spot_dark_L4_r1=681.8443  spot_dark_Mi9_r1=405.6607  spot_dark_Tm1_r1=220.9384  spot_dark_Tm2_r1=348.8716  spot_dark_Tm4_r1=630.5233  spot_dark_Tm9_r1=801.2296  spot_dark_L3_r0=5102.5396]: 100%|██████████| 100/100 [03:28<00:00,  2.08s/it] Cost: 1385.7668  [spot_bright_L5_r0=1523.5627  spot_bright_Mi1_r0=2122.2712  spot_bright_Tm3_r0=1892.5221  spot_bright_Mi4_r0=1862.8007  spot_bright_L5_r1=523.2915  spot_bright_Mi1_r1=665.8196  spot_bright_Tm3_r1=1128.4009  spot_bright_Mi4_r1=588.3439  spot_dark_L1_r0=1833.9115  spot_dark_L2_r0=1254.2792  spot_dark_L4_r0=3159.7688  spot_dark_Mi9_r0=1255.5206  spot_dark_Tm1_r0=1052.0721  spot_dark_Tm2_r0=1506.9714  spot_dark_Tm4_r0=1724.6421  spot_dark_Tm9_r0=4049.2478  spot_dark_L1_r1=99.7559  spot_dark_L2_r1=253.1407  spot_dark_L3_r1=1504.3119  spot_dark_L4_r1=696.7788  spot_dark_Mi9_r1=355.1550  spot_dark_Tm1_r1=226.4012  spot_dark_Tm2_r1=349.4462  spot_dark_Tm4_r1=650.7906  spot_dark_Tm9_r1=710.3376  spot_dark_L3_r0=5040.3926]: 100%|██████████| 100/100 [03:28<00:00,  2.08s/it] Cost: 1385.7668  [spot_bright_L5_r0=1523.5627  spot_bright_Mi1_r0=2122.2712  spot_bright_Tm3_r0=1892.5221  spot_bright_Mi4_r0=1862.8007  spot_bright_L5_r1=523.2915  spot_bright_Mi1_r1=665.8196  spot_bright_Tm3_r1=1128.4009  spot_bright_Mi4_r1=588.3439  spot_dark_L1_r0=1833.9115  spot_dark_L2_r0=1254.2792  spot_dark_L4_r0=3159.7688  spot_dark_Mi9_r0=1255.5206  spot_dark_Tm1_r0=1052.0721  spot_dark_Tm2_r0=1506.9714  spot_dark_Tm4_r0=1724.6421  spot_dark_Tm9_r0=4049.2478  spot_dark_L1_r1=99.7559  spot_dark_L2_r1=253.1407  spot_dark_L3_r1=1504.3119  spot_dark_L4_r1=696.7788  spot_dark_Mi9_r1=355.1550  spot_dark_Tm1_r1=226.4012  spot_dark_Tm2_r1=349.4462  spot_dark_Tm4_r1=650.7906  spot_dark_Tm9_r1=710.3376  spot_dark_L3_r0=5040.3926]: 

Initl cost = 12234.6953  [spot_bright_L5_r0=3632.8787  spot_bright_Mi1_r0=16265.0518  spot_bright_Tm3_r0=9955.0645  spot_bright_Mi4_r0=6807.8389  spot_bright_L5_r1=360.0153  spot_bright_Mi1_r1=20939.8223  spot_bright_Tm3_r1=8806.1123  spot_bright_Mi4_r1=5758.2124  spot_dark_L1_r0=2795.5264  spot_dark_L2_r0=5540.3975  spot_dark_L4_r0=5171.3765  spot_dark_Mi9_r0=12179.4492  spot_dark_Tm1_r0=2721.1633  spot_dark_Tm2_r0=8525.4609  spot_dark_Tm4_r0=7847.2554  spot_dark_Tm9_r0=32634.1875  spot_dark_L1_r1=47.6825  spot_dark_L2_r1=5774.3447  spot_dark_L3_r1=53749.6289  spot_dark_L4_r1=1369.2307  spot_dark_Mi9_r1=14870.5674  spot_dark_Tm1_r1=2056.8328  spot_dark_Tm2_r1=3516.9736  spot_dark_Tm4_r1=5734.4072  spot_dark_Tm9_r1=45350.1914  spot_dark_L3_r0=35692.3984]
Final cost = 1383.2780  [spot_bright_L5_r0=1520.0513  spot_bright_Mi1_r0=2112.7466  spot_bright_Tm3_r0=1878.5605  spot_bright_Mi4_r0=1853.3760  spot_bright_L5_r1=533.2414  spot_bright_Mi1_r1=666.4055  spot_bright_Tm3_r1=1130.3462  spot_bright_Mi4_r1=571.8721  spot_dark_L1_r0=1826.5118  spot_dark_L2_r0=1246.2876  spot_dark_L4_r0=3222.1479  spot_dark_Mi9_r0=1254.2246  spot_dark_Tm1_r0=1056.5352  spot_dark_Tm2_r0=1506.4491  spot_dark_Tm4_r0=1730.1282  spot_dark_Tm9_r0=4042.3616  spot_dark_L1_r1=100.6215  spot_dark_L2_r1=255.2817  spot_dark_L3_r1=1496.5172  spot_dark_L4_r1=638.2524  spot_dark_Mi9_r1=347.4899  spot_dark_Tm1_r1=235.2273  spot_dark_Tm2_r1=349.8741  spot_dark_Tm4_r1=653.5074  spot_dark_Tm9_r1=705.3176  spot_dark_L3_r0=5031.8926]
Best  cost = 1383.2780  [spot_bright_L5_r0=1520.0513  spot_bright_Mi1_r0=2112.7466  spot_bright_Tm3_r0=1878.5605  spot_bright_Mi4_r0=1853.3760  spot_bright_L5_r1=533.2414  spot_bright_Mi1_r1=666.4055  spot_bright_Tm3_r1=1130.3462  spot_bright_Mi4_r1=571.8721  spot_dark_L1_r0=1826.5118  spot_dark_L2_r0=1246.2876  spot_dark_L4_r0=3222.1479  spot_dark_Mi9_r0=1254.2246  spot_dark_Tm1_r0=1056.5352  spot_dark_Tm2_r0=1506.4491  spot_dark_Tm4_r0=1730.1282  spot_dark_Tm9_r0=4042.3616  spot_dark_L1_r1=100.6215  spot_dark_L2_r1=255.2817  spot_dark_L3_r1=1496.5172  spot_dark_L4_r1=638.2524  spot_dark_Mi9_r1=347.4899  spot_dark_Tm1_r1=235.2273  spot_dark_Tm2_r1=349.8741  spot_dark_Tm4_r1=653.5074  spot_dark_Tm9_r1=705.3176  spot_dark_L3_r0=5031.8926]
time needed  = 212.48  sec

done in 0.06 hours
wrote /home/yitai/drosophila_vision/vision/simulation/0_runs/hp_lp/29104860-run_init_from-n-iter-100-filter-ca/data/best_adam.npz (best run #0)
wrote table: /home/yitai/drosophila_vision/vision/simulation/0_runs/hp_lp/29104860-run_init_from-n-iter-100-filter-ca/param.csv (best run #0, cost=1383.2780)
wrote table: /home/yitai/drosophila_vision/vision/simulation/0_runs/hp_lp/29104860-run_init_from-n-iter-100-filter-ca/syn_strength_cell.csv
/home/yitai/drosophila_vision/vision/simulation/5_figure/1_util.py:1020: UserWarning: This figure includes Axes that are not compatible with tight_layout, so results might be incorrect.
  fig.tight_layout()
plot /home/yitai/drosophila_vision/vision/simulation/0_runs/hp_lp/29104860-run_init_from-n-iter-100-filter-ca/cost_curve.png: prep=0.0s  draw=0.2s  save=2.7s  elapsed_s=3.0s
plot device=cuda (NVIDIA A100 80GB PCIe)
1 trained set(s); costs min=1383.2780 max=1383.2780; selected #0 (from saved final costs)
plot /home/yitai/drosophila_vision/vision/simulation/0_runs/hp_lp/29104860-run_init_from-n-iter-100-filter-ca/spot_gt_ca.png: prep=1.0s  draw=0.6s  save=2.0s  elapsed_s=3.6s
plot /home/yitai/drosophila_vision/vision/simulation/0_runs/hp_lp/29104860-run_init_from-n-iter-100-filter-ca/spot_all_ca.png: prep=0.0s  draw=2.2s  save=8.1s  elapsed_s=10.3s
