Job ID: 29104124
Node:   spartan-gpgpu015
GPU:    0
GPU 0: NVIDIA H100 80GB HBM3 (UUID: GPU-479f43a0-7854-0baf-2e50-ef87ecdd98f8)
cuda: True NVIDIA H100 80GB HBM3
Start:  Wed 12 Aug 2026 18:17:34 AEST
==== default_params ====
{'DEFAULT_RUN_NAME': '29104256-run-n-iter-300-a-h-init.L1,L2,L4,L5-0.5',
 'DEFAULT_RUN_PATH': 'hp_lp/29104256-run-n-iter-300-a-h-init.L1,L2,L4,L5-0.5',
 'NEURON_PARAM_DEFAULT': {'delta_ms': {'v': 1.0, 'ca': 1.0},
                          'delta_ms_pre': {'v': 1.0, 'ca': 1.0},
                          'cap': 40.0,
                          'g_leak': 1.0,
                          'e_exc': 10.0,
                          'e_inh': -70.0,
                          'e_h': 50.0,
                          'h_g_max': 100.0,
                          'gt_amp': {'v': 20.0, 'ca': 2.0},
                          'state_clamp': 1000000.0,
                          'a_syn_exc': 0.001,
                          'a_syn_inh': 0.001,
                          'i_h_rev': 'off',
                          'euler': 'im'},
 'NEURON_SCHEMA_DEFAULT': {'a_lo': 0.1,
                           'a_hi': 10.0,
                           'h_cells': ('L1', 'L2', 'L4', 'L5'),
                           'param_boxes': {'a_gt': {'lo': 0.5,
                                                    'hi': 2.0,
                                                    'init': 1.0,
                                                    'jit': 0.1,
                                                    'train_mode': 'indi'},
                                           'bias_gt': {'lo': -200.0,
                                                       'hi': 200.0,
                                                       'init': 0.0,
                                                       'jit': 1.0,
                                                       'train_mode': 'indi'},
                                           'syn_strength_cell': {'lo': 0.1,
                                                                 'hi': 10.0,
                                                                 'init': 1.0,
                                                                 'jit': 0.1,
                                                                 'train_mode': 'indi'},
                                           'syn_strength_edge': {'lo': 0.1,
                                                                 'hi': 10.0,
                                                                 'init': 1.0,
                                                                 'jit': 0.1,
                                                                 'train_mode': 'indi'},
                                           'a_in': {'lo': 0.01,
                                                    'hi': 100,
                                                    'init': 1.0,
                                                    'jit': 0.1,
                                                    'train_mode': 'shared'},
                                           'a_out': {'lo': 0.1,
                                                     'hi': 10.0,
                                                     'init': 1.0,
                                                     'jit': 0.1,
                                                     'train_mode': 'indi'},
                                           'e_leak': {'lo': -50.0,
                                                      'hi': 50.0,
                                                      'init': 0.0,
                                                      'jit': 1.0,
                                                      'train_mode': 'indi'},
                                           'v_th': {'lo': -100.0,
                                                    'hi': 100.0,
                                                    'init': -50.0,
                                                    'jit': 0.0,
                                                    'train_mode': 'indi'},
                                           'tau_lp': {'lo': 10.0,
                                                      'hi': 100.0,
                                                      'init': 10.0,
                                                      'jit': 2.0,
                                                      'train_mode': 'indi'},
                                           'tau_hp': {'lo': 100.0,
                                                      'hi': 500.0,
                                                      'init': 200.0,
                                                      'jit': 20.0,
                                                      'train_mode': 'indi'},
                                           'a_h': {'lo': 0.0,
                                                   'hi': 1.0,
                                                   'init': 0,
                                                   'jit': 0.1,
                                                   'train_mode': 'indi_named'},
                                           'v_mid_h_g': {'lo': -70.0,
                                                         'hi': -30.0,
                                                         'init': -50.0,
                                                         'jit': 5.0,
                                                         'train_mode': 'shared'},
                                           'v_mid_h_tau': {'lo': -70.0,
                                                           'hi': -40.0,
                                                           'init': -50.0,
                                                           'jit': 5.0,
                                                           'train_mode': 'shared'},
                                           'h_slope': {'lo': -0.4,
                                                       'hi': -0.2,
                                                       'init': -0.25,
                                                       'jit': 0.02,
                                                       'train_mode': 'shared'},
                                           'a_h_rev': {'lo': 0.0,
                                                       'hi': 1.0,
                                                       'init': 0.5,
                                                       'jit': 0.1,
                                                       'train_mode': 'indi_named'},
                                           'v_mid_h_g_rev': {'lo': -70.0,
                                                             'hi': -30.0,
                                                             'init': -50.0,
                                                             'jit': 5.0,
                                                             'train_mode': 'shared'},
                                           'v_mid_h_tau_rev': {'lo': -70.0,
                                                               'hi': -40.0,
                                                               'init': -50.0,
                                                               'jit': 5.0,
                                                               'train_mode': 'shared'},
                                           'h_slope_rev': {'lo': -0.4,
                                                           'hi': -0.2,
                                                           'init': -0.25,
                                                           'jit': 0.02,
                                                           'train_mode': 'shared'},
                                           'v_th_ca': {'lo': -100.0,
                                                       'hi': 100.0,
                                                       'init': -50.0,
                                                       'jit': 0.0,
                                                       'train_mode': 'indi'},
                                           'a_ca': {'lo': 0.1,
                                                    'hi': 10.0,
                                                    'init': 1.0,
                                                    'jit': 0.1,
                                                    'train_mode': 'indi'},
                                           'tau_ca': {'lo': 100.0,
                                                      'hi': 1000.0,
                                                      'init': 350.0,
                                                      'jit': 10.0,
                                                      'train_mode': 'indi'},
                                           'a_sti_radius': {'lo': 0.0,
                                                            'hi': 1.0,
                                                            'init': 0.0,
                                                            'jit': 0.05,
                                                            'train_mode': 'indi'}},
                           'syn_mode': 'per_cell'},
 'MODEL_DEFAULT': {'model': 'hp_lp'},
 'NEURON_FORWARD_DEFAULT': {'pre_grad': True},
 'NETWORK_PATH_DEFAULT': {'network': 'right_min_neuron1_r10'},
 'NETWORK_CONSTRUCTION_DEFAULT': {'i_baseline': 20.0, 'i_bright': 40.0, 'i_dark': 0.0},
 'SPOT_INPUT_DEFAULT': {'ms_pre': 10.0,
                        'ms_spot': {'v': 50.0, 'ca': 25.0},
                        'ms_response': {'v': 200.0, 'ca': 400.0},
                        'ms_post': 0.0,
                        'spot_radius': 1.0,
                        'fully_inside': True,
                        'multi_spot': True,
                        'shift_radius': 1.0},
 'SPOT_PACK_DEFAULT': {'filter': 'none',
                       'spot_gt_mode': 'pos',
                       'spot_cost_radii': (0.0, 1.0, 1.7320508075688772, 2.0),
                       'a_sti_radii': (1.0, 1.7320508075688772, 2.0),
                       'spot_cost_radius_scale': {0.0: 1.0, 1.0: 0.3333333333333333, 2.0: 0.3333333333333333},
                       'spot_cost_radius_scale_radius1': {0.0: 1.0, 1.0: 2},
                       'spot_cost_radius_key_aliases': {'sqrt3': 1.7320508075688772}},
 'MOVING_BAR_INPUT_DEFAULT': {'multi_bar': True},
 'TRAIN_CONFIG_DEFAULT': {'task': 'spot'},
 'TRAIN_OPTIMIZATION_DEFAULT': {'cost_norm': 'a_gt2',
                                'cost_interval_ms': 10.0,
                                'cost_ms': {1.0: (0.0, 100)},
                                'bias_gt_from_v_onset': True,
                                'bias_gt_from_v_onset_grad': True,
                                'v_th_ca_from_v_th': False,
                                'a_ca_from_a_out': False,
                                'pre_steady': 'solve',
                                'pre_steady_iters': 50,
                                'pre_steady_damp': 0.1,
                                'n_run': 1,
                                'n_iter_cpu': 0,
                                'n_iter_gpu': 200,
                                'lrs': '0.1',
                                'checkpoint_interval': 1000},
 'TRAIN_SESSION_DEFAULT': {'fp': 32, 'sequential': False},
 'SPOT_STI_TIMING_OPTS_DEFAULT': {'ms_pre': 10.0,
                                  'ms_response': {'v': 200.0, 'ca': 400.0},
                                  'ms_post': 0.0,
                                  'delta_ms': {'v': 1.0, 'ca': 1.0},
                                  'delta_ms_pre': {'v': 1.0, 'ca': 1.0},
                                  'ms_spot': {'v': 50.0, 'ca': 25.0}},
 'MOVING_BAR_STI_TIMING_OPTS_DEFAULT': {'ms_pre': 10.0,
                                        'delta_ms': {'v': 1.0, 'ca': 1.0},
                                        'delta_ms_pre': {'v': 1.0, 'ca': 1.0}},
 'SPOT_STI_SHARED_OPTS_DEFAULT': {'ms_pre': 10.0,
                                  'ms_response': {'v': 200.0, 'ca': 400.0},
                                  'ms_post': 0.0,
                                  'delta_ms': {'v': 1.0, 'ca': 1.0},
                                  'delta_ms_pre': {'v': 1.0, 'ca': 1.0},
                                  'ms_spot': {'v': 50.0, 'ca': 25.0},
                                  'shift_radius': 1.0,
                                  'spot_radius': 1.0,
                                  'multi_spot': True,
                                  'fully_inside': True},
 'SPOT_BRIGHT_STI_OPTS_DEFAULT': {'ms_pre': 10.0,
                                  'ms_response': {'v': 200.0, 'ca': 400.0},
                                  'ms_post': 0.0,
                                  'delta_ms': {'v': 1.0, 'ca': 1.0},
                                  'delta_ms_pre': {'v': 1.0, 'ca': 1.0},
                                  'ms_spot': {'v': 50.0, 'ca': 25.0},
                                  'shift_radius': 1.0,
                                  'spot_radius': 1.0,
                                  'multi_spot': True,
                                  'fully_inside': True,
                                  'i_baseline_spot': 20.0,
                                  'i_bright_spot': 40.0},
 'SPOT_DARK_STI_OPTS_DEFAULT': {'ms_pre': 10.0,
                                'ms_response': {'v': 200.0, 'ca': 400.0},
                                'ms_post': 0.0,
                                'delta_ms': {'v': 1.0, 'ca': 1.0},
                                'delta_ms_pre': {'v': 1.0, 'ca': 1.0},
                                'ms_spot': {'v': 50.0, 'ca': 25.0},
                                'shift_radius': 1.0,
                                'spot_radius': 1.0,
                                'multi_spot': True,
                                'fully_inside': True,
                                'i_baseline_spot': 20.0,
                                'i_dark_spot': 0.0},
 'MOVING_BAR_BRIGHT_STI_OPTS_DEFAULT': {'ms_pre': 10.0,
                                        'delta_ms': {'v': 1.0, 'ca': 1.0},
                                        'delta_ms_pre': {'v': 1.0, 'ca': 1.0},
                                        'i_baseline_moving_bar': 20.0,
                                        'i_bright_moving_bar': 40.0,
                                        'multi_bar': True},
 'MOVING_BAR_DARK_STI_OPTS_DEFAULT': {'ms_pre': 10.0,
                                      'delta_ms': {'v': 1.0, 'ca': 1.0},
                                      'delta_ms_pre': {'v': 1.0, 'ca': 1.0},
                                      'i_baseline_moving_bar': 20.0,
                                      'i_dark_moving_bar': 0.0,
                                      'multi_bar': True},
 'TRAIN_OPTS_DEFAULT': {'backend': 'network',
                        'tasks': ('spot',),
                        'part_cost_scales': {},
                        'cost_norm': 'a_gt2',
                        'pre_steady': 'solve',
                        'pre_steady_iters': 50,
                        'pre_steady_damp': 0.1,
                        'sequential': False,
                        'spot_bright_sti_opts': {'ms_pre': 10.0,
                                                 'ms_response': {'v': 200.0, 'ca': 400.0},
                                                 'ms_post': 0.0,
                                                 'delta_ms': {'v': 1.0, 'ca': 1.0},
                                                 'delta_ms_pre': {'v': 1.0, 'ca': 1.0},
                                                 'ms_spot': {'v': 50.0, 'ca': 25.0},
                                                 'shift_radius': 1.0,
                                                 'spot_radius': 1.0,
                                                 'multi_spot': True,
                                                 'fully_inside': True,
                                                 'i_baseline_spot': 20.0,
                                                 'i_bright_spot': 40.0},
                        'spot_dark_sti_opts': {'ms_pre': 10.0,
                                               'ms_response': {'v': 200.0, 'ca': 400.0},
                                               'ms_post': 0.0,
                                               'delta_ms': {'v': 1.0, 'ca': 1.0},
                                               'delta_ms_pre': {'v': 1.0, 'ca': 1.0},
                                               'ms_spot': {'v': 50.0, 'ca': 25.0},
                                               'shift_radius': 1.0,
                                               'spot_radius': 1.0,
                                               'multi_spot': True,
                                               'fully_inside': True,
                                               'i_baseline_spot': 20.0,
                                               'i_dark_spot': 0.0},
                        'moving_bar_bright_sti_opts': {'ms_pre': 10.0,
                                                       'delta_ms': {'v': 1.0, 'ca': 1.0},
                                                       'delta_ms_pre': {'v': 1.0, 'ca': 1.0},
                                                       'i_baseline_moving_bar': 20.0,
                                                       'i_bright_moving_bar': 40.0,
                                                       'multi_bar': True},
                        'moving_bar_dark_sti_opts': {'ms_pre': 10.0,
                                                     'delta_ms': {'v': 1.0, 'ca': 1.0},
                                                     'delta_ms_pre': {'v': 1.0, 'ca': 1.0},
                                                     'i_baseline_moving_bar': 20.0,
                                                     'i_dark_moving_bar': 0.0,
                                                     'multi_bar': True},
                        'pack_overrides': None,
                        'packs': None,
                        'train_modes': None,
                        'i_h_rev': 'off',
                        'euler': 'im',
                        'syn_mode': 'per_cell',
                        'pre_grad': True,
                        'bias_gt_from_v_onset': True,
                        'bias_gt_from_v_onset_grad': True,
                        'v_th_ca_from_v_th': False,
                        'a_ca_from_a_out': False,
                        'filter': 'none',
                        'spot_gt_mode': 'pos',
                        'fp': 32,
                        'network': None,
                        'network_json': None,
                        'dev': None},
 'ANALYZE_CELL_DYNAMICS_DEFAULT': {'t_rel_start': -10, 't_rel_stop': 10},
 'ANALYZE_TRACE_DEFAULT': {'trace_osc_min_f': 0.5,
                           'trace_osc_max_f': 20.0,
                           'trace_osc_peak_threshold': 0.5,
                           'trace_osc_z_threshold': 2.0,
                           'trace_osc_snr_min': 2.0,
                           'trace_drift_min_slope_mv_per_s': 1.0,
                           'trace_drift_min_r': 0.5,
                           'trace_baseline_ms': 200.0,
                           'trace_flat_max_abs': 0.5,
                           'trace_flat_v_peak_to_peak_max': 1.0,
                           'trace_flat_abs_mean': 0.2}}
==== end default_params ====
Traceback (most recent call last):
  File "/home/yitai/drosophila_vision/vision/simulation/run.py", line 38, in <module>
    import train.implementation as implementation
  File "/home/yitai/drosophila_vision/vision/simulation/4_train/6_implementation.py", line 126
    TRAIN_OPTIMIZATION_DEFAULT['bias_gt_from_v_onset'],
                              ^
SyntaxError: invalid syntax
