Job ID: 29587713
Node:   spartan-gpgpu099
GPU:    0
GPU 0: NVIDIA A100 80GB PCIe (UUID: GPU-322f5568-e44f-6ee4-45a8-e5d9489b443e)
GPU 1: NVIDIA A100 80GB PCIe (UUID: GPU-14844a85-9bf8-1cac-86bb-ab42ec5dba78)
  MIG 1g.20gb     Device  0: (UUID: MIG-ca7758cc-36b2-53c8-8bf7-fe711a703942)
GPU 2: NVIDIA A100 80GB PCIe (UUID: GPU-40730cdb-5070-f06f-e8e1-92c3b4bc8f18)
GPU 3: NVIDIA A100 80GB PCIe (UUID: GPU-705f91ce-5278-67b6-77ed-ac45a7d89e43)
cuda: True NVIDIA A100 80GB PCIe MIG 1g.20gb
Start:  Tue 25 Aug 2026 18:46:58 AEST
==== config ====
{'RUN_NAME': '29562242-run-n_iter-300-tasks-spread,sbar',
 'RUN_PATH': 'hp_lp/29562242-run-n_iter-300-tasks-spread,sbar',
 'MODEL': {'delta_ms': 2.0,
           'delta_ms_pre': 2.0,
           'cap': 40.0,
           'g_leak': 1.0,
           'e_exc': 10.0,
           'e_inh': -70.0,
           'e_h': 50.0,
           'h_g_max': 100.0,
           'gt_amp': 20.0,
           'v_clamp': 1000000.0,
           'a_syn_exc': 0.001,
           'a_syn_inh': 0.001,
           'euler': 'im'},
 'NEURON_SCHEMA': {'model': 'hp_lp',
                   'filter': 'none',
                   'syn_mode': 'per_cell',
                   'a_lo': 0.1,
                   'a_hi': 10.0,
                   'h_cells': ['L1', 'L2', 'L4', 'L5'],
                   'params': {'a_gt': {'lo': 0.5, 'hi': 2.0, 'init': 1.0, 'jit': 0.1, 'mode': 'indi'},
                              'bias_gt': {'lo': -200.0, 'hi': 200.0, 'init': 0.0, 'jit': 1.0, 'mode': 'indi'},
                              'syn_strength_cell': {'lo': 0.1,
                                                    'hi': 10.0,
                                                    'init': 1.0,
                                                    'jit': 0.1,
                                                    'mode': 'shared',
                                                    'modes': {'indi': 'Mi4:T4a,Mi4:T4b,Mi4:T4c,Mi4:T4d,Mi9:T4a,Mi9:T4b,Mi9:T4c,Mi9:T4d'}},
                              'syn_strength_edge': {'lo': 0.1, 'hi': 10.0, 'init': 1.0, 'jit': 0.1, 'mode': 'indi'},
                              'a_in': {'lo': 0.01, 'hi': 100.0, 'init': 1.0, 'jit': 0.1, 'mode': 'shared'},
                              'a_out': {'lo': 0.1, 'hi': 10.0, 'init': 1.0, 'jit': 0.1, 'mode': 'indi'},
                              'e_leak': {'lo': -50.0, 'hi': 50.0, 'init': 0.0, 'jit': 1.0, 'mode': 'indi'},
                              'v_th': {'lo': -100.0, 'hi': 100.0, 'init': -50.0, 'jit': 0.0, 'mode': 'indi'},
                              'tau_lp': {'lo': 10.0, 'hi': 100.0, 'init': 10.0, 'jit': 2.0, 'mode': 'indi'},
                              'tau_hp_rise': {'lo': 100.0, 'hi': 500.0, 'init': 200.0, 'jit': 20.0, 'mode': 'indi'},
                              'tau_hp_fall': {'lo': 100.0, 'hi': 500.0, 'init': 200.0, 'jit': 20.0, 'mode': 'indi'},
                              'a_h': {'lo': 0.0,
                                      'hi': 1.0,
                                      'init': 0.0,
                                      'inits': {'L1': 0.5, 'L2': 0.5, 'L4': 0.5, 'L5': 0.5},
                                      'jit': 0.1,
                                      'mode': 'indi'},
                              'v_mid_h_g': {'lo': -70.0, 'hi': -30.0, 'init': -50.0, 'jit': 5.0, 'mode': 'shared'},
                              'v_mid_h_tau': {'lo': -70.0, 'hi': -40.0, 'init': -50.0, 'jit': 5.0, 'mode': 'shared'},
                              'h_slope': {'lo': -0.4, 'hi': -0.2, 'init': -0.25, 'jit': 0.02, 'mode': 'shared'},
                              'a_h_rev': {'lo': 0.0,
                                          'hi': 1.0,
                                          'init': 0.0,
                                          'jit': 0.1,
                                          'mode': 'fixed',
                                          'modes': {'indi': 'L1,L2,L4,L5'}},
                              'v_mid_h_g_rev': {'lo': -70.0, 'hi': -30.0, 'init': -50.0, 'jit': 5.0, 'mode': 'shared'},
                              'v_mid_h_tau_rev': {'lo': -70.0,
                                                  'hi': -40.0,
                                                  'init': -50.0,
                                                  'jit': 5.0,
                                                  'mode': 'shared'},
                              'h_slope_rev': {'lo': -0.4, 'hi': -0.2, 'init': -0.25, 'jit': 0.02, 'mode': 'shared'},
                              'v_th_ca': {'lo': -100.0, 'hi': 100.0, 'init': -50.0, 'jit': 0.0, 'mode': 'indi'},
                              'a_ca': {'lo': 0.1, 'hi': 10.0, 'init': 1.0, 'jit': 0.1, 'mode': 'indi'},
                              'tau_ca': {'lo': 100.0, 'hi': 1000.0, 'init': 350.0, 'jit': 10.0, 'mode': 'indi'},
                              'a_sti_radius': {'lo': 0.0, 'hi': 1.0, 'init': 0.0, 'jit': 0.05, 'mode': 'indi'}}},
 'NEURON_FORWARD': {'pre_grad': True},
 'NETWORK_PATH': {'network': 'right_min_neuron1_r10'},
 'SPREAD_INPUT_SPEC': {'ms_pre': 20.0, 'ms_sti': 160.0, 'ms_response': 300.0, 'ms_post': 0.0},
 'SPREAD_GT': {'spread_gt_mode': 'pos'},
 'SPOT_INPUT_GEO': {'spot_radius': 1.0, 'fully_inside': True, 'multi_spot': True, 'shift_radius': 1.0},
 'SPOT_PACK': {'spot_cost_radii': [0, 1, 2],
               'a_sti_radii': [1, 2],
               'spot_cost_radius_scale': {0: 1.0, 1: 0.3333333333333333, 2: 0.3333333333333333}},
 'SBAR_INPUT_GEO': {'multi_bar': True, 'bar_dist': 4},
 'MBAR_INPUT_SPEC': {'ms_pre': 20.0, 'bar_ws_deg': [2.25, 9.0], 'bar_directions': ['right', 'left', 'up', 'down']},
 'TRAIN_CONFIG': {'tasks': ['sbar'],
                  'contrasts': ['bright', 'dark'],
                  'i_sti': {'bright': 40.0, 'dark': 0.0},
                  'gt_by_task': {'spread': ['L1',
                                            'L2',
                                            'L3',
                                            'L4',
                                            'L5',
                                            'Mi1',
                                            'Tm3',
                                            'Mi4',
                                            'Mi9',
                                            'Tm1',
                                            'Tm2',
                                            'Tm4',
                                            'Tm9'],
                                 'sbar': ['T4a', 'T4b', 'T4c', 'T4d', 'T5a', 'T5b', 'T5c', 'T5d']},
                  'cost_radius': None},
 'VAL_FROM': {'bias_gt': {'source': 'v_onset', 'enabled': True},
              'v_th_ca': {'source': 'v_th', 'enabled': False},
              'a_ca': {'source': 'a_out', 'enabled': False},
              'a_h_rev': {'source': 'a_h', 'enabled': False},
              'v_mid_h_g_rev': {'source': 'v_mid_h_g', 'enabled': False},
              'h_slope_rev': {'source': 'h_slope', 'enabled': False},
              'v_mid_h_tau_rev': {'source': 'v_mid_h_tau', 'enabled': False}},
 'TRAIN_OPTIMIZATION': {'part_cost_scales': {},
                        'cost_norm': 'a_gt2',
                        'cost_ms': None,
                        'pre_steady': 'solve',
                        'pre_steady_n_iter': 50,
                        'pre_steady_damp': 0.1,
                        'n_run': 1,
                        'n_iter': 0,
                        'lrs': [0.1],
                        'checkpoint_interval': 1000},
 'TRAIN_SESSION': {'fp': 32, 'sequential': False},
 'FIGURE_PLOT': {'html': False, 'plot_right_only': True, 'x': None, 'y': None, 'align_xy': None, 'ms_shown': None},
 'FIGURE_PLOT_STI_SPOT': {'spot_radii': [0.5, 1.0, 1.5, 2.0], 'output': None},
 'FIGURE_PLOT_STI_MBAR': {'output': None,
                          'gif': False,
                          'gif_output': None,
                          't_stride': 2,
                          't': None,
                          'direction': 'left'},
 'ANALYZE_RUNS': ['hp_lp/29562242-run-n_iter-300-tasks-spread,sbar'],
 'ANALYZE_CELL_DYNAMICS': {'cells': None,
                           'spec': None,
                           'node': None,
                           'radius': 0,
                           't_rel_start': None,
                           't_rel_stop': None,
                           'figure': True,
                           'json': False},
 'ANALYZE_SYN_SIGN': {'bins': 20, 'after_train': False, 'post': False},
 'ANALYZE_TRACE': {'trace_osc_min_f': 0.5,
                   'trace_osc_max_f': 20.0,
                   'trace_osc_peak_threshold': 0.5,
                   'trace_osc_z_threshold': 2.0,
                   'trace_osc_snr_min': 2.0,
                   'trace_drift_min_slope_mv_over_s': 1.0,
                   'trace_drift_min_r': 0.5,
                   'trace_baseline_ms': 200.0,
                   'trace_flat_max_abs': 0.5,
                   'trace_flat_v_peak_to_peak_max': 1.0,
                   'trace_flat_abs_mean': 0.2,
                   'check': None,
                   'baseline_ms_shown': None},
 'ANALYZE_COST_PART': {'part': None,
                       'cost_norm': None,
                       'stride': 1,
                       'per_node': False,
                       'csv': None,
                       'print_parts': False}}
==== end config ====
config: {'run_name': '29562242-run-n_iter-300-tasks-spread,sbar', 'run_path': 'hp_lp/${run_name}', 'delta_ms': 2.0, 'delta_ms_pre': 2.0, 'cap': 40.0, 'g_leak': 1.0, 'e_exc': 10.0, 'e_inh': -70.0, 'e_h': 50.0, 'h_g_max': 100.0, 'gt_amp': 20.0, 'v_clamp': 1000000.0, 'a_syn_exc': 0.001, 'a_syn_inh': 0.001, 'euler': 'im', 'model': 'hp_lp', 'filter': 'none', 'syn_mode': 'per_cell', 'a_lo': 0.1, 'a_hi': 10.0, 'h_cells': 'L1,L2,L4,L5', 'params': {'a_gt': {'lo': 0.5, 'hi': 2.0, 'init': 1.0, 'jit': 0.1, 'mode': 'indi'}, 'bias_gt': {'lo': -200.0, 'hi': 200.0, 'init': 0.0, 'jit': 1.0, 'mode': 'indi'}, 'syn_strength_cell': {'lo': 0.1, 'hi': 10.0, 'init': 1.0, 'jit': 0.1, 'mode': 'shared', 'modes': {'indi': 'Mi4:T4a,Mi4:T4b,Mi4:T4c,Mi4:T4d,Mi9:T4a,Mi9:T4b,Mi9:T4c,Mi9:T4d'}}, 'syn_strength_edge': {'lo': 0.1, 'hi': 10.0, 'init': 1.0, 'jit': 0.1, 'mode': 'indi'}, 'a_in': {'lo': 0.01, 'hi': 100.0, 'init': 1.0, 'jit': 0.1, 'mode': 'shared'}, 'a_out': {'lo': 0.1, 'hi': 10.0, 'init': 1.0, 'jit': 0.1, 'mode': 'indi'}, 'e_leak': {'lo': -50.0, 'hi': 50.0, 'init': 0.0, 'jit': 1.0, 'mode': 'indi'}, 'v_th': {'lo': -100.0, 'hi': 100.0, 'init': -50.0, 'jit': 0.0, 'mode': 'indi'}, 'tau_lp': {'lo': 10.0, 'hi': 100.0, 'init': 10.0, 'jit': 2.0, 'mode': 'indi'}, 'tau_hp_rise': {'lo': 100.0, 'hi': 500.0, 'init': 200.0, 'jit': 20.0, 'mode': 'indi'}, 'tau_hp_fall': {'lo': 100.0, 'hi': 500.0, 'init': 200.0, 'jit': 20.0, 'mode': 'indi'}, 'a_h': {'lo': 0.0, 'hi': 1.0, 'init': 0.0, 'inits': {'L1': 0.5, 'L2': 0.5, 'L4': 0.5, 'L5': 0.5}, 'jit': 0.1, 'mode': 'indi'}, 'v_mid_h_g': {'lo': -70.0, 'hi': -30.0, 'init': -50.0, 'jit': 5.0, 'mode': 'shared'}, 'v_mid_h_tau': {'lo': -70.0, 'hi': -40.0, 'init': -50.0, 'jit': 5.0, 'mode': 'shared'}, 'h_slope': {'lo': -0.4, 'hi': -0.2, 'init': -0.25, 'jit': 0.02, 'mode': 'shared'}, 'a_h_rev': {'lo': 0.0, 'hi': 1.0, 'init': 0.0, 'jit': 0.1, 'mode': 'fixed', 'modes': {'indi': '${h_cells}'}}, 'v_mid_h_g_rev': {'lo': -70.0, 'hi': -30.0, 'init': -50.0, 'jit': 5.0, 'mode': 'shared'}, 'v_mid_h_tau_rev': {'lo': -70.0, 'hi': -40.0, 'init': -50.0, 'jit': 5.0, 'mode': 'shared'}, 'h_slope_rev': {'lo': -0.4, 'hi': -0.2, 'init': -0.25, 'jit': 0.02, 'mode': 'shared'}, 'v_th_ca': {'lo': -100.0, 'hi': 100.0, 'init': -50.0, 'jit': 0.0, 'mode': 'indi'}, 'a_ca': {'lo': 0.1, 'hi': 10.0, 'init': 1.0, 'jit': 0.1, 'mode': 'indi'}, 'tau_ca': {'lo': 100.0, 'hi': 1000.0, 'init': 350.0, 'jit': 10.0, 'mode': 'indi'}, 'a_sti_radius': {'lo': 0.0, 'hi': 1.0, 'init': 0.0, 'jit': 0.05, 'mode': 'indi'}}, 'pre_grad': True, 'network': 'right_min_neuron1_r10', 'i_sti': {'bright': 40.0, 'dark': 0.0}, 'contrasts': 'bright,dark', 'ms_pre': 20.0, 'ms_sti': 160.0, 'ms_response': 300.0, 'ms_post': 0.0, 'spread_gt_mode': 'pos', 'spot_radius': 1.0, 'fully_inside': True, 'multi_spot': True, 'shift_radius': 1.0, 'spot_cost_radii': '0,1,2', 'a_sti_radii': '1,2', 'spot_cost_radius_scale': {0: 1.0, 1: 0.3333333333333333, 2: 0.3333333333333333}, 'multi_bar': True, 'bar_dist': 4, 'bar_ws_deg': '2.25,9.0', 'bar_directions': 'right,left,up,down', 'tasks': 'spread,sbar', 'gt_by_task': {'spread': ['L1', 'L2', 'L3', 'L4', 'L5', 'Mi1', 'Tm3', 'Mi4', 'Mi9', 'Tm1', 'Tm2', 'Tm4', 'Tm9'], 'sbar': ['T4a', 'T4b', 'T4c', 'T4d', 'T5a', 'T5b', 'T5c', 'T5d']}, 'cost_radius': None, 'param_vals': {}, 'val_from': {'bias_gt': {'source': 'v_onset', 'enabled': True}, 'v_th_ca': {'source': 'v_th', 'enabled': False}, 'a_ca': {'source': 'a_out', 'enabled': False}, 'a_h_rev': {'source': 'a_h', 'enabled': False}, 'v_mid_h_g_rev': {'source': 'v_mid_h_g', 'enabled': False}, 'h_slope_rev': {'source': 'h_slope', 'enabled': False}, 'v_mid_h_tau_rev': {'source': 'v_mid_h_tau', 'enabled': False}}, 'part_cost_scales': {}, 'cost_norm': 'a_gt2', 'cost_ms': None, 'pre_steady': 'solve', 'pre_steady_n_iter': 50, 'pre_steady_damp': 0.1, 'n_run': 1, 'n_iter': 10, 'lrs': '0.1', 'checkpoint_interval': 1000, 'init_from': None, 'fp': 32, 'sequential': False, 'spot_radii': '0.5,1.0,1.5,2.0', 'spot_plot_output': None, 'mbar_plot_output': None, 'mbar_plot_gif': False, 'mbar_plot_gif_output': None, 'mbar_plot_t_stride': 2, 'mbar_plot_t': None, 'mbar_plot_direction': 'left', 'html': False, 'plot_right_only': True, 'x': None, 'y': None, 'align_xy': None, 'ms_shown': None, 'analyze_runs': None, 'cells': None, 'spec': None, 'node': None, 'radius': 0, 't_rel_start': None, 't_rel_stop': None, 'analyze_figure': True, 'analyze_json': False, 'post': False, 'check': None, 'baseline_ms_shown': None, 'part': None, 'analyze_cost_norm': None, 'stride': 1, 'per_node': False, 'cost_part_csv': None, 'print_parts': False, 'bins': 20, 'after_train': False, 'trace_osc_min_f': 0.5, 'trace_osc_max_f': 20.0, 'trace_osc_peak_threshold': 0.5, 'trace_osc_z_threshold': 2.0, 'trace_osc_snr_min': 2.0, 'trace_drift_min_slope_mv_over_s': 1.0, 'trace_drift_min_r': 0.5, 'trace_baseline_ms': 200.0, 'trace_flat_max_abs': 0.5, 'trace_flat_v_peak_to_peak_max': 1.0, 'trace_flat_abs_mean': 0.2}
param_modes:
  a_gt               indi=56/shared=0/fixed=0/frozen=0 (56)
  bias_gt            indi=0/shared=0/fixed=0/frozen=56 (0)
  syn_strength_cell  indi=8/shared=1027/fixed=0/frozen=0 (9)
  a_in               indi=0/shared=56/fixed=0/frozen=0 (1)
  a_out              indi=56/shared=0/fixed=0/frozen=0 (56)
  e_leak             indi=56/shared=0/fixed=0/frozen=0 (56)
  v_th               indi=56/shared=0/fixed=0/frozen=0 (56)
  tau_lp             indi=56/shared=0/fixed=0/frozen=0 (56)
  tau_hp_rise        indi=56/shared=0/fixed=0/frozen=0 (56)
  tau_hp_fall        indi=56/shared=0/fixed=0/frozen=0 (56)
  a_h                indi=56/shared=0/fixed=0/frozen=0 (56)
device=cuda, model=hp_lp, syn_mode=per_cell, euler=implicit, pre_steady=solve, n_run=1, n_iter=10, lrs=[0.1], n_z=458, fname=train_hp_lp.npy
checkpoint_interval=1000

round 0

  0%|          | 0/10 [00:00<?, ?it/s] Cost: 1064456.2500  [sbar_bright_T4a_mid+0=1592441.6250  sbar_bright_T4b_mid+0=1615952.6250  sbar_bright_T4c_mid+0=1556938.2500  sbar_bright_T4d_mid+0=1567811.5000  sbar_bright_T5a_mid+0=213437.9844  sbar_bright_T5b_mid+0=219088.5469  sbar_bright_T5c_mid+0=218300.4844  sbar_bright_T5d_mid+0=228543.7344  sbar_dark_T4a_mid+0=40812.0859  sbar_dark_T4b_mid+0=40072.0859  sbar_dark_T4c_mid+0=39364.7227  sbar_dark_T4d_mid+0=40905.8398  sbar_dark_T5a_mid+0=753703.0625  sbar_dark_T5b_mid+0=771037.5625  sbar_dark_T5c_mid+0=778899.2500  sbar_dark_T5d_mid+0=826364.4375]100%|██████████| 10/10 [00:06<00:00,  1.50it/s] Cost: 793424.5000  [sbar_bright_T4a_mid+0=1571636.6250  sbar_bright_T4b_mid+0=1598518.8750  sbar_bright_T4c_mid+0=1533720.8750  sbar_bright_T4d_mid+0=1528544.8750  sbar_bright_T5a_mid+0=201974.8750  sbar_bright_T5b_mid+0=197400.4531  sbar_bright_T5c_mid+0=205993.7344  sbar_bright_T5d_mid+0=204706.1875  sbar_dark_T4a_mid+0=27117.7051  sbar_dark_T4b_mid+0=31322.0938  sbar_dark_T4c_mid+0=28913.9199  sbar_dark_T4d_mid+0=28733.8145  sbar_dark_T5a_mid+0=773047.5625  sbar_dark_T5b_mid+0=753696.6250  sbar_dark_T5c_mid+0=785474.1250  sbar_dark_T5d_mid+0=780727.1875]: 100%|██████████| 10/10 [00:06<00:00,  1.50it/s] Cost: 793424.5000  [sbar_bright_T4a_mid+0=1571636.6250  sbar_bright_T4b_mid+0=1598518.8750  sbar_bright_T4c_mid+0=1533720.8750  sbar_bright_T4d_mid+0=1528544.8750  sbar_bright_T5a_mid+0=201974.8750  sbar_bright_T5b_mid+0=197400.4531  sbar_bright_T5c_mid+0=205993.7344  sbar_bright_T5d_mid+0=204706.1875  sbar_dark_T4a_mid+0=27117.7051  sbar_dark_T4b_mid+0=31322.0938  sbar_dark_T4c_mid+0=28913.9199  sbar_dark_T4d_mid+0=28733.8145  sbar_dark_T5a_mid+0=773047.5625  sbar_dark_T5b_mid+0=753696.6250  sbar_dark_T5c_mid+0=785474.1250  sbar_dark_T5d_mid+0=780727.1875]: 

Initl cost = 1064456.2500  [sbar_bright_T4a_mid+0=1592441.6250  sbar_bright_T4b_mid+0=1615952.6250  sbar_bright_T4c_mid+0=1556938.2500  sbar_bright_T4d_mid+0=1567811.5000  sbar_bright_T5a_mid+0=213437.9844  sbar_bright_T5b_mid+0=219088.5469  sbar_bright_T5c_mid+0=218300.4844  sbar_bright_T5d_mid+0=228543.7344  sbar_dark_T4a_mid+0=40812.0859  sbar_dark_T4b_mid+0=40072.0859  sbar_dark_T4c_mid+0=39364.7227  sbar_dark_T4d_mid+0=40905.8398  sbar_dark_T5a_mid+0=753703.0625  sbar_dark_T5b_mid+0=771037.5625  sbar_dark_T5c_mid+0=778899.2500  sbar_dark_T5d_mid+0=826364.4375]
Final cost = 784431.9375  [sbar_bright_T4a_mid+0=1569499.5000  sbar_bright_T4b_mid+0=1596245.8750  sbar_bright_T4c_mid+0=1530634.6250  sbar_bright_T4d_mid+0=1525501.8750  sbar_bright_T5a_mid+0=203033.4062  sbar_bright_T5b_mid+0=198068.5156  sbar_bright_T5c_mid+0=206879.7812  sbar_bright_T5d_mid+0=205208.4375  sbar_dark_T4a_mid+0=26222.8301  sbar_dark_T4b_mid+0=31684.9570  sbar_dark_T4c_mid+0=28483.5938  sbar_dark_T4d_mid+0=28093.7891  sbar_dark_T5a_mid+0=774827.6250  sbar_dark_T5b_mid+0=754165.2500  sbar_dark_T5c_mid+0=787128.3750  sbar_dark_T5d_mid+0=780809.2500]
Best  cost = 784431.9375  [sbar_bright_T4a_mid+0=1569499.5000  sbar_bright_T4b_mid+0=1596245.8750  sbar_bright_T4c_mid+0=1530634.6250  sbar_bright_T4d_mid+0=1525501.8750  sbar_bright_T5a_mid+0=203033.4062  sbar_bright_T5b_mid+0=198068.5156  sbar_bright_T5c_mid+0=206879.7812  sbar_bright_T5d_mid+0=205208.4375  sbar_dark_T4a_mid+0=26222.8301  sbar_dark_T4b_mid+0=31684.9570  sbar_dark_T4c_mid+0=28483.5938  sbar_dark_T4d_mid+0=28093.7891  sbar_dark_T5a_mid+0=774827.6250  sbar_dark_T5b_mid+0=754165.2500  sbar_dark_T5c_mid+0=787128.3750  sbar_dark_T5d_mid+0=780809.2500]
time needed  = 10.86  sec

done in 0.00 hours
wrote /home/yitai/drosophila_vision/vision/simulation/0_runs/hp_lp/29587713-run-n_iter-10-tasks-spread,sbar/data/best_adam.npz (best run #0)
wrote table: /home/yitai/drosophila_vision/vision/simulation/0_runs/hp_lp/29587713-run-n_iter-10-tasks-spread,sbar/param.csv (best run #0, cost=784431.9375)
wrote table: /home/yitai/drosophila_vision/vision/simulation/0_runs/hp_lp/29587713-run-n_iter-10-tasks-spread,sbar/syn_strength_cell.csv
/home/yitai/drosophila_vision/vision/simulation/5_figure/1_panel.py:834: UserWarning: This figure includes Axes that are not compatible with tight_layout, so results might be incorrect.
  fig.tight_layout()
plot /home/yitai/drosophila_vision/vision/simulation/0_runs/hp_lp/29587713-run-n_iter-10-tasks-spread,sbar/cost.png: prep=0.0s  plot_s=0.5s  save=4.4s  elapsed_s=4.9s
plot device=cuda (NVIDIA A100 80GB PCIe MIG 1g.20gb)
1 trained set(s); costs min=784431.9375 max=784431.9375; selected #0 (from saved final costs)
plot /home/yitai/drosophila_vision/vision/simulation/0_runs/hp_lp/29587713-run-n_iter-10-tasks-spread,sbar/spread_gt_v.png: prep=0.2s  plot_s=0.1s  save=0.6s  elapsed_s=1.0s
plot /home/yitai/drosophila_vision/vision/simulation/0_runs/hp_lp/29587713-run-n_iter-10-tasks-spread,sbar/spread_all_v.png: prep=0.0s  plot_s=0.8s  save=2.5s  elapsed_s=3.3s
Error executing job with overrides: ['n_iter=10', "tasks='spread,sbar'"]
Traceback (most recent call last):
  File "/home/yitai/drosophila_vision/vision/simulation/run.py", line 99, in main
    run_train_and_plot(**kwargs)
  File "/home/yitai/drosophila_vision/vision/simulation/run.py", line 78, in run_train_and_plot
    plot_rf_t(
  File "/home/yitai/drosophila_vision/vision/simulation/5_figure/3_plot.py", line 585, in plot_rf_t
    plot_figures(
  File "/home/yitai/drosophila_vision/vision/simulation/5_figure/3_plot.py", line 485, in plot_figures
    figure_task.plot_gt(
  File "/home/yitai/drosophila_vision/vision/.venv/lib64/python3.9/site-packages/torch/utils/_contextlib.py", line 120, in decorate_context
    return func(*args, **kwargs)
  File "/home/yitai/drosophila_vision/vision/simulation/5_figure/2_3_sbar.py", line 378, in plot_gt
    gt_readouts = {contrast: _sbar_gt_readout(readout) for contrast, readout in readouts.items()}
  File "/home/yitai/drosophila_vision/vision/simulation/5_figure/2_3_sbar.py", line 378, in <dictcomp>
    gt_readouts = {contrast: _sbar_gt_readout(readout) for contrast, readout in readouts.items()}
  File "/home/yitai/drosophila_vision/vision/simulation/5_figure/2_3_sbar.py", line 240, in _sbar_gt_readout
    return SbarTraceReadout(
TypeError: __init__() missing 2 required positional arguments: 'task' and 'contrast'

Set the environment variable HYDRA_FULL_ERROR=1 for a complete stack trace.
