Job ID: 29635794
Node:   spartan-gpgpu099
GPU:    0
GPU 0: NVIDIA A100 80GB PCIe (UUID: GPU-322f5568-e44f-6ee4-45a8-e5d9489b443e)
  MIG 1g.10gb     Device  0: (UUID: MIG-cc28d0fd-ba38-5597-8fc5-c03fa23567bd)
GPU 1: NVIDIA A100 80GB PCIe (UUID: GPU-14844a85-9bf8-1cac-86bb-ab42ec5dba78)
GPU 2: NVIDIA A100 80GB PCIe (UUID: GPU-40730cdb-5070-f06f-e8e1-92c3b4bc8f18)
GPU 3: NVIDIA A100 80GB PCIe (UUID: GPU-705f91ce-5278-67b6-77ed-ac45a7d89e43)
cuda: True NVIDIA A100 80GB PCIe MIG 1g.10gb
Start:  Wed 26 Aug 2026 23:28:40 AEST
==== config ====
{'RUN_NAME': '29634591-run-n_iter-200-tasks-spread,sbar',
 'RUN_PATH': 'hp_lp/29634591-run-n_iter-200-tasks-spread,sbar',
 'MODEL': {'delta_ms': 2.0,
           'delta_ms_pre': 2.0,
           'cap': 40.0,
           'g_leak': 1.0,
           'e_exc': 10.0,
           'e_inh': -70.0,
           'e_h': 50.0,
           'h_g_max': 100.0,
           'gt_amp': 20.0,
           'v_clamp': 100.0,
           'a_syn_exc': 0.001,
           'a_syn_inh': 0.001,
           'euler': 'im'},
 'NEURON_SCHEMA': {'model': 'hp_lp',
                   'filter': 'none',
                   'syn_mode': 'per_cell',
                   'a_lo': 0.1,
                   'a_hi': 10.0,
                   'h_cells': ['L1', 'L2', 'L4', 'L5'],
                   'params': {'a_gt': {'lo': 0.5, 'hi': 2.0, 'init': 1.0, 'jit': 0.1, 'mode': 'indi'},
                              'bias_gt': {'lo': -200.0, 'hi': 200.0, 'init': 0.0, 'jit': 1.0, 'mode': 'indi'},
                              'syn_strength_cell': {'lo': 0.1,
                                                    'hi': 10.0,
                                                    'init': 1.0,
                                                    'inits': {'Mi9:T4a': 0.0, 'TmY15:T4a': 0.0},
                                                    'jit': 0.1,
                                                    'mode': 'indi',
                                                    'modes': {'indi': ['Mi4:T4a',
                                                                       'Mi4:T4b',
                                                                       'Mi4:T4c',
                                                                       'Mi4:T4d',
                                                                       'Mi9:T4b',
                                                                       'Mi9:T4c',
                                                                       'Mi9:T4d'],
                                                              'fixed': ['Mi9:T4a', 'TmY15:T4a']}},
                              'syn_strength_edge': {'lo': 0.1, 'hi': 10.0, 'init': 1.0, 'jit': 0.1, 'mode': 'indi'},
                              'a_in': {'lo': 0.01, 'hi': 100.0, 'init': 1.0, 'jit': 0.1, 'mode': 'shared'},
                              'a_out': {'lo': 0.1, 'hi': 10.0, 'init': 1.0, 'jit': 0.1, 'mode': 'indi'},
                              'e_leak': {'lo': -50.0, 'hi': 50.0, 'init': 0.0, 'jit': 1.0, 'mode': 'indi'},
                              'v_th': {'lo': -100.0, 'hi': 100.0, 'init': -50.0, 'jit': 0.0, 'mode': 'indi'},
                              'tau_lp': {'lo': 10.0, 'hi': 100.0, 'init': 10.0, 'jit': 2.0, 'mode': 'indi'},
                              'tau_hp_rise': {'lo': 100.0, 'hi': 500.0, 'init': 200.0, 'jit': 20.0, 'mode': 'indi'},
                              'tau_hp_fall': {'lo': 100.0, 'hi': 500.0, 'init': 200.0, 'jit': 20.0, 'mode': 'indi'},
                              'a_h': {'lo': 0.0,
                                      'hi': 1.0,
                                      'init': 0.0,
                                      'inits': {'L1': 0.5, 'L2': 0.5, 'L4': 0.5, 'L5': 0.5},
                                      'jit': 0.1,
                                      'mode': 'indi'},
                              'v_mid_h_g': {'lo': -70.0, 'hi': -30.0, 'init': -50.0, 'jit': 5.0, 'mode': 'shared'},
                              'v_mid_h_tau': {'lo': -70.0, 'hi': -40.0, 'init': -50.0, 'jit': 5.0, 'mode': 'shared'},
                              'h_slope': {'lo': -0.4, 'hi': -0.2, 'init': -0.25, 'jit': 0.02, 'mode': 'shared'},
                              'a_h_rev': {'lo': 0.0,
                                          'hi': 1.0,
                                          'init': 0.0,
                                          'jit': 0.1,
                                          'mode': 'fixed',
                                          'modes': {'indi': ['L1', 'L2', 'L4', 'L5']}},
                              'v_mid_h_g_rev': {'lo': -70.0, 'hi': -30.0, 'init': -50.0, 'jit': 5.0, 'mode': 'shared'},
                              'v_mid_h_tau_rev': {'lo': -70.0,
                                                  'hi': -40.0,
                                                  'init': -50.0,
                                                  'jit': 5.0,
                                                  'mode': 'shared'},
                              'h_slope_rev': {'lo': -0.4, 'hi': -0.2, 'init': -0.25, 'jit': 0.02, 'mode': 'shared'},
                              'v_th_ca': {'lo': -100.0, 'hi': 100.0, 'init': -50.0, 'jit': 0.0, 'mode': 'indi'},
                              'a_ca': {'lo': 0.1, 'hi': 10.0, 'init': 1.0, 'jit': 0.1, 'mode': 'indi'},
                              'tau_ca': {'lo': 100.0, 'hi': 1000.0, 'init': 350.0, 'jit': 10.0, 'mode': 'indi'},
                              'a_sti_radius': {'lo': 0.0, 'hi': 1.0, 'init': 0.0, 'jit': 0.05, 'mode': 'indi'},
                              'a_sti_mid': {'lo': 0.0,
                                            'hi': 1.0,
                                            'init': 0.0,
                                            'inits': {'0.5': 0.9, '1': 0.66, '1.5': 0.4, '2': 0.2},
                                            'jit': 0.05,
                                            'mode': 'fixed'}}},
 'NEURON_FORWARD': {'pre_grad': True},
 'NETWORK_PATH': {'network': 'right_min_neuron1_r10'},
 'SPREAD_INPUT_SPEC': {'ms_pre': 20.0, 'ms_sti': 160.0, 'ms_response': 600.0, 'ms_post': 0.0},
 'SPREAD_GT': {'spread_gt_mode': 'pos'},
 'SPOT_INPUT_GEO': {'spot_radius': 1.0, 'fully_inside': True, 'multi_spot': True, 'shift_radius': 1.0},
 'SPOT_PACK': {'spot_cost_radii': [0, 1, 2],
               'a_sti_radii': [1, 2],
               'spot_cost_radius_scale': {0: 1.0, 1: 0.3333333333333333, 2: 0.3333333333333333}},
 'SBAR_INPUT_GEO': {'multi_bar': False, 'bar_dist': 4, 'shift_mid': 0},
 'SBAR_PACK': {'a_sti_mids': [0.5, 1.0, 1.5, 2.0]},
 'MBAR_INPUT_SPEC': {'ms_pre': 20.0, 'bar_ws_deg': [2.25, 9.0], 'bar_directions': ['right', 'left', 'up', 'down']},
 'TRAIN_CONFIG': {'tasks': ['spread', 'sbar'],
                  'contrasts': ['bright', 'dark'],
                  'i_sti': {'bright': 40.0, 'dark': 0.0},
                  'gt_by_task': {'spread': ['L1', 'L2', 'L3', 'L4', 'L5', 'Mi1', 'Mi4'], 'sbar': ['T4a']},
                  'cost_radius': None},
 'VAL_FROM': {'bias_gt': {'source': 'v_onset', 'enabled': True},
              'v_th_ca': {'source': 'v_th', 'enabled': False},
              'a_ca': {'source': 'a_out', 'enabled': False},
              'a_h_rev': {'source': 'a_h', 'enabled': False},
              'v_mid_h_g_rev': {'source': 'v_mid_h_g', 'enabled': False},
              'h_slope_rev': {'source': 'h_slope', 'enabled': False},
              'v_mid_h_tau_rev': {'source': 'v_mid_h_tau', 'enabled': False}},
 'TRAIN_OPTIMIZATION': {'part_cost_scales': {'spread': 1},
                        'cost_norm': 'a_gt2',
                        'cost_ms': None,
                        'pre_steady': 'solve',
                        'pre_steady_n_iter': 50,
                        'pre_steady_damp': 0.1,
                        'n_run': 1,
                        'n_iter': 0,
                        'lrs': [0.1],
                        'checkpoint_interval': 1000},
 'TRAIN_SESSION': {'fp': 32, 'sequential': False},
 'FIGURE_PLOT': {'tasks': ['spread', 'sbar'],
                 'sbar_figure_cells': ['R1-6', 'L1', 'L2', 'L3', 'L4', 'L5', 'Mi1', 'Mi4', 'T4a'],
                 'html': False,
                 'plot_right_only': True,
                 'x': None,
                 'y': None,
                 'align_xy': None,
                 'ms_shown': None},
 'FIGURE_PLOT_STI_SPOT': {'spot_radii': [0.5, 1.0, 1.5, 2.0], 'output': None},
 'FIGURE_PLOT_STI_MBAR': {'output': None,
                          'gif': False,
                          'gif_output': None,
                          't_stride': 2,
                          't': None,
                          'direction': 'left'},
 'ANALYZE_RUNS': ['hp_lp/29634591-run-n_iter-200-tasks-spread,sbar'],
 'ANALYZE_CELL_DYNAMICS': {'cells': None,
                           'spec': None,
                           'mid': None,
                           'node': None,
                           'radius': 0,
                           't_rel_start': None,
                           't_rel_stop': None,
                           'figure': True,
                           'json': False,
                           'a_mid': None},
 'ANALYZE_SYN_SIGN': {'bins': 20, 'after_train': False, 'post': False},
 'ANALYZE_TRACE': {'trace_osc_min_f': 0.5,
                   'trace_osc_max_f': 20.0,
                   'trace_osc_peak_threshold': 0.5,
                   'trace_osc_z_threshold': 2.0,
                   'trace_osc_snr_min': 2.0,
                   'trace_drift_min_slope_mv_over_s': 1.0,
                   'trace_drift_min_r': 0.5,
                   'trace_baseline_ms': 200.0,
                   'trace_flat_max_abs': 0.5,
                   'trace_flat_v_peak_to_peak_max': 1.0,
                   'trace_flat_abs_mean': 0.2,
                   'check': None,
                   'baseline_ms_shown': None},
 'ANALYZE_COST_PART': {'part': None,
                       'cost_norm': None,
                       'stride': 1,
                       'per_node': False,
                       'csv': None,
                       'print_parts': False}}
==== end config ====
config: {'run_name': '29634591-run-n_iter-200-tasks-spread,sbar', 'run_path': 'hp_lp/${run_name}', 'delta_ms': 2.0, 'delta_ms_pre': 2.0, 'cap': 40.0, 'g_leak': 1.0, 'e_exc': 10.0, 'e_inh': -70.0, 'e_h': 50.0, 'h_g_max': 100.0, 'gt_amp': 20.0, 'v_clamp': 100.0, 'a_syn_exc': 0.001, 'a_syn_inh': 0.001, 'euler': 'im', 'model': 'hp_lp', 'filter': 'none', 'syn_mode': 'per_cell', 'a_lo': 0.1, 'a_hi': 10.0, 'h_cells': ['L1', 'L2', 'L4', 'L5'], 'params': {'a_gt': {'lo': 0.5, 'hi': 2.0, 'init': 1.0, 'jit': 0.1, 'mode': 'indi'}, 'bias_gt': {'lo': -200.0, 'hi': 200.0, 'init': 0.0, 'jit': 1.0, 'mode': 'indi'}, 'syn_strength_cell': {'lo': 0.1, 'hi': 10.0, 'init': 1.0, 'inits': {'Mi9:T4a': 0.0, 'TmY15:T4a': 0.0}, 'jit': 0.1, 'mode': 'indi', 'modes': {'indi': ['Mi4:T4a', 'Mi4:T4b', 'Mi4:T4c', 'Mi4:T4d', 'Mi9:T4b', 'Mi9:T4c', 'Mi9:T4d'], 'fixed': ['Mi9:T4a', 'TmY15:T4a']}}, 'syn_strength_edge': {'lo': 0.1, 'hi': 10.0, 'init': 1.0, 'jit': 0.1, 'mode': 'indi'}, 'a_in': {'lo': 0.01, 'hi': 100.0, 'init': 1.0, 'jit': 0.1, 'mode': 'shared'}, 'a_out': {'lo': 0.1, 'hi': 10.0, 'init': 1.0, 'jit': 0.1, 'mode': 'indi'}, 'e_leak': {'lo': -50.0, 'hi': 50.0, 'init': 0.0, 'jit': 1.0, 'mode': 'indi'}, 'v_th': {'lo': -100.0, 'hi': 100.0, 'init': -50.0, 'jit': 0.0, 'mode': 'indi'}, 'tau_lp': {'lo': 10.0, 'hi': 100.0, 'init': 10.0, 'jit': 2.0, 'mode': 'indi'}, 'tau_hp_rise': {'lo': 100.0, 'hi': 500.0, 'init': 200.0, 'jit': 20.0, 'mode': 'indi'}, 'tau_hp_fall': {'lo': 100.0, 'hi': 500.0, 'init': 200.0, 'jit': 20.0, 'mode': 'indi'}, 'a_h': {'lo': 0.0, 'hi': 1.0, 'init': 0.0, 'inits': {'L1': 0.5, 'L2': 0.5, 'L4': 0.5, 'L5': 0.5}, 'jit': 0.1, 'mode': 'indi'}, 'v_mid_h_g': {'lo': -70.0, 'hi': -30.0, 'init': -50.0, 'jit': 5.0, 'mode': 'shared'}, 'v_mid_h_tau': {'lo': -70.0, 'hi': -40.0, 'init': -50.0, 'jit': 5.0, 'mode': 'shared'}, 'h_slope': {'lo': -0.4, 'hi': -0.2, 'init': -0.25, 'jit': 0.02, 'mode': 'shared'}, 'a_h_rev': {'lo': 0.0, 'hi': 1.0, 'init': 0.0, 'jit': 0.1, 'mode': 'fixed', 'modes': {'indi': '${h_cells}'}}, 'v_mid_h_g_rev': {'lo': -70.0, 'hi': -30.0, 'init': -50.0, 'jit': 5.0, 'mode': 'shared'}, 'v_mid_h_tau_rev': {'lo': -70.0, 'hi': -40.0, 'init': -50.0, 'jit': 5.0, 'mode': 'shared'}, 'h_slope_rev': {'lo': -0.4, 'hi': -0.2, 'init': -0.25, 'jit': 0.02, 'mode': 'shared'}, 'v_th_ca': {'lo': -100.0, 'hi': 100.0, 'init': -50.0, 'jit': 0.0, 'mode': 'indi'}, 'a_ca': {'lo': 0.1, 'hi': 10.0, 'init': 1.0, 'jit': 0.1, 'mode': 'indi'}, 'tau_ca': {'lo': 100.0, 'hi': 1000.0, 'init': 350.0, 'jit': 10.0, 'mode': 'indi'}, 'a_sti_radius': {'lo': 0.0, 'hi': 1.0, 'init': 0.0, 'jit': 0.05, 'mode': 'indi'}, 'a_sti_mid': {'lo': 0.0, 'hi': 1.0, 'init': 0.0, 'inits': {'0.5': 0.9, '1': 0.66, '1.5': 0.4, '2': 0.2}, 'jit': 0.05, 'mode': 'fixed'}}, 'pre_grad': True, 'network': 'right_min_neuron1_r10', 'i_sti': {'bright': 40.0, 'dark': 0.0}, 'contrasts': ['bright', 'dark'], 'ms_pre': 20.0, 'ms_sti': 160.0, 'ms_response': 600.0, 'ms_post': 0.0, 'spread_gt_mode': 'pos', 'spot_radius': 1.0, 'fully_inside': True, 'multi_spot': True, 'shift_radius': 1.0, 'spot_cost_radii': [0, 1, 2], 'a_sti_radii': [1, 2], 'spot_cost_radius_scale': {0: 1.0, 1: 0.3333333333333333, 2: 0.3333333333333333}, 'multi_bar': False, 'bar_dist': 4, 'shift_mid': 0, 'a_sti_mids': [0.5, 1, 1.5, 2], 'bar_ws_deg': [2.25, 9.0], 'bar_directions': ['right', 'left', 'up', 'down'], 'tasks': ['spread', 'sbar'], 'gt_by_task': {'spread': ['L1', 'L2', 'L3', 'L4', 'L5', 'Mi1', 'Mi4'], 'sbar': ['T4a']}, 'cost_radius': None, 'param_vals': {'a_sti_mid': {0.5: 0, 1: 0, 1.5: 0, 2: 0}}, 'val_from': {'bias_gt': {'source': 'v_onset', 'enabled': True}, 'v_th_ca': {'source': 'v_th', 'enabled': False}, 'a_ca': {'source': 'a_out', 'enabled': False}, 'a_h_rev': {'source': 'a_h', 'enabled': False}, 'v_mid_h_g_rev': {'source': 'v_mid_h_g', 'enabled': False}, 'h_slope_rev': {'source': 'h_slope', 'enabled': False}, 'v_mid_h_tau_rev': {'source': 'v_mid_h_tau', 'enabled': False}}, 'part_cost_scales': {'spread': 1}, 'cost_norm': 'a_gt2', 'cost_ms': None, 'pre_steady': 'solve', 'pre_steady_n_iter': 50, 'pre_steady_damp': 0.1, 'n_run': 1, 'n_iter': 150, 'lrs': [0.1], 'checkpoint_interval': 1000, 'init_from': None, 'fp': 32, 'sequential': False, 'spot_radii': [0.5, 1.0, 1.5, 2.0], 'spot_plot_output': None, 'mbar_plot_output': None, 'mbar_plot_gif': False, 'mbar_plot_gif_output': None, 'mbar_plot_t_stride': 2, 'mbar_plot_t': None, 'mbar_plot_direction': 'left', 'figure_tasks': ['spread', 'sbar'], 'sbar_figure_cells': ['R1-6', 'L1', 'L2', 'L3', 'L4', 'L5', 'Mi1', 'Mi4', 'T4a'], 'html': False, 'plot_right_only': True, 'x': None, 'y': None, 'align_xy': None, 'ms_shown': None, 'analyze_runs': None, 'cells': None, 'spec': None, 'mid': None, 'node': None, 'radius': 0, 't_rel_start': None, 't_rel_stop': None, 'analyze_figure': True, 'analyze_json': False, 'post': False, 'check': None, 'baseline_ms_shown': None, 'part': None, 'analyze_cost_norm': None, 'stride': 1, 'per_node': False, 'cost_part_csv': None, 'print_parts': False, 'bins': 20, 'after_train': False, 'trace_osc_min_f': 0.5, 'trace_osc_max_f': 20.0, 'trace_osc_peak_threshold': 0.5, 'trace_osc_z_threshold': 2.0, 'trace_osc_snr_min': 2.0, 'trace_drift_min_slope_mv_over_s': 1.0, 'trace_drift_min_r': 0.5, 'trace_baseline_ms': 200.0, 'trace_flat_max_abs': 0.5, 'trace_flat_v_peak_to_peak_max': 1.0, 'trace_flat_abs_mean': 0.2}
param_modes:
  a_gt               indi=56/shared=0/fixed=0/frozen=0 (56)
  bias_gt            indi=0/shared=0/fixed=0/frozen=56 (0)
  syn_strength_cell  indi=1033/shared=0/fixed=2/frozen=0 (1033)
  a_in               indi=0/shared=56/fixed=0/frozen=0 (1)
  a_out              indi=56/shared=0/fixed=0/frozen=0 (56)
  e_leak             indi=56/shared=0/fixed=0/frozen=0 (56)
  v_th               indi=56/shared=0/fixed=0/frozen=0 (56)
  tau_lp             indi=56/shared=0/fixed=0/frozen=0 (56)
  tau_hp_rise        indi=56/shared=0/fixed=0/frozen=0 (56)
  tau_hp_fall        indi=56/shared=0/fixed=0/frozen=0 (56)
  a_h                indi=56/shared=0/fixed=0/frozen=0 (56)
  a_sti_mid          indi=0/shared=0/fixed=4/frozen=0 (0)
device=cuda, model=hp_lp, syn_mode=per_cell, euler=implicit, pre_steady=solve, n_run=1, n_iter=150, lrs=[0.1], n_z=1482, fname=train_hp_lp.npy
checkpoint_interval=1000

round 0

  0%|          | 0/150 [00:00<?, ?it/s] Cost: 3872665.5000  [spread_bright_L5=636534.1875  spread_bright_Mi1=478835.2500  spread_bright_Mi4=775399.6875  spread_dark_L1=452423.7188  spread_dark_L2=463565.0625  spread_dark_L3=426749.5938  spread_dark_L4=560900.9375  sbar_bright_T4a_mid+0=32162.8164  sbar_dark_T4a_mid+0=5777.5811]  7%|▋         | 10/150 [00:10<02:29,  1.07s/it] Cost: 2624241.5000  [spread_bright_L5=153672.6719  spread_bright_Mi1=444739.6250  spread_bright_Mi4=748595.8750  spread_dark_L1=146899.5469  spread_dark_L2=181212.1562  spread_dark_L3=354374.3125  spread_dark_L4=521301.9375  sbar_bright_T4a_mid+0=31484.0078  sbar_dark_T4a_mid+0=5274.3687]:  13%|█▎        | 20/150 [00:20<02:14,  1.04s/it] Cost: 2330717.2500  [spread_bright_L5=133966.3438  spread_bright_Mi1=392144.6562  spread_bright_Mi4=748289.7500  spread_dark_L1=135621.7031  spread_dark_L2=166018.1406  spread_dark_L3=311132.1562  spread_dark_L4=371721.7812  sbar_bright_T4a_mid+0=30994.9082  sbar_dark_T4a_mid+0=5078.0156]:  20%|██        | 30/150 [00:31<02:03,  1.03s/it] Cost: 2069413.2500  [spread_bright_L5=140545.1250  spread_bright_Mi1=350027.9062  spread_bright_Mi4=748471.1250  spread_dark_L1=112338.8359  spread_dark_L2=155649.4375  spread_dark_L3=287441.1562  spread_dark_L4=214176.1250  sbar_bright_T4a_mid+0=26096.8340  sbar_dark_T4a_mid+0=3831.9414]:  27%|██▋       | 40/150 [00:41<01:52,  1.03s/it] Cost: 1927056.3750  [spread_bright_L5=119855.6875  spread_bright_Mi1=334734.0000  spread_bright_Mi4=748088.4375  spread_dark_L1=103490.9062  spread_dark_L2=143969.7969  spread_dark_L3=234671.3594  spread_dark_L4=189614.3906  sbar_bright_T4a_mid+0=22140.2656  sbar_dark_T4a_mid+0=3585.6018]:  33%|███▎      | 50/150 [00:51<01:42,  1.02s/it] Cost: 1840534.2500  [spread_bright_L5=117081.8828  spread_bright_Mi1=311593.0625  spread_bright_Mi4=743011.4375  spread_dark_L1=88929.5938  spread_dark_L2=117616.0156  spread_dark_L3=223668.2031  spread_dark_L4=188205.7969  sbar_bright_T4a_mid+0=19893.0430  sbar_dark_T4a_mid+0=3877.1130]:   40%|████      | 60/150 [01:01<01:31,  1.02s/it] Cost: 1722791.3750  [spread_bright_L5=112192.3828  spread_bright_Mi1=257067.6406  spread_bright_Mi4=723043.1875  spread_dark_L1=86359.9297  spread_dark_L2=104523.9609  spread_dark_L3=212109.6875  spread_dark_L4=183872.0625  sbar_bright_T4a_mid+0=16355.9463  sbar_dark_T4a_mid+0=3039.0049]:  47%|████▋     | 70/150 [01:11<01:21,  1.02s/it] Cost: 1511850.2500  [spread_bright_L5=104822.4141  spread_bright_Mi1=233074.7656  spread_bright_Mi4=584143.6875  spread_dark_L1=77959.2500  spread_dark_L2=106993.9922  spread_dark_L3=190591.5000  spread_dark_L4=172487.5625  sbar_bright_T4a_mid+0=14386.3936  sbar_dark_T4a_mid+0=2312.6748]:  53%|█████▎    | 80/150 [01:22<01:11,  1.02s/it] Cost: 1278497.3750  [spread_bright_L5=102024.2109  spread_bright_Mi1=212018.1719  spread_bright_Mi4=396197.4375  spread_dark_L1=76767.6875  spread_dark_L2=99295.1484  spread_dark_L3=175024.6562  spread_dark_L4=176584.9844  sbar_bright_T4a_mid+0=15714.4023  sbar_dark_T4a_mid+0=1854.6116]:   60%|██████    | 90/150 [01:32<01:01,  1.03s/it] Cost: 1118119.3750  [spread_bright_L5=96261.2109  spread_bright_Mi1=178831.3750  spread_bright_Mi4=295644.4688  spread_dark_L1=79382.2344  spread_dark_L2=88523.4062  spread_dark_L3=159768.8125  spread_dark_L4=181125.4688  sbar_bright_T4a_mid+0=12101.7314  sbar_dark_T4a_mid+0=1806.9524]:   67%|██████▋   | 100/150 [01:42<00:51,  1.03s/it] Cost: 1045749.5625  [spread_bright_L5=92275.5312  spread_bright_Mi1=164454.5000  spread_bright_Mi4=256986.4688  spread_dark_L1=75820.3750  spread_dark_L2=88437.4297  spread_dark_L3=153934.0781  spread_dark_L4=176079.3906  sbar_bright_T4a_mid+0=13154.0137  sbar_dark_T4a_mid+0=1588.6675]:  73%|███████▎  | 110/150 [01:52<00:41,  1.03s/it] Cost: 945858.2500  [spread_bright_L5=88374.5234  spread_bright_Mi1=147033.3281  spread_bright_Mi4=194308.3906  spread_dark_L1=72870.6016  spread_dark_L2=84394.0859  spread_dark_L3=150127.8906  spread_dark_L4=171948.7344  sbar_bright_T4a_mid+0=12629.9238  sbar_dark_T4a_mid+0=1637.5104]:   80%|████████  | 120/150 [02:03<00:30,  1.03s/it] Cost: 870282.8125  [spread_bright_L5=85472.1953  spread_bright_Mi1=135086.5469  spread_bright_Mi4=145363.0938  spread_dark_L1=70906.8203  spread_dark_L2=80650.6250  spread_dark_L3=146662.1875  spread_dark_L4=169426.1250  sbar_bright_T4a_mid+0=12473.8711  sbar_dark_T4a_mid+0=1672.6791]:  87%|████████▋ | 130/150 [02:13<00:20,  1.03s/it] Cost: 829961.8125  [spread_bright_L5=82240.6172  spread_bright_Mi1=125042.1797  spread_bright_Mi4=131813.2188  spread_dark_L1=68672.9297  spread_dark_L2=78247.4609  spread_dark_L3=140857.8906  spread_dark_L4=167307.3125  sbar_bright_T4a_mid+0=11615.5225  sbar_dark_T4a_mid+0=1585.9683]:  93%|█████████▎| 140/150 [02:24<00:10,  1.03s/it] Cost: 804967.0000  [spread_bright_L5=79495.4688  spread_bright_Mi1=117814.4766  spread_bright_Mi4=127571.5312  spread_dark_L1=67197.2734  spread_dark_L2=75527.1016  spread_dark_L3=137595.9219  spread_dark_L4=164542.7188  sbar_bright_T4a_mid+0=11763.0605  sbar_dark_T4a_mid+0=1394.7435]: 100%|██████████| 150/150 [02:34<00:00,  1.02s/it] Cost: 787661.4375  [spread_bright_L5=76978.9922  spread_bright_Mi1=111419.3828  spread_bright_Mi4=126031.1641  spread_dark_L1=65508.5000  spread_dark_L2=74074.9766  spread_dark_L3=135907.4219  spread_dark_L4=162702.5625  sbar_bright_T4a_mid+0=11586.6455  sbar_dark_T4a_mid+0=1399.9794]: 100%|██████████| 150/150 [02:34<00:00,  1.03s/it] Cost: 787661.4375  [spread_bright_L5=76978.9922  spread_bright_Mi1=111419.3828  spread_bright_Mi4=126031.1641  spread_dark_L1=65508.5000  spread_dark_L2=74074.9766  spread_dark_L3=135907.4219  spread_dark_L4=162702.5625  sbar_bright_T4a_mid+0=11586.6455  sbar_dark_T4a_mid+0=1399.9794]: 

Initl cost = 3872665.5000  [spread_bright_L5=636534.1875  spread_bright_Mi1=478835.2500  spread_bright_Mi4=775399.6875  spread_dark_L1=452423.7188  spread_dark_L2=463565.0625  spread_dark_L3=426749.5938  spread_dark_L4=560900.9375  sbar_bright_T4a_mid+0=32162.8164  sbar_dark_T4a_mid+0=5777.5811]
Final cost = 784204.8750  [spread_bright_L5=77113.1562  spread_bright_Mi1=110449.2422  spread_bright_Mi4=125501.7344  spread_dark_L1=65509.9336  spread_dark_L2=73900.8359  spread_dark_L3=134200.3281  spread_dark_L4=162400.6562  sbar_bright_T4a_mid+0=11416.0000  sbar_dark_T4a_mid+0=1380.1204]
Best  cost = 784204.8750  [spread_bright_L5=77113.1562  spread_bright_Mi1=110449.2422  spread_bright_Mi4=125501.7344  spread_dark_L1=65509.9336  spread_dark_L2=73900.8359  spread_dark_L3=134200.3281  spread_dark_L4=162400.6562  sbar_bright_T4a_mid+0=11416.0000  sbar_dark_T4a_mid+0=1380.1204]
time needed  = 157.91  sec

done in 0.04 hours
wrote /home/yitai/drosophila_vision/vision/simulation/0_runs/hp_lp/29635794-run-n_iter-150-tasks-spread,sbar-param_vals.a_sti_mid-0.5-0,1-0,1.5-0,2-0/data/best_adam.npz (best run #0)
wrote table: /home/yitai/drosophila_vision/vision/simulation/0_runs/hp_lp/29635794-run-n_iter-150-tasks-spread,sbar-param_vals.a_sti_mid-0.5-0,1-0,1.5-0,2-0/param.csv (best run #0, cost=784204.8750)
wrote table: /home/yitai/drosophila_vision/vision/simulation/0_runs/hp_lp/29635794-run-n_iter-150-tasks-spread,sbar-param_vals.a_sti_mid-0.5-0,1-0,1.5-0,2-0/syn_strength_cell.csv
/home/yitai/drosophila_vision/vision/simulation/5_figure/1_panel.py:834: UserWarning: This figure includes Axes that are not compatible with tight_layout, so results might be incorrect.
  fig.tight_layout()
plot /home/yitai/drosophila_vision/vision/simulation/0_runs/hp_lp/29635794-run-n_iter-150-tasks-spread,sbar-param_vals.a_sti_mid-0.5-0,1-0,1.5-0,2-0/cost.png: prep=0.0s  plot_s=0.2s  save=2.1s  elapsed_s=2.3s
plot device=cuda (NVIDIA A100 80GB PCIe MIG 1g.10gb)
1 trained set(s); costs min=784204.8750 max=784204.8750; selected #0 (from saved final costs)
plot /home/yitai/drosophila_vision/vision/simulation/0_runs/hp_lp/29635794-run-n_iter-150-tasks-spread,sbar-param_vals.a_sti_mid-0.5-0,1-0,1.5-0,2-0/spread_gt_v.png: prep=0.4s  plot_s=0.1s  save=0.4s  elapsed_s=0.9s
plot /home/yitai/drosophila_vision/vision/simulation/0_runs/hp_lp/29635794-run-n_iter-150-tasks-spread,sbar-param_vals.a_sti_mid-0.5-0,1-0,1.5-0,2-0/spread_all_v.png: prep=0.0s  plot_s=0.8s  save=2.7s  elapsed_s=3.5s
plot /home/yitai/drosophila_vision/vision/simulation/0_runs/hp_lp/29635794-run-n_iter-150-tasks-spread,sbar-param_vals.a_sti_mid-0.5-0,1-0,1.5-0,2-0/sbar_gt_v.png: prep=0.7s  plot_s=0.3s  save=0.2s  elapsed_s=1.3s
plot /home/yitai/drosophila_vision/vision/simulation/0_runs/hp_lp/29635794-run-n_iter-150-tasks-spread,sbar-param_vals.a_sti_mid-0.5-0,1-0,1.5-0,2-0/sbar_all_v.png: prep=0.0s  plot_s=1.6s  save=1.9s  elapsed_s=3.4s
