Job ID: 29636624
Node:   spartan-gpgpu099
GPU:    0
GPU 0: NVIDIA A100 80GB PCIe (UUID: GPU-322f5568-e44f-6ee4-45a8-e5d9489b443e)
GPU 1: NVIDIA A100 80GB PCIe (UUID: GPU-14844a85-9bf8-1cac-86bb-ab42ec5dba78)
  MIG 1g.20gb     Device  0: (UUID: MIG-ca7758cc-36b2-53c8-8bf7-fe711a703942)
GPU 2: NVIDIA A100 80GB PCIe (UUID: GPU-40730cdb-5070-f06f-e8e1-92c3b4bc8f18)
GPU 3: NVIDIA A100 80GB PCIe (UUID: GPU-705f91ce-5278-67b6-77ed-ac45a7d89e43)
cuda: True NVIDIA A100 80GB PCIe MIG 1g.20gb
Start:  Wed 26 Aug 2026 23:56:45 AEST
==== config ====
{'RUN_NAME': '29635790-run-n_iter-150-tasks-spread,sbar',
 'RUN_PATH': 'hp_lp/29635790-run-n_iter-150-tasks-spread,sbar',
 'MODEL': {'delta_ms': 2.0,
           'delta_ms_pre': 2.0,
           'cap': 40.0,
           'g_leak': 1.0,
           'e_exc': 10.0,
           'e_inh': -70.0,
           'e_h': 50.0,
           'h_g_max': 100.0,
           'gt_amp': 20.0,
           'v_clamp': 100.0,
           'a_syn_exc': 0.001,
           'a_syn_inh': 0.001,
           'euler': 'im'},
 'NEURON_SCHEMA': {'model': 'hp_lp',
                   'filter': 'none',
                   'syn_mode': 'per_cell',
                   'a_lo': 0.1,
                   'a_hi': 10.0,
                   'h_cells': ['L1', 'L2', 'L4', 'L5'],
                   'params': {'a_gt': {'lo': 0.5, 'hi': 2.0, 'init': 1.0, 'jit': 0.1, 'mode': 'indi'},
                              'bias_gt': {'lo': -200.0, 'hi': 200.0, 'init': 0.0, 'jit': 1.0, 'mode': 'indi'},
                              'syn_strength_cell': {'lo': 0.1,
                                                    'hi': 10.0,
                                                    'init': 1.0,
                                                    'inits': {'Mi9:T4a': 0.0, 'TmY15:T4a': 0.0},
                                                    'jit': 0.1,
                                                    'mode': 'indi',
                                                    'modes': {'indi': ['Mi4:T4a',
                                                                       'Mi4:T4b',
                                                                       'Mi4:T4c',
                                                                       'Mi4:T4d',
                                                                       'Mi9:T4b',
                                                                       'Mi9:T4c',
                                                                       'Mi9:T4d'],
                                                              'fixed': ['Mi9:T4a', 'TmY15:T4a']}},
                              'syn_strength_edge': {'lo': 0.1, 'hi': 10.0, 'init': 1.0, 'jit': 0.1, 'mode': 'indi'},
                              'a_in': {'lo': 0.01, 'hi': 100.0, 'init': 1.0, 'jit': 0.1, 'mode': 'shared'},
                              'a_out': {'lo': 0.1, 'hi': 10.0, 'init': 1.0, 'jit': 0.1, 'mode': 'indi'},
                              'e_leak': {'lo': -50.0, 'hi': 50.0, 'init': 0.0, 'jit': 1.0, 'mode': 'indi'},
                              'v_th': {'lo': -100.0, 'hi': 100.0, 'init': -50.0, 'jit': 0.0, 'mode': 'indi'},
                              'tau_lp': {'lo': 10.0,
                                         'hi': 100.0,
                                         'init': 10.0,
                                         'inits': {'Mi4': 200},
                                         'jit': 2.0,
                                         'mode': 'indi'},
                              'tau_hp_rise': {'lo': 100.0, 'hi': 500.0, 'init': 200.0, 'jit': 20.0, 'mode': 'indi'},
                              'tau_hp_fall': {'lo': 100.0, 'hi': 500.0, 'init': 200.0, 'jit': 20.0, 'mode': 'indi'},
                              'a_h': {'lo': 0.0,
                                      'hi': 1.0,
                                      'init': 0.0,
                                      'inits': {'L1': 0.5, 'L2': 0.5, 'L4': 0.5, 'L5': 0.5},
                                      'jit': 0.1,
                                      'mode': 'indi'},
                              'v_mid_h_g': {'lo': -70.0, 'hi': -30.0, 'init': -50.0, 'jit': 5.0, 'mode': 'shared'},
                              'v_mid_h_tau': {'lo': -70.0, 'hi': -40.0, 'init': -50.0, 'jit': 5.0, 'mode': 'shared'},
                              'h_slope': {'lo': -0.4, 'hi': -0.2, 'init': -0.25, 'jit': 0.02, 'mode': 'shared'},
                              'a_h_rev': {'lo': 0.0,
                                          'hi': 1.0,
                                          'init': 0.0,
                                          'jit': 0.1,
                                          'mode': 'fixed',
                                          'modes': {'indi': ['L1', 'L2', 'L4', 'L5']}},
                              'v_mid_h_g_rev': {'lo': -70.0, 'hi': -30.0, 'init': -50.0, 'jit': 5.0, 'mode': 'shared'},
                              'v_mid_h_tau_rev': {'lo': -70.0,
                                                  'hi': -40.0,
                                                  'init': -50.0,
                                                  'jit': 5.0,
                                                  'mode': 'shared'},
                              'h_slope_rev': {'lo': -0.4, 'hi': -0.2, 'init': -0.25, 'jit': 0.02, 'mode': 'shared'},
                              'v_th_ca': {'lo': -100.0, 'hi': 100.0, 'init': -50.0, 'jit': 0.0, 'mode': 'indi'},
                              'a_ca': {'lo': 0.1, 'hi': 10.0, 'init': 1.0, 'jit': 0.1, 'mode': 'indi'},
                              'tau_ca': {'lo': 100.0, 'hi': 1000.0, 'init': 350.0, 'jit': 10.0, 'mode': 'indi'},
                              'a_sti_radius': {'lo': 0.0, 'hi': 1.0, 'init': 0.0, 'jit': 0.05, 'mode': 'indi'},
                              'a_sti_mid': {'lo': 0.0,
                                            'hi': 1.0,
                                            'init': 0.0,
                                            'inits': {0.5: 0.9, 1: 0.66, 1.5: 0.4, 2: 0.2},
                                            'jit': 0.05,
                                            'mode': 'fixed'}}},
 'NEURON_FORWARD': {'pre_grad': True},
 'NETWORK_PATH': {'network': 'right_min_neuron1_r10'},
 'SPREAD_INPUT_SPEC': {'ms_pre': 20.0, 'ms_sti': 160.0, 'ms_response': 600.0, 'ms_post': 0.0},
 'SPREAD_GT': {'spread_gt_mode': 'pos'},
 'SPOT_INPUT_GEO': {'spot_radius': 1.0, 'fully_inside': True, 'multi_spot': True, 'shift_radius': 1.0},
 'SPOT_PACK': {'spot_cost_radii': [0, 1, 2],
               'a_sti_radii': [1, 2],
               'spot_cost_radius_scale': {0: 1.0, 1: 0.3333333333333333, 2: 0.3333333333333333}},
 'SBAR_INPUT_GEO': {'multi_bar': False, 'bar_dist': 4, 'shift_mid': 0},
 'SBAR_PACK': {'a_sti_mids': [0.5, 1.0, 1.5, 2.0]},
 'MBAR_INPUT_SPEC': {'ms_pre': 20.0, 'bar_ws_deg': [2.25, 9.0], 'bar_directions': ['right', 'left', 'up', 'down']},
 'TRAIN_CONFIG': {'tasks': ['spread', 'sbar'],
                  'contrasts': ['bright', 'dark'],
                  'i_sti': {'bright': 40.0, 'dark': 0.0},
                  'gt_by_task': {'spread': ['L1', 'L2', 'L3', 'L4', 'L5', 'Mi1', 'Mi4'], 'sbar': ['T4a']},
                  'cost_radius': None},
 'VAL_FROM': {'bias_gt': {'source': 'v_onset', 'enabled': True},
              'v_th_ca': {'source': 'v_th', 'enabled': False},
              'a_ca': {'source': 'a_out', 'enabled': False},
              'a_h_rev': {'source': 'a_h', 'enabled': False},
              'v_mid_h_g_rev': {'source': 'v_mid_h_g', 'enabled': False},
              'h_slope_rev': {'source': 'h_slope', 'enabled': False},
              'v_mid_h_tau_rev': {'source': 'v_mid_h_tau', 'enabled': False}},
 'TRAIN_OPTIMIZATION': {'part_cost_scales': {'spread': 1},
                        'cost_norm': 'a_gt2',
                        'cost_ms': None,
                        'pre_steady': 'solve',
                        'pre_steady_n_iter': 50,
                        'pre_steady_damp': 0.1,
                        'n_run': 1,
                        'n_iter': 0,
                        'lrs': [0.1],
                        'checkpoint_interval': 1000},
 'TRAIN_SESSION': {'fp': 32, 'sequential': False},
 'FIGURE_PLOT': {'tasks': ['spread', 'sbar'],
                 'sbar_figure_cells': ['R1-6', 'L1', 'L2', 'L3', 'L4', 'L5', 'Mi1', 'Mi4', 'T4a'],
                 'html': False,
                 'plot_right_only': True,
                 'x': None,
                 'y': None,
                 'align_xy': None,
                 'ms_shown': None},
 'FIGURE_PLOT_STI_SPOT': {'spot_radii': [0.5, 1.0, 1.5, 2.0], 'output': None},
 'FIGURE_PLOT_STI_MBAR': {'output': None,
                          'gif': False,
                          'gif_output': None,
                          't_stride': 2,
                          't': None,
                          'direction': 'left'},
 'ANALYZE_RUNS': ['hp_lp/29635790-run-n_iter-150-tasks-spread,sbar'],
 'ANALYZE_CELL_DYNAMICS': {'cells': None,
                           'spec': None,
                           'mid': None,
                           'node': None,
                           'radius': 0,
                           't_rel_start': None,
                           't_rel_stop': None,
                           'figure': True,
                           'json': False,
                           'a_mid': None},
 'ANALYZE_SYN_SIGN': {'bins': 20, 'after_train': False, 'post': False},
 'ANALYZE_TRACE': {'trace_osc_min_f': 0.5,
                   'trace_osc_max_f': 20.0,
                   'trace_osc_peak_threshold': 0.5,
                   'trace_osc_z_threshold': 2.0,
                   'trace_osc_snr_min': 2.0,
                   'trace_drift_min_slope_mv_over_s': 1.0,
                   'trace_drift_min_r': 0.5,
                   'trace_baseline_ms': 200.0,
                   'trace_flat_max_abs': 0.5,
                   'trace_flat_v_peak_to_peak_max': 1.0,
                   'trace_flat_abs_mean': 0.2,
                   'check': None,
                   'baseline_ms_shown': None},
 'ANALYZE_COST_PART': {'part': None,
                       'cost_norm': None,
                       'stride': 1,
                       'per_node': False,
                       'csv': None,
                       'print_parts': False}}
==== end config ====
config: {'run_name': '29635790-run-n_iter-150-tasks-spread,sbar', 'run_path': 'hp_lp/${run_name}', 'delta_ms': 2.0, 'delta_ms_pre': 2.0, 'cap': 40.0, 'g_leak': 1.0, 'e_exc': 10.0, 'e_inh': -70.0, 'e_h': 50.0, 'h_g_max': 100.0, 'gt_amp': 20.0, 'v_clamp': 100.0, 'a_syn_exc': 0.001, 'a_syn_inh': 0.001, 'euler': 'im', 'model': 'hp_lp', 'filter': 'none', 'syn_mode': 'per_cell', 'a_lo': 0.1, 'a_hi': 10.0, 'h_cells': ['L1', 'L2', 'L4', 'L5'], 'params': {'a_gt': {'lo': 0.5, 'hi': 2.0, 'init': 1.0, 'jit': 0.1, 'mode': 'indi'}, 'bias_gt': {'lo': -200.0, 'hi': 200.0, 'init': 0.0, 'jit': 1.0, 'mode': 'indi'}, 'syn_strength_cell': {'lo': 0.1, 'hi': 10.0, 'init': 1.0, 'inits': {'Mi9:T4a': 0.0, 'TmY15:T4a': 0.0}, 'jit': 0.1, 'mode': 'indi', 'modes': {'indi': ['Mi4:T4a', 'Mi4:T4b', 'Mi4:T4c', 'Mi4:T4d', 'Mi9:T4b', 'Mi9:T4c', 'Mi9:T4d'], 'fixed': ['Mi9:T4a', 'TmY15:T4a']}}, 'syn_strength_edge': {'lo': 0.1, 'hi': 10.0, 'init': 1.0, 'jit': 0.1, 'mode': 'indi'}, 'a_in': {'lo': 0.01, 'hi': 100.0, 'init': 1.0, 'jit': 0.1, 'mode': 'shared'}, 'a_out': {'lo': 0.1, 'hi': 10.0, 'init': 1.0, 'jit': 0.1, 'mode': 'indi'}, 'e_leak': {'lo': -50.0, 'hi': 50.0, 'init': 0.0, 'jit': 1.0, 'mode': 'indi'}, 'v_th': {'lo': -100.0, 'hi': 100.0, 'init': -50.0, 'jit': 0.0, 'mode': 'indi'}, 'tau_lp': {'lo': 10.0, 'hi': 100.0, 'init': 10.0, 'inits': {'Mi4': 200}, 'jit': 2.0, 'mode': 'indi'}, 'tau_hp_rise': {'lo': 100.0, 'hi': 500.0, 'init': 200.0, 'jit': 20.0, 'mode': 'indi'}, 'tau_hp_fall': {'lo': 100.0, 'hi': 500.0, 'init': 200.0, 'jit': 20.0, 'mode': 'indi'}, 'a_h': {'lo': 0.0, 'hi': 1.0, 'init': 0.0, 'inits': {'L1': 0.5, 'L2': 0.5, 'L4': 0.5, 'L5': 0.5}, 'jit': 0.1, 'mode': 'indi'}, 'v_mid_h_g': {'lo': -70.0, 'hi': -30.0, 'init': -50.0, 'jit': 5.0, 'mode': 'shared'}, 'v_mid_h_tau': {'lo': -70.0, 'hi': -40.0, 'init': -50.0, 'jit': 5.0, 'mode': 'shared'}, 'h_slope': {'lo': -0.4, 'hi': -0.2, 'init': -0.25, 'jit': 0.02, 'mode': 'shared'}, 'a_h_rev': {'lo': 0.0, 'hi': 1.0, 'init': 0.0, 'jit': 0.1, 'mode': 'fixed', 'modes': {'indi': '${h_cells}'}}, 'v_mid_h_g_rev': {'lo': -70.0, 'hi': -30.0, 'init': -50.0, 'jit': 5.0, 'mode': 'shared'}, 'v_mid_h_tau_rev': {'lo': -70.0, 'hi': -40.0, 'init': -50.0, 'jit': 5.0, 'mode': 'shared'}, 'h_slope_rev': {'lo': -0.4, 'hi': -0.2, 'init': -0.25, 'jit': 0.02, 'mode': 'shared'}, 'v_th_ca': {'lo': -100.0, 'hi': 100.0, 'init': -50.0, 'jit': 0.0, 'mode': 'indi'}, 'a_ca': {'lo': 0.1, 'hi': 10.0, 'init': 1.0, 'jit': 0.1, 'mode': 'indi'}, 'tau_ca': {'lo': 100.0, 'hi': 1000.0, 'init': 350.0, 'jit': 10.0, 'mode': 'indi'}, 'a_sti_radius': {'lo': 0.0, 'hi': 1.0, 'init': 0.0, 'jit': 0.05, 'mode': 'indi'}, 'a_sti_mid': {'lo': 0.0, 'hi': 1.0, 'init': 0.0, 'inits': {0.5: 0, 1: 0, 1.5: 0, 2: 0}, 'jit': 0.05, 'mode': 'fixed'}}, 'pre_grad': True, 'network': 'right_min_neuron1_r10', 'i_sti': {'bright': 40.0, 'dark': 0.0}, 'contrasts': ['bright', 'dark'], 'ms_pre': 20.0, 'ms_sti': 160.0, 'ms_response': 600.0, 'ms_post': 0.0, 'spread_gt_mode': 'pos', 'spot_radius': 1.0, 'fully_inside': True, 'multi_spot': True, 'shift_radius': 1.0, 'spot_cost_radii': [0, 1, 2], 'a_sti_radii': [1, 2], 'spot_cost_radius_scale': {0: 1.0, 1: 0.3333333333333333, 2: 0.3333333333333333}, 'multi_bar': False, 'bar_dist': 4, 'shift_mid': 0, 'a_sti_mids': [0.5, 1, 1.5, 2], 'bar_ws_deg': [2.25, 9.0], 'bar_directions': ['right', 'left', 'up', 'down'], 'tasks': ['spread', 'sbar'], 'gt_by_task': {'spread': ['L1', 'L2', 'L3', 'L4', 'L5', 'Mi1', 'Mi4'], 'sbar': ['T4a']}, 'cost_radius': None, 'param_vals': {}, 'val_from': {'bias_gt': {'source': 'v_onset', 'enabled': True}, 'v_th_ca': {'source': 'v_th', 'enabled': False}, 'a_ca': {'source': 'a_out', 'enabled': False}, 'a_h_rev': {'source': 'a_h', 'enabled': False}, 'v_mid_h_g_rev': {'source': 'v_mid_h_g', 'enabled': False}, 'h_slope_rev': {'source': 'h_slope', 'enabled': False}, 'v_mid_h_tau_rev': {'source': 'v_mid_h_tau', 'enabled': False}}, 'part_cost_scales': {'spread': 1}, 'cost_norm': 'a_gt2', 'cost_ms': None, 'pre_steady': 'solve', 'pre_steady_n_iter': 50, 'pre_steady_damp': 0.1, 'n_run': 1, 'n_iter': 150, 'lrs': [0.1], 'checkpoint_interval': 1000, 'init_from': None, 'fp': 32, 'sequential': False, 'spot_radii': [0.5, 1.0, 1.5, 2.0], 'spot_plot_output': None, 'mbar_plot_output': None, 'mbar_plot_gif': False, 'mbar_plot_gif_output': None, 'mbar_plot_t_stride': 2, 'mbar_plot_t': None, 'mbar_plot_direction': 'left', 'figure_tasks': ['spread', 'sbar'], 'sbar_figure_cells': ['R1-6', 'L1', 'L2', 'L3', 'L4', 'L5', 'Mi1', 'Mi4', 'T4a'], 'html': False, 'plot_right_only': True, 'x': None, 'y': None, 'align_xy': None, 'ms_shown': None, 'analyze_runs': None, 'cells': None, 'spec': None, 'mid': None, 'node': None, 'radius': 0, 't_rel_start': None, 't_rel_stop': None, 'analyze_figure': True, 'analyze_json': False, 'post': False, 'check': None, 'baseline_ms_shown': None, 'part': None, 'analyze_cost_norm': None, 'stride': 1, 'per_node': False, 'cost_part_csv': None, 'print_parts': False, 'bins': 20, 'after_train': False, 'trace_osc_min_f': 0.5, 'trace_osc_max_f': 20.0, 'trace_osc_peak_threshold': 0.5, 'trace_osc_z_threshold': 2.0, 'trace_osc_snr_min': 2.0, 'trace_drift_min_slope_mv_over_s': 1.0, 'trace_drift_min_r': 0.5, 'trace_baseline_ms': 200.0, 'trace_flat_max_abs': 0.5, 'trace_flat_v_peak_to_peak_max': 1.0, 'trace_flat_abs_mean': 0.2}
param_modes:
  a_gt               indi=56/shared=0/fixed=0/frozen=0 (56)
  bias_gt            indi=0/shared=0/fixed=0/frozen=56 (0)
  syn_strength_cell  indi=1033/shared=0/fixed=2/frozen=0 (1033)
  a_in               indi=0/shared=56/fixed=0/frozen=0 (1)
  a_out              indi=56/shared=0/fixed=0/frozen=0 (56)
  e_leak             indi=56/shared=0/fixed=0/frozen=0 (56)
  v_th               indi=56/shared=0/fixed=0/frozen=0 (56)
  tau_lp             indi=56/shared=0/fixed=0/frozen=0 (56)
  tau_hp_rise        indi=56/shared=0/fixed=0/frozen=0 (56)
  tau_hp_fall        indi=56/shared=0/fixed=0/frozen=0 (56)
  a_h                indi=56/shared=0/fixed=0/frozen=0 (56)
  a_sti_mid          indi=0/shared=0/fixed=4/frozen=0 (0)
device=cuda, model=hp_lp, syn_mode=per_cell, euler=implicit, pre_steady=solve, n_run=1, n_iter=150, lrs=[0.1], n_z=1482, fname=train_hp_lp.npy
checkpoint_interval=1000

round 0

  0%|          | 0/150 [00:00<?, ?it/s] Cost: 3872202.2500  [spread_bright_L5=639725.1250  spread_bright_Mi1=480291.8750  spread_bright_Mi4=777018.7500  spread_dark_L1=451775.9062  spread_dark_L2=456910.3750  spread_dark_L3=427348.0000  spread_dark_L4=560781.5000  sbar_bright_T4a_mid+0=32193.3906  sbar_dark_T4a_mid+0=5795.4263]  7%|▋         | 10/150 [00:10<02:22,  1.02s/it] Cost: 2624269.7500  [spread_bright_L5=160463.6406  spread_bright_Mi1=439670.3125  spread_bright_Mi4=746724.6875  spread_dark_L1=158090.3594  spread_dark_L2=181405.9844  spread_dark_L3=348007.9062  spread_dark_L4=516502.6562  sbar_bright_T4a_mid+0=31472.6875  sbar_dark_T4a_mid+0=5266.3921]:  13%|█▎        | 20/150 [00:20<02:11,  1.01s/it] Cost: 2313720.5000  [spread_bright_L5=142105.6406  spread_bright_Mi1=378384.5938  spread_bright_Mi4=734384.3125  spread_dark_L1=147528.3438  spread_dark_L2=172360.5469  spread_dark_L3=297416.6562  spread_dark_L4=370771.2812  sbar_bright_T4a_mid+0=30587.3457  sbar_dark_T4a_mid+0=4929.7690]:  20%|██        | 30/150 [00:30<02:01,  1.01s/it] Cost: 1926779.2500  [spread_bright_L5=147096.3594  spread_bright_Mi1=334073.4062  spread_bright_Mi4=608687.5000  spread_dark_L1=135503.8125  spread_dark_L2=155094.3281  spread_dark_L3=278613.6562  spread_dark_L4=213485.0000  sbar_bright_T4a_mid+0=21364.4863  sbar_dark_T4a_mid+0=4868.7373]:  27%|██▋       | 40/150 [00:40<01:51,  1.01s/it] Cost: 1637330.8750  [spread_bright_L5=128585.7812  spread_bright_Mi1=315973.7812  spread_bright_Mi4=429827.7812  spread_dark_L1=117671.0938  spread_dark_L2=142937.4531  spread_dark_L3=265773.9062  spread_dark_L4=190106.6094  sbar_bright_T4a_mid+0=18454.9590  sbar_dark_T4a_mid+0=3115.2935]:  33%|███▎      | 50/150 [00:50<01:41,  1.01s/it] Cost: 1322789.7500  [spread_bright_L5=125473.8984  spread_bright_Mi1=286502.8125  spread_bright_Mi4=185113.4062  spread_dark_L1=109713.1641  spread_dark_L2=133835.4531  spread_dark_L3=252034.9062  spread_dark_L4=185246.8125  sbar_bright_T4a_mid+0=15903.2119  sbar_dark_T4a_mid+0=3342.6643]:  40%|████      | 60/150 [01:00<01:31,  1.01s/it] Cost: 1084504.8750  [spread_bright_L5=110054.4297  spread_bright_Mi1=267753.8438  spread_bright_Mi4=92041.6328  spread_dark_L1=98907.9219  spread_dark_L2=116040.6953  spread_dark_L3=171568.6562  spread_dark_L4=180950.8281  sbar_bright_T4a_mid+0=18602.3613  sbar_dark_T4a_mid+0=3512.4863]:    47%|████▋     | 70/150 [01:10<01:21,  1.01s/it] Cost: 960150.1875  [spread_bright_L5=99783.1953  spread_bright_Mi1=238422.9219  spread_bright_Mi4=63502.3398  spread_dark_L1=84944.4531  spread_dark_L2=105910.4844  spread_dark_L3=147881.0938  spread_dark_L4=175270.5312  sbar_bright_T4a_mid+0=16475.0312  sbar_dark_T4a_mid+0=3177.7952]:    53%|█████▎    | 80/150 [01:21<01:10,  1.01s/it] Cost: 859635.1250  [spread_bright_L5=94624.4219  spread_bright_Mi1=192753.9375  spread_bright_Mi4=53133.2031  spread_dark_L1=78076.9297  spread_dark_L2=101027.9922  spread_dark_L3=126692.3516  spread_dark_L4=172944.0156  sbar_bright_T4a_mid+0=15714.0645  sbar_dark_T4a_mid+0=1844.9308]:  60%|██████    | 90/150 [01:31<01:00,  1.01s/it] Cost: 792756.3125  [spread_bright_L5=88283.1250  spread_bright_Mi1=162551.9062  spread_bright_Mi4=50213.6602  spread_dark_L1=69344.6484  spread_dark_L2=93356.4688  spread_dark_L3=120036.5703  spread_dark_L4=170995.0000  sbar_bright_T4a_mid+0=13404.4463  sbar_dark_T4a_mid+0=1807.9211]:   67%|██████▋   | 100/150 [01:41<00:50,  1.01s/it] Cost: 744428.0000  [spread_bright_L5=82776.0000  spread_bright_Mi1=143622.3125  spread_bright_Mi4=48636.1016  spread_dark_L1=64729.6406  spread_dark_L2=85638.3438  spread_dark_L3=113504.6328  spread_dark_L4=167132.6406  sbar_bright_T4a_mid+0=14040.7588  sbar_dark_T4a_mid+0=1718.3926]:  73%|███████▎  | 110/150 [01:51<00:40,  1.01s/it] Cost: 716579.1250  [spread_bright_L5=78047.8906  spread_bright_Mi1=132594.7344  spread_bright_Mi4=46294.5547  spread_dark_L1=62168.5078  spread_dark_L2=79924.2344  spread_dark_L3=112706.0938  spread_dark_L4=166557.8125  sbar_bright_T4a_mid+0=13445.3799  sbar_dark_T4a_mid+0=1813.8252]:  80%|████████  | 120/150 [02:01<00:30,  1.01s/it] Cost: 690969.7500  [spread_bright_L5=75884.0312  spread_bright_Mi1=123367.9531  spread_bright_Mi4=43663.7617  spread_dark_L1=61260.2422  spread_dark_L2=77052.9375  spread_dark_L3=110019.0703  spread_dark_L4=162311.9375  sbar_bright_T4a_mid+0=13349.8545  sbar_dark_T4a_mid+0=1536.5421]:  87%|████████▋ | 130/150 [02:11<00:20,  1.01s/it] Cost: 671323.5625  [spread_bright_L5=73645.4531  spread_bright_Mi1=117701.2031  spread_bright_Mi4=42274.6016  spread_dark_L1=59521.9570  spread_dark_L2=72834.3828  spread_dark_L3=107038.9297  spread_dark_L4=161451.4844  sbar_bright_T4a_mid+0=12459.2305  sbar_dark_T4a_mid+0=1405.8231]:  93%|█████████▎| 140/150 [02:21<00:10,  1.01s/it] Cost: 652561.5000  [spread_bright_L5=71550.3203  spread_bright_Mi1=111218.5547  spread_bright_Mi4=40642.3086  spread_dark_L1=58203.1602  spread_dark_L2=71639.1875  spread_dark_L3=104326.9375  spread_dark_L4=158463.5000  sbar_bright_T4a_mid+0=12710.6777  sbar_dark_T4a_mid+0=1361.2172]: 100%|██████████| 150/150 [02:31<00:00,  1.01s/it] Cost: 637245.8750  [spread_bright_L5=69834.0156  spread_bright_Mi1=106408.2812  spread_bright_Mi4=39540.4531  spread_dark_L1=57035.1406  spread_dark_L2=68856.3203  spread_dark_L3=102221.6953  spread_dark_L4=157275.3281  sbar_bright_T4a_mid+0=12395.0146  sbar_dark_T4a_mid+0=1279.5627]: 100%|██████████| 150/150 [02:31<00:00,  1.01s/it] Cost: 637245.8750  [spread_bright_L5=69834.0156  spread_bright_Mi1=106408.2812  spread_bright_Mi4=39540.4531  spread_dark_L1=57035.1406  spread_dark_L2=68856.3203  spread_dark_L3=102221.6953  spread_dark_L4=157275.3281  sbar_bright_T4a_mid+0=12395.0146  sbar_dark_T4a_mid+0=1279.5627]: 

Initl cost = 3872202.2500  [spread_bright_L5=639725.1250  spread_bright_Mi1=480291.8750  spread_bright_Mi4=777018.7500  spread_dark_L1=451775.9062  spread_dark_L2=456910.3750  spread_dark_L3=427348.0000  spread_dark_L4=560781.5000  sbar_bright_T4a_mid+0=32193.3906  sbar_dark_T4a_mid+0=5795.4263]
Final cost = 635814.7500  [spread_bright_L5=69560.1875  spread_bright_Mi1=105971.8594  spread_bright_Mi4=39260.3281  spread_dark_L1=56918.4453  spread_dark_L2=68639.3984  spread_dark_L3=102129.8750  spread_dark_L4=157290.5469  sbar_bright_T4a_mid+0=12430.1357  sbar_dark_T4a_mid+0=1281.3826]
Best  cost = 635814.7500  [spread_bright_L5=69560.1875  spread_bright_Mi1=105971.8594  spread_bright_Mi4=39260.3281  spread_dark_L1=56918.4453  spread_dark_L2=68639.3984  spread_dark_L3=102129.8750  spread_dark_L4=157290.5469  sbar_bright_T4a_mid+0=12430.1357  sbar_dark_T4a_mid+0=1281.3826]
time needed  = 156.37  sec

done in 0.04 hours
wrote /home/yitai/drosophila_vision/vision/simulation/0_runs/hp_lp/29636624-run-n_iter-150-tasks-spread,sbar-params.a_sti_mid.inits-0.5-0,1-0,1.5-0,2-0/data/best_adam.npz (best run #0)
wrote table: /home/yitai/drosophila_vision/vision/simulation/0_runs/hp_lp/29636624-run-n_iter-150-tasks-spread,sbar-params.a_sti_mid.inits-0.5-0,1-0,1.5-0,2-0/param.csv (best run #0, cost=635814.6875)
wrote table: /home/yitai/drosophila_vision/vision/simulation/0_runs/hp_lp/29636624-run-n_iter-150-tasks-spread,sbar-params.a_sti_mid.inits-0.5-0,1-0,1.5-0,2-0/syn_strength_cell.csv
/home/yitai/drosophila_vision/vision/simulation/5_figure/1_panel.py:834: UserWarning: This figure includes Axes that are not compatible with tight_layout, so results might be incorrect.
  fig.tight_layout()
plot /home/yitai/drosophila_vision/vision/simulation/0_runs/hp_lp/29636624-run-n_iter-150-tasks-spread,sbar-params.a_sti_mid.inits-0.5-0,1-0,1.5-0,2-0/cost.png: prep=0.0s  plot_s=0.3s  save=2.1s  elapsed_s=2.4s
plot device=cuda (NVIDIA A100 80GB PCIe MIG 1g.20gb)
1 trained set(s); costs min=635814.6875 max=635814.6875; selected #0 (from saved final costs)
plot /home/yitai/drosophila_vision/vision/simulation/0_runs/hp_lp/29636624-run-n_iter-150-tasks-spread,sbar-params.a_sti_mid.inits-0.5-0,1-0,1.5-0,2-0/spread_gt_v.png: prep=0.4s  plot_s=0.1s  save=0.4s  elapsed_s=0.9s
plot /home/yitai/drosophila_vision/vision/simulation/0_runs/hp_lp/29636624-run-n_iter-150-tasks-spread,sbar-params.a_sti_mid.inits-0.5-0,1-0,1.5-0,2-0/spread_all_v.png: prep=0.0s  plot_s=0.7s  save=2.6s  elapsed_s=3.3s
plot /home/yitai/drosophila_vision/vision/simulation/0_runs/hp_lp/29636624-run-n_iter-150-tasks-spread,sbar-params.a_sti_mid.inits-0.5-0,1-0,1.5-0,2-0/sbar_gt_v.png: prep=0.7s  plot_s=0.4s  save=0.2s  elapsed_s=1.3s
plot /home/yitai/drosophila_vision/vision/simulation/0_runs/hp_lp/29636624-run-n_iter-150-tasks-spread,sbar-params.a_sti_mid.inits-0.5-0,1-0,1.5-0,2-0/sbar_all_v.png: prep=0.0s  plot_s=1.2s  save=1.7s  elapsed_s=2.9s
