Job ID: 29636095
Node:   spartan-gpgpu099
GPU:    0
GPU 0: NVIDIA A100 80GB PCIe (UUID: GPU-322f5568-e44f-6ee4-45a8-e5d9489b443e)
GPU 1: NVIDIA A100 80GB PCIe (UUID: GPU-14844a85-9bf8-1cac-86bb-ab42ec5dba78)
  MIG 1g.20gb     Device  0: (UUID: MIG-ca7758cc-36b2-53c8-8bf7-fe711a703942)
GPU 2: NVIDIA A100 80GB PCIe (UUID: GPU-40730cdb-5070-f06f-e8e1-92c3b4bc8f18)
GPU 3: NVIDIA A100 80GB PCIe (UUID: GPU-705f91ce-5278-67b6-77ed-ac45a7d89e43)
cuda: True NVIDIA A100 80GB PCIe MIG 1g.20gb
Start:  Wed 26 Aug 2026 23:38:52 AEST
==== config ====
{'RUN_NAME': '29635790-run-n_iter-150-tasks-spread,sbar',
 'RUN_PATH': 'hp_lp/29635790-run-n_iter-150-tasks-spread,sbar',
 'MODEL': {'delta_ms': 2.0,
           'delta_ms_pre': 2.0,
           'cap': 40.0,
           'g_leak': 1.0,
           'e_exc': 10.0,
           'e_inh': -70.0,
           'e_h': 50.0,
           'h_g_max': 100.0,
           'gt_amp': 20.0,
           'v_clamp': 100.0,
           'a_syn_exc': 0.001,
           'a_syn_inh': 0.001,
           'euler': 'im'},
 'NEURON_SCHEMA': {'model': 'hp_lp',
                   'filter': 'none',
                   'syn_mode': 'per_cell',
                   'a_lo': 0.1,
                   'a_hi': 10.0,
                   'h_cells': ['L1', 'L2', 'L4', 'L5'],
                   'params': {'a_gt': {'lo': 0.5, 'hi': 2.0, 'init': 1.0, 'jit': 0.1, 'mode': 'indi'},
                              'bias_gt': {'lo': -200.0, 'hi': 200.0, 'init': 0.0, 'jit': 1.0, 'mode': 'indi'},
                              'syn_strength_cell': {'lo': 0.1,
                                                    'hi': 10.0,
                                                    'init': 1.0,
                                                    'inits': {'Mi9:T4a': 0.0, 'TmY15:T4a': 0.0},
                                                    'jit': 0.1,
                                                    'mode': 'indi',
                                                    'modes': {'indi': ['Mi4:T4a',
                                                                       'Mi4:T4b',
                                                                       'Mi4:T4c',
                                                                       'Mi4:T4d',
                                                                       'Mi9:T4b',
                                                                       'Mi9:T4c',
                                                                       'Mi9:T4d'],
                                                              'fixed': ['Mi9:T4a', 'TmY15:T4a']}},
                              'syn_strength_edge': {'lo': 0.1, 'hi': 10.0, 'init': 1.0, 'jit': 0.1, 'mode': 'indi'},
                              'a_in': {'lo': 0.01, 'hi': 100.0, 'init': 1.0, 'jit': 0.1, 'mode': 'shared'},
                              'a_out': {'lo': 0.1, 'hi': 10.0, 'init': 1.0, 'jit': 0.1, 'mode': 'indi'},
                              'e_leak': {'lo': -50.0, 'hi': 50.0, 'init': 0.0, 'jit': 1.0, 'mode': 'indi'},
                              'v_th': {'lo': -100.0, 'hi': 100.0, 'init': -50.0, 'jit': 0.0, 'mode': 'indi'},
                              'tau_lp': {'lo': 10.0, 'hi': 100.0, 'init': 10.0, 'jit': 2.0, 'mode': 'indi'},
                              'tau_hp_rise': {'lo': 100.0, 'hi': 500.0, 'init': 200.0, 'jit': 20.0, 'mode': 'indi'},
                              'tau_hp_fall': {'lo': 100.0, 'hi': 500.0, 'init': 200.0, 'jit': 20.0, 'mode': 'indi'},
                              'a_h': {'lo': 0.0,
                                      'hi': 1.0,
                                      'init': 0.0,
                                      'inits': {'L1': 0.5, 'L2': 0.5, 'L4': 0.5, 'L5': 0.5},
                                      'jit': 0.1,
                                      'mode': 'indi'},
                              'v_mid_h_g': {'lo': -70.0, 'hi': -30.0, 'init': -50.0, 'jit': 5.0, 'mode': 'shared'},
                              'v_mid_h_tau': {'lo': -70.0, 'hi': -40.0, 'init': -50.0, 'jit': 5.0, 'mode': 'shared'},
                              'h_slope': {'lo': -0.4, 'hi': -0.2, 'init': -0.25, 'jit': 0.02, 'mode': 'shared'},
                              'a_h_rev': {'lo': 0.0,
                                          'hi': 1.0,
                                          'init': 0.0,
                                          'jit': 0.1,
                                          'mode': 'fixed',
                                          'modes': {'indi': ['L1', 'L2', 'L4', 'L5']}},
                              'v_mid_h_g_rev': {'lo': -70.0, 'hi': -30.0, 'init': -50.0, 'jit': 5.0, 'mode': 'shared'},
                              'v_mid_h_tau_rev': {'lo': -70.0,
                                                  'hi': -40.0,
                                                  'init': -50.0,
                                                  'jit': 5.0,
                                                  'mode': 'shared'},
                              'h_slope_rev': {'lo': -0.4, 'hi': -0.2, 'init': -0.25, 'jit': 0.02, 'mode': 'shared'},
                              'v_th_ca': {'lo': -100.0, 'hi': 100.0, 'init': -50.0, 'jit': 0.0, 'mode': 'indi'},
                              'a_ca': {'lo': 0.1, 'hi': 10.0, 'init': 1.0, 'jit': 0.1, 'mode': 'indi'},
                              'tau_ca': {'lo': 100.0, 'hi': 1000.0, 'init': 350.0, 'jit': 10.0, 'mode': 'indi'},
                              'a_sti_radius': {'lo': 0.0, 'hi': 1.0, 'init': 0.0, 'jit': 0.05, 'mode': 'indi'},
                              'a_sti_mid': {'lo': 0.0,
                                            'hi': 1.0,
                                            'init': 0.0,
                                            'inits': {'0.5': 0.9, '1': 0.66, '1.5': 0.4, '2': 0.2},
                                            'jit': 0.05,
                                            'mode': 'fixed'}}},
 'NEURON_FORWARD': {'pre_grad': True},
 'NETWORK_PATH': {'network': 'right_min_neuron1_r10'},
 'SPREAD_INPUT_SPEC': {'ms_pre': 20.0, 'ms_sti': 160.0, 'ms_response': 600.0, 'ms_post': 0.0},
 'SPREAD_GT': {'spread_gt_mode': 'pos'},
 'SPOT_INPUT_GEO': {'spot_radius': 1.0, 'fully_inside': True, 'multi_spot': True, 'shift_radius': 1.0},
 'SPOT_PACK': {'spot_cost_radii': [0, 1, 2],
               'a_sti_radii': [1, 2],
               'spot_cost_radius_scale': {0: 1.0, 1: 0.3333333333333333, 2: 0.3333333333333333}},
 'SBAR_INPUT_GEO': {'multi_bar': False, 'bar_dist': 4, 'shift_mid': 0},
 'SBAR_PACK': {'a_sti_mids': [0.5, 1.0, 1.5, 2.0]},
 'MBAR_INPUT_SPEC': {'ms_pre': 20.0, 'bar_ws_deg': [2.25, 9.0], 'bar_directions': ['right', 'left', 'up', 'down']},
 'TRAIN_CONFIG': {'tasks': ['spread', 'sbar'],
                  'contrasts': ['bright', 'dark'],
                  'i_sti': {'bright': 40.0, 'dark': 0.0},
                  'gt_by_task': {'spread': ['L1', 'L2', 'L3', 'L4', 'L5', 'Mi1', 'Mi4'], 'sbar': ['T4a']},
                  'cost_radius': None},
 'VAL_FROM': {'bias_gt': {'source': 'v_onset', 'enabled': True},
              'v_th_ca': {'source': 'v_th', 'enabled': False},
              'a_ca': {'source': 'a_out', 'enabled': False},
              'a_h_rev': {'source': 'a_h', 'enabled': False},
              'v_mid_h_g_rev': {'source': 'v_mid_h_g', 'enabled': False},
              'h_slope_rev': {'source': 'h_slope', 'enabled': False},
              'v_mid_h_tau_rev': {'source': 'v_mid_h_tau', 'enabled': False}},
 'TRAIN_OPTIMIZATION': {'part_cost_scales': {'spread': 1},
                        'cost_norm': 'a_gt2',
                        'cost_ms': None,
                        'pre_steady': 'solve',
                        'pre_steady_n_iter': 50,
                        'pre_steady_damp': 0.1,
                        'n_run': 1,
                        'n_iter': 0,
                        'lrs': [0.1],
                        'checkpoint_interval': 1000},
 'TRAIN_SESSION': {'fp': 32, 'sequential': False},
 'FIGURE_PLOT': {'tasks': ['spread', 'sbar'],
                 'sbar_figure_cells': ['R1-6', 'L1', 'L2', 'L3', 'L4', 'L5', 'Mi1', 'Mi4', 'T4a'],
                 'html': False,
                 'plot_right_only': True,
                 'x': None,
                 'y': None,
                 'align_xy': None,
                 'ms_shown': None},
 'FIGURE_PLOT_STI_SPOT': {'spot_radii': [0.5, 1.0, 1.5, 2.0], 'output': None},
 'FIGURE_PLOT_STI_MBAR': {'output': None,
                          'gif': False,
                          'gif_output': None,
                          't_stride': 2,
                          't': None,
                          'direction': 'left'},
 'ANALYZE_RUNS': ['hp_lp/29635790-run-n_iter-150-tasks-spread,sbar'],
 'ANALYZE_CELL_DYNAMICS': {'cells': None,
                           'spec': None,
                           'mid': None,
                           'node': None,
                           'radius': 0,
                           't_rel_start': None,
                           't_rel_stop': None,
                           'figure': True,
                           'json': False,
                           'a_mid': None},
 'ANALYZE_SYN_SIGN': {'bins': 20, 'after_train': False, 'post': False},
 'ANALYZE_TRACE': {'trace_osc_min_f': 0.5,
                   'trace_osc_max_f': 20.0,
                   'trace_osc_peak_threshold': 0.5,
                   'trace_osc_z_threshold': 2.0,
                   'trace_osc_snr_min': 2.0,
                   'trace_drift_min_slope_mv_over_s': 1.0,
                   'trace_drift_min_r': 0.5,
                   'trace_baseline_ms': 200.0,
                   'trace_flat_max_abs': 0.5,
                   'trace_flat_v_peak_to_peak_max': 1.0,
                   'trace_flat_abs_mean': 0.2,
                   'check': None,
                   'baseline_ms_shown': None},
 'ANALYZE_COST_PART': {'part': None,
                       'cost_norm': None,
                       'stride': 1,
                       'per_node': False,
                       'csv': None,
                       'print_parts': False}}
==== end config ====
config: {'run_name': '29635790-run-n_iter-150-tasks-spread,sbar', 'run_path': 'hp_lp/${run_name}', 'delta_ms': 2.0, 'delta_ms_pre': 2.0, 'cap': 40.0, 'g_leak': 1.0, 'e_exc': 10.0, 'e_inh': -70.0, 'e_h': 50.0, 'h_g_max': 100.0, 'gt_amp': 20.0, 'v_clamp': 100.0, 'a_syn_exc': 0.001, 'a_syn_inh': 0.001, 'euler': 'im', 'model': 'hp_lp', 'filter': 'none', 'syn_mode': 'per_cell', 'a_lo': 0.1, 'a_hi': 10.0, 'h_cells': ['L1', 'L2', 'L4', 'L5'], 'params': {'a_gt': {'lo': 0.5, 'hi': 2.0, 'init': 1.0, 'jit': 0.1, 'mode': 'indi'}, 'bias_gt': {'lo': -200.0, 'hi': 200.0, 'init': 0.0, 'jit': 1.0, 'mode': 'indi'}, 'syn_strength_cell': {'lo': 0.1, 'hi': 10.0, 'init': 1.0, 'inits': {'Mi9:T4a': 0.0, 'TmY15:T4a': 0.0}, 'jit': 0.1, 'mode': 'indi', 'modes': {'indi': ['Mi4:T4a', 'Mi4:T4b', 'Mi4:T4c', 'Mi4:T4d', 'Mi9:T4b', 'Mi9:T4c', 'Mi9:T4d'], 'fixed': ['Mi9:T4a', 'TmY15:T4a']}}, 'syn_strength_edge': {'lo': 0.1, 'hi': 10.0, 'init': 1.0, 'jit': 0.1, 'mode': 'indi'}, 'a_in': {'lo': 0.01, 'hi': 100.0, 'init': 1.0, 'jit': 0.1, 'mode': 'shared'}, 'a_out': {'lo': 0.1, 'hi': 10.0, 'init': 1.0, 'jit': 0.1, 'mode': 'indi'}, 'e_leak': {'lo': -50.0, 'hi': 50.0, 'init': 0.0, 'jit': 1.0, 'mode': 'indi'}, 'v_th': {'lo': -100.0, 'hi': 100.0, 'init': -50.0, 'jit': 0.0, 'mode': 'indi'}, 'tau_lp': {'lo': 10.0, 'hi': 100.0, 'init': 10.0, 'jit': 2.0, 'mode': 'indi'}, 'tau_hp_rise': {'lo': 100.0, 'hi': 500.0, 'init': 200.0, 'jit': 20.0, 'mode': 'indi'}, 'tau_hp_fall': {'lo': 100.0, 'hi': 500.0, 'init': 200.0, 'jit': 20.0, 'mode': 'indi'}, 'a_h': {'lo': 0.0, 'hi': 1.0, 'init': 0.0, 'inits': {'L1': 0.5, 'L2': 0.5, 'L4': 0.5, 'L5': 0.5}, 'jit': 0.1, 'mode': 'indi'}, 'v_mid_h_g': {'lo': -70.0, 'hi': -30.0, 'init': -50.0, 'jit': 5.0, 'mode': 'shared'}, 'v_mid_h_tau': {'lo': -70.0, 'hi': -40.0, 'init': -50.0, 'jit': 5.0, 'mode': 'shared'}, 'h_slope': {'lo': -0.4, 'hi': -0.2, 'init': -0.25, 'jit': 0.02, 'mode': 'shared'}, 'a_h_rev': {'lo': 0.0, 'hi': 1.0, 'init': 0.0, 'jit': 0.1, 'mode': 'fixed', 'modes': {'indi': '${h_cells}'}}, 'v_mid_h_g_rev': {'lo': -70.0, 'hi': -30.0, 'init': -50.0, 'jit': 5.0, 'mode': 'shared'}, 'v_mid_h_tau_rev': {'lo': -70.0, 'hi': -40.0, 'init': -50.0, 'jit': 5.0, 'mode': 'shared'}, 'h_slope_rev': {'lo': -0.4, 'hi': -0.2, 'init': -0.25, 'jit': 0.02, 'mode': 'shared'}, 'v_th_ca': {'lo': -100.0, 'hi': 100.0, 'init': -50.0, 'jit': 0.0, 'mode': 'indi'}, 'a_ca': {'lo': 0.1, 'hi': 10.0, 'init': 1.0, 'jit': 0.1, 'mode': 'indi'}, 'tau_ca': {'lo': 100.0, 'hi': 1000.0, 'init': 350.0, 'jit': 10.0, 'mode': 'indi'}, 'a_sti_radius': {'lo': 0.0, 'hi': 1.0, 'init': 0.0, 'jit': 0.05, 'mode': 'indi'}, 'a_sti_mid': {'lo': 0.0, 'hi': 1.0, 'init': 0.0, 'inits': {'0.5': 0.9, '1': 0.66, '1.5': 0.4, '2': 0.2}, 'jit': 0.05, 'mode': 'fixed'}}, 'pre_grad': True, 'network': 'right_min_neuron1_r10', 'i_sti': {'bright': 40.0, 'dark': 0.0}, 'contrasts': ['bright', 'dark'], 'ms_pre': 20.0, 'ms_sti': 160.0, 'ms_response': 600.0, 'ms_post': 0.0, 'spread_gt_mode': 'pos', 'spot_radius': 1.0, 'fully_inside': True, 'multi_spot': True, 'shift_radius': 1.0, 'spot_cost_radii': [0, 1, 2], 'a_sti_radii': [1, 2], 'spot_cost_radius_scale': {0: 1.0, 1: 0.3333333333333333, 2: 0.3333333333333333}, 'multi_bar': False, 'bar_dist': 4, 'shift_mid': 0, 'a_sti_mids': [0.5, 1, 1.5, 2], 'bar_ws_deg': [2.25, 9.0], 'bar_directions': ['right', 'left', 'up', 'down'], 'tasks': ['spread', 'sbar'], 'gt_by_task': {'spread': ['L1', 'L2', 'L3', 'L4', 'L5', 'Mi1', 'Mi4'], 'sbar': ['T4a']}, 'cost_radius': None, 'param_vals': {}, 'val_from': {'bias_gt': {'source': 'v_onset', 'enabled': True}, 'v_th_ca': {'source': 'v_th', 'enabled': False}, 'a_ca': {'source': 'a_out', 'enabled': False}, 'a_h_rev': {'source': 'a_h', 'enabled': False}, 'v_mid_h_g_rev': {'source': 'v_mid_h_g', 'enabled': False}, 'h_slope_rev': {'source': 'h_slope', 'enabled': False}, 'v_mid_h_tau_rev': {'source': 'v_mid_h_tau', 'enabled': False}}, 'part_cost_scales': {'spread': 1}, 'cost_norm': 'a_gt2', 'cost_ms': None, 'pre_steady': 'solve', 'pre_steady_n_iter': 50, 'pre_steady_damp': 0.1, 'n_run': 1, 'n_iter': 150, 'lrs': [0.1], 'checkpoint_interval': 1000, 'init_from': None, 'fp': 32, 'sequential': False, 'spot_radii': [0.5, 1.0, 1.5, 2.0], 'spot_plot_output': None, 'mbar_plot_output': None, 'mbar_plot_gif': False, 'mbar_plot_gif_output': None, 'mbar_plot_t_stride': 2, 'mbar_plot_t': None, 'mbar_plot_direction': 'left', 'figure_tasks': ['spread', 'sbar'], 'sbar_figure_cells': ['R1-6', 'L1', 'L2', 'L3', 'L4', 'L5', 'Mi1', 'Mi4', 'T4a'], 'html': False, 'plot_right_only': True, 'x': None, 'y': None, 'align_xy': None, 'ms_shown': None, 'analyze_runs': None, 'cells': None, 'spec': None, 'mid': None, 'node': None, 'radius': 0, 't_rel_start': None, 't_rel_stop': None, 'analyze_figure': True, 'analyze_json': False, 'post': False, 'check': None, 'baseline_ms_shown': None, 'part': None, 'analyze_cost_norm': None, 'stride': 1, 'per_node': False, 'cost_part_csv': None, 'print_parts': False, 'bins': 20, 'after_train': False, 'trace_osc_min_f': 0.5, 'trace_osc_max_f': 20.0, 'trace_osc_peak_threshold': 0.5, 'trace_osc_z_threshold': 2.0, 'trace_osc_snr_min': 2.0, 'trace_drift_min_slope_mv_over_s': 1.0, 'trace_drift_min_r': 0.5, 'trace_baseline_ms': 200.0, 'trace_flat_max_abs': 0.5, 'trace_flat_v_peak_to_peak_max': 1.0, 'trace_flat_abs_mean': 0.2, 'param': {'a_sti_mid': {'inits': {0.5: 0, 1: 0, 1.5: 0, 2: 0}}}}
param_modes:
  a_gt               indi=56/shared=0/fixed=0/frozen=0 (56)
  bias_gt            indi=0/shared=0/fixed=0/frozen=56 (0)
  syn_strength_cell  indi=1033/shared=0/fixed=2/frozen=0 (1033)
  a_in               indi=0/shared=56/fixed=0/frozen=0 (1)
  a_out              indi=56/shared=0/fixed=0/frozen=0 (56)
  e_leak             indi=56/shared=0/fixed=0/frozen=0 (56)
  v_th               indi=56/shared=0/fixed=0/frozen=0 (56)
  tau_lp             indi=56/shared=0/fixed=0/frozen=0 (56)
  tau_hp_rise        indi=56/shared=0/fixed=0/frozen=0 (56)
  tau_hp_fall        indi=56/shared=0/fixed=0/frozen=0 (56)
  a_h                indi=56/shared=0/fixed=0/frozen=0 (56)
  a_sti_mid          indi=0/shared=0/fixed=4/frozen=0 (0)
device=cuda, model=hp_lp, syn_mode=per_cell, euler=implicit, pre_steady=solve, n_run=1, n_iter=150, lrs=[0.1], n_z=1482, fname=train_hp_lp.npy
checkpoint_interval=1000

round 0

  0%|          | 0/150 [00:00<?, ?it/s] Cost: 3861942.7500  [spread_bright_L5=636991.8125  spread_bright_Mi1=479847.6250  spread_bright_Mi4=769891.6875  spread_dark_L1=443313.6875  spread_dark_L2=471065.0000  spread_dark_L3=421376.8438  spread_dark_L4=561291.0625  sbar_bright_T4a_mid+0=32167.4004  sbar_dark_T4a_mid+0=5774.8247]  7%|▋         | 10/150 [00:10<02:21,  1.01s/it] Cost: 2638837.7500  [spread_bright_L5=147705.7344  spread_bright_Mi1=441244.8125  spread_bright_Mi4=747969.5625  spread_dark_L1=160669.3594  spread_dark_L2=196759.3594  spread_dark_L3=336464.5938  spread_dark_L4=534417.3125  sbar_bright_T4a_mid+0=31550.3457  sbar_dark_T4a_mid+0=5300.8403]:  13%|█▎        | 20/150 [00:20<02:10,  1.00s/it] Cost: 2380393.0000  [spread_bright_L5=127678.4453  spread_bright_Mi1=403565.2812  spread_bright_Mi4=748490.5625  spread_dark_L1=151303.8906  spread_dark_L2=183929.2188  spread_dark_L3=292799.4688  spread_dark_L4=400530.9375  sbar_bright_T4a_mid+0=31092.5410  sbar_dark_T4a_mid+0=5115.4980]:  20%|██        | 30/150 [00:30<02:00,  1.01s/it] Cost: 2071995.7500  [spread_bright_L5=143314.5469  spread_bright_Mi1=341071.4688  spread_bright_Mi4=748561.8125  spread_dark_L1=120949.6562  spread_dark_L2=174887.9219  spread_dark_L3=255623.0938  spread_dark_L4=223756.4688  sbar_bright_T4a_mid+0=27344.7891  sbar_dark_T4a_mid+0=4093.9197]:  27%|██▋       | 40/150 [00:40<01:50,  1.01s/it] Cost: 1945636.6250  [spread_bright_L5=119855.4062  spread_bright_Mi1=335096.9688  spread_bright_Mi4=748023.5625  spread_dark_L1=105360.7188  spread_dark_L2=158934.2969  spread_dark_L3=225733.6406  spread_dark_L4=200291.3125  sbar_bright_T4a_mid+0=21920.4434  sbar_dark_T4a_mid+0=3697.0581]:  33%|███▎      | 50/150 [00:50<01:40,  1.00s/it] Cost: 1848700.5000  [spread_bright_L5=120276.6328  spread_bright_Mi1=308023.2500  spread_bright_Mi4=740131.5625  spread_dark_L1=91728.6719  spread_dark_L2=129523.6641  spread_dark_L3=215405.1875  spread_dark_L4=193269.1406  sbar_bright_T4a_mid+0=19139.9316  sbar_dark_T4a_mid+0=4155.1841]:   40%|████      | 60/150 [01:00<01:30,  1.00s/it] Cost: 1667617.0000  [spread_bright_L5=110932.5000  spread_bright_Mi1=236247.1875  spread_bright_Mi4=682921.3125  spread_dark_L1=87830.1016  spread_dark_L2=114727.6719  spread_dark_L3=198732.1406  spread_dark_L4=195192.1406  sbar_bright_T4a_mid+0=14766.4580  sbar_dark_T4a_mid+0=2477.2068]:  47%|████▋     | 70/150 [01:10<01:20,  1.00s/it] Cost: 1444641.0000  [spread_bright_L5=108062.8984  spread_bright_Mi1=215067.0312  spread_bright_Mi4=533706.5000  spread_dark_L1=78353.9531  spread_dark_L2=106698.0703  spread_dark_L3=179616.4062  spread_dark_L4=181202.2031  sbar_bright_T4a_mid+0=13351.7891  sbar_dark_T4a_mid+0=2469.9319]:  53%|█████▎    | 80/150 [01:20<01:10,  1.01s/it] Cost: 1213214.3750  [spread_bright_L5=104374.2969  spread_bright_Mi1=210801.6094  spread_bright_Mi4=330739.5312  spread_dark_L1=76817.5625  spread_dark_L2=101187.4766  spread_dark_L3=169651.9688  spread_dark_L4=178735.2812  sbar_bright_T4a_mid+0=15079.4727  sbar_dark_T4a_mid+0=1947.2236]:  60%|██████    | 90/150 [01:30<01:00,  1.01s/it] Cost: 1093812.0000  [spread_bright_L5=94006.3203  spread_bright_Mi1=184661.6094  spread_bright_Mi4=260157.5000  spread_dark_L1=77843.9922  spread_dark_L2=93176.7969  spread_dark_L3=160104.7969  spread_dark_L4=184969.7656  sbar_bright_T4a_mid+0=11473.1895  sbar_dark_T4a_mid+0=1815.2850]:    67%|██████▋   | 100/150 [01:40<00:50,  1.01s/it] Cost: 1026877.6250  [spread_bright_L5=93516.1562  spread_bright_Mi1=165071.9844  spread_bright_Mi4=233560.9844  spread_dark_L1=73965.0391  spread_dark_L2=89808.9609  spread_dark_L3=154589.7031  spread_dark_L4=178935.5000  sbar_bright_T4a_mid+0=13393.1406  sbar_dark_T4a_mid+0=1520.7428]:  73%|███████▎  | 110/150 [01:50<00:40,  1.00s/it] Cost: 945664.8125  [spread_bright_L5=88976.4922  spread_bright_Mi1=151829.3125  spread_bright_Mi4=184758.2656  spread_dark_L1=71570.5781  spread_dark_L2=86545.2422  spread_dark_L3=149338.5625  spread_dark_L4=175368.8594  sbar_bright_T4a_mid+0=11978.5947  sbar_dark_T4a_mid+0=1602.6650]:   80%|████████  | 120/150 [02:00<00:30,  1.00s/it] Cost: 878513.7500  [spread_bright_L5=86599.8438  spread_bright_Mi1=140806.3906  spread_bright_Mi4=144592.8906  spread_dark_L1=70433.3438  spread_dark_L2=81593.1875  spread_dark_L3=144164.9531  spread_dark_L4=173767.6406  sbar_bright_T4a_mid+0=12536.2324  sbar_dark_T4a_mid+0=1612.4070]:  87%|████████▋ | 130/150 [02:10<00:20,  1.00s/it] Cost: 832399.9375  [spread_bright_L5=83460.8906  spread_bright_Mi1=131777.2812  spread_bright_Mi4=125140.8984  spread_dark_L1=68628.7734  spread_dark_L2=78393.1641  spread_dark_L3=139349.9375  spread_dark_L4=169458.2812  sbar_bright_T4a_mid+0=12271.8271  sbar_dark_T4a_mid+0=1425.1416]:  93%|█████████▎| 140/150 [02:20<00:10,  1.00s/it] Cost: 798949.8125  [spread_bright_L5=79257.4609  spread_bright_Mi1=124063.3984  spread_bright_Mi4=118147.1953  spread_dark_L1=67895.9453  spread_dark_L2=77128.7031  spread_dark_L3=132044.8281  spread_dark_L4=164717.2500  sbar_bright_T4a_mid+0=12394.1670  sbar_dark_T4a_mid+0=1358.3489]: 100%|██████████| 150/150 [02:30<00:00,  1.00s/it] Cost: 778293.0000  [spread_bright_L5=76871.8203  spread_bright_Mi1=118867.6406  spread_bright_Mi4=114553.5312  spread_dark_L1=65851.7422  spread_dark_L2=75286.9453  spread_dark_L3=131472.1406  spread_dark_L4=160009.0000  sbar_bright_T4a_mid+0=11724.4297  sbar_dark_T4a_mid+0=1369.1099]: 100%|██████████| 150/150 [02:30<00:00,  1.00s/it] Cost: 778293.0000  [spread_bright_L5=76871.8203  spread_bright_Mi1=118867.6406  spread_bright_Mi4=114553.5312  spread_dark_L1=65851.7422  spread_dark_L2=75286.9453  spread_dark_L3=131472.1406  spread_dark_L4=160009.0000  sbar_bright_T4a_mid+0=11724.4297  sbar_dark_T4a_mid+0=1369.1099]: 

Initl cost = 3861942.7500  [spread_bright_L5=636991.8125  spread_bright_Mi1=479847.6250  spread_bright_Mi4=769891.6875  spread_dark_L1=443313.6875  spread_dark_L2=471065.0000  spread_dark_L3=421376.8438  spread_dark_L4=561291.0625  sbar_bright_T4a_mid+0=32167.4004  sbar_dark_T4a_mid+0=5774.8247]
Final cost = 775332.2500  [spread_bright_L5=76949.3828  spread_bright_Mi1=118709.8828  spread_bright_Mi4=114796.5938  spread_dark_L1=65572.6875  spread_dark_L2=74467.4453  spread_dark_L3=129995.2969  spread_dark_L4=159507.3125  sbar_bright_T4a_mid+0=11728.5029  sbar_dark_T4a_mid+0=1357.9926]
Best  cost = 775302.2500  [spread_bright_L5=77172.1328  spread_bright_Mi1=119256.7891  spread_bright_Mi4=114893.7656  spread_dark_L1=66007.9766  spread_dark_L2=75151.7656  spread_dark_L3=126984.8828  spread_dark_L4=160443.8906  sbar_bright_T4a_mid+0=11867.1006  sbar_dark_T4a_mid+0=1368.4573]
time needed  = 154.93  sec

done in 0.04 hours
wrote /home/yitai/drosophila_vision/vision/simulation/0_runs/hp_lp/29636095-run-n_iter-150-tasks-spread,sbar-param.a_sti_mid.inits-0.5-0,1-0,1.5-0,2-0/data/best_adam.npz (best run #0)
wrote table: /home/yitai/drosophila_vision/vision/simulation/0_runs/hp_lp/29636095-run-n_iter-150-tasks-spread,sbar-param.a_sti_mid.inits-0.5-0,1-0,1.5-0,2-0/param.csv (best run #0, cost=775302.3125)
wrote table: /home/yitai/drosophila_vision/vision/simulation/0_runs/hp_lp/29636095-run-n_iter-150-tasks-spread,sbar-param.a_sti_mid.inits-0.5-0,1-0,1.5-0,2-0/syn_strength_cell.csv
/home/yitai/drosophila_vision/vision/simulation/5_figure/1_panel.py:834: UserWarning: This figure includes Axes that are not compatible with tight_layout, so results might be incorrect.
  fig.tight_layout()
plot /home/yitai/drosophila_vision/vision/simulation/0_runs/hp_lp/29636095-run-n_iter-150-tasks-spread,sbar-param.a_sti_mid.inits-0.5-0,1-0,1.5-0,2-0/cost.png: prep=0.0s  plot_s=0.3s  save=2.1s  elapsed_s=2.4s
plot device=cuda (NVIDIA A100 80GB PCIe MIG 1g.20gb)
1 trained set(s); costs min=775302.3125 max=775302.3125; selected #0 (from saved final costs)
plot /home/yitai/drosophila_vision/vision/simulation/0_runs/hp_lp/29636095-run-n_iter-150-tasks-spread,sbar-param.a_sti_mid.inits-0.5-0,1-0,1.5-0,2-0/spread_gt_v.png: prep=0.4s  plot_s=0.1s  save=0.4s  elapsed_s=0.8s
plot /home/yitai/drosophila_vision/vision/simulation/0_runs/hp_lp/29636095-run-n_iter-150-tasks-spread,sbar-param.a_sti_mid.inits-0.5-0,1-0,1.5-0,2-0/spread_all_v.png: prep=0.0s  plot_s=0.7s  save=2.7s  elapsed_s=3.4s
plot /home/yitai/drosophila_vision/vision/simulation/0_runs/hp_lp/29636095-run-n_iter-150-tasks-spread,sbar-param.a_sti_mid.inits-0.5-0,1-0,1.5-0,2-0/sbar_gt_v.png: prep=0.7s  plot_s=0.3s  save=0.2s  elapsed_s=1.2s
plot /home/yitai/drosophila_vision/vision/simulation/0_runs/hp_lp/29636095-run-n_iter-150-tasks-spread,sbar-param.a_sti_mid.inits-0.5-0,1-0,1.5-0,2-0/sbar_all_v.png: prep=0.0s  plot_s=1.2s  save=1.7s  elapsed_s=3.0s
