Job ID: 29635699
Node:   spartan-gpgpu099
GPU:    0
GPU 0: NVIDIA A100 80GB PCIe (UUID: GPU-322f5568-e44f-6ee4-45a8-e5d9489b443e)
  MIG 1g.10gb     Device  0: (UUID: MIG-ace11207-eb99-5c15-abb5-bb9fa039e334)
GPU 1: NVIDIA A100 80GB PCIe (UUID: GPU-14844a85-9bf8-1cac-86bb-ab42ec5dba78)
GPU 2: NVIDIA A100 80GB PCIe (UUID: GPU-40730cdb-5070-f06f-e8e1-92c3b4bc8f18)
GPU 3: NVIDIA A100 80GB PCIe (UUID: GPU-705f91ce-5278-67b6-77ed-ac45a7d89e43)
cuda: True NVIDIA A100 80GB PCIe MIG 1g.10gb
Start:  Wed 26 Aug 2026 23:24:02 AEST
==== config ====
{'RUN_NAME': '29634591-run-n_iter-200-tasks-spread,sbar',
 'RUN_PATH': 'hp_lp/29634591-run-n_iter-200-tasks-spread,sbar',
 'MODEL': {'delta_ms': 2.0,
           'delta_ms_pre': 2.0,
           'cap': 40.0,
           'g_leak': 1.0,
           'e_exc': 10.0,
           'e_inh': -70.0,
           'e_h': 50.0,
           'h_g_max': 100.0,
           'gt_amp': 20.0,
           'v_clamp': 100.0,
           'a_syn_exc': 0.001,
           'a_syn_inh': 0.001,
           'euler': 'im'},
 'NEURON_SCHEMA': {'model': 'hp_lp',
                   'filter': 'none',
                   'syn_mode': 'per_cell',
                   'a_lo': 0.1,
                   'a_hi': 10.0,
                   'h_cells': ['L1', 'L2', 'L4', 'L5'],
                   'params': {'a_gt': {'lo': 0.5, 'hi': 2.0, 'init': 1.0, 'jit': 0.1, 'mode': 'indi'},
                              'bias_gt': {'lo': -200.0, 'hi': 200.0, 'init': 0.0, 'jit': 1.0, 'mode': 'indi'},
                              'syn_strength_cell': {'lo': 0.1,
                                                    'hi': 10.0,
                                                    'init': 1.0,
                                                    'inits': {'Mi9:T4a': 0.0, 'TmY15:T4a': 0.0},
                                                    'jit': 0.1,
                                                    'mode': 'indi',
                                                    'modes': {'indi': ['Mi4:T4a',
                                                                       'Mi4:T4b',
                                                                       'Mi4:T4c',
                                                                       'Mi4:T4d',
                                                                       'Mi9:T4b',
                                                                       'Mi9:T4c',
                                                                       'Mi9:T4d'],
                                                              'fixed': ['Mi9:T4a', 'TmY15:T4a']}},
                              'syn_strength_edge': {'lo': 0.1, 'hi': 10.0, 'init': 1.0, 'jit': 0.1, 'mode': 'indi'},
                              'a_in': {'lo': 0.01, 'hi': 100.0, 'init': 1.0, 'jit': 0.1, 'mode': 'shared'},
                              'a_out': {'lo': 0.1, 'hi': 10.0, 'init': 1.0, 'jit': 0.1, 'mode': 'indi'},
                              'e_leak': {'lo': -50.0, 'hi': 50.0, 'init': 0.0, 'jit': 1.0, 'mode': 'indi'},
                              'v_th': {'lo': -100.0, 'hi': 100.0, 'init': -50.0, 'jit': 0.0, 'mode': 'indi'},
                              'tau_lp': {'lo': 10.0, 'hi': 100.0, 'init': 10.0, 'jit': 2.0, 'mode': 'indi'},
                              'tau_hp_rise': {'lo': 100.0, 'hi': 500.0, 'init': 200.0, 'jit': 20.0, 'mode': 'indi'},
                              'tau_hp_fall': {'lo': 100.0, 'hi': 500.0, 'init': 200.0, 'jit': 20.0, 'mode': 'indi'},
                              'a_h': {'lo': 0.0,
                                      'hi': 1.0,
                                      'init': 0.0,
                                      'inits': {'L1': 0.5, 'L2': 0.5, 'L4': 0.5, 'L5': 0.5},
                                      'jit': 0.1,
                                      'mode': 'indi'},
                              'v_mid_h_g': {'lo': -70.0, 'hi': -30.0, 'init': -50.0, 'jit': 5.0, 'mode': 'shared'},
                              'v_mid_h_tau': {'lo': -70.0, 'hi': -40.0, 'init': -50.0, 'jit': 5.0, 'mode': 'shared'},
                              'h_slope': {'lo': -0.4, 'hi': -0.2, 'init': -0.25, 'jit': 0.02, 'mode': 'shared'},
                              'a_h_rev': {'lo': 0.0,
                                          'hi': 1.0,
                                          'init': 0.0,
                                          'jit': 0.1,
                                          'mode': 'fixed',
                                          'modes': {'indi': ['L1', 'L2', 'L4', 'L5']}},
                              'v_mid_h_g_rev': {'lo': -70.0, 'hi': -30.0, 'init': -50.0, 'jit': 5.0, 'mode': 'shared'},
                              'v_mid_h_tau_rev': {'lo': -70.0,
                                                  'hi': -40.0,
                                                  'init': -50.0,
                                                  'jit': 5.0,
                                                  'mode': 'shared'},
                              'h_slope_rev': {'lo': -0.4, 'hi': -0.2, 'init': -0.25, 'jit': 0.02, 'mode': 'shared'},
                              'v_th_ca': {'lo': -100.0, 'hi': 100.0, 'init': -50.0, 'jit': 0.0, 'mode': 'indi'},
                              'a_ca': {'lo': 0.1, 'hi': 10.0, 'init': 1.0, 'jit': 0.1, 'mode': 'indi'},
                              'tau_ca': {'lo': 100.0, 'hi': 1000.0, 'init': 350.0, 'jit': 10.0, 'mode': 'indi'},
                              'a_sti_radius': {'lo': 0.0, 'hi': 1.0, 'init': 0.0, 'jit': 0.05, 'mode': 'indi'},
                              'a_sti_mid': {'lo': 0.0,
                                            'hi': 1.0,
                                            'init': 0.0,
                                            'inits': {'0.5': 0.9, '1': 0.66, '1.5': 0.4, '2': 0.2},
                                            'jit': 0.05,
                                            'mode': 'fixed'}}},
 'NEURON_FORWARD': {'pre_grad': True},
 'NETWORK_PATH': {'network': 'right_min_neuron1_r10'},
 'SPREAD_INPUT_SPEC': {'ms_pre': 20.0, 'ms_sti': 160.0, 'ms_response': 600.0, 'ms_post': 0.0},
 'SPREAD_GT': {'spread_gt_mode': 'pos'},
 'SPOT_INPUT_GEO': {'spot_radius': 1.0, 'fully_inside': True, 'multi_spot': True, 'shift_radius': 1.0},
 'SPOT_PACK': {'spot_cost_radii': [0, 1, 2],
               'a_sti_radii': [1, 2],
               'spot_cost_radius_scale': {0: 1.0, 1: 0.3333333333333333, 2: 0.3333333333333333}},
 'SBAR_INPUT_GEO': {'multi_bar': False, 'bar_dist': 4, 'shift_mid': 0},
 'SBAR_PACK': {'a_sti_mids': [0.5, 1.0, 1.5, 2.0]},
 'MBAR_INPUT_SPEC': {'ms_pre': 20.0, 'bar_ws_deg': [2.25, 9.0], 'bar_directions': ['right', 'left', 'up', 'down']},
 'TRAIN_CONFIG': {'tasks': ['spread', 'sbar'],
                  'contrasts': ['bright'],
                  'i_sti': {'bright': 40.0, 'dark': 0.0},
                  'gt_by_task': {'spread': ['L1', 'L2', 'L3', 'L4', 'L5', 'Mi1', 'Mi4'], 'sbar': ['T4a']},
                  'cost_radius': None},
 'VAL_FROM': {'bias_gt': {'source': 'v_onset', 'enabled': True},
              'v_th_ca': {'source': 'v_th', 'enabled': False},
              'a_ca': {'source': 'a_out', 'enabled': False},
              'a_h_rev': {'source': 'a_h', 'enabled': False},
              'v_mid_h_g_rev': {'source': 'v_mid_h_g', 'enabled': False},
              'h_slope_rev': {'source': 'h_slope', 'enabled': False},
              'v_mid_h_tau_rev': {'source': 'v_mid_h_tau', 'enabled': False}},
 'TRAIN_OPTIMIZATION': {'part_cost_scales': {'spread': 1},
                        'cost_norm': 'a_gt2',
                        'cost_ms': None,
                        'pre_steady': 'solve',
                        'pre_steady_n_iter': 50,
                        'pre_steady_damp': 0.1,
                        'n_run': 1,
                        'n_iter': 0,
                        'lrs': [0.1],
                        'checkpoint_interval': 1000},
 'TRAIN_SESSION': {'fp': 32, 'sequential': False},
 'FIGURE_PLOT': {'tasks': ['spread', 'sbar'],
                 'sbar_figure_cells': ['R1-6', 'L1', 'L2', 'L3', 'L4', 'L5', 'Mi1', 'Mi4', 'T4a'],
                 'html': False,
                 'plot_right_only': True,
                 'x': None,
                 'y': None,
                 'align_xy': None,
                 'ms_shown': None},
 'FIGURE_PLOT_STI_SPOT': {'spot_radii': [0.5, 1.0, 1.5, 2.0], 'output': None},
 'FIGURE_PLOT_STI_MBAR': {'output': None,
                          'gif': False,
                          'gif_output': None,
                          't_stride': 2,
                          't': None,
                          'direction': 'left'},
 'ANALYZE_RUNS': ['hp_lp/29634591-run-n_iter-200-tasks-spread,sbar'],
 'ANALYZE_CELL_DYNAMICS': {'cells': None,
                           'spec': None,
                           'mid': None,
                           'node': None,
                           'radius': 0,
                           't_rel_start': None,
                           't_rel_stop': None,
                           'figure': True,
                           'json': False,
                           'a_mid': None},
 'ANALYZE_SYN_SIGN': {'bins': 20, 'after_train': False, 'post': False},
 'ANALYZE_TRACE': {'trace_osc_min_f': 0.5,
                   'trace_osc_max_f': 20.0,
                   'trace_osc_peak_threshold': 0.5,
                   'trace_osc_z_threshold': 2.0,
                   'trace_osc_snr_min': 2.0,
                   'trace_drift_min_slope_mv_over_s': 1.0,
                   'trace_drift_min_r': 0.5,
                   'trace_baseline_ms': 200.0,
                   'trace_flat_max_abs': 0.5,
                   'trace_flat_v_peak_to_peak_max': 1.0,
                   'trace_flat_abs_mean': 0.2,
                   'check': None,
                   'baseline_ms_shown': None},
 'ANALYZE_COST_PART': {'part': None,
                       'cost_norm': None,
                       'stride': 1,
                       'per_node': False,
                       'csv': None,
                       'print_parts': False}}
==== end config ====
config: {'run_name': '29634591-run-n_iter-200-tasks-spread,sbar', 'run_path': 'hp_lp/${run_name}', 'delta_ms': 2.0, 'delta_ms_pre': 2.0, 'cap': 40.0, 'g_leak': 1.0, 'e_exc': 10.0, 'e_inh': -70.0, 'e_h': 50.0, 'h_g_max': 100.0, 'gt_amp': 20.0, 'v_clamp': 100.0, 'a_syn_exc': 0.001, 'a_syn_inh': 0.001, 'euler': 'im', 'model': 'hp_lp', 'filter': 'none', 'syn_mode': 'per_cell', 'a_lo': 0.1, 'a_hi': 10.0, 'h_cells': ['L1', 'L2', 'L4', 'L5'], 'params': {'a_gt': {'lo': 0.5, 'hi': 2.0, 'init': 1.0, 'jit': 0.1, 'mode': 'indi'}, 'bias_gt': {'lo': -200.0, 'hi': 200.0, 'init': 0.0, 'jit': 1.0, 'mode': 'indi'}, 'syn_strength_cell': {'lo': 0.1, 'hi': 10.0, 'init': 1.0, 'inits': {'Mi9:T4a': 0.0, 'TmY15:T4a': 0.0}, 'jit': 0.1, 'mode': 'indi', 'modes': {'indi': ['Mi4:T4a', 'Mi4:T4b', 'Mi4:T4c', 'Mi4:T4d', 'Mi9:T4b', 'Mi9:T4c', 'Mi9:T4d'], 'fixed': ['Mi9:T4a', 'TmY15:T4a']}}, 'syn_strength_edge': {'lo': 0.1, 'hi': 10.0, 'init': 1.0, 'jit': 0.1, 'mode': 'indi'}, 'a_in': {'lo': 0.01, 'hi': 100.0, 'init': 1.0, 'jit': 0.1, 'mode': 'shared'}, 'a_out': {'lo': 0.1, 'hi': 10.0, 'init': 1.0, 'jit': 0.1, 'mode': 'indi'}, 'e_leak': {'lo': -50.0, 'hi': 50.0, 'init': 0.0, 'jit': 1.0, 'mode': 'indi'}, 'v_th': {'lo': -100.0, 'hi': 100.0, 'init': -50.0, 'jit': 0.0, 'mode': 'indi'}, 'tau_lp': {'lo': 10.0, 'hi': 100.0, 'init': 10.0, 'jit': 2.0, 'mode': 'indi'}, 'tau_hp_rise': {'lo': 100.0, 'hi': 500.0, 'init': 200.0, 'jit': 20.0, 'mode': 'indi'}, 'tau_hp_fall': {'lo': 100.0, 'hi': 500.0, 'init': 200.0, 'jit': 20.0, 'mode': 'indi'}, 'a_h': {'lo': 0.0, 'hi': 1.0, 'init': 0.0, 'inits': {'L1': 0.5, 'L2': 0.5, 'L4': 0.5, 'L5': 0.5}, 'jit': 0.1, 'mode': 'indi'}, 'v_mid_h_g': {'lo': -70.0, 'hi': -30.0, 'init': -50.0, 'jit': 5.0, 'mode': 'shared'}, 'v_mid_h_tau': {'lo': -70.0, 'hi': -40.0, 'init': -50.0, 'jit': 5.0, 'mode': 'shared'}, 'h_slope': {'lo': -0.4, 'hi': -0.2, 'init': -0.25, 'jit': 0.02, 'mode': 'shared'}, 'a_h_rev': {'lo': 0.0, 'hi': 1.0, 'init': 0.0, 'jit': 0.1, 'mode': 'fixed', 'modes': {'indi': '${h_cells}'}}, 'v_mid_h_g_rev': {'lo': -70.0, 'hi': -30.0, 'init': -50.0, 'jit': 5.0, 'mode': 'shared'}, 'v_mid_h_tau_rev': {'lo': -70.0, 'hi': -40.0, 'init': -50.0, 'jit': 5.0, 'mode': 'shared'}, 'h_slope_rev': {'lo': -0.4, 'hi': -0.2, 'init': -0.25, 'jit': 0.02, 'mode': 'shared'}, 'v_th_ca': {'lo': -100.0, 'hi': 100.0, 'init': -50.0, 'jit': 0.0, 'mode': 'indi'}, 'a_ca': {'lo': 0.1, 'hi': 10.0, 'init': 1.0, 'jit': 0.1, 'mode': 'indi'}, 'tau_ca': {'lo': 100.0, 'hi': 1000.0, 'init': 350.0, 'jit': 10.0, 'mode': 'indi'}, 'a_sti_radius': {'lo': 0.0, 'hi': 1.0, 'init': 0.0, 'jit': 0.05, 'mode': 'indi'}, 'a_sti_mid': {'lo': 0.0, 'hi': 1.0, 'init': 0.0, 'inits': {'0.5': 0.9, '1': 0.66, '1.5': 0.4, '2': 0.2}, 'jit': 0.05, 'mode': 'fixed'}}, 'pre_grad': True, 'network': 'right_min_neuron1_r10', 'i_sti': {'bright': 40.0, 'dark': 0.0}, 'contrasts': ['bright'], 'ms_pre': 20.0, 'ms_sti': 160.0, 'ms_response': 600.0, 'ms_post': 0.0, 'spread_gt_mode': 'pos', 'spot_radius': 1.0, 'fully_inside': True, 'multi_spot': True, 'shift_radius': 1.0, 'spot_cost_radii': [0, 1, 2], 'a_sti_radii': [1, 2], 'spot_cost_radius_scale': {0: 1.0, 1: 0.3333333333333333, 2: 0.3333333333333333}, 'multi_bar': False, 'bar_dist': 4, 'shift_mid': 0, 'a_sti_mids': [0.5, 1, 1.5, 2], 'bar_ws_deg': [2.25, 9.0], 'bar_directions': ['right', 'left', 'up', 'down'], 'tasks': ['spread', 'sbar'], 'gt_by_task': {'spread': ['L1', 'L2', 'L3', 'L4', 'L5', 'Mi1', 'Mi4'], 'sbar': ['T4a']}, 'cost_radius': None, 'param_vals': {}, 'val_from': {'bias_gt': {'source': 'v_onset', 'enabled': True}, 'v_th_ca': {'source': 'v_th', 'enabled': False}, 'a_ca': {'source': 'a_out', 'enabled': False}, 'a_h_rev': {'source': 'a_h', 'enabled': False}, 'v_mid_h_g_rev': {'source': 'v_mid_h_g', 'enabled': False}, 'h_slope_rev': {'source': 'h_slope', 'enabled': False}, 'v_mid_h_tau_rev': {'source': 'v_mid_h_tau', 'enabled': False}}, 'part_cost_scales': {'spread': 1}, 'cost_norm': 'a_gt2', 'cost_ms': None, 'pre_steady': 'solve', 'pre_steady_n_iter': 50, 'pre_steady_damp': 0.1, 'n_run': 1, 'n_iter': 150, 'lrs': [0.1], 'checkpoint_interval': 1000, 'init_from': None, 'fp': 32, 'sequential': False, 'spot_radii': [0.5, 1.0, 1.5, 2.0], 'spot_plot_output': None, 'mbar_plot_output': None, 'mbar_plot_gif': False, 'mbar_plot_gif_output': None, 'mbar_plot_t_stride': 2, 'mbar_plot_t': None, 'mbar_plot_direction': 'left', 'figure_tasks': ['spread', 'sbar'], 'sbar_figure_cells': ['R1-6', 'L1', 'L2', 'L3', 'L4', 'L5', 'Mi1', 'Mi4', 'T4a'], 'html': False, 'plot_right_only': True, 'x': None, 'y': None, 'align_xy': None, 'ms_shown': None, 'analyze_runs': None, 'cells': None, 'spec': None, 'mid': None, 'node': None, 'radius': 0, 't_rel_start': None, 't_rel_stop': None, 'analyze_figure': True, 'analyze_json': False, 'post': False, 'check': None, 'baseline_ms_shown': None, 'part': None, 'analyze_cost_norm': None, 'stride': 1, 'per_node': False, 'cost_part_csv': None, 'print_parts': False, 'bins': 20, 'after_train': False, 'trace_osc_min_f': 0.5, 'trace_osc_max_f': 20.0, 'trace_osc_peak_threshold': 0.5, 'trace_osc_z_threshold': 2.0, 'trace_osc_snr_min': 2.0, 'trace_drift_min_slope_mv_over_s': 1.0, 'trace_drift_min_r': 0.5, 'trace_baseline_ms': 200.0, 'trace_flat_max_abs': 0.5, 'trace_flat_v_peak_to_peak_max': 1.0, 'trace_flat_abs_mean': 0.2}
param_modes:
  a_gt               indi=56/shared=0/fixed=0/frozen=0 (56)
  bias_gt            indi=0/shared=0/fixed=0/frozen=56 (0)
  syn_strength_cell  indi=1033/shared=0/fixed=2/frozen=0 (1033)
  a_in               indi=0/shared=56/fixed=0/frozen=0 (1)
  a_out              indi=56/shared=0/fixed=0/frozen=0 (56)
  e_leak             indi=56/shared=0/fixed=0/frozen=0 (56)
  v_th               indi=56/shared=0/fixed=0/frozen=0 (56)
  tau_lp             indi=56/shared=0/fixed=0/frozen=0 (56)
  tau_hp_rise        indi=56/shared=0/fixed=0/frozen=0 (56)
  tau_hp_fall        indi=56/shared=0/fixed=0/frozen=0 (56)
  a_h                indi=56/shared=0/fixed=0/frozen=0 (56)
  a_sti_mid          indi=0/shared=0/fixed=4/frozen=0 (0)
device=cuda, model=hp_lp, syn_mode=per_cell, euler=implicit, pre_steady=solve, n_run=1, n_iter=150, lrs=[0.1], n_z=1482, fname=train_hp_lp.npy
checkpoint_interval=1000

round 0

  0%|          | 0/150 [00:00<?, ?it/s] Cost: 4158534.2500  [spread_bright_L5=1356896.3750  spread_bright_Mi1=1019691.3125  spread_bright_Mi4=1642449.8750  sbar_bright_T4a_mid+0=68313.1016]  7%|▋         | 10/150 [00:09<02:18,  1.01it/s] Cost: 3128922.5000  [spread_bright_L5=542165.5625  spread_bright_Mi1=865325.8750  spread_bright_Mi4=1588468.8750  sbar_bright_T4a_mid+0=66825.6953]:  13%|█▎        | 20/150 [00:19<02:07,  1.02it/s] Cost: 2755416.2500  [spread_bright_L5=187604.3906  spread_bright_Mi1=850413.5000  spread_bright_Mi4=1588843.3750  sbar_bright_T4a_mid+0=64419.6445]:  20%|██        | 30/150 [00:29<01:58,  1.01it/s] Cost: 2711022.0000  [spread_bright_L5=187567.1406  spread_bright_Mi1=831192.2500  spread_bright_Mi4=1586176.8750  sbar_bright_T4a_mid+0=53921.8086]:  27%|██▋       | 40/150 [00:39<01:49,  1.01it/s] Cost: 2609450.5000  [spread_bright_L5=185188.5781  spread_bright_Mi1=789290.6250  spread_bright_Mi4=1536971.7500  sbar_bright_T4a_mid+0=49808.5156]:  33%|███▎      | 50/150 [00:49<01:39,  1.01it/s] Cost: 2196442.7500  [spread_bright_L5=198836.9844  spread_bright_Mi1=650616.0000  spread_bright_Mi4=1242557.2500  sbar_bright_T4a_mid+0=43366.3281]:  40%|████      | 60/150 [00:59<01:29,  1.01it/s] Cost: 1925151.6250  [spread_bright_L5=211693.0781  spread_bright_Mi1=573157.1250  spread_bright_Mi4=1038155.3125  sbar_bright_T4a_mid+0=40070.2852]:  47%|████▋     | 70/150 [01:09<01:19,  1.01it/s] Cost: 1533831.1250  [spread_bright_L5=228527.3906  spread_bright_Mi1=532531.2500  spread_bright_Mi4=690036.8125  sbar_bright_T4a_mid+0=34841.8828]:   53%|█████▎    | 80/150 [01:19<01:09,  1.01it/s] Cost: 1181842.5000  [spread_bright_L5=218474.7969  spread_bright_Mi1=382102.1875  spread_bright_Mi4=503638.0938  sbar_bright_T4a_mid+0=29516.8906]:  60%|██████    | 90/150 [01:29<00:59,  1.01it/s] Cost: 1011753.1875  [spread_bright_L5=186853.9844  spread_bright_Mi1=321329.8750  spread_bright_Mi4=430390.5938  sbar_bright_T4a_mid+0=27528.0078]:  67%|██████▋   | 100/150 [01:38<00:49,  1.02it/s] Cost: 897349.0625  [spread_bright_L5=166783.4844  spread_bright_Mi1=279624.6250  spread_bright_Mi4=382253.3125  sbar_bright_T4a_mid+0=25236.5762]:  73%|███████▎  | 110/150 [01:48<00:39,  1.02it/s] Cost: 833926.5000  [spread_bright_L5=158355.0938  spread_bright_Mi1=255185.6875  spread_bright_Mi4=353950.9375  sbar_bright_T4a_mid+0=25071.0059]:  80%|████████  | 120/150 [01:58<00:29,  1.02it/s] Cost: 789460.8750  [spread_bright_L5=159156.9844  spread_bright_Mi1=238612.6250  spread_bright_Mi4=326872.3125  sbar_bright_T4a_mid+0=24182.7090]:  87%|████████▋ | 130/150 [02:08<00:19,  1.02it/s] Cost: 756967.7500  [spread_bright_L5=155338.2031  spread_bright_Mi1=228136.4219  spread_bright_Mi4=309078.4688  sbar_bright_T4a_mid+0=23800.0625]:  93%|█████████▎| 140/150 [02:18<00:09,  1.02it/s] Cost: 729752.3125  [spread_bright_L5=152658.1562  spread_bright_Mi1=219669.7656  spread_bright_Mi4=293975.7500  sbar_bright_T4a_mid+0=23267.3828]: 100%|██████████| 150/150 [02:27<00:00,  1.02it/s] Cost: 706252.9375  [spread_bright_L5=150722.7344  spread_bright_Mi1=212787.1406  spread_bright_Mi4=281015.7188  sbar_bright_T4a_mid+0=22201.7266]: 100%|██████████| 150/150 [02:27<00:00,  1.01it/s] Cost: 706252.9375  [spread_bright_L5=150722.7344  spread_bright_Mi1=212787.1406  spread_bright_Mi4=281015.7188  sbar_bright_T4a_mid+0=22201.7266]: 

Initl cost = 4158534.2500  [spread_bright_L5=1356896.3750  spread_bright_Mi1=1019691.3125  spread_bright_Mi4=1642449.8750  sbar_bright_T4a_mid+0=68313.1016]
Final cost = 704218.3750  [spread_bright_L5=150762.5781  spread_bright_Mi1=212322.5000  spread_bright_Mi4=279518.5000  sbar_bright_T4a_mid+0=22186.6816]
Best  cost = 704218.3750  [spread_bright_L5=150762.5781  spread_bright_Mi1=212322.5000  spread_bright_Mi4=279518.5000  sbar_bright_T4a_mid+0=22186.6816]
time needed  = 151.52  sec

done in 0.04 hours
wrote /home/yitai/drosophila_vision/vision/simulation/0_runs/hp_lp/29635699-run-n_iter-150-tasks-spread,sbar/data/best_adam.npz (best run #0)
wrote table: /home/yitai/drosophila_vision/vision/simulation/0_runs/hp_lp/29635699-run-n_iter-150-tasks-spread,sbar/param.csv (best run #0, cost=704218.3750)
wrote table: /home/yitai/drosophila_vision/vision/simulation/0_runs/hp_lp/29635699-run-n_iter-150-tasks-spread,sbar/syn_strength_cell.csv
/home/yitai/drosophila_vision/vision/simulation/5_figure/1_panel.py:834: UserWarning: This figure includes Axes that are not compatible with tight_layout, so results might be incorrect.
  fig.tight_layout()
plot /home/yitai/drosophila_vision/vision/simulation/0_runs/hp_lp/29635699-run-n_iter-150-tasks-spread,sbar/cost.png: prep=0.0s  plot_s=0.1s  save=1.3s  elapsed_s=1.3s
plot device=cuda (NVIDIA A100 80GB PCIe MIG 1g.10gb)
1 trained set(s); costs min=704218.3750 max=704218.3750; selected #0 (from saved final costs)
plot /home/yitai/drosophila_vision/vision/simulation/0_runs/hp_lp/29635699-run-n_iter-150-tasks-spread,sbar/spread_gt_v.png: prep=0.2s  plot_s=0.1s  save=0.4s  elapsed_s=0.6s
plot /home/yitai/drosophila_vision/vision/simulation/0_runs/hp_lp/29635699-run-n_iter-150-tasks-spread,sbar/spread_all_v.png: prep=0.0s  plot_s=0.8s  save=2.5s  elapsed_s=3.3s
plot /home/yitai/drosophila_vision/vision/simulation/0_runs/hp_lp/29635699-run-n_iter-150-tasks-spread,sbar/sbar_gt_v.png: prep=0.4s  plot_s=0.2s  save=0.2s  elapsed_s=0.7s
plot /home/yitai/drosophila_vision/vision/simulation/0_runs/hp_lp/29635699-run-n_iter-150-tasks-spread,sbar/sbar_all_v.png: prep=0.0s  plot_s=1.3s  save=1.7s  elapsed_s=3.0s
