Job ID: 29636885
Node:   spartan-gpgpu099
GPU:    0
GPU 0: NVIDIA A100 80GB PCIe (UUID: GPU-322f5568-e44f-6ee4-45a8-e5d9489b443e)
  MIG 1g.10gb     Device  0: (UUID: MIG-cc28d0fd-ba38-5597-8fc5-c03fa23567bd)
GPU 1: NVIDIA A100 80GB PCIe (UUID: GPU-14844a85-9bf8-1cac-86bb-ab42ec5dba78)
GPU 2: NVIDIA A100 80GB PCIe (UUID: GPU-40730cdb-5070-f06f-e8e1-92c3b4bc8f18)
GPU 3: NVIDIA A100 80GB PCIe (UUID: GPU-705f91ce-5278-67b6-77ed-ac45a7d89e43)
cuda: True NVIDIA A100 80GB PCIe MIG 1g.10gb
Start:  Thu 27 Aug 2026 00:06:47 AEST
==== config ====
{'RUN_NAME': '29635790-run-n_iter-150-tasks-spread,sbar',
 'RUN_PATH': 'hp_lp/29635790-run-n_iter-150-tasks-spread,sbar',
 'MODEL': {'delta_ms': 2.0,
           'delta_ms_pre': 2.0,
           'cap': 40.0,
           'g_leak': 1.0,
           'e_exc': 10.0,
           'e_inh': -70.0,
           'e_h': 50.0,
           'h_g_max': 100.0,
           'gt_amp': 20.0,
           'v_clamp': 100.0,
           'a_syn_exc': 0.001,
           'a_syn_inh': 0.001,
           'euler': 'im'},
 'NEURON_SCHEMA': {'model': 'hp_lp',
                   'filter': 'none',
                   'syn_mode': 'per_cell',
                   'a_lo': 0.1,
                   'a_hi': 10.0,
                   'h_cells': ['L1', 'L2', 'L4', 'L5'],
                   'params': {'a_gt': {'lo': 0.5, 'hi': 2.0, 'init': 1.0, 'jit': 0.1, 'mode': 'indi'},
                              'bias_gt': {'lo': -200.0, 'hi': 200.0, 'init': 0.0, 'jit': 1.0, 'mode': 'indi'},
                              'syn_strength_cell': {'lo': 0.1,
                                                    'hi': 10.0,
                                                    'init': 1.0,
                                                    'inits': {'Mi9:T4a': 0.0, 'TmY15:T4a': 0.0},
                                                    'jit': 0.1,
                                                    'mode': 'indi',
                                                    'modes': {'indi': ['Mi4:T4a',
                                                                       'Mi4:T4b',
                                                                       'Mi4:T4c',
                                                                       'Mi4:T4d',
                                                                       'Mi9:T4b',
                                                                       'Mi9:T4c',
                                                                       'Mi9:T4d'],
                                                              'fixed': ['Mi9:T4a', 'TmY15:T4a']}},
                              'syn_strength_edge': {'lo': 0.1, 'hi': 10.0, 'init': 1.0, 'jit': 0.1, 'mode': 'indi'},
                              'a_in': {'lo': 0.01, 'hi': 100.0, 'init': 1.0, 'jit': 0.1, 'mode': 'shared'},
                              'a_out': {'lo': 0.1, 'hi': 10.0, 'init': 1.0, 'jit': 0.1, 'mode': 'indi'},
                              'e_leak': {'lo': -50.0, 'hi': 50.0, 'init': 0.0, 'jit': 1.0, 'mode': 'indi'},
                              'v_th': {'lo': -100.0, 'hi': 100.0, 'init': -50.0, 'jit': 0.0, 'mode': 'indi'},
                              'tau_lp': {'lo': 10.0,
                                         'hi': 100.0,
                                         'init': 10.0,
                                         'inits': {'Mi4': 200},
                                         'jit': 2.0,
                                         'mode': 'indi'},
                              'tau_hp_rise': {'lo': 100.0, 'hi': 500.0, 'init': 200.0, 'jit': 20.0, 'mode': 'indi'},
                              'tau_hp_fall': {'lo': 100.0, 'hi': 500.0, 'init': 200.0, 'jit': 20.0, 'mode': 'indi'},
                              'a_h': {'lo': 0.0,
                                      'hi': 1.0,
                                      'init': 0.0,
                                      'inits': {'L1': 0.5, 'L2': 0.5, 'L4': 0.5, 'L5': 0.5},
                                      'jit': 0.1,
                                      'mode': 'indi'},
                              'v_mid_h_g': {'lo': -70.0, 'hi': -30.0, 'init': -50.0, 'jit': 5.0, 'mode': 'shared'},
                              'v_mid_h_tau': {'lo': -70.0, 'hi': -40.0, 'init': -50.0, 'jit': 5.0, 'mode': 'shared'},
                              'h_slope': {'lo': -0.4, 'hi': -0.2, 'init': -0.25, 'jit': 0.02, 'mode': 'shared'},
                              'a_h_rev': {'lo': 0.0,
                                          'hi': 1.0,
                                          'init': 0.0,
                                          'jit': 0.1,
                                          'mode': 'fixed',
                                          'modes': {'indi': ['L1', 'L2', 'L4', 'L5']}},
                              'v_mid_h_g_rev': {'lo': -70.0, 'hi': -30.0, 'init': -50.0, 'jit': 5.0, 'mode': 'shared'},
                              'v_mid_h_tau_rev': {'lo': -70.0,
                                                  'hi': -40.0,
                                                  'init': -50.0,
                                                  'jit': 5.0,
                                                  'mode': 'shared'},
                              'h_slope_rev': {'lo': -0.4, 'hi': -0.2, 'init': -0.25, 'jit': 0.02, 'mode': 'shared'},
                              'v_th_ca': {'lo': -100.0, 'hi': 100.0, 'init': -50.0, 'jit': 0.0, 'mode': 'indi'},
                              'a_ca': {'lo': 0.1, 'hi': 10.0, 'init': 1.0, 'jit': 0.1, 'mode': 'indi'},
                              'tau_ca': {'lo': 100.0, 'hi': 1000.0, 'init': 350.0, 'jit': 10.0, 'mode': 'indi'},
                              'a_sti_radius': {'lo': 0.0, 'hi': 1.0, 'init': 0.0, 'jit': 0.05, 'mode': 'indi'},
                              'a_sti_mid': {'lo': 0.0,
                                            'hi': 1.0,
                                            'init': 0.0,
                                            'inits': {0.5: 0.9, 1: 0.66, 1.5: 0.4, 2: 0.2},
                                            'jit': 0.05,
                                            'mode': 'fixed'}}},
 'NEURON_FORWARD': {'pre_grad': True},
 'NETWORK_PATH': {'network': 'right_min_neuron1_r10'},
 'SPREAD_INPUT_SPEC': {'ms_pre': 20.0, 'ms_sti': 160.0, 'ms_response': 600.0, 'ms_post': 0.0},
 'SPREAD_GT': {'spread_gt_mode': 'pos'},
 'SPOT_INPUT_GEO': {'spot_radius': 1.0, 'fully_inside': True, 'multi_spot': True, 'shift_radius': 1.0},
 'SPOT_PACK': {'spot_cost_radii': [0, 1, 2],
               'a_sti_radii': [1, 2],
               'spot_cost_radius_scale': {0: 1.0, 1: 0.3333333333333333, 2: 0.3333333333333333}},
 'SBAR_INPUT_GEO': {'multi_bar': False, 'bar_dist': 4, 'shift_mid': 0},
 'SBAR_PACK': {'a_sti_mids': [0.5, 1.0, 1.5, 2.0]},
 'MBAR_INPUT_SPEC': {'ms_pre': 20.0, 'bar_ws_deg': [2.25, 9.0], 'bar_directions': ['right', 'left', 'up', 'down']},
 'TRAIN_CONFIG': {'tasks': ['spread', 'sbar'],
                  'contrasts': ['bright', 'dark'],
                  'i_sti': {'bright': 40.0, 'dark': 0.0},
                  'gt_by_task': {'spread': ['L1', 'L2', 'L3', 'L4', 'L5', 'Mi1', 'Mi4'], 'sbar': ['T4a']},
                  'cost_radius': None},
 'VAL_FROM': {'bias_gt': {'source': 'v_onset', 'enabled': True},
              'v_th_ca': {'source': 'v_th', 'enabled': False},
              'a_ca': {'source': 'a_out', 'enabled': False},
              'a_h_rev': {'source': 'a_h', 'enabled': False},
              'v_mid_h_g_rev': {'source': 'v_mid_h_g', 'enabled': False},
              'h_slope_rev': {'source': 'h_slope', 'enabled': False},
              'v_mid_h_tau_rev': {'source': 'v_mid_h_tau', 'enabled': False}},
 'TRAIN_OPTIMIZATION': {'part_cost_scales': {'spread': 1},
                        'cost_norm': 'a_gt2',
                        'cost_ms': None,
                        'pre_steady': 'solve',
                        'pre_steady_n_iter': 50,
                        'pre_steady_damp': 0.1,
                        'n_run': 1,
                        'n_iter': 0,
                        'lrs': [0.1],
                        'checkpoint_interval': 1000},
 'TRAIN_SESSION': {'fp': 32, 'sequential': False},
 'FIGURE_PLOT': {'tasks': ['spread', 'sbar'],
                 'sbar_figure_cells': ['R1-6', 'L1', 'L2', 'L3', 'L4', 'L5', 'Mi1', 'Mi4', 'T4a'],
                 'html': False,
                 'plot_right_only': True,
                 'x': None,
                 'y': None,
                 'align_xy': None,
                 'ms_shown': None},
 'FIGURE_PLOT_STI_SPOT': {'spot_radii': [0.5, 1.0, 1.5, 2.0], 'output': None},
 'FIGURE_PLOT_STI_MBAR': {'output': None,
                          'gif': False,
                          'gif_output': None,
                          't_stride': 2,
                          't': None,
                          'direction': 'left'},
 'ANALYZE_RUNS': ['hp_lp/29635790-run-n_iter-150-tasks-spread,sbar'],
 'ANALYZE_CELL_DYNAMICS': {'cells': None,
                           'spec': None,
                           'mid': None,
                           'node': None,
                           'radius': 0,
                           't_rel_start': None,
                           't_rel_stop': None,
                           'figure': True,
                           'json': False,
                           'a_mid': None},
 'ANALYZE_SYN_SIGN': {'bins': 20, 'after_train': False, 'post': False},
 'ANALYZE_TRACE': {'trace_osc_min_f': 0.5,
                   'trace_osc_max_f': 20.0,
                   'trace_osc_peak_threshold': 0.5,
                   'trace_osc_z_threshold': 2.0,
                   'trace_osc_snr_min': 2.0,
                   'trace_drift_min_slope_mv_over_s': 1.0,
                   'trace_drift_min_r': 0.5,
                   'trace_baseline_ms': 200.0,
                   'trace_flat_max_abs': 0.5,
                   'trace_flat_v_peak_to_peak_max': 1.0,
                   'trace_flat_abs_mean': 0.2,
                   'check': None,
                   'baseline_ms_shown': None},
 'ANALYZE_COST_PART': {'part': None,
                       'cost_norm': None,
                       'stride': 1,
                       'per_node': False,
                       'csv': None,
                       'print_parts': False}}
==== end config ====
config: {'run_name': '29635790-run-n_iter-150-tasks-spread,sbar', 'run_path': 'hp_lp/${run_name}', 'delta_ms': 2.0, 'delta_ms_pre': 2.0, 'cap': 40.0, 'g_leak': 1.0, 'e_exc': 10.0, 'e_inh': -70.0, 'e_h': 50.0, 'h_g_max': 100.0, 'gt_amp': 20.0, 'v_clamp': 100.0, 'a_syn_exc': 0.001, 'a_syn_inh': 0.001, 'euler': 'im', 'model': 'hp_lp', 'filter': 'none', 'syn_mode': 'per_cell', 'a_lo': 0.1, 'a_hi': 10.0, 'h_cells': ['L1', 'L2', 'L4', 'L5'], 'params': {'a_gt': {'lo': 0.5, 'hi': 2.0, 'init': 1.0, 'jit': 0.1, 'mode': 'indi'}, 'bias_gt': {'lo': -200.0, 'hi': 200.0, 'init': 0.0, 'jit': 1.0, 'mode': 'indi'}, 'syn_strength_cell': {'lo': 0.1, 'hi': 10.0, 'init': 1.0, 'inits': {'Mi9:T4a': 0.0, 'TmY15:T4a': 0.0}, 'jit': 0.1, 'mode': 'indi', 'modes': {'indi': ['Mi4:T4a', 'Mi4:T4b', 'Mi4:T4c', 'Mi4:T4d', 'Mi9:T4b', 'Mi9:T4c', 'Mi9:T4d'], 'fixed': ['Mi9:T4a', 'TmY15:T4a']}}, 'syn_strength_edge': {'lo': 0.1, 'hi': 10.0, 'init': 1.0, 'jit': 0.1, 'mode': 'indi'}, 'a_in': {'lo': 0.01, 'hi': 100.0, 'init': 1.0, 'jit': 0.1, 'mode': 'shared'}, 'a_out': {'lo': 0.1, 'hi': 10.0, 'init': 1.0, 'jit': 0.1, 'mode': 'indi'}, 'e_leak': {'lo': -50.0, 'hi': 50.0, 'init': 0.0, 'jit': 1.0, 'mode': 'indi'}, 'v_th': {'lo': -100.0, 'hi': 100.0, 'init': -50.0, 'jit': 0.0, 'mode': 'indi'}, 'tau_lp': {'lo': 10.0, 'hi': 100.0, 'init': 10.0, 'inits': {'Mi4': 200}, 'jit': 2.0, 'mode': 'indi'}, 'tau_hp_rise': {'lo': 100.0, 'hi': 500.0, 'init': 200.0, 'jit': 20.0, 'mode': 'indi'}, 'tau_hp_fall': {'lo': 100.0, 'hi': 500.0, 'init': 200.0, 'jit': 20.0, 'mode': 'indi'}, 'a_h': {'lo': 0.0, 'hi': 1.0, 'init': 0.0, 'inits': {'L1': 0.5, 'L2': 0.5, 'L4': 0.5, 'L5': 0.5}, 'jit': 0.1, 'mode': 'indi'}, 'v_mid_h_g': {'lo': -70.0, 'hi': -30.0, 'init': -50.0, 'jit': 5.0, 'mode': 'shared'}, 'v_mid_h_tau': {'lo': -70.0, 'hi': -40.0, 'init': -50.0, 'jit': 5.0, 'mode': 'shared'}, 'h_slope': {'lo': -0.4, 'hi': -0.2, 'init': -0.25, 'jit': 0.02, 'mode': 'shared'}, 'a_h_rev': {'lo': 0.0, 'hi': 1.0, 'init': 0.0, 'jit': 0.1, 'mode': 'fixed', 'modes': {'indi': '${h_cells}'}}, 'v_mid_h_g_rev': {'lo': -70.0, 'hi': -30.0, 'init': -50.0, 'jit': 5.0, 'mode': 'shared'}, 'v_mid_h_tau_rev': {'lo': -70.0, 'hi': -40.0, 'init': -50.0, 'jit': 5.0, 'mode': 'shared'}, 'h_slope_rev': {'lo': -0.4, 'hi': -0.2, 'init': -0.25, 'jit': 0.02, 'mode': 'shared'}, 'v_th_ca': {'lo': -100.0, 'hi': 100.0, 'init': -50.0, 'jit': 0.0, 'mode': 'indi'}, 'a_ca': {'lo': 0.1, 'hi': 10.0, 'init': 1.0, 'jit': 0.1, 'mode': 'indi'}, 'tau_ca': {'lo': 100.0, 'hi': 1000.0, 'init': 350.0, 'jit': 10.0, 'mode': 'indi'}, 'a_sti_radius': {'lo': 0.0, 'hi': 1.0, 'init': 0.0, 'jit': 0.05, 'mode': 'indi'}, 'a_sti_mid': {'lo': 0.0, 'hi': 1.0, 'init': 0.0, 'inits': {0.5: 0.9, 1: 0.66, 1.5: 0.4, 2: 0.2}, 'jit': 0.05, 'mode': 'fixed'}}, 'pre_grad': True, 'network': 'right_min_neuron1_r10', 'i_sti': {'bright': 40.0, 'dark': 0.0}, 'contrasts': ['bright', 'dark'], 'ms_pre': 20.0, 'ms_sti': 160.0, 'ms_response': 600.0, 'ms_post': 0.0, 'spread_gt_mode': 'pos', 'spot_radius': 1.0, 'fully_inside': True, 'multi_spot': True, 'shift_radius': 1.0, 'spot_cost_radii': [0, 1, 2], 'a_sti_radii': [1, 2], 'spot_cost_radius_scale': {0: 1.0, 1: 0.3333333333333333, 2: 0.3333333333333333}, 'multi_bar': False, 'bar_dist': 4, 'shift_mid': 0, 'a_sti_mids': [0.5, 1, 1.5, 2], 'bar_ws_deg': [2.25, 9.0], 'bar_directions': ['right', 'left', 'up', 'down'], 'tasks': ['spread', 'sbar'], 'gt_by_task': {'spread': ['L1', 'L2', 'L3', 'L4', 'L5', 'Mi1', 'Mi4'], 'sbar': ['T4a']}, 'cost_radius': None, 'param_vals': {}, 'val_from': {'bias_gt': {'source': 'v_onset', 'enabled': True}, 'v_th_ca': {'source': 'v_th', 'enabled': False}, 'a_ca': {'source': 'a_out', 'enabled': False}, 'a_h_rev': {'source': 'a_h', 'enabled': False}, 'v_mid_h_g_rev': {'source': 'v_mid_h_g', 'enabled': False}, 'h_slope_rev': {'source': 'h_slope', 'enabled': False}, 'v_mid_h_tau_rev': {'source': 'v_mid_h_tau', 'enabled': False}}, 'part_cost_scales': {'spread': 1}, 'cost_norm': 'a_gt2', 'cost_ms': None, 'pre_steady': 'solve', 'pre_steady_n_iter': 50, 'pre_steady_damp': 0.1, 'n_run': 1, 'n_iter': 150, 'lrs': [0.1], 'checkpoint_interval': 1000, 'init_from': None, 'fp': 32, 'sequential': False, 'spot_radii': [0.5, 1.0, 1.5, 2.0], 'spot_plot_output': None, 'mbar_plot_output': None, 'mbar_plot_gif': False, 'mbar_plot_gif_output': None, 'mbar_plot_t_stride': 2, 'mbar_plot_t': None, 'mbar_plot_direction': 'left', 'figure_tasks': ['spread', 'sbar'], 'sbar_figure_cells': ['R1-6', 'L1', 'L2', 'L3', 'L4', 'L5', 'Mi1', 'Mi4', 'T4a'], 'html': False, 'plot_right_only': True, 'x': None, 'y': None, 'align_xy': None, 'ms_shown': None, 'analyze_runs': None, 'cells': None, 'spec': None, 'mid': None, 'node': None, 'radius': 0, 't_rel_start': None, 't_rel_stop': None, 'analyze_figure': True, 'analyze_json': False, 'post': False, 'check': None, 'baseline_ms_shown': None, 'part': None, 'analyze_cost_norm': None, 'stride': 1, 'per_node': False, 'cost_part_csv': None, 'print_parts': False, 'bins': 20, 'after_train': False, 'trace_osc_min_f': 0.5, 'trace_osc_max_f': 20.0, 'trace_osc_peak_threshold': 0.5, 'trace_osc_z_threshold': 2.0, 'trace_osc_snr_min': 2.0, 'trace_drift_min_slope_mv_over_s': 1.0, 'trace_drift_min_r': 0.5, 'trace_baseline_ms': 200.0, 'trace_flat_max_abs': 0.5, 'trace_flat_v_peak_to_peak_max': 1.0, 'trace_flat_abs_mean': 0.2}
param_modes:
  a_gt               indi=56/shared=0/fixed=0/frozen=0 (56)
  bias_gt            indi=0/shared=0/fixed=0/frozen=56 (0)
  syn_strength_cell  indi=1033/shared=0/fixed=2/frozen=0 (1033)
  a_in               indi=0/shared=56/fixed=0/frozen=0 (1)
  a_out              indi=56/shared=0/fixed=0/frozen=0 (56)
  e_leak             indi=56/shared=0/fixed=0/frozen=0 (56)
  v_th               indi=56/shared=0/fixed=0/frozen=0 (56)
  tau_lp             indi=56/shared=0/fixed=0/frozen=0 (56)
  tau_hp_rise        indi=56/shared=0/fixed=0/frozen=0 (56)
  tau_hp_fall        indi=56/shared=0/fixed=0/frozen=0 (56)
  a_h                indi=56/shared=0/fixed=0/frozen=0 (56)
  a_sti_mid          indi=0/shared=0/fixed=4/frozen=0 (0)
device=cuda, model=hp_lp, syn_mode=per_cell, euler=implicit, pre_steady=solve, n_run=1, n_iter=150, lrs=[0.1], n_z=1482, fname=train_hp_lp.npy
checkpoint_interval=1000

round 0

  0%|          | 0/150 [00:00<?, ?it/s] Cost: 3863752.0000  [spread_bright_L5=637056.9375  spread_bright_Mi1=481023.8750  spread_bright_Mi4=776705.7500  spread_dark_L1=437456.4062  spread_dark_L2=460686.1250  spread_dark_L3=431220.1250  spread_dark_L4=560558.1875  sbar_bright_T4a_mid+0=32269.6250  sbar_dark_T4a_mid+0=5860.6587]  7%|▋         | 10/150 [00:10<02:24,  1.03s/it] Cost: 2632848.7500  [spread_bright_L5=141479.1406  spread_bright_Mi1=438386.4688  spread_bright_Mi4=747156.3750  spread_dark_L1=160488.0469  spread_dark_L2=186364.1719  spread_dark_L3=360671.1562  spread_dark_L4=524687.7500  sbar_bright_T4a_mid+0=31545.6504  sbar_dark_T4a_mid+0=5302.0171]:  13%|█▎        | 20/150 [00:20<02:13,  1.03s/it] Cost: 2360774.2500  [spread_bright_L5=127530.4531  spread_bright_Mi1=385798.1562  spread_bright_Mi4=741581.0000  spread_dark_L1=141938.2344  spread_dark_L2=218695.6094  spread_dark_L3=307807.2500  spread_dark_L4=365620.5000  sbar_bright_T4a_mid+0=30985.9004  sbar_dark_T4a_mid+0=5078.6602]:  20%|██        | 30/150 [00:30<02:03,  1.03s/it] Cost: 2009137.1250  [spread_bright_L5=140836.9062  spread_bright_Mi1=344388.6875  spread_bright_Mi4=668660.0625  spread_dark_L1=122434.6953  spread_dark_L2=170842.9844  spread_dark_L3=278697.9062  spread_dark_L4=221281.4062  sbar_bright_T4a_mid+0=26272.9492  sbar_dark_T4a_mid+0=4050.7251]:  27%|██▋       | 40/150 [00:41<01:53,  1.03s/it] Cost: 1720379.3750  [spread_bright_L5=137125.9844  spread_bright_Mi1=318333.1250  spread_bright_Mi4=474388.9375  spread_dark_L1=118129.8203  spread_dark_L2=157049.1406  spread_dark_L3=266980.5312  spread_dark_L4=198834.9531  sbar_bright_T4a_mid+0=18587.3145  sbar_dark_T4a_mid+0=4343.0620]:  33%|███▎      | 50/150 [00:51<01:42,  1.03s/it] Cost: 1309925.2500  [spread_bright_L5=125502.3203  spread_bright_Mi1=262962.6250  spread_bright_Mi4=179649.4688  spread_dark_L1=103535.6094  spread_dark_L2=139373.2969  spread_dark_L3=259636.2969  spread_dark_L4=194313.4688  sbar_bright_T4a_mid+0=17047.7637  sbar_dark_T4a_mid+0=3299.3599]:  40%|████      | 60/150 [01:01<01:32,  1.03s/it] Cost: 1054778.8750  [spread_bright_L5=105249.6328  spread_bright_Mi1=242691.9375  spread_bright_Mi4=86648.5078  spread_dark_L1=87392.6406  spread_dark_L2=121035.3828  spread_dark_L3=179552.9375  spread_dark_L4=186632.0312  sbar_bright_T4a_mid+0=17031.8340  sbar_dark_T4a_mid+0=3263.1301]:    47%|████▋     | 70/150 [01:11<01:22,  1.03s/it] Cost: 947275.0000  [spread_bright_L5=97668.3672  spread_bright_Mi1=224534.6719  spread_bright_Mi4=69118.2188  spread_dark_L1=78861.8594  spread_dark_L2=110751.9922  spread_dark_L3=142059.4844  spread_dark_L4=180407.2188  sbar_bright_T4a_mid+0=16493.1172  sbar_dark_T4a_mid+0=2969.9766]:    53%|█████▎    | 80/150 [01:22<01:12,  1.03s/it] Cost: 881216.2500  [spread_bright_L5=93449.6953  spread_bright_Mi1=203641.5781  spread_bright_Mi4=58075.7188  spread_dark_L1=72265.1016  spread_dark_L2=106752.5000  spread_dark_L3=129918.5000  spread_dark_L4=175351.7969  sbar_bright_T4a_mid+0=16616.5723  sbar_dark_T4a_mid+0=2272.6431]:  60%|██████    | 90/150 [01:32<01:01,  1.03s/it] Cost: 837649.1875  [spread_bright_L5=88289.0938  spread_bright_Mi1=184890.1250  spread_bright_Mi4=58663.2383  spread_dark_L1=69029.1094  spread_dark_L2=98713.1641  spread_dark_L3=122749.7500  spread_dark_L4=175162.0312  sbar_bright_T4a_mid+0=14546.4033  sbar_dark_T4a_mid+0=2321.0713]:   67%|██████▋   | 100/150 [01:42<00:51,  1.03s/it] Cost: 795145.1250  [spread_bright_L5=85227.4219  spread_bright_Mi1=169477.0000  spread_bright_Mi4=49443.5117  spread_dark_L1=68483.0703  spread_dark_L2=95162.9141  spread_dark_L3=114978.6172  spread_dark_L4=173697.6406  sbar_bright_T4a_mid+0=14639.6523  sbar_dark_T4a_mid+0=2051.5337]:  73%|███████▎  | 110/150 [01:53<00:41,  1.03s/it] Cost: 773647.0000  [spread_bright_L5=83179.9062  spread_bright_Mi1=162139.0156  spread_bright_Mi4=50947.0781  spread_dark_L1=65032.1406  spread_dark_L2=84810.8438  spread_dark_L3=114260.2344  spread_dark_L4=174984.9062  sbar_bright_T4a_mid+0=13717.0146  sbar_dark_T4a_mid+0=1992.5695]:  80%|████████  | 120/150 [02:03<00:31,  1.03s/it] Cost: 735403.9375  [spread_bright_L5=76555.9844  spread_bright_Mi1=154602.0000  spread_bright_Mi4=45274.3633  spread_dark_L1=60751.7266  spread_dark_L2=80106.6797  spread_dark_L3=113987.7344  spread_dark_L4=166906.8906  sbar_bright_T4a_mid+0=13407.8418  sbar_dark_T4a_mid+0=1555.7355]:  87%|████████▋ | 130/150 [02:14<00:20,  1.04s/it] Cost: 700872.3750  [spread_bright_L5=74403.2109  spread_bright_Mi1=144933.8594  spread_bright_Mi4=42348.5391  spread_dark_L1=57322.7812  spread_dark_L2=75473.3047  spread_dark_L3=109499.9375  spread_dark_L4=161111.0938  sbar_bright_T4a_mid+0=12644.6055  sbar_dark_T4a_mid+0=1329.0726]:  93%|█████████▎| 140/150 [02:24<00:10,  1.04s/it] Cost: 673281.1875  [spread_bright_L5=69394.7031  spread_bright_Mi1=137304.0000  spread_bright_Mi4=39647.1641  spread_dark_L1=55471.9961  spread_dark_L2=70648.5000  spread_dark_L3=108290.3672  spread_dark_L4=157389.2500  sbar_bright_T4a_mid+0=12423.1064  sbar_dark_T4a_mid+0=1222.3093]: 100%|██████████| 150/150 [02:34<00:00,  1.04s/it] Cost: 646851.7500  [spread_bright_L5=66258.1016  spread_bright_Mi1=125702.6016  spread_bright_Mi4=39290.5938  spread_dark_L1=52426.1328  spread_dark_L2=69405.5938  spread_dark_L3=106207.3438  spread_dark_L4=151933.3125  sbar_bright_T4a_mid+0=12372.1455  sbar_dark_T4a_mid+0=1253.2319]: 100%|██████████| 150/150 [02:34<00:00,  1.03s/it] Cost: 646851.7500  [spread_bright_L5=66258.1016  spread_bright_Mi1=125702.6016  spread_bright_Mi4=39290.5938  spread_dark_L1=52426.1328  spread_dark_L2=69405.5938  spread_dark_L3=106207.3438  spread_dark_L4=151933.3125  sbar_bright_T4a_mid+0=12372.1455  sbar_dark_T4a_mid+0=1253.2319]: 

Initl cost = 3863752.0000  [spread_bright_L5=637056.9375  spread_bright_Mi1=481023.8750  spread_bright_Mi4=776705.7500  spread_dark_L1=437456.4062  spread_dark_L2=460686.1250  spread_dark_L3=431220.1250  spread_dark_L4=560558.1875  sbar_bright_T4a_mid+0=32269.6250  sbar_dark_T4a_mid+0=5860.6587]
Final cost = 644047.1250  [spread_bright_L5=65625.4062  spread_bright_Mi1=123906.2500  spread_bright_Mi4=39261.4297  spread_dark_L1=52504.5234  spread_dark_L2=69114.0547  spread_dark_L3=105628.2891  spread_dark_L4=152593.9219  sbar_bright_T4a_mid+0=12091.3213  sbar_dark_T4a_mid+0=1273.1749]
Best  cost = 644047.1250  [spread_bright_L5=65625.4062  spread_bright_Mi1=123906.2500  spread_bright_Mi4=39261.4297  spread_dark_L1=52504.5234  spread_dark_L2=69114.0547  spread_dark_L3=105628.2891  spread_dark_L4=152593.9219  sbar_bright_T4a_mid+0=12091.3213  sbar_dark_T4a_mid+0=1273.1749]
time needed  = 159.36  sec

done in 0.04 hours
wrote /home/yitai/drosophila_vision/vision/simulation/0_runs/hp_lp/29636885-run-n_iter-150-tasks-spread,sbar/data/best_adam.npz (best run #0)
wrote table: /home/yitai/drosophila_vision/vision/simulation/0_runs/hp_lp/29636885-run-n_iter-150-tasks-spread,sbar/param.csv (best run #0, cost=644047.1250)
wrote table: /home/yitai/drosophila_vision/vision/simulation/0_runs/hp_lp/29636885-run-n_iter-150-tasks-spread,sbar/syn_strength_cell.csv
/home/yitai/drosophila_vision/vision/simulation/5_figure/1_panel.py:834: UserWarning: This figure includes Axes that are not compatible with tight_layout, so results might be incorrect.
  fig.tight_layout()
plot /home/yitai/drosophila_vision/vision/simulation/0_runs/hp_lp/29636885-run-n_iter-150-tasks-spread,sbar/cost.png: prep=0.0s  plot_s=0.3s  save=2.2s  elapsed_s=2.5s
plot device=cuda (NVIDIA A100 80GB PCIe MIG 1g.10gb)
1 trained set(s); costs min=644047.1250 max=644047.1250; selected #0 (from saved final costs)
plot /home/yitai/drosophila_vision/vision/simulation/0_runs/hp_lp/29636885-run-n_iter-150-tasks-spread,sbar/spread_gt_v.png: prep=0.4s  plot_s=0.1s  save=0.4s  elapsed_s=0.9s
plot /home/yitai/drosophila_vision/vision/simulation/0_runs/hp_lp/29636885-run-n_iter-150-tasks-spread,sbar/spread_all_v.png: prep=0.0s  plot_s=0.8s  save=2.7s  elapsed_s=3.5s
plot /home/yitai/drosophila_vision/vision/simulation/0_runs/hp_lp/29636885-run-n_iter-150-tasks-spread,sbar/sbar_gt_v.png: prep=0.7s  plot_s=0.5s  save=0.2s  elapsed_s=1.4s
plot /home/yitai/drosophila_vision/vision/simulation/0_runs/hp_lp/29636885-run-n_iter-150-tasks-spread,sbar/sbar_all_v.png: prep=0.0s  plot_s=1.2s  save=1.8s  elapsed_s=3.0s
