Job ID: 29635790
Node:   spartan-gpgpu099
GPU:    0
GPU 0: NVIDIA A100 80GB PCIe (UUID: GPU-322f5568-e44f-6ee4-45a8-e5d9489b443e)
GPU 1: NVIDIA A100 80GB PCIe (UUID: GPU-14844a85-9bf8-1cac-86bb-ab42ec5dba78)
  MIG 1g.20gb     Device  0: (UUID: MIG-ca7758cc-36b2-53c8-8bf7-fe711a703942)
GPU 2: NVIDIA A100 80GB PCIe (UUID: GPU-40730cdb-5070-f06f-e8e1-92c3b4bc8f18)
GPU 3: NVIDIA A100 80GB PCIe (UUID: GPU-705f91ce-5278-67b6-77ed-ac45a7d89e43)
cuda: True NVIDIA A100 80GB PCIe MIG 1g.20gb
Start:  Wed 26 Aug 2026 23:28:35 AEST
==== config ====
{'RUN_NAME': '29634591-run-n_iter-200-tasks-spread,sbar',
 'RUN_PATH': 'hp_lp/29634591-run-n_iter-200-tasks-spread,sbar',
 'MODEL': {'delta_ms': 2.0,
           'delta_ms_pre': 2.0,
           'cap': 40.0,
           'g_leak': 1.0,
           'e_exc': 10.0,
           'e_inh': -70.0,
           'e_h': 50.0,
           'h_g_max': 100.0,
           'gt_amp': 20.0,
           'v_clamp': 100.0,
           'a_syn_exc': 0.001,
           'a_syn_inh': 0.001,
           'euler': 'im'},
 'NEURON_SCHEMA': {'model': 'hp_lp',
                   'filter': 'none',
                   'syn_mode': 'per_cell',
                   'a_lo': 0.1,
                   'a_hi': 10.0,
                   'h_cells': ['L1', 'L2', 'L4', 'L5'],
                   'params': {'a_gt': {'lo': 0.5, 'hi': 2.0, 'init': 1.0, 'jit': 0.1, 'mode': 'indi'},
                              'bias_gt': {'lo': -200.0, 'hi': 200.0, 'init': 0.0, 'jit': 1.0, 'mode': 'indi'},
                              'syn_strength_cell': {'lo': 0.1,
                                                    'hi': 10.0,
                                                    'init': 1.0,
                                                    'inits': {'Mi9:T4a': 0.0, 'TmY15:T4a': 0.0},
                                                    'jit': 0.1,
                                                    'mode': 'indi',
                                                    'modes': {'indi': ['Mi4:T4a',
                                                                       'Mi4:T4b',
                                                                       'Mi4:T4c',
                                                                       'Mi4:T4d',
                                                                       'Mi9:T4b',
                                                                       'Mi9:T4c',
                                                                       'Mi9:T4d'],
                                                              'fixed': ['Mi9:T4a', 'TmY15:T4a']}},
                              'syn_strength_edge': {'lo': 0.1, 'hi': 10.0, 'init': 1.0, 'jit': 0.1, 'mode': 'indi'},
                              'a_in': {'lo': 0.01, 'hi': 100.0, 'init': 1.0, 'jit': 0.1, 'mode': 'shared'},
                              'a_out': {'lo': 0.1, 'hi': 10.0, 'init': 1.0, 'jit': 0.1, 'mode': 'indi'},
                              'e_leak': {'lo': -50.0, 'hi': 50.0, 'init': 0.0, 'jit': 1.0, 'mode': 'indi'},
                              'v_th': {'lo': -100.0, 'hi': 100.0, 'init': -50.0, 'jit': 0.0, 'mode': 'indi'},
                              'tau_lp': {'lo': 10.0, 'hi': 100.0, 'init': 10.0, 'jit': 2.0, 'mode': 'indi'},
                              'tau_hp_rise': {'lo': 100.0, 'hi': 500.0, 'init': 200.0, 'jit': 20.0, 'mode': 'indi'},
                              'tau_hp_fall': {'lo': 100.0, 'hi': 500.0, 'init': 200.0, 'jit': 20.0, 'mode': 'indi'},
                              'a_h': {'lo': 0.0,
                                      'hi': 1.0,
                                      'init': 0.0,
                                      'inits': {'L1': 0.5, 'L2': 0.5, 'L4': 0.5, 'L5': 0.5},
                                      'jit': 0.1,
                                      'mode': 'indi'},
                              'v_mid_h_g': {'lo': -70.0, 'hi': -30.0, 'init': -50.0, 'jit': 5.0, 'mode': 'shared'},
                              'v_mid_h_tau': {'lo': -70.0, 'hi': -40.0, 'init': -50.0, 'jit': 5.0, 'mode': 'shared'},
                              'h_slope': {'lo': -0.4, 'hi': -0.2, 'init': -0.25, 'jit': 0.02, 'mode': 'shared'},
                              'a_h_rev': {'lo': 0.0,
                                          'hi': 1.0,
                                          'init': 0.0,
                                          'jit': 0.1,
                                          'mode': 'fixed',
                                          'modes': {'indi': ['L1', 'L2', 'L4', 'L5']}},
                              'v_mid_h_g_rev': {'lo': -70.0, 'hi': -30.0, 'init': -50.0, 'jit': 5.0, 'mode': 'shared'},
                              'v_mid_h_tau_rev': {'lo': -70.0,
                                                  'hi': -40.0,
                                                  'init': -50.0,
                                                  'jit': 5.0,
                                                  'mode': 'shared'},
                              'h_slope_rev': {'lo': -0.4, 'hi': -0.2, 'init': -0.25, 'jit': 0.02, 'mode': 'shared'},
                              'v_th_ca': {'lo': -100.0, 'hi': 100.0, 'init': -50.0, 'jit': 0.0, 'mode': 'indi'},
                              'a_ca': {'lo': 0.1, 'hi': 10.0, 'init': 1.0, 'jit': 0.1, 'mode': 'indi'},
                              'tau_ca': {'lo': 100.0, 'hi': 1000.0, 'init': 350.0, 'jit': 10.0, 'mode': 'indi'},
                              'a_sti_radius': {'lo': 0.0, 'hi': 1.0, 'init': 0.0, 'jit': 0.05, 'mode': 'indi'},
                              'a_sti_mid': {'lo': 0.0,
                                            'hi': 1.0,
                                            'init': 0.0,
                                            'inits': {'0.5': 0.9, '1': 0.66, '1.5': 0.4, '2': 0.2},
                                            'jit': 0.05,
                                            'mode': 'fixed'}}},
 'NEURON_FORWARD': {'pre_grad': True},
 'NETWORK_PATH': {'network': 'right_min_neuron1_r10'},
 'SPREAD_INPUT_SPEC': {'ms_pre': 20.0, 'ms_sti': 160.0, 'ms_response': 600.0, 'ms_post': 0.0},
 'SPREAD_GT': {'spread_gt_mode': 'pos'},
 'SPOT_INPUT_GEO': {'spot_radius': 1.0, 'fully_inside': True, 'multi_spot': True, 'shift_radius': 1.0},
 'SPOT_PACK': {'spot_cost_radii': [0, 1, 2],
               'a_sti_radii': [1, 2],
               'spot_cost_radius_scale': {0: 1.0, 1: 0.3333333333333333, 2: 0.3333333333333333}},
 'SBAR_INPUT_GEO': {'multi_bar': False, 'bar_dist': 4, 'shift_mid': 0},
 'SBAR_PACK': {'a_sti_mids': [0.5, 1.0, 1.5, 2.0]},
 'MBAR_INPUT_SPEC': {'ms_pre': 20.0, 'bar_ws_deg': [2.25, 9.0], 'bar_directions': ['right', 'left', 'up', 'down']},
 'TRAIN_CONFIG': {'tasks': ['spread', 'sbar'],
                  'contrasts': ['bright', 'dark'],
                  'i_sti': {'bright': 40.0, 'dark': 0.0},
                  'gt_by_task': {'spread': ['L1', 'L2', 'L3', 'L4', 'L5', 'Mi1', 'Mi4'], 'sbar': ['T4a']},
                  'cost_radius': None},
 'VAL_FROM': {'bias_gt': {'source': 'v_onset', 'enabled': True},
              'v_th_ca': {'source': 'v_th', 'enabled': False},
              'a_ca': {'source': 'a_out', 'enabled': False},
              'a_h_rev': {'source': 'a_h', 'enabled': False},
              'v_mid_h_g_rev': {'source': 'v_mid_h_g', 'enabled': False},
              'h_slope_rev': {'source': 'h_slope', 'enabled': False},
              'v_mid_h_tau_rev': {'source': 'v_mid_h_tau', 'enabled': False}},
 'TRAIN_OPTIMIZATION': {'part_cost_scales': {'spread': 1},
                        'cost_norm': 'a_gt2',
                        'cost_ms': None,
                        'pre_steady': 'solve',
                        'pre_steady_n_iter': 50,
                        'pre_steady_damp': 0.1,
                        'n_run': 1,
                        'n_iter': 0,
                        'lrs': [0.1],
                        'checkpoint_interval': 1000},
 'TRAIN_SESSION': {'fp': 32, 'sequential': False},
 'FIGURE_PLOT': {'tasks': ['spread', 'sbar'],
                 'sbar_figure_cells': ['R1-6', 'L1', 'L2', 'L3', 'L4', 'L5', 'Mi1', 'Mi4', 'T4a'],
                 'html': False,
                 'plot_right_only': True,
                 'x': None,
                 'y': None,
                 'align_xy': None,
                 'ms_shown': None},
 'FIGURE_PLOT_STI_SPOT': {'spot_radii': [0.5, 1.0, 1.5, 2.0], 'output': None},
 'FIGURE_PLOT_STI_MBAR': {'output': None,
                          'gif': False,
                          'gif_output': None,
                          't_stride': 2,
                          't': None,
                          'direction': 'left'},
 'ANALYZE_RUNS': ['hp_lp/29634591-run-n_iter-200-tasks-spread,sbar'],
 'ANALYZE_CELL_DYNAMICS': {'cells': None,
                           'spec': None,
                           'mid': None,
                           'node': None,
                           'radius': 0,
                           't_rel_start': None,
                           't_rel_stop': None,
                           'figure': True,
                           'json': False,
                           'a_mid': None},
 'ANALYZE_SYN_SIGN': {'bins': 20, 'after_train': False, 'post': False},
 'ANALYZE_TRACE': {'trace_osc_min_f': 0.5,
                   'trace_osc_max_f': 20.0,
                   'trace_osc_peak_threshold': 0.5,
                   'trace_osc_z_threshold': 2.0,
                   'trace_osc_snr_min': 2.0,
                   'trace_drift_min_slope_mv_over_s': 1.0,
                   'trace_drift_min_r': 0.5,
                   'trace_baseline_ms': 200.0,
                   'trace_flat_max_abs': 0.5,
                   'trace_flat_v_peak_to_peak_max': 1.0,
                   'trace_flat_abs_mean': 0.2,
                   'check': None,
                   'baseline_ms_shown': None},
 'ANALYZE_COST_PART': {'part': None,
                       'cost_norm': None,
                       'stride': 1,
                       'per_node': False,
                       'csv': None,
                       'print_parts': False}}
==== end config ====
config: {'run_name': '29634591-run-n_iter-200-tasks-spread,sbar', 'run_path': 'hp_lp/${run_name}', 'delta_ms': 2.0, 'delta_ms_pre': 2.0, 'cap': 40.0, 'g_leak': 1.0, 'e_exc': 10.0, 'e_inh': -70.0, 'e_h': 50.0, 'h_g_max': 100.0, 'gt_amp': 20.0, 'v_clamp': 100.0, 'a_syn_exc': 0.001, 'a_syn_inh': 0.001, 'euler': 'im', 'model': 'hp_lp', 'filter': 'none', 'syn_mode': 'per_cell', 'a_lo': 0.1, 'a_hi': 10.0, 'h_cells': ['L1', 'L2', 'L4', 'L5'], 'params': {'a_gt': {'lo': 0.5, 'hi': 2.0, 'init': 1.0, 'jit': 0.1, 'mode': 'indi'}, 'bias_gt': {'lo': -200.0, 'hi': 200.0, 'init': 0.0, 'jit': 1.0, 'mode': 'indi'}, 'syn_strength_cell': {'lo': 0.1, 'hi': 10.0, 'init': 1.0, 'inits': {'Mi9:T4a': 0.0, 'TmY15:T4a': 0.0}, 'jit': 0.1, 'mode': 'indi', 'modes': {'indi': ['Mi4:T4a', 'Mi4:T4b', 'Mi4:T4c', 'Mi4:T4d', 'Mi9:T4b', 'Mi9:T4c', 'Mi9:T4d'], 'fixed': ['Mi9:T4a', 'TmY15:T4a']}}, 'syn_strength_edge': {'lo': 0.1, 'hi': 10.0, 'init': 1.0, 'jit': 0.1, 'mode': 'indi'}, 'a_in': {'lo': 0.01, 'hi': 100.0, 'init': 1.0, 'jit': 0.1, 'mode': 'shared'}, 'a_out': {'lo': 0.1, 'hi': 10.0, 'init': 1.0, 'jit': 0.1, 'mode': 'indi'}, 'e_leak': {'lo': -50.0, 'hi': 50.0, 'init': 0.0, 'jit': 1.0, 'mode': 'indi'}, 'v_th': {'lo': -100.0, 'hi': 100.0, 'init': -50.0, 'jit': 0.0, 'mode': 'indi'}, 'tau_lp': {'lo': 10.0, 'hi': 100.0, 'init': 10.0, 'jit': 2.0, 'mode': 'indi'}, 'tau_hp_rise': {'lo': 100.0, 'hi': 500.0, 'init': 200.0, 'jit': 20.0, 'mode': 'indi'}, 'tau_hp_fall': {'lo': 100.0, 'hi': 500.0, 'init': 200.0, 'jit': 20.0, 'mode': 'indi'}, 'a_h': {'lo': 0.0, 'hi': 1.0, 'init': 0.0, 'inits': {'L1': 0.5, 'L2': 0.5, 'L4': 0.5, 'L5': 0.5}, 'jit': 0.1, 'mode': 'indi'}, 'v_mid_h_g': {'lo': -70.0, 'hi': -30.0, 'init': -50.0, 'jit': 5.0, 'mode': 'shared'}, 'v_mid_h_tau': {'lo': -70.0, 'hi': -40.0, 'init': -50.0, 'jit': 5.0, 'mode': 'shared'}, 'h_slope': {'lo': -0.4, 'hi': -0.2, 'init': -0.25, 'jit': 0.02, 'mode': 'shared'}, 'a_h_rev': {'lo': 0.0, 'hi': 1.0, 'init': 0.0, 'jit': 0.1, 'mode': 'fixed', 'modes': {'indi': '${h_cells}'}}, 'v_mid_h_g_rev': {'lo': -70.0, 'hi': -30.0, 'init': -50.0, 'jit': 5.0, 'mode': 'shared'}, 'v_mid_h_tau_rev': {'lo': -70.0, 'hi': -40.0, 'init': -50.0, 'jit': 5.0, 'mode': 'shared'}, 'h_slope_rev': {'lo': -0.4, 'hi': -0.2, 'init': -0.25, 'jit': 0.02, 'mode': 'shared'}, 'v_th_ca': {'lo': -100.0, 'hi': 100.0, 'init': -50.0, 'jit': 0.0, 'mode': 'indi'}, 'a_ca': {'lo': 0.1, 'hi': 10.0, 'init': 1.0, 'jit': 0.1, 'mode': 'indi'}, 'tau_ca': {'lo': 100.0, 'hi': 1000.0, 'init': 350.0, 'jit': 10.0, 'mode': 'indi'}, 'a_sti_radius': {'lo': 0.0, 'hi': 1.0, 'init': 0.0, 'jit': 0.05, 'mode': 'indi'}, 'a_sti_mid': {'lo': 0.0, 'hi': 1.0, 'init': 0.0, 'inits': {'0.5': 0.9, '1': 0.66, '1.5': 0.4, '2': 0.2}, 'jit': 0.05, 'mode': 'fixed'}}, 'pre_grad': True, 'network': 'right_min_neuron1_r10', 'i_sti': {'bright': 40.0, 'dark': 0.0}, 'contrasts': ['bright', 'dark'], 'ms_pre': 20.0, 'ms_sti': 160.0, 'ms_response': 600.0, 'ms_post': 0.0, 'spread_gt_mode': 'pos', 'spot_radius': 1.0, 'fully_inside': True, 'multi_spot': True, 'shift_radius': 1.0, 'spot_cost_radii': [0, 1, 2], 'a_sti_radii': [1, 2], 'spot_cost_radius_scale': {0: 1.0, 1: 0.3333333333333333, 2: 0.3333333333333333}, 'multi_bar': False, 'bar_dist': 4, 'shift_mid': 0, 'a_sti_mids': [0.5, 1, 1.5, 2], 'bar_ws_deg': [2.25, 9.0], 'bar_directions': ['right', 'left', 'up', 'down'], 'tasks': ['spread', 'sbar'], 'gt_by_task': {'spread': ['L1', 'L2', 'L3', 'L4', 'L5', 'Mi1', 'Mi4'], 'sbar': ['T4a']}, 'cost_radius': None, 'param_vals': {}, 'val_from': {'bias_gt': {'source': 'v_onset', 'enabled': True}, 'v_th_ca': {'source': 'v_th', 'enabled': False}, 'a_ca': {'source': 'a_out', 'enabled': False}, 'a_h_rev': {'source': 'a_h', 'enabled': False}, 'v_mid_h_g_rev': {'source': 'v_mid_h_g', 'enabled': False}, 'h_slope_rev': {'source': 'h_slope', 'enabled': False}, 'v_mid_h_tau_rev': {'source': 'v_mid_h_tau', 'enabled': False}}, 'part_cost_scales': {'spread': 1}, 'cost_norm': 'a_gt2', 'cost_ms': None, 'pre_steady': 'solve', 'pre_steady_n_iter': 50, 'pre_steady_damp': 0.1, 'n_run': 1, 'n_iter': 150, 'lrs': [0.1], 'checkpoint_interval': 1000, 'init_from': None, 'fp': 32, 'sequential': False, 'spot_radii': [0.5, 1.0, 1.5, 2.0], 'spot_plot_output': None, 'mbar_plot_output': None, 'mbar_plot_gif': False, 'mbar_plot_gif_output': None, 'mbar_plot_t_stride': 2, 'mbar_plot_t': None, 'mbar_plot_direction': 'left', 'figure_tasks': ['spread', 'sbar'], 'sbar_figure_cells': ['R1-6', 'L1', 'L2', 'L3', 'L4', 'L5', 'Mi1', 'Mi4', 'T4a'], 'html': False, 'plot_right_only': True, 'x': None, 'y': None, 'align_xy': None, 'ms_shown': None, 'analyze_runs': None, 'cells': None, 'spec': None, 'mid': None, 'node': None, 'radius': 0, 't_rel_start': None, 't_rel_stop': None, 'analyze_figure': True, 'analyze_json': False, 'post': False, 'check': None, 'baseline_ms_shown': None, 'part': None, 'analyze_cost_norm': None, 'stride': 1, 'per_node': False, 'cost_part_csv': None, 'print_parts': False, 'bins': 20, 'after_train': False, 'trace_osc_min_f': 0.5, 'trace_osc_max_f': 20.0, 'trace_osc_peak_threshold': 0.5, 'trace_osc_z_threshold': 2.0, 'trace_osc_snr_min': 2.0, 'trace_drift_min_slope_mv_over_s': 1.0, 'trace_drift_min_r': 0.5, 'trace_baseline_ms': 200.0, 'trace_flat_max_abs': 0.5, 'trace_flat_v_peak_to_peak_max': 1.0, 'trace_flat_abs_mean': 0.2}
param_modes:
  a_gt               indi=56/shared=0/fixed=0/frozen=0 (56)
  bias_gt            indi=0/shared=0/fixed=0/frozen=56 (0)
  syn_strength_cell  indi=1033/shared=0/fixed=2/frozen=0 (1033)
  a_in               indi=0/shared=56/fixed=0/frozen=0 (1)
  a_out              indi=56/shared=0/fixed=0/frozen=0 (56)
  e_leak             indi=56/shared=0/fixed=0/frozen=0 (56)
  v_th               indi=56/shared=0/fixed=0/frozen=0 (56)
  tau_lp             indi=56/shared=0/fixed=0/frozen=0 (56)
  tau_hp_rise        indi=56/shared=0/fixed=0/frozen=0 (56)
  tau_hp_fall        indi=56/shared=0/fixed=0/frozen=0 (56)
  a_h                indi=56/shared=0/fixed=0/frozen=0 (56)
  a_sti_mid          indi=0/shared=0/fixed=4/frozen=0 (0)
device=cuda, model=hp_lp, syn_mode=per_cell, euler=implicit, pre_steady=solve, n_run=1, n_iter=150, lrs=[0.1], n_z=1482, fname=train_hp_lp.npy
checkpoint_interval=1000

round 0

  0%|          | 0/150 [00:00<?, ?it/s] Cost: 3872730.0000  [spread_bright_L5=639613.8125  spread_bright_Mi1=481936.0625  spread_bright_Mi4=776913.8125  spread_dark_L1=439486.2500  spread_dark_L2=457805.7500  spread_dark_L3=437601.2500  spread_dark_L4=560678.8750  sbar_bright_T4a_mid+0=32159.9453  sbar_dark_T4a_mid+0=5790.1343]  7%|▋         | 10/150 [00:10<02:28,  1.06s/it] Cost: 2634982.5000  [spread_bright_L5=147893.4688  spread_bright_Mi1=442223.9688  spread_bright_Mi4=748114.3125  spread_dark_L1=159488.0625  spread_dark_L2=182022.7344  spread_dark_L3=361075.9688  spread_dark_L4=520455.5312  sbar_bright_T4a_mid+0=31590.9258  sbar_dark_T4a_mid+0=5319.1450]:  13%|█▎        | 20/150 [00:20<02:13,  1.03s/it] Cost: 2334467.2500  [spread_bright_L5=127912.8516  spread_bright_Mi1=390303.3125  spread_bright_Mi4=748410.5625  spread_dark_L1=139265.3750  spread_dark_L2=210826.7344  spread_dark_L3=291854.9375  spread_dark_L4=353737.5938  sbar_bright_T4a_mid+0=31113.8496  sbar_dark_T4a_mid+0=5126.9663]:  20%|██        | 30/150 [00:30<02:02,  1.02s/it] Cost: 2066818.1250  [spread_bright_L5=137778.7188  spread_bright_Mi1=350092.8438  spread_bright_Mi4=748457.6875  spread_dark_L1=113055.2031  spread_dark_L2=168530.9062  spread_dark_L3=270223.1250  spread_dark_L4=213039.3906  sbar_bright_T4a_mid+0=28161.0410  sbar_dark_T4a_mid+0=4269.2617]:  27%|██▋       | 40/150 [00:40<01:51,  1.01s/it] Cost: 1944430.1250  [spread_bright_L5=121785.0703  spread_bright_Mi1=339083.2812  spread_bright_Mi4=748179.4375  spread_dark_L1=100140.8828  spread_dark_L2=157539.0000  spread_dark_L3=233642.2812  spread_dark_L4=192028.0312  sbar_bright_T4a_mid+0=21352.8086  sbar_dark_T4a_mid+0=3941.9900]:  33%|███▎      | 50/150 [00:50<01:41,  1.01s/it] Cost: 1803695.7500  [spread_bright_L5=116809.1328  spread_bright_Mi1=276804.1875  spread_bright_Mi4=744180.5625  spread_dark_L1=91733.3828  spread_dark_L2=131420.9688  spread_dark_L3=213742.3594  spread_dark_L4=183738.8125  sbar_bright_T4a_mid+0=17441.3301  sbar_dark_T4a_mid+0=3603.7449]:   40%|████      | 60/150 [01:00<01:30,  1.01s/it] Cost: 1694867.7500  [spread_bright_L5=108419.0156  spread_bright_Mi1=245502.8125  spread_bright_Mi4=718355.8750  spread_dark_L1=85452.6172  spread_dark_L2=114929.9766  spread_dark_L3=200695.1250  spread_dark_L4=179651.0938  sbar_bright_T4a_mid+0=15891.9600  sbar_dark_T4a_mid+0=2547.6953]:  47%|████▋     | 70/150 [01:10<01:20,  1.01s/it] Cost: 1477955.1250  [spread_bright_L5=103757.8594  spread_bright_Mi1=219613.2812  spread_bright_Mi4=573234.2500  spread_dark_L1=80004.5000  spread_dark_L2=105634.8047  spread_dark_L3=184924.1875  spread_dark_L4=170100.8594  sbar_bright_T4a_mid+0=12909.9033  sbar_dark_T4a_mid+0=2027.0797]:  53%|█████▎    | 80/150 [01:21<01:10,  1.01s/it] Cost: 1206140.5000  [spread_bright_L5=99449.6172  spread_bright_Mi1=216560.5000  spread_bright_Mi4=333560.8750  spread_dark_L1=75818.9844  spread_dark_L2=104607.0938  spread_dark_L3=168658.2812  spread_dark_L4=164331.8125  sbar_bright_T4a_mid+0=16577.4180  sbar_dark_T4a_mid+0=2313.2554]:   60%|██████    | 90/150 [01:31<01:00,  1.01s/it] Cost: 1041373.0000  [spread_bright_L5=92793.3984  spread_bright_Mi1=174658.9219  spread_bright_Mi4=236633.7031  spread_dark_L1=75958.9844  spread_dark_L2=94933.1562  spread_dark_L3=156030.5156  spread_dark_L4=170815.8125  sbar_bright_T4a_mid+0=12348.0615  sbar_dark_T4a_mid+0=2049.9902]:   67%|██████▋   | 100/150 [01:41<00:50,  1.01s/it] Cost: 973242.0625  [spread_bright_L5=90492.3516  spread_bright_Mi1=152589.5312  spread_bright_Mi4=207529.0000  spread_dark_L1=73504.1953  spread_dark_L2=93264.8672  spread_dark_L3=149576.8281  spread_dark_L4=167112.0312  sbar_bright_T4a_mid+0=14097.7188  sbar_dark_T4a_mid+0=1827.2800]:  73%|███████▎  | 110/150 [01:51<00:40,  1.01s/it] Cost: 924313.4375  [spread_bright_L5=85765.6953  spread_bright_Mi1=140380.1250  spread_bright_Mi4=187613.3750  spread_dark_L1=70734.5703  spread_dark_L2=88467.5312  spread_dark_L3=146109.0625  spread_dark_L4=165998.9062  sbar_bright_T4a_mid+0=12982.2852  sbar_dark_T4a_mid+0=1680.0034]:  80%|████████  | 120/150 [02:01<00:30,  1.01s/it] Cost: 889400.8750  [spread_bright_L5=82800.2578  spread_bright_Mi1=130240.1953  spread_bright_Mi4=175498.6406  spread_dark_L1=69270.4766  spread_dark_L2=87029.8594  spread_dark_L3=142432.0156  spread_dark_L4=163574.7188  sbar_bright_T4a_mid+0=13212.2500  sbar_dark_T4a_mid+0=1600.9244]:  87%|████████▋ | 130/150 [02:12<00:20,  1.02s/it] Cost: 855079.1250  [spread_bright_L5=78296.7812  spread_bright_Mi1=124616.8516  spread_bright_Mi4=160121.1250  spread_dark_L1=67418.1797  spread_dark_L2=85331.1250  spread_dark_L3=138361.4531  spread_dark_L4=162523.5156  sbar_bright_T4a_mid+0=12950.4600  sbar_dark_T4a_mid+0=1587.4750]:  93%|█████████▎| 140/150 [02:22<00:10,  1.02s/it] Cost: 818723.1875  [spread_bright_L5=76966.1016  spread_bright_Mi1=117665.9844  spread_bright_Mi4=141024.7812  spread_dark_L1=66898.0469  spread_dark_L2=83200.0312  spread_dark_L3=134506.5312  spread_dark_L4=160710.1406  sbar_bright_T4a_mid+0=12771.6641  sbar_dark_T4a_mid+0=1507.2526]: 100%|██████████| 150/150 [02:32<00:00,  1.02s/it] Cost: 794544.1250  [spread_bright_L5=75362.3203  spread_bright_Mi1=113763.8438  spread_bright_Mi4=132067.3438  spread_dark_L1=65536.9297  spread_dark_L2=81604.9297  spread_dark_L3=129796.3125  spread_dark_L4=158814.3438  sbar_bright_T4a_mid+0=13280.2754  sbar_dark_T4a_mid+0=1468.8333]: 100%|██████████| 150/150 [02:32<00:00,  1.02s/it] Cost: 794544.1250  [spread_bright_L5=75362.3203  spread_bright_Mi1=113763.8438  spread_bright_Mi4=132067.3438  spread_dark_L1=65536.9297  spread_dark_L2=81604.9297  spread_dark_L3=129796.3125  spread_dark_L4=158814.3438  sbar_bright_T4a_mid+0=13280.2754  sbar_dark_T4a_mid+0=1468.8333]: 

Initl cost = 3872730.0000  [spread_bright_L5=639613.8125  spread_bright_Mi1=481936.0625  spread_bright_Mi4=776913.8125  spread_dark_L1=439486.2500  spread_dark_L2=457805.7500  spread_dark_L3=437601.2500  spread_dark_L4=560678.8750  sbar_bright_T4a_mid+0=32159.9453  sbar_dark_T4a_mid+0=5790.1343]
Final cost = 792746.6250  [spread_bright_L5=75189.1953  spread_bright_Mi1=113425.9531  spread_bright_Mi4=131131.1562  spread_dark_L1=65586.6719  spread_dark_L2=81344.9375  spread_dark_L3=129711.9531  spread_dark_L4=158780.4062  sbar_bright_T4a_mid+0=13047.8164  sbar_dark_T4a_mid+0=1463.5948]
Best  cost = 792746.6250  [spread_bright_L5=75189.1953  spread_bright_Mi1=113425.9531  spread_bright_Mi4=131131.1562  spread_dark_L1=65586.6719  spread_dark_L2=81344.9375  spread_dark_L3=129711.9531  spread_dark_L4=158780.4062  sbar_bright_T4a_mid+0=13047.8164  sbar_dark_T4a_mid+0=1463.5948]
time needed  = 156.74  sec

done in 0.04 hours
wrote /home/yitai/drosophila_vision/vision/simulation/0_runs/hp_lp/29635790-run-n_iter-150-tasks-spread,sbar/data/best_adam.npz (best run #0)
wrote table: /home/yitai/drosophila_vision/vision/simulation/0_runs/hp_lp/29635790-run-n_iter-150-tasks-spread,sbar/param.csv (best run #0, cost=792746.6250)
wrote table: /home/yitai/drosophila_vision/vision/simulation/0_runs/hp_lp/29635790-run-n_iter-150-tasks-spread,sbar/syn_strength_cell.csv
/home/yitai/drosophila_vision/vision/simulation/5_figure/1_panel.py:834: UserWarning: This figure includes Axes that are not compatible with tight_layout, so results might be incorrect.
  fig.tight_layout()
plot /home/yitai/drosophila_vision/vision/simulation/0_runs/hp_lp/29635790-run-n_iter-150-tasks-spread,sbar/cost.png: prep=0.0s  plot_s=0.3s  save=2.1s  elapsed_s=2.4s
plot device=cuda (NVIDIA A100 80GB PCIe MIG 1g.20gb)
1 trained set(s); costs min=792746.6250 max=792746.6250; selected #0 (from saved final costs)
plot /home/yitai/drosophila_vision/vision/simulation/0_runs/hp_lp/29635790-run-n_iter-150-tasks-spread,sbar/spread_gt_v.png: prep=0.4s  plot_s=0.1s  save=0.4s  elapsed_s=0.9s
plot /home/yitai/drosophila_vision/vision/simulation/0_runs/hp_lp/29635790-run-n_iter-150-tasks-spread,sbar/spread_all_v.png: prep=0.0s  plot_s=0.7s  save=2.6s  elapsed_s=3.4s
plot /home/yitai/drosophila_vision/vision/simulation/0_runs/hp_lp/29635790-run-n_iter-150-tasks-spread,sbar/sbar_gt_v.png: prep=0.7s  plot_s=0.3s  save=0.2s  elapsed_s=1.3s
plot /home/yitai/drosophila_vision/vision/simulation/0_runs/hp_lp/29635790-run-n_iter-150-tasks-spread,sbar/sbar_all_v.png: prep=0.0s  plot_s=1.6s  save=1.9s  elapsed_s=3.5s
