Job ID: 29644307
Node:   spartan-gpgpu099
GPU:    0
GPU 0: NVIDIA A100 80GB PCIe (UUID: GPU-322f5568-e44f-6ee4-45a8-e5d9489b443e)
GPU 1: NVIDIA A100 80GB PCIe (UUID: GPU-14844a85-9bf8-1cac-86bb-ab42ec5dba78)
  MIG 1g.20gb     Device  0: (UUID: MIG-ca7758cc-36b2-53c8-8bf7-fe711a703942)
GPU 2: NVIDIA A100 80GB PCIe (UUID: GPU-40730cdb-5070-f06f-e8e1-92c3b4bc8f18)
GPU 3: NVIDIA A100 80GB PCIe (UUID: GPU-705f91ce-5278-67b6-77ed-ac45a7d89e43)
cuda: True NVIDIA A100 80GB PCIe MIG 1g.20gb
Start:  Thu 27 Aug 2026 03:16:27 AEST
==== config ====
{'RUN_NAME': '29637642-run-n_iter-200-tasks-spread,sbar',
 'RUN_PATH': 'hp_lp/29637642-run-n_iter-200-tasks-spread,sbar',
 'MODEL': {'delta_ms': 2.0,
           'delta_ms_pre': 2.0,
           'cap': 40.0,
           'g_leak': 1.0,
           'e_exc': 10.0,
           'e_inh': -70.0,
           'e_h': 50.0,
           'h_g_max': 100.0,
           'gt_amp': 20.0,
           'v_clamp': 100.0,
           'a_syn_exc': 0.001,
           'a_syn_inh': 0.001,
           'euler': 'im'},
 'NEURON_SCHEMA': {'model': 'hp_lp',
                   'filter': 'none',
                   'syn_mode': 'per_cell',
                   'a_lo': 0.1,
                   'a_hi': 10.0,
                   'h_cells': ['L1', 'L2', 'L4', 'L5'],
                   'params': {'a_gt': {'lo': 0.5, 'hi': 2.0, 'init': 1.0, 'jit': 0.1, 'mode': 'indi'},
                              'bias_gt': {'lo': -200.0, 'hi': 200.0, 'init': 0.0, 'jit': 1.0, 'mode': 'indi'},
                              'syn_strength_cell': {'lo': 0.1,
                                                    'hi': 10.0,
                                                    'init': 1.0,
                                                    'inits': {'Mi9:T4a': 0.0, 'TmY15:T4a': 0.0},
                                                    'jit': 0.1,
                                                    'mode': 'indi',
                                                    'modes': {'indi': ['Mi4:T4a',
                                                                       'Mi4:T4b',
                                                                       'Mi4:T4c',
                                                                       'Mi4:T4d',
                                                                       'Mi9:T4b',
                                                                       'Mi9:T4c',
                                                                       'Mi9:T4d'],
                                                              'fixed': ['Mi9:T4a', 'TmY15:T4a']}},
                              'syn_strength_edge': {'lo': 0.1, 'hi': 10.0, 'init': 1.0, 'jit': 0.1, 'mode': 'indi'},
                              'a_in': {'lo': 0.01, 'hi': 100.0, 'init': 1.0, 'jit': 0.1, 'mode': 'shared'},
                              'a_out': {'lo': 0.1, 'hi': 10.0, 'init': 1.0, 'jit': 0.1, 'mode': 'indi'},
                              'e_leak': {'lo': -50.0, 'hi': 50.0, 'init': 0.0, 'jit': 1.0, 'mode': 'indi'},
                              'v_th': {'lo': -100.0, 'hi': 100.0, 'init': -50.0, 'jit': 0.0, 'mode': 'indi'},
                              'tau_lp': {'lo': 10.0,
                                         'hi': 100.0,
                                         'init': 10.0,
                                         'inits': {'Mi4': 200},
                                         'jit': 2.0,
                                         'mode': 'indi'},
                              'tau_hp_rise': {'lo': 100.0, 'hi': 500.0, 'init': 200.0, 'jit': 20.0, 'mode': 'indi'},
                              'tau_hp_fall': {'lo': 100.0, 'hi': 500.0, 'init': 200.0, 'jit': 20.0, 'mode': 'indi'},
                              'a_h': {'lo': 0.0,
                                      'hi': 1.0,
                                      'init': 0.0,
                                      'inits': {'L1': 0.5, 'L2': 0.5, 'L4': 0.5, 'L5': 0.5},
                                      'jit': 0.1,
                                      'mode': 'indi'},
                              'v_mid_h_g': {'lo': -70.0, 'hi': -30.0, 'init': -50.0, 'jit': 5.0, 'mode': 'shared'},
                              'v_mid_h_tau': {'lo': -70.0, 'hi': -40.0, 'init': -50.0, 'jit': 5.0, 'mode': 'shared'},
                              'h_slope': {'lo': -0.4, 'hi': -0.2, 'init': -0.25, 'jit': 0.02, 'mode': 'shared'},
                              'a_h_rev': {'lo': 0.0,
                                          'hi': 1.0,
                                          'init': 0.0,
                                          'jit': 0.1,
                                          'mode': 'fixed',
                                          'modes': {'indi': ['L1', 'L2', 'L4', 'L5']}},
                              'v_mid_h_g_rev': {'lo': -70.0, 'hi': -30.0, 'init': -50.0, 'jit': 5.0, 'mode': 'shared'},
                              'v_mid_h_tau_rev': {'lo': -70.0,
                                                  'hi': -40.0,
                                                  'init': -50.0,
                                                  'jit': 5.0,
                                                  'mode': 'shared'},
                              'h_slope_rev': {'lo': -0.4, 'hi': -0.2, 'init': -0.25, 'jit': 0.02, 'mode': 'shared'},
                              'v_th_ca': {'lo': -100.0, 'hi': 100.0, 'init': -50.0, 'jit': 0.0, 'mode': 'indi'},
                              'a_ca': {'lo': 0.1, 'hi': 10.0, 'init': 1.0, 'jit': 0.1, 'mode': 'indi'},
                              'tau_ca': {'lo': 100.0, 'hi': 1000.0, 'init': 350.0, 'jit': 10.0, 'mode': 'indi'},
                              'a_sti_radius': {'lo': 0.0, 'hi': 1.0, 'init': 0.0, 'jit': 0.05, 'mode': 'indi'},
                              'a_sti_mid': {'lo': 0.0,
                                            'hi': 1.0,
                                            'init': 0.0,
                                            'inits': {0.5: 0.1, 1: 0, 1.5: 0, 2: 0},
                                            'jit': 0.05,
                                            'mode': 'fixed'}}},
 'NEURON_FORWARD': {'pre_grad': True},
 'NETWORK_PATH': {'network': 'right_min_neuron1_r10'},
 'SPREAD_INPUT_SPEC': {'ms_pre': 20.0, 'ms_sti': 160.0, 'ms_response': 600.0, 'ms_post': 0.0},
 'SPREAD_GT': {'spread_gt_mode': 'pos'},
 'SPOT_INPUT_GEO': {'spot_radius': 1.0, 'fully_inside': True, 'multi_spot': True, 'shift_radius': 1.0},
 'SPOT_PACK': {'spot_cost_radii': [0, 1, 2],
               'a_sti_radii': [1, 2],
               'spot_cost_radius_scale': {0: 1.0, 1: 0.3333333333333333, 2: 0.3333333333333333}},
 'SBAR_INPUT_GEO': {'multi_bar': False, 'bar_dist': 4, 'shift_mid': 0},
 'SBAR_PACK': {'a_sti_mids': [0.5, 1.0, 1.5, 2.0]},
 'MBAR_INPUT_SPEC': {'ms_pre': 20.0, 'bar_ws_deg': [2.25, 9.0], 'bar_directions': ['right', 'left', 'up', 'down']},
 'TRAIN_CONFIG': {'tasks': ['spread', 'sbar'],
                  'contrasts': ['bright', 'dark'],
                  'i_sti': {'bright': 40.0, 'dark': 0.0},
                  'gt_by_task': {'spread': ['L1', 'L2', 'L3', 'L4', 'L5', 'Mi9'], 'sbar': ['Mi1', 'Mi4', 'T4a']},
                  'cost_radius': None},
 'VAL_FROM': {'bias_gt': {'source': 'v_onset', 'enabled': True},
              'v_th_ca': {'source': 'v_th', 'enabled': False},
              'a_ca': {'source': 'a_out', 'enabled': False},
              'a_h_rev': {'source': 'a_h', 'enabled': False},
              'v_mid_h_g_rev': {'source': 'v_mid_h_g', 'enabled': False},
              'h_slope_rev': {'source': 'h_slope', 'enabled': False},
              'v_mid_h_tau_rev': {'source': 'v_mid_h_tau', 'enabled': False}},
 'TRAIN_OPTIMIZATION': {'part_cost_scales': {'spread': 1},
                        'cost_norm': 'a_gt2',
                        'cost_ms': None,
                        'pre_steady': 'solve',
                        'pre_steady_n_iter': 50,
                        'pre_steady_damp': 0.1,
                        'n_run': 1,
                        'n_iter': 0,
                        'lrs': [0.1],
                        'checkpoint_interval': 1000},
 'TRAIN_SESSION': {'fp': 32, 'sequential': False},
 'FIGURE_PLOT': {'tasks': ['spread', 'sbar'],
                 'sbar_figure_cells': ['R1-6', 'L1', 'L2', 'L3', 'L4', 'L5', 'Mi1', 'Mi4', 'Mi9', 'T4a'],
                 'html': False,
                 'plot_right_only': True,
                 'x': None,
                 'y': None,
                 'align_xy': None,
                 'ms_shown': None},
 'FIGURE_PLOT_STI_SPOT': {'spot_radii': [0.5, 1.0, 1.5, 2.0], 'output': None},
 'FIGURE_PLOT_STI_MBAR': {'output': None,
                          'gif': False,
                          'gif_output': None,
                          't_stride': 2,
                          't': None,
                          'direction': 'left'},
 'ANALYZE_RUNS': ['hp_lp/29637642-run-n_iter-200-tasks-spread,sbar'],
 'ANALYZE_CELL_DYNAMICS': {'cells': None,
                           'spec': None,
                           'mid': None,
                           'node': None,
                           'radius': 0,
                           't_rel_start': None,
                           't_rel_stop': None,
                           'figure': True,
                           'json': False,
                           'a_mid': None},
 'ANALYZE_SYN_SIGN': {'bins': 20, 'after_train': False, 'post': False},
 'ANALYZE_TRACE': {'trace_osc_min_f': 0.5,
                   'trace_osc_max_f': 20.0,
                   'trace_osc_peak_threshold': 0.5,
                   'trace_osc_z_threshold': 2.0,
                   'trace_osc_snr_min': 2.0,
                   'trace_drift_min_slope_mv_over_s': 1.0,
                   'trace_drift_min_r': 0.5,
                   'trace_baseline_ms': 200.0,
                   'trace_flat_max_abs': 0.5,
                   'trace_flat_v_peak_to_peak_max': 1.0,
                   'trace_flat_abs_mean': 0.2,
                   'check': None,
                   'baseline_ms_shown': None},
 'ANALYZE_COST_PART': {'part': None,
                       'cost_norm': None,
                       'stride': 1,
                       'per_node': False,
                       'csv': None,
                       'print_parts': False}}
==== end config ====
config: {'run_name': '29637642-run-n_iter-200-tasks-spread,sbar', 'run_path': 'hp_lp/${run_name}', 'delta_ms': 2.0, 'delta_ms_pre': 2.0, 'cap': 40.0, 'g_leak': 1.0, 'e_exc': 10.0, 'e_inh': -70.0, 'e_h': 50.0, 'h_g_max': 100.0, 'gt_amp': 20.0, 'v_clamp': 100.0, 'a_syn_exc': 0.001, 'a_syn_inh': 0.001, 'euler': 'im', 'model': 'hp_lp', 'filter': 'none', 'syn_mode': 'per_cell', 'a_lo': 0.1, 'a_hi': 10.0, 'h_cells': ['L1', 'L2', 'L4', 'L5'], 'params': {'a_gt': {'lo': 0.5, 'hi': 2.0, 'init': 1.0, 'jit': 0.1, 'mode': 'indi'}, 'bias_gt': {'lo': -200.0, 'hi': 200.0, 'init': 0.0, 'jit': 1.0, 'mode': 'indi'}, 'syn_strength_cell': {'lo': 0.1, 'hi': 10.0, 'init': 1.0, 'inits': {'Mi9:T4a': 0.0, 'TmY15:T4a': 0.0}, 'jit': 0.1, 'mode': 'indi', 'modes': {'indi': ['Mi4:T4a', 'Mi4:T4b', 'Mi4:T4c', 'Mi4:T4d', 'Mi9:T4b', 'Mi9:T4c', 'Mi9:T4d'], 'fixed': ['Mi9:T4a', 'TmY15:T4a']}}, 'syn_strength_edge': {'lo': 0.1, 'hi': 10.0, 'init': 1.0, 'jit': 0.1, 'mode': 'indi'}, 'a_in': {'lo': 0.01, 'hi': 100.0, 'init': 1.0, 'jit': 0.1, 'mode': 'shared'}, 'a_out': {'lo': 0.1, 'hi': 10.0, 'init': 1.0, 'jit': 0.1, 'mode': 'indi'}, 'e_leak': {'lo': -50.0, 'hi': 50.0, 'init': 0.0, 'jit': 1.0, 'mode': 'indi'}, 'v_th': {'lo': -100.0, 'hi': 100.0, 'init': -50.0, 'jit': 0.0, 'mode': 'indi'}, 'tau_lp': {'lo': 10.0, 'hi': 100.0, 'init': 10.0, 'inits': {'Mi4': 200}, 'jit': 2.0, 'mode': 'indi'}, 'tau_hp_rise': {'lo': 100.0, 'hi': 500.0, 'init': 200.0, 'jit': 20.0, 'mode': 'indi'}, 'tau_hp_fall': {'lo': 100.0, 'hi': 500.0, 'init': 200.0, 'jit': 20.0, 'mode': 'indi'}, 'a_h': {'lo': 0.0, 'hi': 1.0, 'init': 0.0, 'inits': {'L1': 0.5, 'L2': 0.5, 'L4': 0.5, 'L5': 0.5}, 'jit': 0.1, 'mode': 'indi'}, 'v_mid_h_g': {'lo': -70.0, 'hi': -30.0, 'init': -50.0, 'jit': 5.0, 'mode': 'shared'}, 'v_mid_h_tau': {'lo': -70.0, 'hi': -40.0, 'init': -50.0, 'jit': 5.0, 'mode': 'shared'}, 'h_slope': {'lo': -0.4, 'hi': -0.2, 'init': -0.25, 'jit': 0.02, 'mode': 'shared'}, 'a_h_rev': {'lo': 0.0, 'hi': 1.0, 'init': 0.0, 'jit': 0.1, 'mode': 'fixed', 'modes': {'indi': '${h_cells}'}}, 'v_mid_h_g_rev': {'lo': -70.0, 'hi': -30.0, 'init': -50.0, 'jit': 5.0, 'mode': 'shared'}, 'v_mid_h_tau_rev': {'lo': -70.0, 'hi': -40.0, 'init': -50.0, 'jit': 5.0, 'mode': 'shared'}, 'h_slope_rev': {'lo': -0.4, 'hi': -0.2, 'init': -0.25, 'jit': 0.02, 'mode': 'shared'}, 'v_th_ca': {'lo': -100.0, 'hi': 100.0, 'init': -50.0, 'jit': 0.0, 'mode': 'indi'}, 'a_ca': {'lo': 0.1, 'hi': 10.0, 'init': 1.0, 'jit': 0.1, 'mode': 'indi'}, 'tau_ca': {'lo': 100.0, 'hi': 1000.0, 'init': 350.0, 'jit': 10.0, 'mode': 'indi'}, 'a_sti_radius': {'lo': 0.0, 'hi': 1.0, 'init': 0.0, 'jit': 0.05, 'mode': 'indi'}, 'a_sti_mid': {'lo': 0.0, 'hi': 1.0, 'init': 0.0, 'inits': {0.5: 0.1, 1: 0, 1.5: 0, 2: 0}, 'jit': 0.05, 'mode': 'fixed'}}, 'pre_grad': True, 'network': 'right_min_neuron1_r10', 'i_sti': {'bright': 40.0, 'dark': 0.0}, 'contrasts': ['bright', 'dark'], 'ms_pre': 20.0, 'ms_sti': 160.0, 'ms_response': 600.0, 'ms_post': 0.0, 'spread_gt_mode': 'pos', 'spot_radius': 1.0, 'fully_inside': True, 'multi_spot': True, 'shift_radius': 1.0, 'spot_cost_radii': [0, 1, 2], 'a_sti_radii': [1, 2], 'spot_cost_radius_scale': {0: 1.0, 1: 0.3333333333333333, 2: 0.3333333333333333}, 'multi_bar': False, 'bar_dist': 4, 'shift_mid': 0, 'a_sti_mids': [0.5, 1, 1.5, 2], 'bar_ws_deg': [2.25, 9.0], 'bar_directions': ['right', 'left', 'up', 'down'], 'tasks': ['spread', 'sbar'], 'gt_by_task': {'spread': ['L1', 'L2', 'L3', 'L4', 'L5', 'Mi9'], 'sbar': ['Mi1', 'Mi4', 'T4a']}, 'cost_radius': None, 'param_vals': {}, 'val_from': {'bias_gt': {'source': 'v_onset', 'enabled': True}, 'v_th_ca': {'source': 'v_th', 'enabled': False}, 'a_ca': {'source': 'a_out', 'enabled': False}, 'a_h_rev': {'source': 'a_h', 'enabled': False}, 'v_mid_h_g_rev': {'source': 'v_mid_h_g', 'enabled': False}, 'h_slope_rev': {'source': 'h_slope', 'enabled': False}, 'v_mid_h_tau_rev': {'source': 'v_mid_h_tau', 'enabled': False}}, 'part_cost_scales': {'spread': 1}, 'cost_norm': 'a_gt2', 'cost_ms': None, 'pre_steady': 'solve', 'pre_steady_n_iter': 50, 'pre_steady_damp': 0.1, 'n_run': 1, 'n_iter': 100, 'lrs': [0.1], 'checkpoint_interval': 1000, 'init_from': None, 'fp': 32, 'sequential': False, 'spot_radii': [0.5, 1.0, 1.5, 2.0], 'spot_plot_output': None, 'mbar_plot_output': None, 'mbar_plot_gif': False, 'mbar_plot_gif_output': None, 'mbar_plot_t_stride': 2, 'mbar_plot_t': None, 'mbar_plot_direction': 'left', 'figure_tasks': ['spread', 'sbar'], 'sbar_figure_cells': ['R1-6', 'L1', 'L2', 'L3', 'L4', 'L5', 'Mi1', 'Mi4', 'Mi9', 'T4a'], 'html': False, 'plot_right_only': True, 'x': None, 'y': None, 'align_xy': None, 'ms_shown': None, 'analyze_runs': None, 'cells': None, 'spec': None, 'mid': None, 'node': None, 'radius': 0, 't_rel_start': None, 't_rel_stop': None, 'analyze_figure': True, 'analyze_json': False, 'post': False, 'check': None, 'baseline_ms_shown': None, 'part': None, 'analyze_cost_norm': None, 'stride': 1, 'per_node': False, 'cost_part_csv': None, 'print_parts': False, 'bins': 20, 'after_train': False, 'trace_osc_min_f': 0.5, 'trace_osc_max_f': 20.0, 'trace_osc_peak_threshold': 0.5, 'trace_osc_z_threshold': 2.0, 'trace_osc_snr_min': 2.0, 'trace_drift_min_slope_mv_over_s': 1.0, 'trace_drift_min_r': 0.5, 'trace_baseline_ms': 200.0, 'trace_flat_max_abs': 0.5, 'trace_flat_v_peak_to_peak_max': 1.0, 'trace_flat_abs_mean': 0.2}
param_modes:
  a_gt               indi=56/shared=0/fixed=0/frozen=0 (56)
  bias_gt            indi=0/shared=0/fixed=0/frozen=56 (0)
  syn_strength_cell  indi=1033/shared=0/fixed=2/frozen=0 (1033)
  a_in               indi=0/shared=56/fixed=0/frozen=0 (1)
  a_out              indi=56/shared=0/fixed=0/frozen=0 (56)
  e_leak             indi=56/shared=0/fixed=0/frozen=0 (56)
  v_th               indi=56/shared=0/fixed=0/frozen=0 (56)
  tau_lp             indi=56/shared=0/fixed=0/frozen=0 (56)
  tau_hp_rise        indi=56/shared=0/fixed=0/frozen=0 (56)
  tau_hp_fall        indi=56/shared=0/fixed=0/frozen=0 (56)
  a_h                indi=56/shared=0/fixed=0/frozen=0 (56)
  a_sti_mid          indi=0/shared=0/fixed=4/frozen=0 (0)
device=cuda, model=hp_lp, syn_mode=per_cell, euler=implicit, pre_steady=solve, n_run=1, n_iter=100, lrs=[0.1], n_z=1482, fname=train_hp_lp.npy
checkpoint_interval=1000

round 0

  0%|          | 0/100 [00:00<?, ?it/s] Cost: 1106289.3750  [spread_bright_L5=208456.3594  spread_dark_L1=144065.6719  spread_dark_L2=152291.7031  spread_dark_L3=139273.6875  spread_dark_L4=183382.0781  spread_dark_Mi9=146205.5000  sbar_bright_Mi1_mid+0=27988.6426  sbar_bright_Mi4_mid+0=7398.8599  sbar_bright_T4a_mid+0=10532.7061  sbar_dark_Mi1_mid+0=3618.3938  sbar_dark_Mi4_mid+0=1778.8453  sbar_dark_T4a_mid+0=1905.2836] 10%|█         | 10/100 [00:10<01:32,  1.03s/it] Cost: 714972.8125  [spread_bright_L5=53711.2031  spread_dark_L1=58051.7227  spread_dark_L2=63024.0469  spread_dark_L3=108743.8828  spread_dark_L4=174342.9688  spread_dark_Mi9=140893.8438  sbar_bright_Mi1_mid+0=25529.6699  sbar_bright_Mi4_mid+0=8005.1987  sbar_bright_T4a_mid+0=10395.2588  sbar_dark_Mi1_mid+0=2688.8125  sbar_dark_Mi4_mid+0=1146.9955  sbar_dark_T4a_mid+0=1769.2690]:  20%|██        | 20/100 [00:20<01:21,  1.02s/it] Cost: 626004.5000  [spread_bright_L5=40581.9062  spread_dark_L1=50424.6953  spread_dark_L2=59562.9219  spread_dark_L3=94681.9297  spread_dark_L4=130449.7266  spread_dark_Mi9=134393.3281  sbar_bright_Mi1_mid+0=25409.7891  sbar_bright_Mi4_mid+0=7961.4648  sbar_bright_T4a_mid+0=10396.6045  sbar_dark_Mi1_mid+0=2658.9934  sbar_dark_Mi4_mid+0=1078.2395  sbar_dark_T4a_mid+0=1769.7280]:   30%|███       | 30/100 [00:30<01:11,  1.02s/it] Cost: 529302.0625  [spread_bright_L5=36277.3555  spread_dark_L1=33418.7891  spread_dark_L2=57227.9531  spread_dark_L3=89472.9531  spread_dark_L4=73754.1875  spread_dark_Mi9=125121.2188  sbar_bright_Mi1_mid+0=24218.1816  sbar_bright_Mi4_mid+0=7839.5459  sbar_bright_T4a_mid+0=10390.4375  sbar_dark_Mi1_mid+0=2634.3787  sbar_dark_Mi4_mid+0=974.0061  sbar_dark_T4a_mid+0=1765.8176]:    40%|████      | 40/100 [00:40<01:01,  1.02s/it] Cost: 475818.2188  [spread_bright_L5=33910.1445  spread_dark_L1=28699.1172  spread_dark_L2=49033.4336  spread_dark_L3=79108.8281  spread_dark_L4=65766.2891  spread_dark_Mi9=108725.8281  sbar_bright_Mi1_mid+0=23177.1289  sbar_bright_Mi4_mid+0=7617.0576  sbar_bright_T4a_mid+0=10274.2676  sbar_dark_Mi1_mid+0=2638.5859  sbar_dark_Mi4_mid+0=844.3152  sbar_dark_T4a_mid+0=1723.3136]:  50%|█████     | 50/100 [00:51<00:51,  1.02s/it] Cost: 426924.9688  [spread_bright_L5=32859.6719  spread_dark_L1=27320.7949  spread_dark_L2=37141.2148  spread_dark_L3=71559.0469  spread_dark_L4=59975.2969  spread_dark_Mi9=90069.0156  sbar_bright_Mi1_mid+0=22422.8809  sbar_bright_Mi4_mid+0=7354.6816  sbar_bright_T4a_mid+0=9570.3887  sbar_dark_Mi1_mid+0=2819.6152  sbar_dark_Mi4_mid+0=707.7693  sbar_dark_T4a_mid+0=1498.8137]:    60%|██████    | 60/100 [01:01<00:40,  1.02s/it] Cost: 390684.1875  [spread_bright_L5=31745.7109  spread_dark_L1=24502.0723  spread_dark_L2=33751.0703  spread_dark_L3=61691.5508  spread_dark_L4=59164.2578  spread_dark_Mi9=76137.9844  sbar_bright_Mi1_mid+0=21118.1445  sbar_bright_Mi4_mid+0=6852.2227  sbar_bright_T4a_mid+0=8306.5742  sbar_dark_Mi1_mid+0=2842.6594  sbar_dark_Mi4_mid+0=688.5720  sbar_dark_T4a_mid+0=1727.7155]:  70%|███████   | 70/100 [01:11<00:30,  1.02s/it] Cost: 362088.8750  [spread_bright_L5=29146.0273  spread_dark_L1=22695.2461  spread_dark_L2=32079.4434  spread_dark_L3=52371.9219  spread_dark_L4=57193.4844  spread_dark_Mi9=69120.5234  sbar_bright_Mi1_mid+0=20308.3730  sbar_bright_Mi4_mid+0=6371.8501  sbar_bright_T4a_mid+0=7774.8276  sbar_dark_Mi1_mid+0=2497.2056  sbar_dark_Mi4_mid+0=751.7302  sbar_dark_T4a_mid+0=1401.9633]:  80%|████████  | 80/100 [01:21<00:20,  1.02s/it] Cost: 322422.4375  [spread_bright_L5=29056.6973  spread_dark_L1=20031.4004  spread_dark_L2=29037.7012  spread_dark_L3=45646.7500  spread_dark_L4=55476.2695  spread_dark_Mi9=51792.4961  sbar_bright_Mi1_mid+0=17846.7715  sbar_bright_Mi4_mid+0=6108.0400  sbar_bright_T4a_mid+0=6176.4072  sbar_dark_Mi1_mid+0=2254.6401  sbar_dark_Mi4_mid+0=868.3272  sbar_dark_T4a_mid+0=1654.6636]:  90%|█████████ | 90/100 [01:32<00:10,  1.02s/it] Cost: 304131.9062  [spread_bright_L5=27090.2793  spread_dark_L1=19386.8848  spread_dark_L2=28390.7070  spread_dark_L3=42221.4570  spread_dark_L4=54126.6562  spread_dark_Mi9=45729.2070  sbar_bright_Mi1_mid+0=14623.6055  sbar_bright_Mi4_mid+0=5499.3931  sbar_bright_T4a_mid+0=6118.3472  sbar_dark_Mi1_mid+0=2946.6165  sbar_dark_Mi4_mid+0=955.9409  sbar_dark_T4a_mid+0=1557.8611]: 100%|██████████| 100/100 [01:42<00:00,  1.03s/it] Cost: 291979.4375  [spread_bright_L5=26507.2129  spread_dark_L1=18824.4668  spread_dark_L2=27070.2832  spread_dark_L3=39278.0742  spread_dark_L4=52873.0117  spread_dark_Mi9=41810.3242  sbar_bright_Mi1_mid+0=15187.4590  sbar_bright_Mi4_mid+0=5281.1221  sbar_bright_T4a_mid+0=5501.9233  sbar_dark_Mi1_mid+0=2671.4202  sbar_dark_Mi4_mid+0=958.3490  sbar_dark_T4a_mid+0=1594.0043]: 100%|██████████| 100/100 [01:42<00:00,  1.02s/it] Cost: 291979.4375  [spread_bright_L5=26507.2129  spread_dark_L1=18824.4668  spread_dark_L2=27070.2832  spread_dark_L3=39278.0742  spread_dark_L4=52873.0117  spread_dark_Mi9=41810.3242  sbar_bright_Mi1_mid+0=15187.4590  sbar_bright_Mi4_mid+0=5281.1221  sbar_bright_T4a_mid+0=5501.9233  sbar_dark_Mi1_mid+0=2671.4202  sbar_dark_Mi4_mid+0=958.3490  sbar_dark_T4a_mid+0=1594.0043]: 

Initl cost = 1106289.3750  [spread_bright_L5=208456.3594  spread_dark_L1=144065.6719  spread_dark_L2=152291.7031  spread_dark_L3=139273.6875  spread_dark_L4=183382.0781  spread_dark_Mi9=146205.5000  sbar_bright_Mi1_mid+0=27988.6426  sbar_bright_Mi4_mid+0=7398.8599  sbar_bright_T4a_mid+0=10532.7061  sbar_dark_Mi1_mid+0=3618.3938  sbar_dark_Mi4_mid+0=1778.8453  sbar_dark_T4a_mid+0=1905.2836]
Final cost = 290863.0938  [spread_bright_L5=26419.7422  spread_dark_L1=18742.3379  spread_dark_L2=27032.5020  spread_dark_L3=38927.5391  spread_dark_L4=52793.2812  spread_dark_Mi9=41522.9023  sbar_bright_Mi1_mid+0=15114.1738  sbar_bright_Mi4_mid+0=5283.7046  sbar_bright_T4a_mid+0=5534.4297  sbar_dark_Mi1_mid+0=2671.7278  sbar_dark_Mi4_mid+0=957.3590  sbar_dark_T4a_mid+0=1558.2595]
Best  cost = 290863.0938  [spread_bright_L5=26419.7422  spread_dark_L1=18742.3379  spread_dark_L2=27032.5020  spread_dark_L3=38927.5391  spread_dark_L4=52793.2812  spread_dark_Mi9=41522.9023  sbar_bright_Mi1_mid+0=15114.1738  sbar_bright_Mi4_mid+0=5283.7046  sbar_bright_T4a_mid+0=5534.4297  sbar_dark_Mi1_mid+0=2671.7278  sbar_dark_Mi4_mid+0=957.3590  sbar_dark_T4a_mid+0=1558.2595]
time needed  = 106.92  sec

done in 0.03 hours
wrote /home/yitai/drosophila_vision/vision/simulation/0_runs/hp_lp/29644307-run-n_iter-100-tasks-spread,sbar/data/best_adam.npz (best run #0)
wrote table: /home/yitai/drosophila_vision/vision/simulation/0_runs/hp_lp/29644307-run-n_iter-100-tasks-spread,sbar/param.csv (best run #0, cost=290863.0938)
wrote table: /home/yitai/drosophila_vision/vision/simulation/0_runs/hp_lp/29644307-run-n_iter-100-tasks-spread,sbar/syn_strength_cell.csv
/home/yitai/drosophila_vision/vision/simulation/5_figure/1_panel.py:834: UserWarning: This figure includes Axes that are not compatible with tight_layout, so results might be incorrect.
  fig.tight_layout()
plot /home/yitai/drosophila_vision/vision/simulation/0_runs/hp_lp/29644307-run-n_iter-100-tasks-spread,sbar/cost.png: prep=0.0s  plot_s=0.3s  save=2.4s  elapsed_s=2.7s
plot device=cuda (NVIDIA A100 80GB PCIe MIG 1g.20gb)
1 trained set(s); costs min=290863.0938 max=290863.0938; selected #0 (from saved final costs)
plot /home/yitai/drosophila_vision/vision/simulation/0_runs/hp_lp/29644307-run-n_iter-100-tasks-spread,sbar/spread_gt_v.png: prep=0.4s  plot_s=0.1s  save=0.3s  elapsed_s=0.8s
plot /home/yitai/drosophila_vision/vision/simulation/0_runs/hp_lp/29644307-run-n_iter-100-tasks-spread,sbar/spread_all_v.png: prep=0.0s  plot_s=0.9s  save=2.6s  elapsed_s=3.5s
plot /home/yitai/drosophila_vision/vision/simulation/0_runs/hp_lp/29644307-run-n_iter-100-tasks-spread,sbar/sbar_gt_v.png: prep=1.0s  plot_s=0.9s  save=0.8s  elapsed_s=2.7s
plot /home/yitai/drosophila_vision/vision/simulation/0_runs/hp_lp/29644307-run-n_iter-100-tasks-spread,sbar/sbar_all_v.png: prep=0.0s  plot_s=3.3s  save=3.7s  elapsed_s=7.0s
