Job ID: 29643863
Node:   spartan-gpgpu099
GPU:    0
GPU 0: NVIDIA A100 80GB PCIe (UUID: GPU-322f5568-e44f-6ee4-45a8-e5d9489b443e)
GPU 1: NVIDIA A100 80GB PCIe (UUID: GPU-14844a85-9bf8-1cac-86bb-ab42ec5dba78)
  MIG 1g.20gb     Device  0: (UUID: MIG-ca7758cc-36b2-53c8-8bf7-fe711a703942)
GPU 2: NVIDIA A100 80GB PCIe (UUID: GPU-40730cdb-5070-f06f-e8e1-92c3b4bc8f18)
GPU 3: NVIDIA A100 80GB PCIe (UUID: GPU-705f91ce-5278-67b6-77ed-ac45a7d89e43)
cuda: True NVIDIA A100 80GB PCIe MIG 1g.20gb
Start:  Thu 27 Aug 2026 02:31:26 AEST
==== config ====
{'RUN_NAME': '29637642-run-n_iter-200-tasks-spread,sbar',
 'RUN_PATH': 'hp_lp/29637642-run-n_iter-200-tasks-spread,sbar',
 'MODEL': {'delta_ms': 2.0,
           'delta_ms_pre': 2.0,
           'cap': 40.0,
           'g_leak': 1.0,
           'e_exc': 10.0,
           'e_inh': -70.0,
           'e_h': 50.0,
           'h_g_max': 100.0,
           'gt_amp': 20.0,
           'v_clamp': 100.0,
           'a_syn_exc': 0.001,
           'a_syn_inh': 0.001,
           'euler': 'im'},
 'NEURON_SCHEMA': {'model': 'hp_lp',
                   'filter': 'none',
                   'syn_mode': 'per_cell',
                   'a_lo': 0.1,
                   'a_hi': 10.0,
                   'h_cells': ['L1', 'L2', 'L4', 'L5'],
                   'params': {'a_gt': {'lo': 0.5, 'hi': 2.0, 'init': 1.0, 'jit': 0.1, 'mode': 'indi'},
                              'bias_gt': {'lo': -200.0, 'hi': 200.0, 'init': 0.0, 'jit': 1.0, 'mode': 'indi'},
                              'syn_strength_cell': {'lo': 0.1,
                                                    'hi': 10.0,
                                                    'init': 1.0,
                                                    'inits': {'Mi9:T4a': 0.0, 'TmY15:T4a': 0.0},
                                                    'jit': 0.1,
                                                    'mode': 'indi',
                                                    'modes': {'indi': ['Mi4:T4a',
                                                                       'Mi4:T4b',
                                                                       'Mi4:T4c',
                                                                       'Mi4:T4d',
                                                                       'Mi9:T4b',
                                                                       'Mi9:T4c',
                                                                       'Mi9:T4d'],
                                                              'fixed': ['Mi9:T4a', 'TmY15:T4a']}},
                              'syn_strength_edge': {'lo': 0.1, 'hi': 10.0, 'init': 1.0, 'jit': 0.1, 'mode': 'indi'},
                              'a_in': {'lo': 0.01, 'hi': 100.0, 'init': 1.0, 'jit': 0.1, 'mode': 'shared'},
                              'a_out': {'lo': 0.1, 'hi': 10.0, 'init': 1.0, 'jit': 0.1, 'mode': 'indi'},
                              'e_leak': {'lo': -50.0, 'hi': 50.0, 'init': 0.0, 'jit': 1.0, 'mode': 'indi'},
                              'v_th': {'lo': -100.0, 'hi': 100.0, 'init': -50.0, 'jit': 0.0, 'mode': 'indi'},
                              'tau_lp': {'lo': 10.0,
                                         'hi': 100.0,
                                         'init': 10.0,
                                         'inits': {'Mi4': 200},
                                         'jit': 2.0,
                                         'mode': 'indi'},
                              'tau_hp_rise': {'lo': 100.0, 'hi': 500.0, 'init': 200.0, 'jit': 20.0, 'mode': 'indi'},
                              'tau_hp_fall': {'lo': 100.0, 'hi': 500.0, 'init': 200.0, 'jit': 20.0, 'mode': 'indi'},
                              'a_h': {'lo': 0.0,
                                      'hi': 1.0,
                                      'init': 0.0,
                                      'inits': {'L1': 0.5, 'L2': 0.5, 'L4': 0.5, 'L5': 0.5},
                                      'jit': 0.1,
                                      'mode': 'indi'},
                              'v_mid_h_g': {'lo': -70.0, 'hi': -30.0, 'init': -50.0, 'jit': 5.0, 'mode': 'shared'},
                              'v_mid_h_tau': {'lo': -70.0, 'hi': -40.0, 'init': -50.0, 'jit': 5.0, 'mode': 'shared'},
                              'h_slope': {'lo': -0.4, 'hi': -0.2, 'init': -0.25, 'jit': 0.02, 'mode': 'shared'},
                              'a_h_rev': {'lo': 0.0,
                                          'hi': 1.0,
                                          'init': 0.0,
                                          'jit': 0.1,
                                          'mode': 'fixed',
                                          'modes': {'indi': ['L1', 'L2', 'L4', 'L5']}},
                              'v_mid_h_g_rev': {'lo': -70.0, 'hi': -30.0, 'init': -50.0, 'jit': 5.0, 'mode': 'shared'},
                              'v_mid_h_tau_rev': {'lo': -70.0,
                                                  'hi': -40.0,
                                                  'init': -50.0,
                                                  'jit': 5.0,
                                                  'mode': 'shared'},
                              'h_slope_rev': {'lo': -0.4, 'hi': -0.2, 'init': -0.25, 'jit': 0.02, 'mode': 'shared'},
                              'v_th_ca': {'lo': -100.0, 'hi': 100.0, 'init': -50.0, 'jit': 0.0, 'mode': 'indi'},
                              'a_ca': {'lo': 0.1, 'hi': 10.0, 'init': 1.0, 'jit': 0.1, 'mode': 'indi'},
                              'tau_ca': {'lo': 100.0, 'hi': 1000.0, 'init': 350.0, 'jit': 10.0, 'mode': 'indi'},
                              'a_sti_radius': {'lo': 0.0, 'hi': 1.0, 'init': 0.0, 'jit': 0.05, 'mode': 'indi'},
                              'a_sti_mid': {'lo': 0.0,
                                            'hi': 1.0,
                                            'init': 0.0,
                                            'inits': {0.5: 0.9, 1: 0.5, 1.5: 0.4, 2: 0.2},
                                            'jit': 0.05,
                                            'mode': 'fixed'}}},
 'NEURON_FORWARD': {'pre_grad': True},
 'NETWORK_PATH': {'network': 'right_min_neuron1_r10'},
 'SPREAD_INPUT_SPEC': {'ms_pre': 20.0, 'ms_sti': 160.0, 'ms_response': 600.0, 'ms_post': 0.0},
 'SPREAD_GT': {'spread_gt_mode': 'pos'},
 'SPOT_INPUT_GEO': {'spot_radius': 1.0, 'fully_inside': True, 'multi_spot': True, 'shift_radius': 1.0},
 'SPOT_PACK': {'spot_cost_radii': [0, 1, 2],
               'a_sti_radii': [1, 2],
               'spot_cost_radius_scale': {0: 1.0, 1: 0.3333333333333333, 2: 0.3333333333333333}},
 'SBAR_INPUT_GEO': {'multi_bar': False, 'bar_dist': 4, 'shift_mid': 0},
 'SBAR_PACK': {'a_sti_mids': [0.5, 1.0, 1.5, 2.0]},
 'MBAR_INPUT_SPEC': {'ms_pre': 20.0, 'bar_ws_deg': [2.25, 9.0], 'bar_directions': ['right', 'left', 'up', 'down']},
 'TRAIN_CONFIG': {'tasks': ['spread', 'sbar'],
                  'contrasts': ['bright', 'dark'],
                  'i_sti': {'bright': 40.0, 'dark': 0.0},
                  'gt_by_task': {'spread': ['L1', 'L2', 'L3', 'L4', 'L5', 'Mi1', 'Mi4'], 'sbar': ['Mi1', 'Mi4', 'T4a']},
                  'cost_radius': None},
 'VAL_FROM': {'bias_gt': {'source': 'v_onset', 'enabled': True},
              'v_th_ca': {'source': 'v_th', 'enabled': False},
              'a_ca': {'source': 'a_out', 'enabled': False},
              'a_h_rev': {'source': 'a_h', 'enabled': False},
              'v_mid_h_g_rev': {'source': 'v_mid_h_g', 'enabled': False},
              'h_slope_rev': {'source': 'h_slope', 'enabled': False},
              'v_mid_h_tau_rev': {'source': 'v_mid_h_tau', 'enabled': False}},
 'TRAIN_OPTIMIZATION': {'part_cost_scales': {'spread': 1},
                        'cost_norm': 'a_gt2',
                        'cost_ms': None,
                        'pre_steady': 'solve',
                        'pre_steady_n_iter': 50,
                        'pre_steady_damp': 0.1,
                        'n_run': 1,
                        'n_iter': 0,
                        'lrs': [0.1],
                        'checkpoint_interval': 1000},
 'TRAIN_SESSION': {'fp': 32, 'sequential': False},
 'FIGURE_PLOT': {'tasks': ['spread', 'sbar'],
                 'sbar_figure_cells': ['R1-6', 'L1', 'L2', 'L3', 'L4', 'L5', 'Mi1', 'Mi4', 'Mi9', 'T4a'],
                 'html': False,
                 'plot_right_only': True,
                 'x': None,
                 'y': None,
                 'align_xy': None,
                 'ms_shown': None},
 'FIGURE_PLOT_STI_SPOT': {'spot_radii': [0.5, 1.0, 1.5, 2.0], 'output': None},
 'FIGURE_PLOT_STI_MBAR': {'output': None,
                          'gif': False,
                          'gif_output': None,
                          't_stride': 2,
                          't': None,
                          'direction': 'left'},
 'ANALYZE_RUNS': ['hp_lp/29637642-run-n_iter-200-tasks-spread,sbar'],
 'ANALYZE_CELL_DYNAMICS': {'cells': None,
                           'spec': None,
                           'mid': None,
                           'node': None,
                           'radius': 0,
                           't_rel_start': None,
                           't_rel_stop': None,
                           'figure': True,
                           'json': False,
                           'a_mid': None},
 'ANALYZE_SYN_SIGN': {'bins': 20, 'after_train': False, 'post': False},
 'ANALYZE_TRACE': {'trace_osc_min_f': 0.5,
                   'trace_osc_max_f': 20.0,
                   'trace_osc_peak_threshold': 0.5,
                   'trace_osc_z_threshold': 2.0,
                   'trace_osc_snr_min': 2.0,
                   'trace_drift_min_slope_mv_over_s': 1.0,
                   'trace_drift_min_r': 0.5,
                   'trace_baseline_ms': 200.0,
                   'trace_flat_max_abs': 0.5,
                   'trace_flat_v_peak_to_peak_max': 1.0,
                   'trace_flat_abs_mean': 0.2,
                   'check': None,
                   'baseline_ms_shown': None},
 'ANALYZE_COST_PART': {'part': None,
                       'cost_norm': None,
                       'stride': 1,
                       'per_node': False,
                       'csv': None,
                       'print_parts': False}}
==== end config ====
config: {'run_name': '29637642-run-n_iter-200-tasks-spread,sbar', 'run_path': 'hp_lp/${run_name}', 'delta_ms': 2.0, 'delta_ms_pre': 2.0, 'cap': 40.0, 'g_leak': 1.0, 'e_exc': 10.0, 'e_inh': -70.0, 'e_h': 50.0, 'h_g_max': 100.0, 'gt_amp': 20.0, 'v_clamp': 100.0, 'a_syn_exc': 0.001, 'a_syn_inh': 0.001, 'euler': 'im', 'model': 'hp_lp', 'filter': 'none', 'syn_mode': 'per_cell', 'a_lo': 0.1, 'a_hi': 10.0, 'h_cells': ['L1', 'L2', 'L4', 'L5'], 'params': {'a_gt': {'lo': 0.5, 'hi': 2.0, 'init': 1.0, 'jit': 0.1, 'mode': 'indi'}, 'bias_gt': {'lo': -200.0, 'hi': 200.0, 'init': 0.0, 'jit': 1.0, 'mode': 'indi'}, 'syn_strength_cell': {'lo': 0.1, 'hi': 10.0, 'init': 1.0, 'inits': {'Mi9:T4a': 0.0, 'TmY15:T4a': 0.0}, 'jit': 0.1, 'mode': 'indi', 'modes': {'indi': ['Mi4:T4a', 'Mi4:T4b', 'Mi4:T4c', 'Mi4:T4d', 'Mi9:T4b', 'Mi9:T4c', 'Mi9:T4d'], 'fixed': ['Mi9:T4a', 'TmY15:T4a']}}, 'syn_strength_edge': {'lo': 0.1, 'hi': 10.0, 'init': 1.0, 'jit': 0.1, 'mode': 'indi'}, 'a_in': {'lo': 0.01, 'hi': 100.0, 'init': 1.0, 'jit': 0.1, 'mode': 'shared'}, 'a_out': {'lo': 0.1, 'hi': 10.0, 'init': 1.0, 'jit': 0.1, 'mode': 'indi'}, 'e_leak': {'lo': -50.0, 'hi': 50.0, 'init': 0.0, 'jit': 1.0, 'mode': 'indi'}, 'v_th': {'lo': -100.0, 'hi': 100.0, 'init': -50.0, 'jit': 0.0, 'mode': 'indi'}, 'tau_lp': {'lo': 10.0, 'hi': 100.0, 'init': 10.0, 'inits': {'Mi4': 200}, 'jit': 2.0, 'mode': 'indi'}, 'tau_hp_rise': {'lo': 100.0, 'hi': 500.0, 'init': 200.0, 'jit': 20.0, 'mode': 'indi'}, 'tau_hp_fall': {'lo': 100.0, 'hi': 500.0, 'init': 200.0, 'jit': 20.0, 'mode': 'indi'}, 'a_h': {'lo': 0.0, 'hi': 1.0, 'init': 0.0, 'inits': {'L1': 0.5, 'L2': 0.5, 'L4': 0.5, 'L5': 0.5}, 'jit': 0.1, 'mode': 'indi'}, 'v_mid_h_g': {'lo': -70.0, 'hi': -30.0, 'init': -50.0, 'jit': 5.0, 'mode': 'shared'}, 'v_mid_h_tau': {'lo': -70.0, 'hi': -40.0, 'init': -50.0, 'jit': 5.0, 'mode': 'shared'}, 'h_slope': {'lo': -0.4, 'hi': -0.2, 'init': -0.25, 'jit': 0.02, 'mode': 'shared'}, 'a_h_rev': {'lo': 0.0, 'hi': 1.0, 'init': 0.0, 'jit': 0.1, 'mode': 'fixed', 'modes': {'indi': '${h_cells}'}}, 'v_mid_h_g_rev': {'lo': -70.0, 'hi': -30.0, 'init': -50.0, 'jit': 5.0, 'mode': 'shared'}, 'v_mid_h_tau_rev': {'lo': -70.0, 'hi': -40.0, 'init': -50.0, 'jit': 5.0, 'mode': 'shared'}, 'h_slope_rev': {'lo': -0.4, 'hi': -0.2, 'init': -0.25, 'jit': 0.02, 'mode': 'shared'}, 'v_th_ca': {'lo': -100.0, 'hi': 100.0, 'init': -50.0, 'jit': 0.0, 'mode': 'indi'}, 'a_ca': {'lo': 0.1, 'hi': 10.0, 'init': 1.0, 'jit': 0.1, 'mode': 'indi'}, 'tau_ca': {'lo': 100.0, 'hi': 1000.0, 'init': 350.0, 'jit': 10.0, 'mode': 'indi'}, 'a_sti_radius': {'lo': 0.0, 'hi': 1.0, 'init': 0.0, 'jit': 0.05, 'mode': 'indi'}, 'a_sti_mid': {'lo': 0.0, 'hi': 1.0, 'init': 0.0, 'inits': {0.5: 0.9, 1: 0.5, 1.5: 0.4, 2: 0.2}, 'jit': 0.05, 'mode': 'fixed'}}, 'pre_grad': True, 'network': 'right_min_neuron1_r10', 'i_sti': {'bright': 40.0, 'dark': 0.0}, 'contrasts': ['bright', 'dark'], 'ms_pre': 20.0, 'ms_sti': 160.0, 'ms_response': 600.0, 'ms_post': 0.0, 'spread_gt_mode': 'pos', 'spot_radius': 1.0, 'fully_inside': True, 'multi_spot': True, 'shift_radius': 1.0, 'spot_cost_radii': [0, 1, 2], 'a_sti_radii': [1, 2], 'spot_cost_radius_scale': {0: 1.0, 1: 0.3333333333333333, 2: 0.3333333333333333}, 'multi_bar': False, 'bar_dist': 4, 'shift_mid': 0, 'a_sti_mids': [0.5, 1, 1.5, 2], 'bar_ws_deg': [2.25, 9.0], 'bar_directions': ['right', 'left', 'up', 'down'], 'tasks': ['spread', 'sbar'], 'gt_by_task': {'spread': ['L1', 'L2', 'L3', 'L4', 'L5', 'Mi1', 'Mi4'], 'sbar': ['Mi1', 'Mi4', 'T4a']}, 'cost_radius': None, 'param_vals': {}, 'val_from': {'bias_gt': {'source': 'v_onset', 'enabled': True}, 'v_th_ca': {'source': 'v_th', 'enabled': False}, 'a_ca': {'source': 'a_out', 'enabled': False}, 'a_h_rev': {'source': 'a_h', 'enabled': False}, 'v_mid_h_g_rev': {'source': 'v_mid_h_g', 'enabled': False}, 'h_slope_rev': {'source': 'h_slope', 'enabled': False}, 'v_mid_h_tau_rev': {'source': 'v_mid_h_tau', 'enabled': False}}, 'part_cost_scales': {'spread': 1}, 'cost_norm': 'a_gt2', 'cost_ms': None, 'pre_steady': 'solve', 'pre_steady_n_iter': 50, 'pre_steady_damp': 0.1, 'n_run': 1, 'n_iter': 100, 'lrs': [0.1], 'checkpoint_interval': 1000, 'init_from': None, 'fp': 32, 'sequential': False, 'spot_radii': [0.5, 1.0, 1.5, 2.0], 'spot_plot_output': None, 'mbar_plot_output': None, 'mbar_plot_gif': False, 'mbar_plot_gif_output': None, 'mbar_plot_t_stride': 2, 'mbar_plot_t': None, 'mbar_plot_direction': 'left', 'figure_tasks': ['spread', 'sbar'], 'sbar_figure_cells': ['R1-6', 'L1', 'L2', 'L3', 'L4', 'L5', 'Mi1', 'Mi4', 'Mi9', 'T4a'], 'html': False, 'plot_right_only': True, 'x': None, 'y': None, 'align_xy': None, 'ms_shown': None, 'analyze_runs': None, 'cells': None, 'spec': None, 'mid': None, 'node': None, 'radius': 0, 't_rel_start': None, 't_rel_stop': None, 'analyze_figure': True, 'analyze_json': False, 'post': False, 'check': None, 'baseline_ms_shown': None, 'part': None, 'analyze_cost_norm': None, 'stride': 1, 'per_node': False, 'cost_part_csv': None, 'print_parts': False, 'bins': 20, 'after_train': False, 'trace_osc_min_f': 0.5, 'trace_osc_max_f': 20.0, 'trace_osc_peak_threshold': 0.5, 'trace_osc_z_threshold': 2.0, 'trace_osc_snr_min': 2.0, 'trace_drift_min_slope_mv_over_s': 1.0, 'trace_drift_min_r': 0.5, 'trace_baseline_ms': 200.0, 'trace_flat_max_abs': 0.5, 'trace_flat_v_peak_to_peak_max': 1.0, 'trace_flat_abs_mean': 0.2}
param_modes:
  a_gt               indi=56/shared=0/fixed=0/frozen=0 (56)
  bias_gt            indi=0/shared=0/fixed=0/frozen=56 (0)
  syn_strength_cell  indi=1033/shared=0/fixed=2/frozen=0 (1033)
  a_in               indi=0/shared=56/fixed=0/frozen=0 (1)
  a_out              indi=56/shared=0/fixed=0/frozen=0 (56)
  e_leak             indi=56/shared=0/fixed=0/frozen=0 (56)
  v_th               indi=56/shared=0/fixed=0/frozen=0 (56)
  tau_lp             indi=56/shared=0/fixed=0/frozen=0 (56)
  tau_hp_rise        indi=56/shared=0/fixed=0/frozen=0 (56)
  tau_hp_fall        indi=56/shared=0/fixed=0/frozen=0 (56)
  a_h                indi=56/shared=0/fixed=0/frozen=0 (56)
  a_sti_mid          indi=0/shared=0/fixed=4/frozen=0 (0)
device=cuda, model=hp_lp, syn_mode=per_cell, euler=implicit, pre_steady=solve, n_run=1, n_iter=100, lrs=[0.1], n_z=1482, fname=train_hp_lp.npy
checkpoint_interval=1000

round 0

  0%|          | 0/100 [00:00<?, ?it/s] Cost: 1344163.2500  [spread_bright_L5=205124.1406  spread_bright_Mi1=154519.6094  spread_bright_Mi4=248354.3281  spread_dark_L1=143648.8594  spread_dark_L2=146425.8281  spread_dark_L3=137270.1562  spread_dark_L4=179909.2812  sbar_bright_Mi1_mid+0=27656.8613  sbar_bright_Mi4_mid+0=7295.1787  sbar_bright_T4a_mid+0=10334.8877  sbar_dark_Mi1_mid+0=3615.4524  sbar_dark_Mi4_mid+0=1589.9497  sbar_dark_T4a_mid+0=1867.3018] 10%|█         | 10/100 [00:10<01:34,  1.05s/it] Cost: 967658.4375  [spread_bright_L5=74764.2031  spread_bright_Mi1=147312.5000  spread_bright_Mi4=239786.3125  spread_dark_L1=55037.3516  spread_dark_L2=57779.0039  spread_dark_L3=111024.3984  spread_dark_L4=168581.5938  sbar_bright_Mi1_mid+0=24783.8711  sbar_bright_Mi4_mid+0=8025.2017  sbar_bright_T4a_mid+0=10158.7041  sbar_dark_Mi1_mid+0=2563.4561  sbar_dark_Mi4_mid+0=1125.5530  sbar_dark_T4a_mid+0=1716.3140]:  20%|██        | 20/100 [00:20<01:23,  1.04s/it] Cost: 849589.6250  [spread_bright_L5=43983.5469  spread_bright_Mi1=130994.3906  spread_bright_Mi4=239664.7812  spread_dark_L1=48014.6562  spread_dark_L2=55581.8086  spread_dark_L3=94765.0000  spread_dark_L4=124036.6641  sbar_bright_Mi1_mid+0=22919.2852  sbar_bright_Mi4_mid+0=8109.0630  sbar_bright_T4a_mid+0=10158.8311  sbar_dark_Mi1_mid+0=2890.1531  sbar_dark_Mi4_mid+0=1105.5959  sbar_dark_T4a_mid+0=1717.0587]:   30%|███       | 30/100 [00:31<01:12,  1.04s/it] Cost: 762198.1875  [spread_bright_L5=48183.4297  spread_bright_Mi1=112974.7188  spread_bright_Mi4=238544.7188  spread_dark_L1=40658.7656  spread_dark_L2=52747.7930  spread_dark_L3=89020.2031  spread_dark_L4=71408.9141  sbar_bright_Mi1_mid+0=20642.3848  sbar_bright_Mi4_mid+0=8019.1538  sbar_bright_T4a_mid+0=9957.6475  sbar_dark_Mi1_mid+0=3021.7402  sbar_dark_Mi4_mid+0=1236.7931  sbar_dark_T4a_mid+0=1645.7219]:    40%|████      | 40/100 [00:41<01:02,  1.04s/it] Cost: 712730.1250  [spread_bright_L5=40238.2109  spread_bright_Mi1=107432.6250  spread_bright_Mi4=223057.7188  spread_dark_L1=38278.0547  spread_dark_L2=47821.6875  spread_dark_L3=80766.1875  spread_dark_L4=63082.4297  sbar_bright_Mi1_mid+0=19959.2031  sbar_bright_Mi4_mid+0=8966.6709  sbar_bright_T4a_mid+0=9061.6152  sbar_dark_Mi1_mid+0=3190.9644  sbar_dark_Mi4_mid+0=2196.6919  sbar_dark_T4a_mid+0=1359.0596]:  50%|█████     | 50/100 [00:51<00:51,  1.03s/it] Cost: 624371.1875  [spread_bright_L5=37973.8750  spread_bright_Mi1=90498.6016  spread_bright_Mi4=167145.5156  spread_dark_L1=34692.0508  spread_dark_L2=41895.6094  spread_dark_L3=69283.9062  spread_dark_L4=59341.4688  sbar_bright_Mi1_mid+0=17520.6484  sbar_bright_Mi4_mid+0=14162.2021  sbar_bright_T4a_mid+0=5339.0430  sbar_dark_Mi1_mid+0=3332.9041  sbar_dark_Mi4_mid+0=2516.0349  sbar_dark_T4a_mid+0=1563.8033]:  60%|██████    | 60/100 [01:01<00:41,  1.03s/it] Cost: 597193.8750  [spread_bright_L5=37773.8516  spread_bright_Mi1=78734.9609  spread_bright_Mi4=98220.4297  spread_dark_L1=32052.8887  spread_dark_L2=38511.5547  spread_dark_L3=66546.4219  spread_dark_L4=59526.5820  sbar_bright_Mi1_mid+0=15734.9805  sbar_bright_Mi4_mid+0=24323.9316  sbar_bright_T4a_mid+0=5448.6250  sbar_dark_Mi1_mid+0=3275.7371  sbar_dark_Mi4_mid+0=4899.6836  sbar_dark_T4a_mid+0=994.5727]:    70%|███████   | 70/100 [01:12<00:30,  1.03s/it] Cost: 546084.0000  [spread_bright_L5=35800.5234  spread_bright_Mi1=74860.0781  spread_bright_Mi4=133796.0625  spread_dark_L1=30558.3828  spread_dark_L2=36916.2227  spread_dark_L3=52014.5625  spread_dark_L4=56976.6523  sbar_bright_Mi1_mid+0=15458.9434  sbar_bright_Mi4_mid+0=16112.9912  sbar_bright_T4a_mid+0=4985.7754  sbar_dark_Mi1_mid+0=3001.0437  sbar_dark_Mi4_mid+0=2336.1924  sbar_dark_T4a_mid+0=1157.8931]:  80%|████████  | 80/100 [01:22<00:20,  1.03s/it] Cost: 579150.3750  [spread_bright_L5=34964.1133  spread_bright_Mi1=67107.6016  spread_bright_Mi4=202153.1406  spread_dark_L1=30175.8301  spread_dark_L2=34807.0586  spread_dark_L3=60184.5859  spread_dark_L4=57349.4062  sbar_bright_Mi1_mid+0=13705.7656  sbar_bright_Mi4_mid+0=10724.3662  sbar_bright_T4a_mid+0=4353.6665  sbar_dark_Mi1_mid+0=3388.0850  sbar_dark_Mi4_mid+0=1717.7743  sbar_dark_T4a_mid+0=1070.8478]:  90%|█████████ | 90/100 [01:33<00:10,  1.03s/it] Cost: 548964.3125  [spread_bright_L5=33918.5352  spread_bright_Mi1=62654.3555  spread_bright_Mi4=175398.2344  spread_dark_L1=28186.2676  spread_dark_L2=34117.2656  spread_dark_L3=53080.1172  spread_dark_L4=56832.5586  sbar_bright_Mi1_mid+0=13082.0576  sbar_bright_Mi4_mid+0=13648.3799  sbar_bright_T4a_mid+0=4291.0884  sbar_dark_Mi1_mid+0=3378.9900  sbar_dark_Mi4_mid+0=2462.8157  sbar_dark_T4a_mid+0=830.6423]:  100%|██████████| 100/100 [01:43<00:00,  1.03s/it] Cost: 520133.3438  [spread_bright_L5=31814.3359  spread_bright_Mi1=58826.7070  spread_bright_Mi4=151366.0312  spread_dark_L1=26279.5293  spread_dark_L2=31231.8828  spread_dark_L3=48311.9961  spread_dark_L4=57895.1758  sbar_bright_Mi1_mid+0=12921.5820  sbar_bright_Mi4_mid+0=15565.8857  sbar_bright_T4a_mid+0=3845.6755  sbar_dark_Mi1_mid+0=3074.9058  sbar_dark_Mi4_mid+0=2974.1101  sbar_dark_T4a_mid+0=1004.3814]: 100%|██████████| 100/100 [01:43<00:00,  1.03s/it] Cost: 520133.3438  [spread_bright_L5=31814.3359  spread_bright_Mi1=58826.7070  spread_bright_Mi4=151366.0312  spread_dark_L1=26279.5293  spread_dark_L2=31231.8828  spread_dark_L3=48311.9961  spread_dark_L4=57895.1758  sbar_bright_Mi1_mid+0=12921.5820  sbar_bright_Mi4_mid+0=15565.8857  sbar_bright_T4a_mid+0=3845.6755  sbar_dark_Mi1_mid+0=3074.9058  sbar_dark_Mi4_mid+0=2974.1101  sbar_dark_T4a_mid+0=1004.3814]: 

Initl cost = 1344163.2500  [spread_bright_L5=205124.1406  spread_bright_Mi1=154519.6094  spread_bright_Mi4=248354.3281  spread_dark_L1=143648.8594  spread_dark_L2=146425.8281  spread_dark_L3=137270.1562  spread_dark_L4=179909.2812  sbar_bright_Mi1_mid+0=27656.8613  sbar_bright_Mi4_mid+0=7295.1787  sbar_bright_T4a_mid+0=10334.8877  sbar_dark_Mi1_mid+0=3615.4524  sbar_dark_Mi4_mid+0=1589.9497  sbar_dark_T4a_mid+0=1867.3018]
Final cost = 516589.0000  [spread_bright_L5=31357.8066  spread_bright_Mi1=58082.6250  spread_bright_Mi4=150489.4531  spread_dark_L1=26204.1348  spread_dark_L2=31080.4316  spread_dark_L3=47941.1406  spread_dark_L4=57805.7617  sbar_bright_Mi1_mid+0=12876.8877  sbar_bright_Mi4_mid+0=15523.4854  sbar_bright_T4a_mid+0=3786.1230  sbar_dark_Mi1_mid+0=3118.8154  sbar_dark_Mi4_mid+0=2987.9021  sbar_dark_T4a_mid+0=999.2703]
Best  cost = 516589.0000  [spread_bright_L5=31357.8066  spread_bright_Mi1=58082.6250  spread_bright_Mi4=150489.4531  spread_dark_L1=26204.1348  spread_dark_L2=31080.4316  spread_dark_L3=47941.1406  spread_dark_L4=57805.7617  sbar_bright_Mi1_mid+0=12876.8877  sbar_bright_Mi4_mid+0=15523.4854  sbar_bright_T4a_mid+0=3786.1230  sbar_dark_Mi1_mid+0=3118.8154  sbar_dark_Mi4_mid+0=2987.9021  sbar_dark_T4a_mid+0=999.2703]
time needed  = 107.65  sec

done in 0.03 hours
wrote /home/yitai/drosophila_vision/vision/simulation/0_runs/hp_lp/29643863-run-n_iter-100-tasks-spread,sbar/data/best_adam.npz (best run #0)
wrote table: /home/yitai/drosophila_vision/vision/simulation/0_runs/hp_lp/29643863-run-n_iter-100-tasks-spread,sbar/param.csv (best run #0, cost=516588.9688)
wrote table: /home/yitai/drosophila_vision/vision/simulation/0_runs/hp_lp/29643863-run-n_iter-100-tasks-spread,sbar/syn_strength_cell.csv
/home/yitai/drosophila_vision/vision/simulation/5_figure/1_panel.py:834: UserWarning: This figure includes Axes that are not compatible with tight_layout, so results might be incorrect.
  fig.tight_layout()
plot /home/yitai/drosophila_vision/vision/simulation/0_runs/hp_lp/29643863-run-n_iter-100-tasks-spread,sbar/cost.png: prep=0.0s  plot_s=0.3s  save=2.1s  elapsed_s=2.4s
plot device=cuda (NVIDIA A100 80GB PCIe MIG 1g.20gb)
1 trained set(s); costs min=516588.9688 max=516588.9688; selected #0 (from saved final costs)
plot /home/yitai/drosophila_vision/vision/simulation/0_runs/hp_lp/29643863-run-n_iter-100-tasks-spread,sbar/spread_gt_v.png: prep=0.4s  plot_s=0.1s  save=0.4s  elapsed_s=0.8s
plot /home/yitai/drosophila_vision/vision/simulation/0_runs/hp_lp/29643863-run-n_iter-100-tasks-spread,sbar/spread_all_v.png: prep=0.0s  plot_s=0.7s  save=2.7s  elapsed_s=3.4s
Error executing job with overrides: ['n_iter=100', 'tasks=[spread,sbar]']
Traceback (most recent call last):
  File "/home/yitai/drosophila_vision/vision/simulation/run.py", line 99, in main
    run_train_and_plot(**kwargs)
  File "/home/yitai/drosophila_vision/vision/simulation/run.py", line 78, in run_train_and_plot
    plot_rf_t(
  File "/home/yitai/drosophila_vision/vision/simulation/5_figure/3_plot.py", line 585, in plot_rf_t
    plot_figures(
  File "/home/yitai/drosophila_vision/vision/simulation/5_figure/3_plot.py", line 485, in plot_figures
    figure_task.plot_gt(
  File "/home/yitai/drosophila_vision/vision/.venv/lib64/python3.9/site-packages/torch/utils/_contextlib.py", line 120, in decorate_context
    return func(*args, **kwargs)
  File "/home/yitai/drosophila_vision/vision/simulation/5_figure/2_3_sbar.py", line 474, in plot_gt
    _plot_figure(
  File "/home/yitai/drosophila_vision/vision/simulation/5_figure/2_3_sbar.py", line 383, in _plot_figure
    gt_by_contrast = resolve_sbar_gts(sessions, gts)
  File "/home/yitai/drosophila_vision/vision/simulation/5_figure/2_3_sbar.py", line 136, in resolve_sbar_gts
    key = gt_trace_key(cell, contrast, mid)
  File "/home/yitai/drosophila_vision/vision/simulation/3_task/3_sbar/3_gt.py", line 123, in gt_trace_key
    raise ValueError(f"unknown sbar gt cell: {cell!r}")
ValueError: unknown sbar gt cell: 'R1-6'

Set the environment variable HYDRA_FULL_ERROR=1 for a complete stack trace.
