Job ID: 29644405
Node:   spartan-gpgpu099
GPU:    0
GPU 0: NVIDIA A100 80GB PCIe (UUID: GPU-322f5568-e44f-6ee4-45a8-e5d9489b443e)
GPU 1: NVIDIA A100 80GB PCIe (UUID: GPU-14844a85-9bf8-1cac-86bb-ab42ec5dba78)
  MIG 1g.20gb     Device  0: (UUID: MIG-ca7758cc-36b2-53c8-8bf7-fe711a703942)
GPU 2: NVIDIA A100 80GB PCIe (UUID: GPU-40730cdb-5070-f06f-e8e1-92c3b4bc8f18)
GPU 3: NVIDIA A100 80GB PCIe (UUID: GPU-705f91ce-5278-67b6-77ed-ac45a7d89e43)
cuda: True NVIDIA A100 80GB PCIe MIG 1g.20gb
Start:  Thu 27 Aug 2026 03:37:04 AEST
==== config ====
{'RUN_NAME': '29637642-run-n_iter-200-tasks-spread,sbar',
 'RUN_PATH': 'hp_lp/29637642-run-n_iter-200-tasks-spread,sbar',
 'MODEL': {'delta_ms': 2.0,
           'delta_ms_pre': 2.0,
           'cap': 40.0,
           'g_leak': 1.0,
           'e_exc': 10.0,
           'e_inh': -70.0,
           'e_h': 50.0,
           'h_g_max': 100.0,
           'gt_amp': 20.0,
           'v_clamp': 100.0,
           'a_syn_exc': 0.001,
           'a_syn_inh': 0.001,
           'euler': 'im'},
 'NEURON_SCHEMA': {'model': 'hp_lp',
                   'filter': 'none',
                   'syn_mode': 'per_cell',
                   'a_lo': 0.1,
                   'a_hi': 10.0,
                   'h_cells': ['L1', 'L2', 'L4', 'L5'],
                   'params': {'a_gt': {'lo': 0.5, 'hi': 2.0, 'init': 1.0, 'jit': 0.1, 'mode': 'indi'},
                              'bias_gt': {'lo': -200.0, 'hi': 200.0, 'init': 0.0, 'jit': 1.0, 'mode': 'indi'},
                              'syn_strength_cell': {'lo': 0.1,
                                                    'hi': 10.0,
                                                    'init': 1.0,
                                                    'inits': {'Mi9:T4a': 0.0, 'TmY15:T4a': 0.0},
                                                    'jit': 0.1,
                                                    'mode': 'indi',
                                                    'modes': {'indi': ['Mi4:T4a',
                                                                       'Mi4:T4b',
                                                                       'Mi4:T4c',
                                                                       'Mi4:T4d',
                                                                       'Mi9:T4b',
                                                                       'Mi9:T4c',
                                                                       'Mi9:T4d'],
                                                              'fixed': ['Mi9:T4a', 'TmY15:T4a']}},
                              'syn_strength_edge': {'lo': 0.1, 'hi': 10.0, 'init': 1.0, 'jit': 0.1, 'mode': 'indi'},
                              'a_in': {'lo': 0.01, 'hi': 100.0, 'init': 1.0, 'jit': 0.1, 'mode': 'shared'},
                              'a_out': {'lo': 0.1, 'hi': 10.0, 'init': 1.0, 'jit': 0.1, 'mode': 'indi'},
                              'e_leak': {'lo': -50.0, 'hi': 50.0, 'init': 0.0, 'jit': 1.0, 'mode': 'indi'},
                              'v_th': {'lo': -100.0, 'hi': 100.0, 'init': -50.0, 'jit': 0.0, 'mode': 'indi'},
                              'tau_lp': {'lo': 10.0,
                                         'hi': 100.0,
                                         'init': 10.0,
                                         'inits': {'Mi4': 200},
                                         'jit': 2.0,
                                         'mode': 'indi'},
                              'tau_hp_rise': {'lo': 100.0, 'hi': 500.0, 'init': 200.0, 'jit': 20.0, 'mode': 'indi'},
                              'tau_hp_fall': {'lo': 100.0, 'hi': 500.0, 'init': 200.0, 'jit': 20.0, 'mode': 'indi'},
                              'a_h': {'lo': 0.0,
                                      'hi': 1.0,
                                      'init': 0.0,
                                      'inits': {'L1': 0.5, 'L2': 0.5, 'L4': 0.5, 'L5': 0.5},
                                      'jit': 0.1,
                                      'mode': 'indi'},
                              'v_mid_h_g': {'lo': -70.0, 'hi': -30.0, 'init': -50.0, 'jit': 5.0, 'mode': 'shared'},
                              'v_mid_h_tau': {'lo': -70.0, 'hi': -40.0, 'init': -50.0, 'jit': 5.0, 'mode': 'shared'},
                              'h_slope': {'lo': -0.4, 'hi': -0.2, 'init': -0.25, 'jit': 0.02, 'mode': 'shared'},
                              'a_h_rev': {'lo': 0.0,
                                          'hi': 1.0,
                                          'init': 0.0,
                                          'jit': 0.1,
                                          'mode': 'fixed',
                                          'modes': {'indi': ['L1', 'L2', 'L4', 'L5']}},
                              'v_mid_h_g_rev': {'lo': -70.0, 'hi': -30.0, 'init': -50.0, 'jit': 5.0, 'mode': 'shared'},
                              'v_mid_h_tau_rev': {'lo': -70.0,
                                                  'hi': -40.0,
                                                  'init': -50.0,
                                                  'jit': 5.0,
                                                  'mode': 'shared'},
                              'h_slope_rev': {'lo': -0.4, 'hi': -0.2, 'init': -0.25, 'jit': 0.02, 'mode': 'shared'},
                              'v_th_ca': {'lo': -100.0, 'hi': 100.0, 'init': -50.0, 'jit': 0.0, 'mode': 'indi'},
                              'a_ca': {'lo': 0.1, 'hi': 10.0, 'init': 1.0, 'jit': 0.1, 'mode': 'indi'},
                              'tau_ca': {'lo': 100.0, 'hi': 1000.0, 'init': 350.0, 'jit': 10.0, 'mode': 'indi'},
                              'a_sti_radius': {'lo': 0.0, 'hi': 1.0, 'init': 0.0, 'jit': 0.05, 'mode': 'indi'},
                              'a_sti_mid': {'lo': 0.0,
                                            'hi': 1.0,
                                            'init': 0.0,
                                            'inits': {0.5: 0.1, 1: 0, 1.5: 0, 2: 0},
                                            'jit': 0.05,
                                            'mode': 'fixed'}}},
 'NEURON_FORWARD': {'pre_grad': True},
 'NETWORK_PATH': {'network': 'right_min_neuron1_r10'},
 'SPREAD_INPUT_SPEC': {'ms_pre': 20.0, 'ms_sti': 160.0, 'ms_response': 600.0, 'ms_post': 0.0},
 'SPREAD_GT': {'spread_gt_mode': 'pos'},
 'SPOT_INPUT_GEO': {'spot_radius': 1.0, 'fully_inside': True, 'multi_spot': True, 'shift_radius': 1.0},
 'SPOT_PACK': {'spot_cost_radii': [0, 1, 2],
               'a_sti_radii': [1, 2],
               'spot_cost_radius_scale': {0: 1.0, 1: 0.3333333333333333, 2: 0.3333333333333333}},
 'SBAR_INPUT_GEO': {'multi_bar': False, 'bar_dist': 4, 'shift_mid': 0},
 'SBAR_PACK': {'a_sti_mids': [0.5, 1.0, 1.5, 2.0]},
 'MBAR_INPUT_SPEC': {'ms_pre': 20.0, 'bar_ws_deg': [2.25, 9.0], 'bar_directions': ['right', 'left', 'up', 'down']},
 'TRAIN_CONFIG': {'tasks': ['spread', 'sbar'],
                  'contrasts': ['bright', 'dark'],
                  'i_sti': {'bright': 40.0, 'dark': 0.0},
                  'gt_by_task': {'spread': ['L1', 'L2', 'L3', 'L4', 'L5', 'Mi9'], 'sbar': ['Mi1', 'Mi4', 'T4a']},
                  'cost_radius': None},
 'VAL_FROM': {'bias_gt': {'source': 'v_onset', 'enabled': True},
              'v_th_ca': {'source': 'v_th', 'enabled': False},
              'a_ca': {'source': 'a_out', 'enabled': False},
              'a_h_rev': {'source': 'a_h', 'enabled': False},
              'v_mid_h_g_rev': {'source': 'v_mid_h_g', 'enabled': False},
              'h_slope_rev': {'source': 'h_slope', 'enabled': False},
              'v_mid_h_tau_rev': {'source': 'v_mid_h_tau', 'enabled': False}},
 'TRAIN_OPTIMIZATION': {'part_cost_scales': {'spread': 1,
                                             'sbar': 0,
                                             'sbar_bright_Mi1_mid+0': 1,
                                             'sbar_dark_Mi1_mid+0': 1,
                                             'sbar_bright_Mi4_mid+0': 1,
                                             'sbar_dark_Mi4_mid+0': 1,
                                             'sbar_bright_T4a_mid+0': 1,
                                             'sbar_dark_T4a_mid+0': 1},
                        'cost_norm': 'a_gt2',
                        'cost_ms': None,
                        'pre_steady': 'solve',
                        'pre_steady_n_iter': 50,
                        'pre_steady_damp': 0.1,
                        'n_run': 1,
                        'n_iter': 0,
                        'lrs': [0.1],
                        'checkpoint_interval': 1000},
 'TRAIN_SESSION': {'fp': 32, 'sequential': False},
 'FIGURE_PLOT': {'tasks': ['spread', 'sbar'],
                 'sbar_figure_cells': ['R1-6', 'L1', 'L2', 'L3', 'L4', 'L5', 'Mi1', 'Mi4', 'Mi9', 'T4a'],
                 'html': False,
                 'plot_right_only': True,
                 'x': None,
                 'y': None,
                 'align_xy': None,
                 'ms_shown': None},
 'FIGURE_PLOT_STI_SPOT': {'spot_radii': [0.5, 1.0, 1.5, 2.0], 'output': None},
 'FIGURE_PLOT_STI_MBAR': {'output': None,
                          'gif': False,
                          'gif_output': None,
                          't_stride': 2,
                          't': None,
                          'direction': 'left'},
 'ANALYZE_RUNS': ['hp_lp/29637642-run-n_iter-200-tasks-spread,sbar'],
 'ANALYZE_CELL_DYNAMICS': {'cells': None,
                           'spec': None,
                           'mid': None,
                           'node': None,
                           'radius': 0,
                           't_rel_start': None,
                           't_rel_stop': None,
                           'figure': True,
                           'json': False,
                           'a_mid': None},
 'ANALYZE_SYN_SIGN': {'bins': 20, 'after_train': False, 'post': False},
 'ANALYZE_TRACE': {'trace_osc_min_f': 0.5,
                   'trace_osc_max_f': 20.0,
                   'trace_osc_peak_threshold': 0.5,
                   'trace_osc_z_threshold': 2.0,
                   'trace_osc_snr_min': 2.0,
                   'trace_drift_min_slope_mv_over_s': 1.0,
                   'trace_drift_min_r': 0.5,
                   'trace_baseline_ms': 200.0,
                   'trace_flat_max_abs': 0.5,
                   'trace_flat_v_peak_to_peak_max': 1.0,
                   'trace_flat_abs_mean': 0.2,
                   'check': None,
                   'baseline_ms_shown': None},
 'ANALYZE_COST_PART': {'part': None,
                       'cost_norm': None,
                       'stride': 1,
                       'per_node': False,
                       'csv': None,
                       'print_parts': False}}
==== end config ====
config: {'run_name': '29637642-run-n_iter-200-tasks-spread,sbar', 'run_path': 'hp_lp/${run_name}', 'delta_ms': 2.0, 'delta_ms_pre': 2.0, 'cap': 40.0, 'g_leak': 1.0, 'e_exc': 10.0, 'e_inh': -70.0, 'e_h': 50.0, 'h_g_max': 100.0, 'gt_amp': 20.0, 'v_clamp': 100.0, 'a_syn_exc': 0.001, 'a_syn_inh': 0.001, 'euler': 'im', 'model': 'hp_lp', 'filter': 'none', 'syn_mode': 'per_cell', 'a_lo': 0.1, 'a_hi': 10.0, 'h_cells': ['L1', 'L2', 'L4', 'L5'], 'params': {'a_gt': {'lo': 0.5, 'hi': 2.0, 'init': 1.0, 'jit': 0.1, 'mode': 'indi'}, 'bias_gt': {'lo': -200.0, 'hi': 200.0, 'init': 0.0, 'jit': 1.0, 'mode': 'indi'}, 'syn_strength_cell': {'lo': 0.1, 'hi': 10.0, 'init': 1.0, 'inits': {'Mi9:T4a': 0.0, 'TmY15:T4a': 0.0}, 'jit': 0.1, 'mode': 'indi', 'modes': {'indi': ['Mi4:T4a', 'Mi4:T4b', 'Mi4:T4c', 'Mi4:T4d', 'Mi9:T4b', 'Mi9:T4c', 'Mi9:T4d'], 'fixed': ['Mi9:T4a', 'TmY15:T4a']}}, 'syn_strength_edge': {'lo': 0.1, 'hi': 10.0, 'init': 1.0, 'jit': 0.1, 'mode': 'indi'}, 'a_in': {'lo': 0.01, 'hi': 100.0, 'init': 1.0, 'jit': 0.1, 'mode': 'shared'}, 'a_out': {'lo': 0.1, 'hi': 10.0, 'init': 1.0, 'jit': 0.1, 'mode': 'indi'}, 'e_leak': {'lo': -50.0, 'hi': 50.0, 'init': 0.0, 'jit': 1.0, 'mode': 'indi'}, 'v_th': {'lo': -100.0, 'hi': 100.0, 'init': -50.0, 'jit': 0.0, 'mode': 'indi'}, 'tau_lp': {'lo': 10.0, 'hi': 100.0, 'init': 10.0, 'inits': {'Mi4': 200}, 'jit': 2.0, 'mode': 'indi'}, 'tau_hp_rise': {'lo': 100.0, 'hi': 500.0, 'init': 200.0, 'jit': 20.0, 'mode': 'indi'}, 'tau_hp_fall': {'lo': 100.0, 'hi': 500.0, 'init': 200.0, 'jit': 20.0, 'mode': 'indi'}, 'a_h': {'lo': 0.0, 'hi': 1.0, 'init': 0.0, 'inits': {'L1': 0.5, 'L2': 0.5, 'L4': 0.5, 'L5': 0.5}, 'jit': 0.1, 'mode': 'indi'}, 'v_mid_h_g': {'lo': -70.0, 'hi': -30.0, 'init': -50.0, 'jit': 5.0, 'mode': 'shared'}, 'v_mid_h_tau': {'lo': -70.0, 'hi': -40.0, 'init': -50.0, 'jit': 5.0, 'mode': 'shared'}, 'h_slope': {'lo': -0.4, 'hi': -0.2, 'init': -0.25, 'jit': 0.02, 'mode': 'shared'}, 'a_h_rev': {'lo': 0.0, 'hi': 1.0, 'init': 0.0, 'jit': 0.1, 'mode': 'fixed', 'modes': {'indi': '${h_cells}'}}, 'v_mid_h_g_rev': {'lo': -70.0, 'hi': -30.0, 'init': -50.0, 'jit': 5.0, 'mode': 'shared'}, 'v_mid_h_tau_rev': {'lo': -70.0, 'hi': -40.0, 'init': -50.0, 'jit': 5.0, 'mode': 'shared'}, 'h_slope_rev': {'lo': -0.4, 'hi': -0.2, 'init': -0.25, 'jit': 0.02, 'mode': 'shared'}, 'v_th_ca': {'lo': -100.0, 'hi': 100.0, 'init': -50.0, 'jit': 0.0, 'mode': 'indi'}, 'a_ca': {'lo': 0.1, 'hi': 10.0, 'init': 1.0, 'jit': 0.1, 'mode': 'indi'}, 'tau_ca': {'lo': 100.0, 'hi': 1000.0, 'init': 350.0, 'jit': 10.0, 'mode': 'indi'}, 'a_sti_radius': {'lo': 0.0, 'hi': 1.0, 'init': 0.0, 'jit': 0.05, 'mode': 'indi'}, 'a_sti_mid': {'lo': 0.0, 'hi': 1.0, 'init': 0.0, 'inits': {0.5: 0.1, 1: 0, 1.5: 0, 2: 0}, 'jit': 0.05, 'mode': 'fixed'}}, 'pre_grad': True, 'network': 'right_min_neuron1_r10', 'i_sti': {'bright': 40.0, 'dark': 0.0}, 'contrasts': ['bright', 'dark'], 'ms_pre': 20.0, 'ms_sti': 160.0, 'ms_response': 600.0, 'ms_post': 0.0, 'spread_gt_mode': 'pos', 'spot_radius': 1.0, 'fully_inside': True, 'multi_spot': True, 'shift_radius': 1.0, 'spot_cost_radii': [0, 1, 2], 'a_sti_radii': [1, 2], 'spot_cost_radius_scale': {0: 1.0, 1: 0.3333333333333333, 2: 0.3333333333333333}, 'multi_bar': False, 'bar_dist': 4, 'shift_mid': 0, 'a_sti_mids': [0.5, 1, 1.5, 2], 'bar_ws_deg': [2.25, 9.0], 'bar_directions': ['right', 'left', 'up', 'down'], 'tasks': ['spread', 'sbar'], 'gt_by_task': {'spread': ['L1', 'L2', 'L3', 'L4', 'L5', 'Mi9'], 'sbar': ['Mi1', 'Mi4', 'T4a']}, 'cost_radius': None, 'param_vals': {}, 'val_from': {'bias_gt': {'source': 'v_onset', 'enabled': True}, 'v_th_ca': {'source': 'v_th', 'enabled': False}, 'a_ca': {'source': 'a_out', 'enabled': False}, 'a_h_rev': {'source': 'a_h', 'enabled': False}, 'v_mid_h_g_rev': {'source': 'v_mid_h_g', 'enabled': False}, 'h_slope_rev': {'source': 'h_slope', 'enabled': False}, 'v_mid_h_tau_rev': {'source': 'v_mid_h_tau', 'enabled': False}}, 'part_cost_scales': {'spread': 1, 'sbar': 0.1, 'sbar_bright_Mi1_mid+0': 1, 'sbar_dark_Mi1_mid+0': 1, 'sbar_bright_Mi4_mid+0': 1, 'sbar_dark_Mi4_mid+0': 1, 'sbar_bright_T4a_mid+0': 1, 'sbar_dark_T4a_mid+0': 1}, 'cost_norm': 'a_gt2', 'cost_ms': None, 'pre_steady': 'solve', 'pre_steady_n_iter': 50, 'pre_steady_damp': 0.1, 'n_run': 1, 'n_iter': 100, 'lrs': [0.1], 'checkpoint_interval': 1000, 'init_from': None, 'fp': 32, 'sequential': False, 'spot_radii': [0.5, 1.0, 1.5, 2.0], 'spot_plot_output': None, 'mbar_plot_output': None, 'mbar_plot_gif': False, 'mbar_plot_gif_output': None, 'mbar_plot_t_stride': 2, 'mbar_plot_t': None, 'mbar_plot_direction': 'left', 'figure_tasks': ['spread', 'sbar'], 'sbar_figure_cells': ['R1-6', 'L1', 'L2', 'L3', 'L4', 'L5', 'Mi1', 'Mi4', 'Mi9', 'T4a'], 'html': False, 'plot_right_only': True, 'x': None, 'y': None, 'align_xy': None, 'ms_shown': None, 'analyze_runs': None, 'cells': None, 'spec': None, 'mid': None, 'node': None, 'radius': 0, 't_rel_start': None, 't_rel_stop': None, 'analyze_figure': True, 'analyze_json': False, 'post': False, 'check': None, 'baseline_ms_shown': None, 'part': None, 'analyze_cost_norm': None, 'stride': 1, 'per_node': False, 'cost_part_csv': None, 'print_parts': False, 'bins': 20, 'after_train': False, 'trace_osc_min_f': 0.5, 'trace_osc_max_f': 20.0, 'trace_osc_peak_threshold': 0.5, 'trace_osc_z_threshold': 2.0, 'trace_osc_snr_min': 2.0, 'trace_drift_min_slope_mv_over_s': 1.0, 'trace_drift_min_r': 0.5, 'trace_baseline_ms': 200.0, 'trace_flat_max_abs': 0.5, 'trace_flat_v_peak_to_peak_max': 1.0, 'trace_flat_abs_mean': 0.2}
param_modes:
  a_gt               indi=56/shared=0/fixed=0/frozen=0 (56)
  bias_gt            indi=0/shared=0/fixed=0/frozen=56 (0)
  syn_strength_cell  indi=1033/shared=0/fixed=2/frozen=0 (1033)
  a_in               indi=0/shared=56/fixed=0/frozen=0 (1)
  a_out              indi=56/shared=0/fixed=0/frozen=0 (56)
  e_leak             indi=56/shared=0/fixed=0/frozen=0 (56)
  v_th               indi=56/shared=0/fixed=0/frozen=0 (56)
  tau_lp             indi=56/shared=0/fixed=0/frozen=0 (56)
  tau_hp_rise        indi=56/shared=0/fixed=0/frozen=0 (56)
  tau_hp_fall        indi=56/shared=0/fixed=0/frozen=0 (56)
  a_h                indi=56/shared=0/fixed=0/frozen=0 (56)
  a_sti_mid          indi=0/shared=0/fixed=4/frozen=0 (0)
device=cuda, model=hp_lp, syn_mode=per_cell, euler=implicit, pre_steady=solve, n_run=1, n_iter=100, lrs=[0.1], n_z=1482, fname=train_hp_lp.npy
checkpoint_interval=1000

round 0

  0%|          | 0/100 [00:00<?, ?it/s] Cost: 3364524.0000  [spread_bright_L5=676960.1250  spread_dark_L1=465704.3750  spread_dark_L2=491009.7812  spread_dark_L3=461145.0312  spread_dark_L4=595431.5625  spread_dark_Mi9=474107.7188  sbar_bright_Mi1_mid+0=91717.2344  sbar_bright_Mi4_mid+0=24035.5957  sbar_bright_T4a_mid+0=34188.7852  sbar_dark_Mi1_mid+0=12209.3965  sbar_dark_Mi4_mid+0=5682.0303  sbar_dark_T4a_mid+0=6153.6562] 10%|█         | 10/100 [00:10<01:33,  1.03s/it] Cost: 2100373.7500  [spread_bright_L5=159792.0938  spread_dark_L1=177965.3438  spread_dark_L2=199895.8906  spread_dark_L3=359812.1875  spread_dark_L4=565865.0000  spread_dark_Mi9=457417.2500  sbar_bright_Mi1_mid+0=81636.0391  sbar_bright_Mi4_mid+0=23227.8516  sbar_bright_T4a_mid+0=33732.1445  sbar_dark_Mi1_mid+0=8302.7617  sbar_dark_Mi4_mid+0=4668.3154  sbar_dark_T4a_mid+0=5724.4639]:  20%|██        | 20/100 [00:20<01:22,  1.03s/it] Cost: 1833796.2500  [spread_bright_L5=127055.9609  spread_dark_L1=154711.0000  spread_dark_L2=215791.7031  spread_dark_L3=322591.5938  spread_dark_L4=402344.4375  spread_dark_Mi9=435988.0938  sbar_bright_Mi1_mid+0=79240.7500  sbar_bright_Mi4_mid+0=22513.5078  sbar_bright_T4a_mid+0=33357.7930  sbar_dark_Mi1_mid+0=8194.6816  sbar_dark_Mi4_mid+0=4209.2822  sbar_dark_T4a_mid+0=5557.7861]:  30%|███       | 30/100 [00:30<01:12,  1.03s/it] Cost: 1472790.1250  [spread_bright_L5=118305.6016  spread_dark_L1=94780.4219  spread_dark_L2=170125.7656  spread_dark_L3=292359.4688  spread_dark_L4=234549.2969  spread_dark_Mi9=394235.4375  sbar_bright_Mi1_mid+0=76741.2344  sbar_bright_Mi4_mid+0=19907.1875  sbar_bright_T4a_mid+0=32046.4824  sbar_dark_Mi1_mid+0=8758.5566  sbar_dark_Mi4_mid+0=3033.6187  sbar_dark_T4a_mid+0=5206.6396]:   40%|████      | 40/100 [00:41<01:01,  1.03s/it] Cost: 1320911.2500  [spread_bright_L5=112916.5938  spread_dark_L1=93923.6875  spread_dark_L2=134998.9375  spread_dark_L3=260534.7344  spread_dark_L4=212857.1719  spread_dark_Mi9=343741.3750  sbar_bright_Mi1_mid+0=75017.3516  sbar_bright_Mi4_mid+0=16934.9688  sbar_bright_T4a_mid+0=30132.3379  sbar_dark_Mi1_mid+0=8559.0244  sbar_dark_Mi4_mid+0=3885.4189  sbar_dark_T4a_mid+0=4478.0527]:  50%|█████     | 50/100 [00:51<00:51,  1.03s/it] Cost: 1210977.1250  [spread_bright_L5=109220.7031  spread_dark_L1=86828.0469  spread_dark_L2=116877.9531  spread_dark_L3=240169.4844  spread_dark_L4=207295.4219  spread_dark_Mi9=288010.4062  sbar_bright_Mi1_mid+0=75305.2031  sbar_bright_Mi4_mid+0=17013.0176  sbar_bright_T4a_mid+0=28971.7461  sbar_dark_Mi1_mid+0=10946.1035  sbar_dark_Mi4_mid+0=3432.4956  sbar_dark_T4a_mid+0=4304.8965]:  60%|██████    | 60/100 [01:01<00:41,  1.03s/it] Cost: 1107531.2500  [spread_bright_L5=100766.4766  spread_dark_L1=78857.3984  spread_dark_L2=108320.0547  spread_dark_L3=215947.2969  spread_dark_L4=196208.9375  spread_dark_Mi9=250237.8438  sbar_bright_Mi1_mid+0=74195.3047  sbar_bright_Mi4_mid+0=17060.7305  sbar_bright_T4a_mid+0=27560.3438  sbar_dark_Mi1_mid+0=8288.6953  sbar_dark_Mi4_mid+0=2880.9146  sbar_dark_T4a_mid+0=4642.9502]:   70%|███████   | 70/100 [01:11<00:30,  1.03s/it] Cost: 1010482.6250  [spread_bright_L5=95145.0312  spread_dark_L1=72076.4141  spread_dark_L2=101899.9844  spread_dark_L3=179289.4375  spread_dark_L4=190605.9688  spread_dark_Mi9=215002.0781  sbar_bright_Mi1_mid+0=75065.6328  sbar_bright_Mi4_mid+0=18387.2773  sbar_bright_T4a_mid+0=25326.6074  sbar_dark_Mi1_mid+0=6948.1143  sbar_dark_Mi4_mid+0=2251.5579  sbar_dark_T4a_mid+0=5003.0688]:   80%|████████  | 80/100 [01:22<00:20,  1.03s/it] Cost: 919178.6875  [spread_bright_L5=99978.1719  spread_dark_L1=67298.2031  spread_dark_L2=93951.7422  spread_dark_L3=163900.8594  spread_dark_L4=180919.4531  spread_dark_Mi9=166625.3281  sbar_bright_Mi1_mid+0=68651.4844  sbar_bright_Mi4_mid+0=18204.4043  sbar_bright_T4a_mid+0=22949.5664  sbar_dark_Mi1_mid+0=7429.0752  sbar_dark_Mi4_mid+0=2984.3950  sbar_dark_T4a_mid+0=4903.7085]:    90%|█████████ | 90/100 [01:32<00:10,  1.03s/it] Cost: 851726.8125  [spread_bright_L5=93679.3438  spread_dark_L1=62304.4453  spread_dark_L2=91775.4609  spread_dark_L3=143173.1562  spread_dark_L4=176546.2344  spread_dark_Mi9=148250.9375  sbar_bright_Mi1_mid+0=60146.8672  sbar_bright_Mi4_mid+0=17863.4922  sbar_bright_T4a_mid+0=19967.4062  sbar_dark_Mi1_mid+0=8766.0420  sbar_dark_Mi4_mid+0=3317.0203  sbar_dark_T4a_mid+0=5857.8306]: 100%|██████████| 100/100 [01:42<00:00,  1.02s/it] Cost: 802165.8125  [spread_bright_L5=92639.2734  spread_dark_L1=58939.6875  spread_dark_L2=87557.3203  spread_dark_L3=129389.1016  spread_dark_L4=174781.0469  spread_dark_Mi9=134301.4844  sbar_bright_Mi1_mid+0=45956.3320  sbar_bright_Mi4_mid+0=20112.2891  sbar_bright_T4a_mid+0=15446.2158  sbar_dark_Mi1_mid+0=11666.8867  sbar_dark_Mi4_mid+0=3178.7700  sbar_dark_T4a_mid+0=5897.1504]: 100%|██████████| 100/100 [01:42<00:00,  1.03s/it] Cost: 802165.8125  [spread_bright_L5=92639.2734  spread_dark_L1=58939.6875  spread_dark_L2=87557.3203  spread_dark_L3=129389.1016  spread_dark_L4=174781.0469  spread_dark_Mi9=134301.4844  sbar_bright_Mi1_mid+0=45956.3320  sbar_bright_Mi4_mid+0=20112.2891  sbar_bright_T4a_mid+0=15446.2158  sbar_dark_Mi1_mid+0=11666.8867  sbar_dark_Mi4_mid+0=3178.7700  sbar_dark_T4a_mid+0=5897.1504]: 

Initl cost = 3364524.0000  [spread_bright_L5=676960.1250  spread_dark_L1=465704.3750  spread_dark_L2=491009.7812  spread_dark_L3=461145.0312  spread_dark_L4=595431.5625  spread_dark_Mi9=474107.7188  sbar_bright_Mi1_mid+0=91717.2344  sbar_bright_Mi4_mid+0=24035.5957  sbar_bright_T4a_mid+0=34188.7852  sbar_dark_Mi1_mid+0=12209.3965  sbar_dark_Mi4_mid+0=5682.0303  sbar_dark_T4a_mid+0=6153.6562]
Final cost = 798130.0625  [spread_bright_L5=91809.2422  spread_dark_L1=58790.8867  spread_dark_L2=86943.0547  spread_dark_L3=128521.8672  spread_dark_L4=174950.5156  spread_dark_Mi9=133130.1719  sbar_bright_Mi1_mid+0=46085.2266  sbar_bright_Mi4_mid+0=20082.6641  sbar_bright_T4a_mid+0=15200.1543  sbar_dark_Mi1_mid+0=11310.9502  sbar_dark_Mi4_mid+0=3093.8237  sbar_dark_T4a_mid+0=6138.3926]
Best  cost = 798130.0625  [spread_bright_L5=91809.2422  spread_dark_L1=58790.8867  spread_dark_L2=86943.0547  spread_dark_L3=128521.8672  spread_dark_L4=174950.5156  spread_dark_Mi9=133130.1719  sbar_bright_Mi1_mid+0=46085.2266  sbar_bright_Mi4_mid+0=20082.6641  sbar_bright_T4a_mid+0=15200.1543  sbar_dark_Mi1_mid+0=11310.9502  sbar_dark_Mi4_mid+0=3093.8237  sbar_dark_T4a_mid+0=6138.3926]
time needed  = 107.12  sec

done in 0.03 hours
wrote /home/yitai/drosophila_vision/vision/simulation/0_runs/hp_lp/29644405-run-n_iter-100-tasks-spread,sbar/data/best_adam.npz (best run #0)
wrote table: /home/yitai/drosophila_vision/vision/simulation/0_runs/hp_lp/29644405-run-n_iter-100-tasks-spread,sbar/param.csv (best run #0, cost=798130.0625)
wrote table: /home/yitai/drosophila_vision/vision/simulation/0_runs/hp_lp/29644405-run-n_iter-100-tasks-spread,sbar/syn_strength_cell.csv
/home/yitai/drosophila_vision/vision/simulation/5_figure/1_panel.py:834: UserWarning: This figure includes Axes that are not compatible with tight_layout, so results might be incorrect.
  fig.tight_layout()
plot /home/yitai/drosophila_vision/vision/simulation/0_runs/hp_lp/29644405-run-n_iter-100-tasks-spread,sbar/cost.png: prep=0.0s  plot_s=0.3s  save=1.3s  elapsed_s=1.6s
plot device=cuda (NVIDIA A100 80GB PCIe MIG 1g.20gb)
1 trained set(s); costs min=798130.0625 max=798130.0625; selected #0 (from saved final costs)
plot /home/yitai/drosophila_vision/vision/simulation/0_runs/hp_lp/29644405-run-n_iter-100-tasks-spread,sbar/spread_gt_v.png: prep=0.4s  plot_s=0.1s  save=0.3s  elapsed_s=0.8s
plot /home/yitai/drosophila_vision/vision/simulation/0_runs/hp_lp/29644405-run-n_iter-100-tasks-spread,sbar/spread_all_v.png: prep=0.0s  plot_s=0.8s  save=2.6s  elapsed_s=3.4s
plot /home/yitai/drosophila_vision/vision/simulation/0_runs/hp_lp/29644405-run-n_iter-100-tasks-spread,sbar/sbar_gt_v.png: prep=1.0s  plot_s=0.9s  save=0.9s  elapsed_s=2.7s
plot /home/yitai/drosophila_vision/vision/simulation/0_runs/hp_lp/29644405-run-n_iter-100-tasks-spread,sbar/sbar_all_v.png: prep=0.0s  plot_s=3.2s  save=3.8s  elapsed_s=7.0s
