Job ID: 29644467
Node:   spartan-gpgpu099
GPU:    0
GPU 0: NVIDIA A100 80GB PCIe (UUID: GPU-322f5568-e44f-6ee4-45a8-e5d9489b443e)
GPU 1: NVIDIA A100 80GB PCIe (UUID: GPU-14844a85-9bf8-1cac-86bb-ab42ec5dba78)
  MIG 1g.20gb     Device  0: (UUID: MIG-ca7758cc-36b2-53c8-8bf7-fe711a703942)
GPU 2: NVIDIA A100 80GB PCIe (UUID: GPU-40730cdb-5070-f06f-e8e1-92c3b4bc8f18)
GPU 3: NVIDIA A100 80GB PCIe (UUID: GPU-705f91ce-5278-67b6-77ed-ac45a7d89e43)
cuda: True NVIDIA A100 80GB PCIe MIG 1g.20gb
Start:  Thu 27 Aug 2026 03:43:23 AEST
==== config ====
{'RUN_NAME': '29637642-run-n_iter-200-tasks-spread,sbar',
 'RUN_PATH': 'hp_lp/29637642-run-n_iter-200-tasks-spread,sbar',
 'MODEL': {'delta_ms': 2.0,
           'delta_ms_pre': 2.0,
           'cap': 40.0,
           'g_leak': 1.0,
           'e_exc': 10.0,
           'e_inh': -70.0,
           'e_h': 50.0,
           'h_g_max': 100.0,
           'gt_amp': 20.0,
           'v_clamp': 100.0,
           'a_syn_exc': 0.001,
           'a_syn_inh': 0.001,
           'euler': 'im'},
 'NEURON_SCHEMA': {'model': 'hp_lp',
                   'filter': 'none',
                   'syn_mode': 'per_cell',
                   'a_lo': 0.1,
                   'a_hi': 10.0,
                   'h_cells': ['L1', 'L2', 'L4', 'L5'],
                   'params': {'a_gt': {'lo': 0.5, 'hi': 2.0, 'init': 1.0, 'jit': 0.1, 'mode': 'indi'},
                              'bias_gt': {'lo': -200.0, 'hi': 200.0, 'init': 0.0, 'jit': 1.0, 'mode': 'indi'},
                              'syn_strength_cell': {'lo': 0.1,
                                                    'hi': 10.0,
                                                    'init': 1.0,
                                                    'inits': {'Mi9:T4a': 0.0, 'TmY15:T4a': 0.0},
                                                    'jit': 0.1,
                                                    'mode': 'indi',
                                                    'modes': {'indi': ['Mi4:T4a',
                                                                       'Mi4:T4b',
                                                                       'Mi4:T4c',
                                                                       'Mi4:T4d',
                                                                       'Mi9:T4b',
                                                                       'Mi9:T4c',
                                                                       'Mi9:T4d'],
                                                              'fixed': ['Mi9:T4a', 'TmY15:T4a']}},
                              'syn_strength_edge': {'lo': 0.1, 'hi': 10.0, 'init': 1.0, 'jit': 0.1, 'mode': 'indi'},
                              'a_in': {'lo': 0.01, 'hi': 100.0, 'init': 1.0, 'jit': 0.1, 'mode': 'shared'},
                              'a_out': {'lo': 0.1, 'hi': 10.0, 'init': 1.0, 'jit': 0.1, 'mode': 'indi'},
                              'e_leak': {'lo': -50.0, 'hi': 50.0, 'init': 0.0, 'jit': 1.0, 'mode': 'indi'},
                              'v_th': {'lo': -100.0, 'hi': 100.0, 'init': -50.0, 'jit': 0.0, 'mode': 'indi'},
                              'tau_lp': {'lo': 10.0,
                                         'hi': 100.0,
                                         'init': 10.0,
                                         'inits': {'Mi4': 200},
                                         'jit': 2.0,
                                         'mode': 'indi'},
                              'tau_hp_rise': {'lo': 100.0, 'hi': 500.0, 'init': 200.0, 'jit': 20.0, 'mode': 'indi'},
                              'tau_hp_fall': {'lo': 100.0, 'hi': 500.0, 'init': 200.0, 'jit': 20.0, 'mode': 'indi'},
                              'a_h': {'lo': 0.0,
                                      'hi': 1.0,
                                      'init': 0.0,
                                      'inits': {'L1': 0.5, 'L2': 0.5, 'L4': 0.5, 'L5': 0.5},
                                      'jit': 0.1,
                                      'mode': 'indi'},
                              'v_mid_h_g': {'lo': -70.0, 'hi': -30.0, 'init': -50.0, 'jit': 5.0, 'mode': 'shared'},
                              'v_mid_h_tau': {'lo': -70.0, 'hi': -40.0, 'init': -50.0, 'jit': 5.0, 'mode': 'shared'},
                              'h_slope': {'lo': -0.4, 'hi': -0.2, 'init': -0.25, 'jit': 0.02, 'mode': 'shared'},
                              'a_h_rev': {'lo': 0.0,
                                          'hi': 1.0,
                                          'init': 0.0,
                                          'jit': 0.1,
                                          'mode': 'fixed',
                                          'modes': {'indi': ['L1', 'L2', 'L4', 'L5']}},
                              'v_mid_h_g_rev': {'lo': -70.0, 'hi': -30.0, 'init': -50.0, 'jit': 5.0, 'mode': 'shared'},
                              'v_mid_h_tau_rev': {'lo': -70.0,
                                                  'hi': -40.0,
                                                  'init': -50.0,
                                                  'jit': 5.0,
                                                  'mode': 'shared'},
                              'h_slope_rev': {'lo': -0.4, 'hi': -0.2, 'init': -0.25, 'jit': 0.02, 'mode': 'shared'},
                              'v_th_ca': {'lo': -100.0, 'hi': 100.0, 'init': -50.0, 'jit': 0.0, 'mode': 'indi'},
                              'a_ca': {'lo': 0.1, 'hi': 10.0, 'init': 1.0, 'jit': 0.1, 'mode': 'indi'},
                              'tau_ca': {'lo': 100.0, 'hi': 1000.0, 'init': 350.0, 'jit': 10.0, 'mode': 'indi'},
                              'a_sti_radius': {'lo': 0.0, 'hi': 1.0, 'init': 0.0, 'jit': 0.05, 'mode': 'indi'},
                              'a_sti_mid': {'lo': 0.0,
                                            'hi': 1.0,
                                            'init': 0.0,
                                            'inits': {0.5: 0.1, 1: 0, 1.5: 0, 2: 0},
                                            'jit': 0.05,
                                            'mode': 'fixed'}}},
 'NEURON_FORWARD': {'pre_grad': True},
 'NETWORK_PATH': {'network': 'right_min_neuron1_r10'},
 'SPREAD_INPUT_SPEC': {'ms_pre': 20.0, 'ms_sti': 160.0, 'ms_response': 600.0, 'ms_post': 0.0},
 'SPREAD_GT': {'spread_gt_mode': 'pos'},
 'SPOT_INPUT_GEO': {'spot_radius': 1.0, 'fully_inside': True, 'multi_spot': True, 'shift_radius': 1.0},
 'SPOT_PACK': {'spot_cost_radii': [0, 1, 2],
               'a_sti_radii': [1, 2],
               'spot_cost_radius_scale': {0: 1.0, 1: 0.3333333333333333, 2: 0.3333333333333333}},
 'SBAR_INPUT_GEO': {'multi_bar': False, 'bar_dist': 4, 'shift_mid': 0},
 'SBAR_PACK': {'a_sti_mids': [0.5, 1.0, 1.5, 2.0]},
 'MBAR_INPUT_SPEC': {'ms_pre': 20.0, 'bar_ws_deg': [2.25, 9.0], 'bar_directions': ['right', 'left', 'up', 'down']},
 'TRAIN_CONFIG': {'tasks': ['spread', 'sbar'],
                  'contrasts': ['bright', 'dark'],
                  'i_sti': {'bright': 40.0, 'dark': 0.0},
                  'gt_by_task': {'spread': ['L1', 'L2', 'L3', 'L4', 'L5', 'Mi9'], 'sbar': ['Mi1', 'Mi4', 'T4a']},
                  'cost_radius': None},
 'VAL_FROM': {'bias_gt': {'source': 'v_onset', 'enabled': True},
              'v_th_ca': {'source': 'v_th', 'enabled': False},
              'a_ca': {'source': 'a_out', 'enabled': False},
              'a_h_rev': {'source': 'a_h', 'enabled': False},
              'v_mid_h_g_rev': {'source': 'v_mid_h_g', 'enabled': False},
              'h_slope_rev': {'source': 'h_slope', 'enabled': False},
              'v_mid_h_tau_rev': {'source': 'v_mid_h_tau', 'enabled': False}},
 'TRAIN_OPTIMIZATION': {'part_cost_scales': {'spread': 1,
                                             'sbar': 0,
                                             'sbar_bright_Mi1_mid+0': 1,
                                             'sbar_dark_Mi1_mid+0': 0,
                                             'sbar_bright_Mi4_mid+0': 1,
                                             'sbar_dark_Mi4_mid+0': 0,
                                             'sbar_bright_T4a_mid+0': 1,
                                             'sbar_dark_T4a_mid+0': 0},
                        'cost_norm': 'a_gt2',
                        'cost_ms': None,
                        'pre_steady': 'solve',
                        'pre_steady_n_iter': 50,
                        'pre_steady_damp': 0.1,
                        'n_run': 1,
                        'n_iter': 0,
                        'lrs': [0.1],
                        'checkpoint_interval': 1000},
 'TRAIN_SESSION': {'fp': 32, 'sequential': False},
 'FIGURE_PLOT': {'tasks': ['spread', 'sbar'],
                 'sbar_figure_cells': ['R1-6', 'L1', 'L2', 'L3', 'L4', 'L5', 'Mi1', 'Mi4', 'Mi9', 'T4a'],
                 'html': False,
                 'plot_right_only': True,
                 'x': None,
                 'y': None,
                 'align_xy': None,
                 'ms_shown': None},
 'FIGURE_PLOT_STI_SPOT': {'spot_radii': [0.5, 1.0, 1.5, 2.0], 'output': None},
 'FIGURE_PLOT_STI_MBAR': {'output': None,
                          'gif': False,
                          'gif_output': None,
                          't_stride': 2,
                          't': None,
                          'direction': 'left'},
 'ANALYZE_RUNS': ['hp_lp/29637642-run-n_iter-200-tasks-spread,sbar'],
 'ANALYZE_CELL_DYNAMICS': {'cells': None,
                           'spec': None,
                           'mid': None,
                           'node': None,
                           'radius': 0,
                           't_rel_start': None,
                           't_rel_stop': None,
                           'figure': True,
                           'json': False,
                           'a_mid': None},
 'ANALYZE_SYN_SIGN': {'bins': 20, 'after_train': False, 'post': False},
 'ANALYZE_TRACE': {'trace_osc_min_f': 0.5,
                   'trace_osc_max_f': 20.0,
                   'trace_osc_peak_threshold': 0.5,
                   'trace_osc_z_threshold': 2.0,
                   'trace_osc_snr_min': 2.0,
                   'trace_drift_min_slope_mv_over_s': 1.0,
                   'trace_drift_min_r': 0.5,
                   'trace_baseline_ms': 200.0,
                   'trace_flat_max_abs': 0.5,
                   'trace_flat_v_peak_to_peak_max': 1.0,
                   'trace_flat_abs_mean': 0.2,
                   'check': None,
                   'baseline_ms_shown': None},
 'ANALYZE_COST_PART': {'part': None,
                       'cost_norm': None,
                       'stride': 1,
                       'per_node': False,
                       'csv': None,
                       'print_parts': False}}
==== end config ====
config: {'run_name': '29637642-run-n_iter-200-tasks-spread,sbar', 'run_path': 'hp_lp/${run_name}', 'delta_ms': 2.0, 'delta_ms_pre': 2.0, 'cap': 40.0, 'g_leak': 1.0, 'e_exc': 10.0, 'e_inh': -70.0, 'e_h': 50.0, 'h_g_max': 100.0, 'gt_amp': 20.0, 'v_clamp': 100.0, 'a_syn_exc': 0.001, 'a_syn_inh': 0.001, 'euler': 'im', 'model': 'hp_lp', 'filter': 'none', 'syn_mode': 'per_cell', 'a_lo': 0.1, 'a_hi': 10.0, 'h_cells': ['L1', 'L2', 'L4', 'L5'], 'params': {'a_gt': {'lo': 0.5, 'hi': 2.0, 'init': 1.0, 'jit': 0.1, 'mode': 'indi'}, 'bias_gt': {'lo': -200.0, 'hi': 200.0, 'init': 0.0, 'jit': 1.0, 'mode': 'indi'}, 'syn_strength_cell': {'lo': 0.1, 'hi': 10.0, 'init': 1.0, 'inits': {'Mi9:T4a': 0.0, 'TmY15:T4a': 0.0}, 'jit': 0.1, 'mode': 'indi', 'modes': {'indi': ['Mi4:T4a', 'Mi4:T4b', 'Mi4:T4c', 'Mi4:T4d', 'Mi9:T4b', 'Mi9:T4c', 'Mi9:T4d'], 'fixed': ['Mi9:T4a', 'TmY15:T4a']}}, 'syn_strength_edge': {'lo': 0.1, 'hi': 10.0, 'init': 1.0, 'jit': 0.1, 'mode': 'indi'}, 'a_in': {'lo': 0.01, 'hi': 100.0, 'init': 1.0, 'jit': 0.1, 'mode': 'shared'}, 'a_out': {'lo': 0.1, 'hi': 10.0, 'init': 1.0, 'jit': 0.1, 'mode': 'indi'}, 'e_leak': {'lo': -50.0, 'hi': 50.0, 'init': 0.0, 'jit': 1.0, 'mode': 'indi'}, 'v_th': {'lo': -100.0, 'hi': 100.0, 'init': -50.0, 'jit': 0.0, 'mode': 'indi'}, 'tau_lp': {'lo': 10.0, 'hi': 100.0, 'init': 10.0, 'inits': {'Mi4': 200}, 'jit': 2.0, 'mode': 'indi'}, 'tau_hp_rise': {'lo': 100.0, 'hi': 500.0, 'init': 200.0, 'jit': 20.0, 'mode': 'indi'}, 'tau_hp_fall': {'lo': 100.0, 'hi': 500.0, 'init': 200.0, 'jit': 20.0, 'mode': 'indi'}, 'a_h': {'lo': 0.0, 'hi': 1.0, 'init': 0.0, 'inits': {'L1': 0.5, 'L2': 0.5, 'L4': 0.5, 'L5': 0.5}, 'jit': 0.1, 'mode': 'indi'}, 'v_mid_h_g': {'lo': -70.0, 'hi': -30.0, 'init': -50.0, 'jit': 5.0, 'mode': 'shared'}, 'v_mid_h_tau': {'lo': -70.0, 'hi': -40.0, 'init': -50.0, 'jit': 5.0, 'mode': 'shared'}, 'h_slope': {'lo': -0.4, 'hi': -0.2, 'init': -0.25, 'jit': 0.02, 'mode': 'shared'}, 'a_h_rev': {'lo': 0.0, 'hi': 1.0, 'init': 0.0, 'jit': 0.1, 'mode': 'fixed', 'modes': {'indi': '${h_cells}'}}, 'v_mid_h_g_rev': {'lo': -70.0, 'hi': -30.0, 'init': -50.0, 'jit': 5.0, 'mode': 'shared'}, 'v_mid_h_tau_rev': {'lo': -70.0, 'hi': -40.0, 'init': -50.0, 'jit': 5.0, 'mode': 'shared'}, 'h_slope_rev': {'lo': -0.4, 'hi': -0.2, 'init': -0.25, 'jit': 0.02, 'mode': 'shared'}, 'v_th_ca': {'lo': -100.0, 'hi': 100.0, 'init': -50.0, 'jit': 0.0, 'mode': 'indi'}, 'a_ca': {'lo': 0.1, 'hi': 10.0, 'init': 1.0, 'jit': 0.1, 'mode': 'indi'}, 'tau_ca': {'lo': 100.0, 'hi': 1000.0, 'init': 350.0, 'jit': 10.0, 'mode': 'indi'}, 'a_sti_radius': {'lo': 0.0, 'hi': 1.0, 'init': 0.0, 'jit': 0.05, 'mode': 'indi'}, 'a_sti_mid': {'lo': 0.0, 'hi': 1.0, 'init': 0.0, 'inits': {0.5: 0.1, 1: 0, 1.5: 0, 2: 0}, 'jit': 0.05, 'mode': 'fixed'}}, 'pre_grad': True, 'network': 'right_min_neuron1_r10', 'i_sti': {'bright': 40.0, 'dark': 0.0}, 'contrasts': ['bright', 'dark'], 'ms_pre': 20.0, 'ms_sti': 160.0, 'ms_response': 600.0, 'ms_post': 0.0, 'spread_gt_mode': 'pos', 'spot_radius': 1.0, 'fully_inside': True, 'multi_spot': True, 'shift_radius': 1.0, 'spot_cost_radii': [0, 1, 2], 'a_sti_radii': [1, 2], 'spot_cost_radius_scale': {0: 1.0, 1: 0.3333333333333333, 2: 0.3333333333333333}, 'multi_bar': False, 'bar_dist': 4, 'shift_mid': 0, 'a_sti_mids': [0.5, 1, 1.5, 2], 'bar_ws_deg': [2.25, 9.0], 'bar_directions': ['right', 'left', 'up', 'down'], 'tasks': ['spread', 'sbar'], 'gt_by_task': {'spread': ['L1', 'L2', 'L3', 'L4', 'L5', 'Mi9'], 'sbar': ['Mi1', 'Mi4', 'T4a']}, 'cost_radius': None, 'param_vals': {}, 'val_from': {'bias_gt': {'source': 'v_onset', 'enabled': True}, 'v_th_ca': {'source': 'v_th', 'enabled': False}, 'a_ca': {'source': 'a_out', 'enabled': False}, 'a_h_rev': {'source': 'a_h', 'enabled': False}, 'v_mid_h_g_rev': {'source': 'v_mid_h_g', 'enabled': False}, 'h_slope_rev': {'source': 'h_slope', 'enabled': False}, 'v_mid_h_tau_rev': {'source': 'v_mid_h_tau', 'enabled': False}}, 'part_cost_scales': {'spread': 1, 'sbar': 0, 'sbar_bright_Mi1_mid+0': 1, 'sbar_dark_Mi1_mid+0': 0, 'sbar_bright_Mi4_mid+0': 1, 'sbar_dark_Mi4_mid+0': 0, 'sbar_bright_T4a_mid+0': 1, 'sbar_dark_T4a_mid+0': 0}, 'cost_norm': 'a_gt2', 'cost_ms': None, 'pre_steady': 'solve', 'pre_steady_n_iter': 50, 'pre_steady_damp': 0.1, 'n_run': 1, 'n_iter': 100, 'lrs': [0.1], 'checkpoint_interval': 1000, 'init_from': None, 'fp': 32, 'sequential': False, 'spot_radii': [0.5, 1.0, 1.5, 2.0], 'spot_plot_output': None, 'mbar_plot_output': None, 'mbar_plot_gif': False, 'mbar_plot_gif_output': None, 'mbar_plot_t_stride': 2, 'mbar_plot_t': None, 'mbar_plot_direction': 'left', 'figure_tasks': ['spread', 'sbar'], 'sbar_figure_cells': ['R1-6', 'L1', 'L2', 'L3', 'L4', 'L5', 'Mi1', 'Mi4', 'Mi9', 'T4a'], 'html': False, 'plot_right_only': True, 'x': None, 'y': None, 'align_xy': None, 'ms_shown': None, 'analyze_runs': None, 'cells': None, 'spec': None, 'mid': None, 'node': None, 'radius': 0, 't_rel_start': None, 't_rel_stop': None, 'analyze_figure': True, 'analyze_json': False, 'post': False, 'check': None, 'baseline_ms_shown': None, 'part': None, 'analyze_cost_norm': None, 'stride': 1, 'per_node': False, 'cost_part_csv': None, 'print_parts': False, 'bins': 20, 'after_train': False, 'trace_osc_min_f': 0.5, 'trace_osc_max_f': 20.0, 'trace_osc_peak_threshold': 0.5, 'trace_osc_z_threshold': 2.0, 'trace_osc_snr_min': 2.0, 'trace_drift_min_slope_mv_over_s': 1.0, 'trace_drift_min_r': 0.5, 'trace_baseline_ms': 200.0, 'trace_flat_max_abs': 0.5, 'trace_flat_v_peak_to_peak_max': 1.0, 'trace_flat_abs_mean': 0.2}
param_modes:
  a_gt               indi=56/shared=0/fixed=0/frozen=0 (56)
  bias_gt            indi=0/shared=0/fixed=0/frozen=56 (0)
  syn_strength_cell  indi=1033/shared=0/fixed=2/frozen=0 (1033)
  a_in               indi=0/shared=56/fixed=0/frozen=0 (1)
  a_out              indi=56/shared=0/fixed=0/frozen=0 (56)
  e_leak             indi=56/shared=0/fixed=0/frozen=0 (56)
  v_th               indi=56/shared=0/fixed=0/frozen=0 (56)
  tau_lp             indi=56/shared=0/fixed=0/frozen=0 (56)
  tau_hp_rise        indi=56/shared=0/fixed=0/frozen=0 (56)
  tau_hp_fall        indi=56/shared=0/fixed=0/frozen=0 (56)
  a_h                indi=56/shared=0/fixed=0/frozen=0 (56)
  a_sti_mid          indi=0/shared=0/fixed=4/frozen=0 (0)
device=cuda, model=hp_lp, syn_mode=per_cell, euler=implicit, pre_steady=solve, n_run=1, n_iter=100, lrs=[0.1], n_z=1482, fname=train_hp_lp.npy
checkpoint_interval=1000

round 0

  0%|          | 0/100 [00:00<?, ?it/s] Cost: 5923813.0000  [spread_bright_L5=1205361.5000  spread_dark_L1=851267.4375  spread_dark_L2=885435.5625  spread_dark_L3=809438.1250  spread_dark_L4=1059607.2500  spread_dark_Mi9=845522.2500  sbar_bright_Mi1_mid+0=163484.9688  sbar_bright_Mi4_mid+0=42873.9414  sbar_bright_T4a_mid+0=60822.0352] 10%|█         | 10/100 [00:10<01:33,  1.03s/it] Cost: 3582103.2500  [spread_bright_L5=300157.1562  spread_dark_L1=271195.0938  spread_dark_L2=348415.0312  spread_dark_L3=639366.8125  spread_dark_L4=979209.1250  spread_dark_Mi9=809537.3750  sbar_bright_Mi1_mid+0=143271.7188  sbar_bright_Mi4_mid+0=31287.0898  sbar_bright_T4a_mid+0=59663.9922]:  20%|██        | 20/100 [00:20<01:21,  1.02s/it] Cost: 3041153.0000  [spread_bright_L5=229982.5625  spread_dark_L1=267029.4062  spread_dark_L2=315275.2188  spread_dark_L3=565815.1875  spread_dark_L4=662933.3125  spread_dark_Mi9=771983.6250  sbar_bright_Mi1_mid+0=142579.7656  sbar_bright_Mi4_mid+0=27821.6816  sbar_bright_T4a_mid+0=57731.9023]:  30%|███       | 30/100 [00:30<01:11,  1.02s/it] Cost: 2494044.5000  [spread_bright_L5=218743.6406  spread_dark_L1=167475.2188  spread_dark_L2=276141.5000  spread_dark_L3=527523.8125  spread_dark_L4=397817.1562  spread_dark_Mi9=692799.5000  sbar_bright_Mi1_mid+0=135242.8125  sbar_bright_Mi4_mid+0=25237.4316  sbar_bright_T4a_mid+0=53063.1445]:  40%|████      | 40/100 [00:40<01:00,  1.01s/it] Cost: 2264084.5000  [spread_bright_L5=209068.2500  spread_dark_L1=173147.2656  spread_dark_L2=221463.1562  spread_dark_L3=488650.2812  spread_dark_L4=364946.3125  spread_dark_Mi9=603075.4375  sbar_bright_Mi1_mid+0=132074.2188  sbar_bright_Mi4_mid+0=21502.5098  sbar_bright_T4a_mid+0=50157.0703]:  50%|█████     | 50/100 [00:50<00:50,  1.01s/it] Cost: 2058547.1250  [spread_bright_L5=198697.0469  spread_dark_L1=151829.4062  spread_dark_L2=206464.3594  spread_dark_L3=433440.3750  spread_dark_L4=351762.7812  spread_dark_Mi9=515332.3438  sbar_bright_Mi1_mid+0=134900.1250  sbar_bright_Mi4_mid+0=18454.7832  sbar_bright_T4a_mid+0=47665.9062]:  60%|██████    | 60/100 [01:00<00:40,  1.01s/it] Cost: 1880796.7500  [spread_bright_L5=182789.3438  spread_dark_L1=140322.0781  spread_dark_L2=195266.8281  spread_dark_L3=390407.8750  spread_dark_L4=332105.9688  spread_dark_Mi9=447095.4062  sbar_bright_Mi1_mid+0=131588.8750  sbar_bright_Mi4_mid+0=15077.6924  sbar_bright_T4a_mid+0=46142.6680]:  70%|███████   | 70/100 [01:10<00:30,  1.01s/it] Cost: 1707552.5000  [spread_bright_L5=174988.6094  spread_dark_L1=131427.9375  spread_dark_L2=182535.3281  spread_dark_L3=338104.9688  spread_dark_L4=317150.0938  spread_dark_Mi9=378917.8750  sbar_bright_Mi1_mid+0=128123.4766  sbar_bright_Mi4_mid+0=14682.4482  sbar_bright_T4a_mid+0=41621.6836]:  80%|████████  | 80/100 [01:20<00:20,  1.01s/it] Cost: 1524717.2500  [spread_bright_L5=177883.0938  spread_dark_L1=116121.9297  spread_dark_L2=158196.7188  spread_dark_L3=298304.3125  spread_dark_L4=313809.7188  spread_dark_Mi9=299676.1875  sbar_bright_Mi1_mid+0=114148.1328  sbar_bright_Mi4_mid+0=14611.5605  sbar_bright_T4a_mid+0=31965.6074]:  90%|█████████ | 90/100 [01:30<00:10,  1.01s/it] Cost: 1402227.8750  [spread_bright_L5=166065.4375  spread_dark_L1=109382.4531  spread_dark_L2=160699.6406  spread_dark_L3=265962.0625  spread_dark_L4=301251.4375  spread_dark_Mi9=265349.1250  sbar_bright_Mi1_mid+0=90848.7266  sbar_bright_Mi4_mid+0=15072.7256  sbar_bright_T4a_mid+0=27596.2949]:  100%|██████████| 100/100 [01:40<00:00,  1.00s/it] Cost: 1304571.0000  [spread_bright_L5=161138.1562  spread_dark_L1=100949.1484  spread_dark_L2=152069.0156  spread_dark_L3=244497.3594  spread_dark_L4=297579.0938  spread_dark_Mi9=249386.3906  sbar_bright_Mi1_mid+0=62927.2422  sbar_bright_Mi4_mid+0=14850.8887  sbar_bright_T4a_mid+0=21173.6914]: 100%|██████████| 100/100 [01:40<00:00,  1.01s/it] Cost: 1304571.0000  [spread_bright_L5=161138.1562  spread_dark_L1=100949.1484  spread_dark_L2=152069.0156  spread_dark_L3=244497.3594  spread_dark_L4=297579.0938  spread_dark_Mi9=249386.3906  sbar_bright_Mi1_mid+0=62927.2422  sbar_bright_Mi4_mid+0=14850.8887  sbar_bright_T4a_mid+0=21173.6914]: 

Initl cost = 5923813.0000  [spread_bright_L5=1205361.5000  spread_dark_L1=851267.4375  spread_dark_L2=885435.5625  spread_dark_L3=809438.1250  spread_dark_L4=1059607.2500  spread_dark_Mi9=845522.2500  sbar_bright_Mi1_mid+0=163484.9688  sbar_bright_Mi4_mid+0=42873.9414  sbar_bright_T4a_mid+0=60822.0352]
Final cost = 1300967.5000  [spread_bright_L5=159937.5781  spread_dark_L1=100008.7891  spread_dark_L2=150730.9531  spread_dark_L3=245979.2812  spread_dark_L4=297494.6562  spread_dark_Mi9=247044.5312  sbar_bright_Mi1_mid+0=62875.4883  sbar_bright_Mi4_mid+0=14873.8594  sbar_bright_T4a_mid+0=22022.4102]
Best  cost = 1300967.5000  [spread_bright_L5=159937.5781  spread_dark_L1=100008.7891  spread_dark_L2=150730.9531  spread_dark_L3=245979.2812  spread_dark_L4=297494.6562  spread_dark_Mi9=247044.5312  sbar_bright_Mi1_mid+0=62875.4883  sbar_bright_Mi4_mid+0=14873.8594  sbar_bright_T4a_mid+0=22022.4102]
time needed  = 105.36  sec

done in 0.03 hours
wrote /home/yitai/drosophila_vision/vision/simulation/0_runs/hp_lp/29644467-run-n_iter-100-tasks-spread,sbar/data/best_adam.npz (best run #0)
wrote table: /home/yitai/drosophila_vision/vision/simulation/0_runs/hp_lp/29644467-run-n_iter-100-tasks-spread,sbar/param.csv (best run #0, cost=1300967.5000)
wrote table: /home/yitai/drosophila_vision/vision/simulation/0_runs/hp_lp/29644467-run-n_iter-100-tasks-spread,sbar/syn_strength_cell.csv
/home/yitai/drosophila_vision/vision/simulation/5_figure/1_panel.py:834: UserWarning: This figure includes Axes that are not compatible with tight_layout, so results might be incorrect.
  fig.tight_layout()
plot /home/yitai/drosophila_vision/vision/simulation/0_runs/hp_lp/29644467-run-n_iter-100-tasks-spread,sbar/cost.png: prep=0.0s  plot_s=0.2s  save=1.8s  elapsed_s=2.0s
plot device=cuda (NVIDIA A100 80GB PCIe MIG 1g.20gb)
1 trained set(s); costs min=1300967.5000 max=1300967.5000; selected #0 (from saved final costs)
plot /home/yitai/drosophila_vision/vision/simulation/0_runs/hp_lp/29644467-run-n_iter-100-tasks-spread,sbar/spread_gt_v.png: prep=0.4s  plot_s=0.1s  save=0.3s  elapsed_s=0.8s
plot /home/yitai/drosophila_vision/vision/simulation/0_runs/hp_lp/29644467-run-n_iter-100-tasks-spread,sbar/spread_all_v.png: prep=0.0s  plot_s=0.8s  save=2.5s  elapsed_s=3.4s
plot /home/yitai/drosophila_vision/vision/simulation/0_runs/hp_lp/29644467-run-n_iter-100-tasks-spread,sbar/sbar_gt_v.png: prep=1.0s  plot_s=0.7s  save=0.8s  elapsed_s=2.5s
plot /home/yitai/drosophila_vision/vision/simulation/0_runs/hp_lp/29644467-run-n_iter-100-tasks-spread,sbar/sbar_all_v.png: prep=0.0s  plot_s=3.3s  save=3.6s  elapsed_s=7.0s
