Job ID: 29643949
Node:   spartan-gpgpu099
GPU:    0
GPU 0: NVIDIA A100 80GB PCIe (UUID: GPU-322f5568-e44f-6ee4-45a8-e5d9489b443e)
  MIG 1g.10gb     Device  0: (UUID: MIG-cc28d0fd-ba38-5597-8fc5-c03fa23567bd)
GPU 1: NVIDIA A100 80GB PCIe (UUID: GPU-14844a85-9bf8-1cac-86bb-ab42ec5dba78)
GPU 2: NVIDIA A100 80GB PCIe (UUID: GPU-40730cdb-5070-f06f-e8e1-92c3b4bc8f18)
GPU 3: NVIDIA A100 80GB PCIe (UUID: GPU-705f91ce-5278-67b6-77ed-ac45a7d89e43)
cuda: True NVIDIA A100 80GB PCIe MIG 1g.10gb
Start:  Thu 27 Aug 2026 02:36:39 AEST
==== config ====
{'RUN_NAME': '29637642-run-n_iter-200-tasks-spread,sbar',
 'RUN_PATH': 'hp_lp/29637642-run-n_iter-200-tasks-spread,sbar',
 'MODEL': {'delta_ms': 2.0,
           'delta_ms_pre': 2.0,
           'cap': 40.0,
           'g_leak': 1.0,
           'e_exc': 10.0,
           'e_inh': -70.0,
           'e_h': 50.0,
           'h_g_max': 100.0,
           'gt_amp': 20.0,
           'v_clamp': 100.0,
           'a_syn_exc': 0.001,
           'a_syn_inh': 0.001,
           'euler': 'im'},
 'NEURON_SCHEMA': {'model': 'hp_lp',
                   'filter': 'none',
                   'syn_mode': 'per_cell',
                   'a_lo': 0.1,
                   'a_hi': 10.0,
                   'h_cells': ['L1', 'L2', 'L4', 'L5'],
                   'params': {'a_gt': {'lo': 0.5, 'hi': 2.0, 'init': 1.0, 'jit': 0.1, 'mode': 'indi'},
                              'bias_gt': {'lo': -200.0, 'hi': 200.0, 'init': 0.0, 'jit': 1.0, 'mode': 'indi'},
                              'syn_strength_cell': {'lo': 0.1,
                                                    'hi': 10.0,
                                                    'init': 1.0,
                                                    'inits': {'Mi9:T4a': 0.0, 'TmY15:T4a': 0.0},
                                                    'jit': 0.1,
                                                    'mode': 'indi',
                                                    'modes': {'indi': ['Mi4:T4a',
                                                                       'Mi4:T4b',
                                                                       'Mi4:T4c',
                                                                       'Mi4:T4d',
                                                                       'Mi9:T4b',
                                                                       'Mi9:T4c',
                                                                       'Mi9:T4d'],
                                                              'fixed': ['Mi9:T4a', 'TmY15:T4a']}},
                              'syn_strength_edge': {'lo': 0.1, 'hi': 10.0, 'init': 1.0, 'jit': 0.1, 'mode': 'indi'},
                              'a_in': {'lo': 0.01, 'hi': 100.0, 'init': 1.0, 'jit': 0.1, 'mode': 'shared'},
                              'a_out': {'lo': 0.1, 'hi': 10.0, 'init': 1.0, 'jit': 0.1, 'mode': 'indi'},
                              'e_leak': {'lo': -50.0, 'hi': 50.0, 'init': 0.0, 'jit': 1.0, 'mode': 'indi'},
                              'v_th': {'lo': -100.0, 'hi': 100.0, 'init': -50.0, 'jit': 0.0, 'mode': 'indi'},
                              'tau_lp': {'lo': 10.0,
                                         'hi': 100.0,
                                         'init': 10.0,
                                         'inits': {'Mi4': 200},
                                         'jit': 2.0,
                                         'mode': 'indi'},
                              'tau_hp_rise': {'lo': 100.0, 'hi': 500.0, 'init': 200.0, 'jit': 20.0, 'mode': 'indi'},
                              'tau_hp_fall': {'lo': 100.0, 'hi': 500.0, 'init': 200.0, 'jit': 20.0, 'mode': 'indi'},
                              'a_h': {'lo': 0.0,
                                      'hi': 1.0,
                                      'init': 0.0,
                                      'inits': {'L1': 0.5, 'L2': 0.5, 'L4': 0.5, 'L5': 0.5},
                                      'jit': 0.1,
                                      'mode': 'indi'},
                              'v_mid_h_g': {'lo': -70.0, 'hi': -30.0, 'init': -50.0, 'jit': 5.0, 'mode': 'shared'},
                              'v_mid_h_tau': {'lo': -70.0, 'hi': -40.0, 'init': -50.0, 'jit': 5.0, 'mode': 'shared'},
                              'h_slope': {'lo': -0.4, 'hi': -0.2, 'init': -0.25, 'jit': 0.02, 'mode': 'shared'},
                              'a_h_rev': {'lo': 0.0,
                                          'hi': 1.0,
                                          'init': 0.0,
                                          'jit': 0.1,
                                          'mode': 'fixed',
                                          'modes': {'indi': ['L1', 'L2', 'L4', 'L5']}},
                              'v_mid_h_g_rev': {'lo': -70.0, 'hi': -30.0, 'init': -50.0, 'jit': 5.0, 'mode': 'shared'},
                              'v_mid_h_tau_rev': {'lo': -70.0,
                                                  'hi': -40.0,
                                                  'init': -50.0,
                                                  'jit': 5.0,
                                                  'mode': 'shared'},
                              'h_slope_rev': {'lo': -0.4, 'hi': -0.2, 'init': -0.25, 'jit': 0.02, 'mode': 'shared'},
                              'v_th_ca': {'lo': -100.0, 'hi': 100.0, 'init': -50.0, 'jit': 0.0, 'mode': 'indi'},
                              'a_ca': {'lo': 0.1, 'hi': 10.0, 'init': 1.0, 'jit': 0.1, 'mode': 'indi'},
                              'tau_ca': {'lo': 100.0, 'hi': 1000.0, 'init': 350.0, 'jit': 10.0, 'mode': 'indi'},
                              'a_sti_radius': {'lo': 0.0, 'hi': 1.0, 'init': 0.0, 'jit': 0.05, 'mode': 'indi'},
                              'a_sti_mid': {'lo': 0.0,
                                            'hi': 1.0,
                                            'init': 0.0,
                                            'inits': {0.5: 0.9, 1: 0.6, 1.5: 0.4, 2: 0.1},
                                            'jit': 0.05,
                                            'mode': 'indi'}}},
 'NEURON_FORWARD': {'pre_grad': True},
 'NETWORK_PATH': {'network': 'right_min_neuron1_r10'},
 'SPREAD_INPUT_SPEC': {'ms_pre': 20.0, 'ms_sti': 160.0, 'ms_response': 600.0, 'ms_post': 0.0},
 'SPREAD_GT': {'spread_gt_mode': 'pos'},
 'SPOT_INPUT_GEO': {'spot_radius': 1.0, 'fully_inside': True, 'multi_spot': True, 'shift_radius': 1.0},
 'SPOT_PACK': {'spot_cost_radii': [0, 1, 2],
               'a_sti_radii': [1, 2],
               'spot_cost_radius_scale': {0: 1.0, 1: 0.3333333333333333, 2: 0.3333333333333333}},
 'SBAR_INPUT_GEO': {'multi_bar': False, 'bar_dist': 4, 'shift_mid': 0},
 'SBAR_PACK': {'a_sti_mids': [0.5, 1.0, 1.5, 2.0]},
 'MBAR_INPUT_SPEC': {'ms_pre': 20.0, 'bar_ws_deg': [2.25, 9.0], 'bar_directions': ['right', 'left', 'up', 'down']},
 'TRAIN_CONFIG': {'tasks': ['spread', 'sbar'],
                  'contrasts': ['bright', 'dark'],
                  'i_sti': {'bright': 40.0, 'dark': 0.0},
                  'gt_by_task': {'spread': ['L1', 'L2', 'L3', 'L4', 'L5', 'Mi1', 'Mi4'], 'sbar': ['Mi1', 'Mi4', 'T4a']},
                  'cost_radius': None},
 'VAL_FROM': {'bias_gt': {'source': 'v_onset', 'enabled': True},
              'v_th_ca': {'source': 'v_th', 'enabled': False},
              'a_ca': {'source': 'a_out', 'enabled': False},
              'a_h_rev': {'source': 'a_h', 'enabled': False},
              'v_mid_h_g_rev': {'source': 'v_mid_h_g', 'enabled': False},
              'h_slope_rev': {'source': 'h_slope', 'enabled': False},
              'v_mid_h_tau_rev': {'source': 'v_mid_h_tau', 'enabled': False}},
 'TRAIN_OPTIMIZATION': {'part_cost_scales': {'spread': 1},
                        'cost_norm': 'a_gt2',
                        'cost_ms': None,
                        'pre_steady': 'solve',
                        'pre_steady_n_iter': 50,
                        'pre_steady_damp': 0.1,
                        'n_run': 1,
                        'n_iter': 0,
                        'lrs': [0.1],
                        'checkpoint_interval': 1000},
 'TRAIN_SESSION': {'fp': 32, 'sequential': False},
 'FIGURE_PLOT': {'tasks': ['spread', 'sbar'],
                 'sbar_figure_cells': ['R1-6', 'L1', 'L2', 'L3', 'L4', 'L5', 'Mi1', 'Mi4', 'Mi9', 'T4a'],
                 'html': False,
                 'plot_right_only': True,
                 'x': None,
                 'y': None,
                 'align_xy': None,
                 'ms_shown': None},
 'FIGURE_PLOT_STI_SPOT': {'spot_radii': [0.5, 1.0, 1.5, 2.0], 'output': None},
 'FIGURE_PLOT_STI_MBAR': {'output': None,
                          'gif': False,
                          'gif_output': None,
                          't_stride': 2,
                          't': None,
                          'direction': 'left'},
 'ANALYZE_RUNS': ['hp_lp/29637642-run-n_iter-200-tasks-spread,sbar'],
 'ANALYZE_CELL_DYNAMICS': {'cells': None,
                           'spec': None,
                           'mid': None,
                           'node': None,
                           'radius': 0,
                           't_rel_start': None,
                           't_rel_stop': None,
                           'figure': True,
                           'json': False,
                           'a_mid': None},
 'ANALYZE_SYN_SIGN': {'bins': 20, 'after_train': False, 'post': False},
 'ANALYZE_TRACE': {'trace_osc_min_f': 0.5,
                   'trace_osc_max_f': 20.0,
                   'trace_osc_peak_threshold': 0.5,
                   'trace_osc_z_threshold': 2.0,
                   'trace_osc_snr_min': 2.0,
                   'trace_drift_min_slope_mv_over_s': 1.0,
                   'trace_drift_min_r': 0.5,
                   'trace_baseline_ms': 200.0,
                   'trace_flat_max_abs': 0.5,
                   'trace_flat_v_peak_to_peak_max': 1.0,
                   'trace_flat_abs_mean': 0.2,
                   'check': None,
                   'baseline_ms_shown': None},
 'ANALYZE_COST_PART': {'part': None,
                       'cost_norm': None,
                       'stride': 1,
                       'per_node': False,
                       'csv': None,
                       'print_parts': False}}
==== end config ====
config: {'run_name': '29637642-run-n_iter-200-tasks-spread,sbar', 'run_path': 'hp_lp/${run_name}', 'delta_ms': 2.0, 'delta_ms_pre': 2.0, 'cap': 40.0, 'g_leak': 1.0, 'e_exc': 10.0, 'e_inh': -70.0, 'e_h': 50.0, 'h_g_max': 100.0, 'gt_amp': 20.0, 'v_clamp': 100.0, 'a_syn_exc': 0.001, 'a_syn_inh': 0.001, 'euler': 'im', 'model': 'hp_lp', 'filter': 'none', 'syn_mode': 'per_cell', 'a_lo': 0.1, 'a_hi': 10.0, 'h_cells': ['L1', 'L2', 'L4', 'L5'], 'params': {'a_gt': {'lo': 0.5, 'hi': 2.0, 'init': 1.0, 'jit': 0.1, 'mode': 'indi'}, 'bias_gt': {'lo': -200.0, 'hi': 200.0, 'init': 0.0, 'jit': 1.0, 'mode': 'indi'}, 'syn_strength_cell': {'lo': 0.1, 'hi': 10.0, 'init': 1.0, 'inits': {'Mi9:T4a': 0.0, 'TmY15:T4a': 0.0}, 'jit': 0.1, 'mode': 'indi', 'modes': {'indi': ['Mi4:T4a', 'Mi4:T4b', 'Mi4:T4c', 'Mi4:T4d', 'Mi9:T4b', 'Mi9:T4c', 'Mi9:T4d'], 'fixed': ['Mi9:T4a', 'TmY15:T4a']}}, 'syn_strength_edge': {'lo': 0.1, 'hi': 10.0, 'init': 1.0, 'jit': 0.1, 'mode': 'indi'}, 'a_in': {'lo': 0.01, 'hi': 100.0, 'init': 1.0, 'jit': 0.1, 'mode': 'shared'}, 'a_out': {'lo': 0.1, 'hi': 10.0, 'init': 1.0, 'jit': 0.1, 'mode': 'indi'}, 'e_leak': {'lo': -50.0, 'hi': 50.0, 'init': 0.0, 'jit': 1.0, 'mode': 'indi'}, 'v_th': {'lo': -100.0, 'hi': 100.0, 'init': -50.0, 'jit': 0.0, 'mode': 'indi'}, 'tau_lp': {'lo': 10.0, 'hi': 100.0, 'init': 10.0, 'inits': {'Mi4': 200}, 'jit': 2.0, 'mode': 'indi'}, 'tau_hp_rise': {'lo': 100.0, 'hi': 500.0, 'init': 200.0, 'jit': 20.0, 'mode': 'indi'}, 'tau_hp_fall': {'lo': 100.0, 'hi': 500.0, 'init': 200.0, 'jit': 20.0, 'mode': 'indi'}, 'a_h': {'lo': 0.0, 'hi': 1.0, 'init': 0.0, 'inits': {'L1': 0.5, 'L2': 0.5, 'L4': 0.5, 'L5': 0.5}, 'jit': 0.1, 'mode': 'indi'}, 'v_mid_h_g': {'lo': -70.0, 'hi': -30.0, 'init': -50.0, 'jit': 5.0, 'mode': 'shared'}, 'v_mid_h_tau': {'lo': -70.0, 'hi': -40.0, 'init': -50.0, 'jit': 5.0, 'mode': 'shared'}, 'h_slope': {'lo': -0.4, 'hi': -0.2, 'init': -0.25, 'jit': 0.02, 'mode': 'shared'}, 'a_h_rev': {'lo': 0.0, 'hi': 1.0, 'init': 0.0, 'jit': 0.1, 'mode': 'fixed', 'modes': {'indi': '${h_cells}'}}, 'v_mid_h_g_rev': {'lo': -70.0, 'hi': -30.0, 'init': -50.0, 'jit': 5.0, 'mode': 'shared'}, 'v_mid_h_tau_rev': {'lo': -70.0, 'hi': -40.0, 'init': -50.0, 'jit': 5.0, 'mode': 'shared'}, 'h_slope_rev': {'lo': -0.4, 'hi': -0.2, 'init': -0.25, 'jit': 0.02, 'mode': 'shared'}, 'v_th_ca': {'lo': -100.0, 'hi': 100.0, 'init': -50.0, 'jit': 0.0, 'mode': 'indi'}, 'a_ca': {'lo': 0.1, 'hi': 10.0, 'init': 1.0, 'jit': 0.1, 'mode': 'indi'}, 'tau_ca': {'lo': 100.0, 'hi': 1000.0, 'init': 350.0, 'jit': 10.0, 'mode': 'indi'}, 'a_sti_radius': {'lo': 0.0, 'hi': 1.0, 'init': 0.0, 'jit': 0.05, 'mode': 'indi'}, 'a_sti_mid': {'lo': 0.0, 'hi': 1.0, 'init': 0.0, 'inits': {0.5: 0.9, 1: 0.6, 1.5: 0.4, 2: 0.1}, 'jit': 0.05, 'mode': 'indi'}}, 'pre_grad': True, 'network': 'right_min_neuron1_r10', 'i_sti': {'bright': 40.0, 'dark': 0.0}, 'contrasts': ['bright', 'dark'], 'ms_pre': 20.0, 'ms_sti': 160.0, 'ms_response': 600.0, 'ms_post': 0.0, 'spread_gt_mode': 'pos', 'spot_radius': 1.0, 'fully_inside': True, 'multi_spot': True, 'shift_radius': 1.0, 'spot_cost_radii': [0, 1, 2], 'a_sti_radii': [1, 2], 'spot_cost_radius_scale': {0: 1.0, 1: 0.3333333333333333, 2: 0.3333333333333333}, 'multi_bar': False, 'bar_dist': 4, 'shift_mid': 0, 'a_sti_mids': [0.5, 1, 1.5, 2], 'bar_ws_deg': [2.25, 9.0], 'bar_directions': ['right', 'left', 'up', 'down'], 'tasks': ['spread', 'sbar'], 'gt_by_task': {'spread': ['L1', 'L2', 'L3', 'L4', 'L5', 'Mi1', 'Mi4'], 'sbar': ['Mi1', 'Mi4', 'T4a']}, 'cost_radius': None, 'param_vals': {}, 'val_from': {'bias_gt': {'source': 'v_onset', 'enabled': True}, 'v_th_ca': {'source': 'v_th', 'enabled': False}, 'a_ca': {'source': 'a_out', 'enabled': False}, 'a_h_rev': {'source': 'a_h', 'enabled': False}, 'v_mid_h_g_rev': {'source': 'v_mid_h_g', 'enabled': False}, 'h_slope_rev': {'source': 'h_slope', 'enabled': False}, 'v_mid_h_tau_rev': {'source': 'v_mid_h_tau', 'enabled': False}}, 'part_cost_scales': {'spread': 1}, 'cost_norm': 'a_gt2', 'cost_ms': None, 'pre_steady': 'solve', 'pre_steady_n_iter': 50, 'pre_steady_damp': 0.1, 'n_run': 1, 'n_iter': 100, 'lrs': [0.1], 'checkpoint_interval': 1000, 'init_from': None, 'fp': 32, 'sequential': False, 'spot_radii': [0.5, 1.0, 1.5, 2.0], 'spot_plot_output': None, 'mbar_plot_output': None, 'mbar_plot_gif': False, 'mbar_plot_gif_output': None, 'mbar_plot_t_stride': 2, 'mbar_plot_t': None, 'mbar_plot_direction': 'left', 'figure_tasks': ['spread', 'sbar'], 'sbar_figure_cells': ['R1-6', 'L1', 'L2', 'L3', 'L4', 'L5', 'Mi1', 'Mi4', 'Mi9', 'T4a'], 'html': False, 'plot_right_only': True, 'x': None, 'y': None, 'align_xy': None, 'ms_shown': None, 'analyze_runs': None, 'cells': None, 'spec': None, 'mid': None, 'node': None, 'radius': 0, 't_rel_start': None, 't_rel_stop': None, 'analyze_figure': True, 'analyze_json': False, 'post': False, 'check': None, 'baseline_ms_shown': None, 'part': None, 'analyze_cost_norm': None, 'stride': 1, 'per_node': False, 'cost_part_csv': None, 'print_parts': False, 'bins': 20, 'after_train': False, 'trace_osc_min_f': 0.5, 'trace_osc_max_f': 20.0, 'trace_osc_peak_threshold': 0.5, 'trace_osc_z_threshold': 2.0, 'trace_osc_snr_min': 2.0, 'trace_drift_min_slope_mv_over_s': 1.0, 'trace_drift_min_r': 0.5, 'trace_baseline_ms': 200.0, 'trace_flat_max_abs': 0.5, 'trace_flat_v_peak_to_peak_max': 1.0, 'trace_flat_abs_mean': 0.2}
param_modes:
  a_gt               indi=56/shared=0/fixed=0/frozen=0 (56)
  bias_gt            indi=0/shared=0/fixed=0/frozen=56 (0)
  syn_strength_cell  indi=1033/shared=0/fixed=2/frozen=0 (1033)
  a_in               indi=0/shared=56/fixed=0/frozen=0 (1)
  a_out              indi=56/shared=0/fixed=0/frozen=0 (56)
  e_leak             indi=56/shared=0/fixed=0/frozen=0 (56)
  v_th               indi=56/shared=0/fixed=0/frozen=0 (56)
  tau_lp             indi=56/shared=0/fixed=0/frozen=0 (56)
  tau_hp_rise        indi=56/shared=0/fixed=0/frozen=0 (56)
  tau_hp_fall        indi=56/shared=0/fixed=0/frozen=0 (56)
  a_h                indi=56/shared=0/fixed=0/frozen=0 (56)
  a_sti_mid          indi=4/shared=0/fixed=0/frozen=0 (4)
device=cuda, model=hp_lp, syn_mode=per_cell, euler=implicit, pre_steady=solve, n_run=1, n_iter=100, lrs=[0.1], n_z=1486, fname=train_hp_lp.npy
checkpoint_interval=1000

round 0

  0%|          | 0/100 [00:00<?, ?it/s] Cost: 1350008.3750  [spread_bright_L5=205253.0938  spread_bright_Mi1=154455.6719  spread_bright_Mi4=248407.1719  spread_dark_L1=146703.2500  spread_dark_L2=151236.9531  spread_dark_L3=134915.2812  spread_dark_L4=179980.5000  sbar_bright_Mi1_mid+0=27727.3613  sbar_bright_Mi4_mid+0=7293.6396  sbar_bright_T4a_mid+0=10340.2949  sbar_dark_Mi1_mid+0=3661.2725  sbar_dark_Mi4_mid+0=1608.5171  sbar_dark_T4a_mid+0=1867.9646] 10%|█         | 10/100 [00:11<01:46,  1.18s/it] Cost: 956182.9375  [spread_bright_L5=67325.0469  spread_bright_Mi1=145049.5469  spread_bright_Mi4=239772.5312  spread_dark_L1=56238.5625  spread_dark_L2=61484.3398  spread_dark_L3=106912.8047  spread_dark_L4=167045.4062  sbar_bright_Mi1_mid+0=24571.3984  sbar_bright_Mi4_mid+0=7992.2944  sbar_bright_T4a_mid+0=10152.8096  sbar_dark_Mi1_mid+0=2559.3687  sbar_dark_Mi4_mid+0=1140.5168  sbar_dark_T4a_mid+0=1713.8931]:  20%|██        | 20/100 [00:23<01:32,  1.16s/it] Cost: 846266.6875  [spread_bright_L5=40385.3555  spread_bright_Mi1=131852.0938  spread_bright_Mi4=239356.9844  spread_dark_L1=52121.6523  spread_dark_L2=58889.9766  spread_dark_L3=91413.3594  spread_dark_L4=123187.0781  sbar_bright_Mi1_mid+0=23287.2246  sbar_bright_Mi4_mid+0=8072.5728  sbar_bright_T4a_mid+0=10111.3633  sbar_dark_Mi1_mid+0=2759.7498  sbar_dark_Mi4_mid+0=1130.5070  sbar_dark_T4a_mid+0=1696.6631]:   30%|███       | 30/100 [00:34<01:20,  1.15s/it] Cost: 758153.6250  [spread_bright_L5=46238.1484  spread_bright_Mi1=111988.1172  spread_bright_Mi4=232727.0938  spread_dark_L1=42055.3516  spread_dark_L2=56821.7969  spread_dark_L3=88428.9062  spread_dark_L4=73185.4844  sbar_bright_Mi1_mid+0=20750.9844  sbar_bright_Mi4_mid+0=8443.7129  sbar_bright_T4a_mid+0=9597.3877  sbar_dark_Mi1_mid+0=3008.7749  sbar_dark_Mi4_mid+0=1468.9574  sbar_dark_T4a_mid+0=1533.1239]:    40%|████      | 40/100 [00:46<01:09,  1.15s/it] Cost: 694332.6875  [spread_bright_L5=40093.2070  spread_bright_Mi1=107320.9297  spread_bright_Mi4=199954.7344  spread_dark_L1=38038.7734  spread_dark_L2=50198.4531  spread_dark_L3=77117.2188  spread_dark_L4=65185.1992  sbar_bright_Mi1_mid+0=19952.4844  sbar_bright_Mi4_mid+0=11129.2451  sbar_bright_T4a_mid+0=7090.7588  sbar_dark_Mi1_mid+0=3123.4727  sbar_dark_Mi4_mid+0=2020.4777  sbar_dark_T4a_mid+0=1511.7916]:  50%|█████     | 50/100 [00:57<00:57,  1.15s/it] Cost: 602756.6875  [spread_bright_L5=38408.6992  spread_bright_Mi1=89931.5234  spread_bright_Mi4=133830.3906  spread_dark_L1=33741.5352  spread_dark_L2=44646.5664  spread_dark_L3=57440.7305  spread_dark_L4=59661.0938  sbar_bright_Mi1_mid+0=17107.0996  sbar_bright_Mi4_mid+0=17656.6641  sbar_bright_T4a_mid+0=6306.0850  sbar_dark_Mi1_mid+0=3351.7324  sbar_dark_Mi4_mid+0=2631.8254  sbar_dark_T4a_mid+0=978.3334]:    60%|██████    | 60/100 [01:09<00:46,  1.15s/it] Cost: 564387.5625  [spread_bright_L5=36519.0312  spread_bright_Mi1=82302.9844  spread_bright_Mi4=117253.9609  spread_dark_L1=31512.5020  spread_dark_L2=40215.9531  spread_dark_L3=50563.7969  spread_dark_L4=58978.4141  sbar_bright_Mi1_mid+0=16190.6055  sbar_bright_Mi4_mid+0=19235.2305  sbar_bright_T4a_mid+0=5633.5879  sbar_dark_Mi1_mid+0=2801.9924  sbar_dark_Mi4_mid+0=2793.5000  sbar_dark_T4a_mid+0=923.5605]:  70%|███████   | 70/100 [01:20<00:34,  1.15s/it] Cost: 544278.9375  [spread_bright_L5=36344.4141  spread_bright_Mi1=75095.7109  spread_bright_Mi4=140009.2500  spread_dark_L1=30493.5449  spread_dark_L2=37614.5508  spread_dark_L3=48019.1758  spread_dark_L4=58201.9414  sbar_bright_Mi1_mid+0=15080.4805  sbar_bright_Mi4_mid+0=15450.6338  sbar_bright_T4a_mid+0=5407.8433  sbar_dark_Mi1_mid+0=2847.0015  sbar_dark_Mi4_mid+0=1763.7319  sbar_dark_T4a_mid+0=921.8934]:  80%|████████  | 80/100 [01:32<00:23,  1.15s/it] Cost: 518126.0000  [spread_bright_L5=33999.4375  spread_bright_Mi1=67622.9609  spread_bright_Mi4=121533.8203  spread_dark_L1=30213.6387  spread_dark_L2=37201.5781  spread_dark_L3=44652.7930  spread_dark_L4=56240.6133  sbar_bright_Mi1_mid+0=13778.1260  sbar_bright_Mi4_mid+0=17516.0762  sbar_bright_T4a_mid+0=4756.2896  sbar_dark_Mi1_mid+0=2925.4768  sbar_dark_Mi4_mid+0=2029.5597  sbar_dark_T4a_mid+0=920.9559]:  90%|█████████ | 90/100 [01:43<00:11,  1.15s/it] Cost: 496354.8438  [spread_bright_L5=31274.6660  spread_bright_Mi1=61336.3594  spread_bright_Mi4=101171.7109  spread_dark_L1=29033.2285  spread_dark_L2=34963.8867  spread_dark_L3=41693.7383  spread_dark_L4=56526.9570  sbar_bright_Mi1_mid+0=13050.8906  sbar_bright_Mi4_mid+0=20697.3867  sbar_bright_T4a_mid+0=4426.1885  sbar_dark_Mi1_mid+0=2978.3438  sbar_dark_Mi4_mid+0=2674.3748  sbar_dark_T4a_mid+0=803.6203]: 100%|██████████| 100/100 [01:55<00:00,  1.15s/it] Cost: 474143.1562  [spread_bright_L5=28858.3320  spread_bright_Mi1=54082.5938  spread_bright_Mi4=99620.5391  spread_dark_L1=26212.2383  spread_dark_L2=32178.1094  spread_dark_L3=38945.4180  spread_dark_L4=55927.0117  sbar_bright_Mi1_mid+0=12126.8301  sbar_bright_Mi4_mid+0=20858.8496  sbar_bright_T4a_mid+0=4038.0679  sbar_dark_Mi1_mid+0=2977.8198  sbar_dark_Mi4_mid+0=2691.2446  sbar_dark_T4a_mid+0=761.1999]: 100%|██████████| 100/100 [01:55<00:00,  1.15s/it] Cost: 474143.1562  [spread_bright_L5=28858.3320  spread_bright_Mi1=54082.5938  spread_bright_Mi4=99620.5391  spread_dark_L1=26212.2383  spread_dark_L2=32178.1094  spread_dark_L3=38945.4180  spread_dark_L4=55927.0117  sbar_bright_Mi1_mid+0=12126.8301  sbar_bright_Mi4_mid+0=20858.8496  sbar_bright_T4a_mid+0=4038.0679  sbar_dark_Mi1_mid+0=2977.8198  sbar_dark_Mi4_mid+0=2691.2446  sbar_dark_T4a_mid+0=761.1999]: 

Initl cost = 1350008.3750  [spread_bright_L5=205253.0938  spread_bright_Mi1=154455.6719  spread_bright_Mi4=248407.1719  spread_dark_L1=146703.2500  spread_dark_L2=151236.9531  spread_dark_L3=134915.2812  spread_dark_L4=179980.5000  sbar_bright_Mi1_mid+0=27727.3613  sbar_bright_Mi4_mid+0=7293.6396  sbar_bright_T4a_mid+0=10340.2949  sbar_dark_Mi1_mid+0=3661.2725  sbar_dark_Mi4_mid+0=1608.5171  sbar_dark_T4a_mid+0=1867.9646]
Final cost = 473915.5000  [spread_bright_L5=28513.6348  spread_bright_Mi1=53610.6016  spread_bright_Mi4=110885.6016  spread_dark_L1=25906.5137  spread_dark_L2=32035.2930  spread_dark_L3=40167.9062  spread_dark_L4=55966.0469  sbar_bright_Mi1_mid+0=12003.0840  sbar_bright_Mi4_mid+0=18817.8906  sbar_bright_T4a_mid+0=4032.4951  sbar_dark_Mi1_mid+0=2889.2737  sbar_dark_Mi4_mid+0=2290.7729  sbar_dark_T4a_mid+0=709.1218]
Best  cost = 473915.5000  [spread_bright_L5=28513.6348  spread_bright_Mi1=53610.6016  spread_bright_Mi4=110885.6016  spread_dark_L1=25906.5137  spread_dark_L2=32035.2930  spread_dark_L3=40167.9062  spread_dark_L4=55966.0469  sbar_bright_Mi1_mid+0=12003.0840  sbar_bright_Mi4_mid+0=18817.8906  sbar_bright_T4a_mid+0=4032.4951  sbar_dark_Mi1_mid+0=2889.2737  sbar_dark_Mi4_mid+0=2290.7729  sbar_dark_T4a_mid+0=709.1218]
time needed  = 119.87  sec

done in 0.03 hours
wrote /home/yitai/drosophila_vision/vision/simulation/0_runs/hp_lp/29643949-run-n_iter-100-tasks-spread,sbar/data/best_adam.npz (best run #0)
wrote table: /home/yitai/drosophila_vision/vision/simulation/0_runs/hp_lp/29643949-run-n_iter-100-tasks-spread,sbar/param.csv (best run #0, cost=473915.4688)
wrote table: /home/yitai/drosophila_vision/vision/simulation/0_runs/hp_lp/29643949-run-n_iter-100-tasks-spread,sbar/syn_strength_cell.csv
/home/yitai/drosophila_vision/vision/simulation/5_figure/1_panel.py:834: UserWarning: This figure includes Axes that are not compatible with tight_layout, so results might be incorrect.
  fig.tight_layout()
plot /home/yitai/drosophila_vision/vision/simulation/0_runs/hp_lp/29643949-run-n_iter-100-tasks-spread,sbar/cost.png: prep=0.0s  plot_s=0.2s  save=2.2s  elapsed_s=2.3s
plot device=cuda (NVIDIA A100 80GB PCIe MIG 1g.10gb)
1 trained set(s); costs min=473915.4688 max=473915.4688; selected #0 (from saved final costs)
plot /home/yitai/drosophila_vision/vision/simulation/0_runs/hp_lp/29643949-run-n_iter-100-tasks-spread,sbar/spread_gt_v.png: prep=0.4s  plot_s=0.1s  save=0.4s  elapsed_s=0.9s
plot /home/yitai/drosophila_vision/vision/simulation/0_runs/hp_lp/29643949-run-n_iter-100-tasks-spread,sbar/spread_all_v.png: prep=0.0s  plot_s=0.9s  save=2.6s  elapsed_s=3.5s
plot /home/yitai/drosophila_vision/vision/simulation/0_runs/hp_lp/29643949-run-n_iter-100-tasks-spread,sbar/sbar_gt_v.png: prep=1.0s  plot_s=0.9s  save=0.9s  elapsed_s=2.7s
plot /home/yitai/drosophila_vision/vision/simulation/0_runs/hp_lp/29643949-run-n_iter-100-tasks-spread,sbar/sbar_all_v.png: prep=0.0s  plot_s=3.3s  save=3.7s  elapsed_s=7.0s
