Job ID: 29644191
Node:   spartan-gpgpu099
GPU:    0
GPU 0: NVIDIA A100 80GB PCIe (UUID: GPU-322f5568-e44f-6ee4-45a8-e5d9489b443e)
GPU 1: NVIDIA A100 80GB PCIe (UUID: GPU-14844a85-9bf8-1cac-86bb-ab42ec5dba78)
  MIG 1g.20gb     Device  0: (UUID: MIG-ca7758cc-36b2-53c8-8bf7-fe711a703942)
GPU 2: NVIDIA A100 80GB PCIe (UUID: GPU-40730cdb-5070-f06f-e8e1-92c3b4bc8f18)
GPU 3: NVIDIA A100 80GB PCIe (UUID: GPU-705f91ce-5278-67b6-77ed-ac45a7d89e43)
cuda: True NVIDIA A100 80GB PCIe MIG 1g.20gb
Start:  Thu 27 Aug 2026 02:58:51 AEST
==== config ====
{'RUN_NAME': '29637642-run-n_iter-200-tasks-spread,sbar',
 'RUN_PATH': 'hp_lp/29637642-run-n_iter-200-tasks-spread,sbar',
 'MODEL': {'delta_ms': 2.0,
           'delta_ms_pre': 2.0,
           'cap': 40.0,
           'g_leak': 1.0,
           'e_exc': 10.0,
           'e_inh': -70.0,
           'e_h': 50.0,
           'h_g_max': 100.0,
           'gt_amp': 20.0,
           'v_clamp': 100.0,
           'a_syn_exc': 0.001,
           'a_syn_inh': 0.001,
           'euler': 'im'},
 'NEURON_SCHEMA': {'model': 'hp_lp',
                   'filter': 'none',
                   'syn_mode': 'per_cell',
                   'a_lo': 0.1,
                   'a_hi': 10.0,
                   'h_cells': ['L1', 'L2', 'L4', 'L5'],
                   'params': {'a_gt': {'lo': 0.5, 'hi': 2.0, 'init': 1.0, 'jit': 0.1, 'mode': 'indi'},
                              'bias_gt': {'lo': -200.0, 'hi': 200.0, 'init': 0.0, 'jit': 1.0, 'mode': 'indi'},
                              'syn_strength_cell': {'lo': 0.1,
                                                    'hi': 10.0,
                                                    'init': 1.0,
                                                    'inits': {'Mi9:T4a': 0.0, 'TmY15:T4a': 0.0},
                                                    'jit': 0.1,
                                                    'mode': 'indi',
                                                    'modes': {'indi': ['Mi4:T4a',
                                                                       'Mi4:T4b',
                                                                       'Mi4:T4c',
                                                                       'Mi4:T4d',
                                                                       'Mi9:T4b',
                                                                       'Mi9:T4c',
                                                                       'Mi9:T4d'],
                                                              'fixed': ['Mi9:T4a', 'TmY15:T4a']}},
                              'syn_strength_edge': {'lo': 0.1, 'hi': 10.0, 'init': 1.0, 'jit': 0.1, 'mode': 'indi'},
                              'a_in': {'lo': 0.01, 'hi': 100.0, 'init': 1.0, 'jit': 0.1, 'mode': 'shared'},
                              'a_out': {'lo': 0.1, 'hi': 10.0, 'init': 1.0, 'jit': 0.1, 'mode': 'indi'},
                              'e_leak': {'lo': -50.0, 'hi': 50.0, 'init': 0.0, 'jit': 1.0, 'mode': 'indi'},
                              'v_th': {'lo': -100.0, 'hi': 100.0, 'init': -50.0, 'jit': 0.0, 'mode': 'indi'},
                              'tau_lp': {'lo': 10.0,
                                         'hi': 100.0,
                                         'init': 10.0,
                                         'inits': {'Mi4': 200},
                                         'jit': 2.0,
                                         'mode': 'indi'},
                              'tau_hp_rise': {'lo': 100.0, 'hi': 500.0, 'init': 200.0, 'jit': 20.0, 'mode': 'indi'},
                              'tau_hp_fall': {'lo': 100.0, 'hi': 500.0, 'init': 200.0, 'jit': 20.0, 'mode': 'indi'},
                              'a_h': {'lo': 0.0,
                                      'hi': 1.0,
                                      'init': 0.0,
                                      'inits': {'L1': 0.5, 'L2': 0.5, 'L4': 0.5, 'L5': 0.5},
                                      'jit': 0.1,
                                      'mode': 'indi'},
                              'v_mid_h_g': {'lo': -70.0, 'hi': -30.0, 'init': -50.0, 'jit': 5.0, 'mode': 'shared'},
                              'v_mid_h_tau': {'lo': -70.0, 'hi': -40.0, 'init': -50.0, 'jit': 5.0, 'mode': 'shared'},
                              'h_slope': {'lo': -0.4, 'hi': -0.2, 'init': -0.25, 'jit': 0.02, 'mode': 'shared'},
                              'a_h_rev': {'lo': 0.0,
                                          'hi': 1.0,
                                          'init': 0.0,
                                          'jit': 0.1,
                                          'mode': 'fixed',
                                          'modes': {'indi': ['L1', 'L2', 'L4', 'L5']}},
                              'v_mid_h_g_rev': {'lo': -70.0, 'hi': -30.0, 'init': -50.0, 'jit': 5.0, 'mode': 'shared'},
                              'v_mid_h_tau_rev': {'lo': -70.0,
                                                  'hi': -40.0,
                                                  'init': -50.0,
                                                  'jit': 5.0,
                                                  'mode': 'shared'},
                              'h_slope_rev': {'lo': -0.4, 'hi': -0.2, 'init': -0.25, 'jit': 0.02, 'mode': 'shared'},
                              'v_th_ca': {'lo': -100.0, 'hi': 100.0, 'init': -50.0, 'jit': 0.0, 'mode': 'indi'},
                              'a_ca': {'lo': 0.1, 'hi': 10.0, 'init': 1.0, 'jit': 0.1, 'mode': 'indi'},
                              'tau_ca': {'lo': 100.0, 'hi': 1000.0, 'init': 350.0, 'jit': 10.0, 'mode': 'indi'},
                              'a_sti_radius': {'lo': 0.0, 'hi': 1.0, 'init': 0.0, 'jit': 0.05, 'mode': 'indi'},
                              'a_sti_mid': {'lo': 0.0,
                                            'hi': 1.0,
                                            'init': 0.0,
                                            'inits': {0.5: 0.3, 1: 0.1, 1.5: 0, 2: 0},
                                            'jit': 0.05,
                                            'mode': 'fixed'}}},
 'NEURON_FORWARD': {'pre_grad': True},
 'NETWORK_PATH': {'network': 'right_min_neuron1_r10'},
 'SPREAD_INPUT_SPEC': {'ms_pre': 20.0, 'ms_sti': 160.0, 'ms_response': 600.0, 'ms_post': 0.0},
 'SPREAD_GT': {'spread_gt_mode': 'pos'},
 'SPOT_INPUT_GEO': {'spot_radius': 1.0, 'fully_inside': True, 'multi_spot': True, 'shift_radius': 1.0},
 'SPOT_PACK': {'spot_cost_radii': [0, 1, 2],
               'a_sti_radii': [1, 2],
               'spot_cost_radius_scale': {0: 1.0, 1: 0.3333333333333333, 2: 0.3333333333333333}},
 'SBAR_INPUT_GEO': {'multi_bar': False, 'bar_dist': 4, 'shift_mid': 0},
 'SBAR_PACK': {'a_sti_mids': [0.5, 1.0, 1.5, 2.0]},
 'MBAR_INPUT_SPEC': {'ms_pre': 20.0, 'bar_ws_deg': [2.25, 9.0], 'bar_directions': ['right', 'left', 'up', 'down']},
 'TRAIN_CONFIG': {'tasks': ['spread', 'sbar'],
                  'contrasts': ['bright', 'dark'],
                  'i_sti': {'bright': 40.0, 'dark': 0.0},
                  'gt_by_task': {'spread': ['L1', 'L2', 'L3', 'L4', 'L5', 'Mi1', 'Mi4'], 'sbar': ['Mi1', 'Mi4', 'T4a']},
                  'cost_radius': None},
 'VAL_FROM': {'bias_gt': {'source': 'v_onset', 'enabled': True},
              'v_th_ca': {'source': 'v_th', 'enabled': False},
              'a_ca': {'source': 'a_out', 'enabled': False},
              'a_h_rev': {'source': 'a_h', 'enabled': False},
              'v_mid_h_g_rev': {'source': 'v_mid_h_g', 'enabled': False},
              'h_slope_rev': {'source': 'h_slope', 'enabled': False},
              'v_mid_h_tau_rev': {'source': 'v_mid_h_tau', 'enabled': False}},
 'TRAIN_OPTIMIZATION': {'part_cost_scales': {'spread': 1},
                        'cost_norm': 'a_gt2',
                        'cost_ms': None,
                        'pre_steady': 'solve',
                        'pre_steady_n_iter': 50,
                        'pre_steady_damp': 0.1,
                        'n_run': 1,
                        'n_iter': 0,
                        'lrs': [0.1],
                        'checkpoint_interval': 1000},
 'TRAIN_SESSION': {'fp': 32, 'sequential': False},
 'FIGURE_PLOT': {'tasks': ['spread', 'sbar'],
                 'sbar_figure_cells': ['R1-6', 'L1', 'L2', 'L3', 'L4', 'L5', 'Mi1', 'Mi4', 'Mi9', 'T4a'],
                 'html': False,
                 'plot_right_only': True,
                 'x': None,
                 'y': None,
                 'align_xy': None,
                 'ms_shown': None},
 'FIGURE_PLOT_STI_SPOT': {'spot_radii': [0.5, 1.0, 1.5, 2.0], 'output': None},
 'FIGURE_PLOT_STI_MBAR': {'output': None,
                          'gif': False,
                          'gif_output': None,
                          't_stride': 2,
                          't': None,
                          'direction': 'left'},
 'ANALYZE_RUNS': ['hp_lp/29637642-run-n_iter-200-tasks-spread,sbar'],
 'ANALYZE_CELL_DYNAMICS': {'cells': None,
                           'spec': None,
                           'mid': None,
                           'node': None,
                           'radius': 0,
                           't_rel_start': None,
                           't_rel_stop': None,
                           'figure': True,
                           'json': False,
                           'a_mid': None},
 'ANALYZE_SYN_SIGN': {'bins': 20, 'after_train': False, 'post': False},
 'ANALYZE_TRACE': {'trace_osc_min_f': 0.5,
                   'trace_osc_max_f': 20.0,
                   'trace_osc_peak_threshold': 0.5,
                   'trace_osc_z_threshold': 2.0,
                   'trace_osc_snr_min': 2.0,
                   'trace_drift_min_slope_mv_over_s': 1.0,
                   'trace_drift_min_r': 0.5,
                   'trace_baseline_ms': 200.0,
                   'trace_flat_max_abs': 0.5,
                   'trace_flat_v_peak_to_peak_max': 1.0,
                   'trace_flat_abs_mean': 0.2,
                   'check': None,
                   'baseline_ms_shown': None},
 'ANALYZE_COST_PART': {'part': None,
                       'cost_norm': None,
                       'stride': 1,
                       'per_node': False,
                       'csv': None,
                       'print_parts': False}}
==== end config ====
config: {'run_name': '29637642-run-n_iter-200-tasks-spread,sbar', 'run_path': 'hp_lp/${run_name}', 'delta_ms': 2.0, 'delta_ms_pre': 2.0, 'cap': 40.0, 'g_leak': 1.0, 'e_exc': 10.0, 'e_inh': -70.0, 'e_h': 50.0, 'h_g_max': 100.0, 'gt_amp': 20.0, 'v_clamp': 100.0, 'a_syn_exc': 0.001, 'a_syn_inh': 0.001, 'euler': 'im', 'model': 'hp_lp', 'filter': 'none', 'syn_mode': 'per_cell', 'a_lo': 0.1, 'a_hi': 10.0, 'h_cells': ['L1', 'L2', 'L4', 'L5'], 'params': {'a_gt': {'lo': 0.5, 'hi': 2.0, 'init': 1.0, 'jit': 0.1, 'mode': 'indi'}, 'bias_gt': {'lo': -200.0, 'hi': 200.0, 'init': 0.0, 'jit': 1.0, 'mode': 'indi'}, 'syn_strength_cell': {'lo': 0.1, 'hi': 10.0, 'init': 1.0, 'inits': {'Mi9:T4a': 0.0, 'TmY15:T4a': 0.0}, 'jit': 0.1, 'mode': 'indi', 'modes': {'indi': ['Mi4:T4a', 'Mi4:T4b', 'Mi4:T4c', 'Mi4:T4d', 'Mi9:T4b', 'Mi9:T4c', 'Mi9:T4d'], 'fixed': ['Mi9:T4a', 'TmY15:T4a']}}, 'syn_strength_edge': {'lo': 0.1, 'hi': 10.0, 'init': 1.0, 'jit': 0.1, 'mode': 'indi'}, 'a_in': {'lo': 0.01, 'hi': 100.0, 'init': 1.0, 'jit': 0.1, 'mode': 'shared'}, 'a_out': {'lo': 0.1, 'hi': 10.0, 'init': 1.0, 'jit': 0.1, 'mode': 'indi'}, 'e_leak': {'lo': -50.0, 'hi': 50.0, 'init': 0.0, 'jit': 1.0, 'mode': 'indi'}, 'v_th': {'lo': -100.0, 'hi': 100.0, 'init': -50.0, 'jit': 0.0, 'mode': 'indi'}, 'tau_lp': {'lo': 10.0, 'hi': 100.0, 'init': 10.0, 'inits': {'Mi4': 200}, 'jit': 2.0, 'mode': 'indi'}, 'tau_hp_rise': {'lo': 100.0, 'hi': 500.0, 'init': 200.0, 'jit': 20.0, 'mode': 'indi'}, 'tau_hp_fall': {'lo': 100.0, 'hi': 500.0, 'init': 200.0, 'jit': 20.0, 'mode': 'indi'}, 'a_h': {'lo': 0.0, 'hi': 1.0, 'init': 0.0, 'inits': {'L1': 0.5, 'L2': 0.5, 'L4': 0.5, 'L5': 0.5}, 'jit': 0.1, 'mode': 'indi'}, 'v_mid_h_g': {'lo': -70.0, 'hi': -30.0, 'init': -50.0, 'jit': 5.0, 'mode': 'shared'}, 'v_mid_h_tau': {'lo': -70.0, 'hi': -40.0, 'init': -50.0, 'jit': 5.0, 'mode': 'shared'}, 'h_slope': {'lo': -0.4, 'hi': -0.2, 'init': -0.25, 'jit': 0.02, 'mode': 'shared'}, 'a_h_rev': {'lo': 0.0, 'hi': 1.0, 'init': 0.0, 'jit': 0.1, 'mode': 'fixed', 'modes': {'indi': '${h_cells}'}}, 'v_mid_h_g_rev': {'lo': -70.0, 'hi': -30.0, 'init': -50.0, 'jit': 5.0, 'mode': 'shared'}, 'v_mid_h_tau_rev': {'lo': -70.0, 'hi': -40.0, 'init': -50.0, 'jit': 5.0, 'mode': 'shared'}, 'h_slope_rev': {'lo': -0.4, 'hi': -0.2, 'init': -0.25, 'jit': 0.02, 'mode': 'shared'}, 'v_th_ca': {'lo': -100.0, 'hi': 100.0, 'init': -50.0, 'jit': 0.0, 'mode': 'indi'}, 'a_ca': {'lo': 0.1, 'hi': 10.0, 'init': 1.0, 'jit': 0.1, 'mode': 'indi'}, 'tau_ca': {'lo': 100.0, 'hi': 1000.0, 'init': 350.0, 'jit': 10.0, 'mode': 'indi'}, 'a_sti_radius': {'lo': 0.0, 'hi': 1.0, 'init': 0.0, 'jit': 0.05, 'mode': 'indi'}, 'a_sti_mid': {'lo': 0.0, 'hi': 1.0, 'init': 0.0, 'inits': {0.5: 0.3, 1: 0.1, 1.5: 0, 2: 0}, 'jit': 0.05, 'mode': 'fixed'}}, 'pre_grad': True, 'network': 'right_min_neuron1_r10', 'i_sti': {'bright': 40.0, 'dark': 0.0}, 'contrasts': ['bright', 'dark'], 'ms_pre': 20.0, 'ms_sti': 160.0, 'ms_response': 600.0, 'ms_post': 0.0, 'spread_gt_mode': 'pos', 'spot_radius': 1.0, 'fully_inside': True, 'multi_spot': True, 'shift_radius': 1.0, 'spot_cost_radii': [0, 1, 2], 'a_sti_radii': [1, 2], 'spot_cost_radius_scale': {0: 1.0, 1: 0.3333333333333333, 2: 0.3333333333333333}, 'multi_bar': False, 'bar_dist': 4, 'shift_mid': 0, 'a_sti_mids': [0.5, 1, 1.5, 2], 'bar_ws_deg': [2.25, 9.0], 'bar_directions': ['right', 'left', 'up', 'down'], 'tasks': ['sbar'], 'gt_by_task': {'spread': ['L1', 'L2', 'L3', 'L4', 'L5', 'Mi1', 'Mi4'], 'sbar': ['Mi1', 'Mi4', 'T4a']}, 'cost_radius': None, 'param_vals': {}, 'val_from': {'bias_gt': {'source': 'v_onset', 'enabled': True}, 'v_th_ca': {'source': 'v_th', 'enabled': False}, 'a_ca': {'source': 'a_out', 'enabled': False}, 'a_h_rev': {'source': 'a_h', 'enabled': False}, 'v_mid_h_g_rev': {'source': 'v_mid_h_g', 'enabled': False}, 'h_slope_rev': {'source': 'h_slope', 'enabled': False}, 'v_mid_h_tau_rev': {'source': 'v_mid_h_tau', 'enabled': False}}, 'part_cost_scales': {'spread': 1}, 'cost_norm': 'a_gt2', 'cost_ms': None, 'pre_steady': 'solve', 'pre_steady_n_iter': 50, 'pre_steady_damp': 0.1, 'n_run': 1, 'n_iter': 150, 'lrs': [0.1], 'checkpoint_interval': 1000, 'init_from': None, 'fp': 32, 'sequential': False, 'spot_radii': [0.5, 1.0, 1.5, 2.0], 'spot_plot_output': None, 'mbar_plot_output': None, 'mbar_plot_gif': False, 'mbar_plot_gif_output': None, 'mbar_plot_t_stride': 2, 'mbar_plot_t': None, 'mbar_plot_direction': 'left', 'figure_tasks': ['spread', 'sbar'], 'sbar_figure_cells': ['R1-6', 'L1', 'L2', 'L3', 'L4', 'L5', 'Mi1', 'Mi4', 'Mi9', 'T4a'], 'html': False, 'plot_right_only': True, 'x': None, 'y': None, 'align_xy': None, 'ms_shown': None, 'analyze_runs': None, 'cells': None, 'spec': None, 'mid': None, 'node': None, 'radius': 0, 't_rel_start': None, 't_rel_stop': None, 'analyze_figure': True, 'analyze_json': False, 'post': False, 'check': None, 'baseline_ms_shown': None, 'part': None, 'analyze_cost_norm': None, 'stride': 1, 'per_node': False, 'cost_part_csv': None, 'print_parts': False, 'bins': 20, 'after_train': False, 'trace_osc_min_f': 0.5, 'trace_osc_max_f': 20.0, 'trace_osc_peak_threshold': 0.5, 'trace_osc_z_threshold': 2.0, 'trace_osc_snr_min': 2.0, 'trace_drift_min_slope_mv_over_s': 1.0, 'trace_drift_min_r': 0.5, 'trace_baseline_ms': 200.0, 'trace_flat_max_abs': 0.5, 'trace_flat_v_peak_to_peak_max': 1.0, 'trace_flat_abs_mean': 0.2}
param_modes:
  a_gt               indi=56/shared=0/fixed=0/frozen=0 (56)
  bias_gt            indi=0/shared=0/fixed=0/frozen=56 (0)
  syn_strength_cell  indi=1033/shared=0/fixed=2/frozen=0 (1033)
  a_in               indi=0/shared=56/fixed=0/frozen=0 (1)
  a_out              indi=56/shared=0/fixed=0/frozen=0 (56)
  e_leak             indi=56/shared=0/fixed=0/frozen=0 (56)
  v_th               indi=56/shared=0/fixed=0/frozen=0 (56)
  tau_lp             indi=56/shared=0/fixed=0/frozen=0 (56)
  tau_hp_rise        indi=56/shared=0/fixed=0/frozen=0 (56)
  tau_hp_fall        indi=56/shared=0/fixed=0/frozen=0 (56)
  a_h                indi=56/shared=0/fixed=0/frozen=0 (56)
  a_sti_mid          indi=0/shared=0/fixed=4/frozen=0 (0)
device=cuda, model=hp_lp, syn_mode=per_cell, euler=implicit, pre_steady=solve, n_run=1, n_iter=150, lrs=[0.1], n_z=1482, fname=train_hp_lp.npy
checkpoint_interval=1000

round 0

  0%|          | 0/150 [00:00<?, ?it/s] Cost: 151481.0469  [sbar_bright_Mi1_mid+0=32130.0352  sbar_bright_Mi4_mid+0=8372.3115  sbar_bright_T4a_mid+0=11921.3613  sbar_dark_Mi1_mid+0=4400.7944  sbar_dark_Mi4_mid+0=1900.6600  sbar_dark_T4a_mid+0=2168.1812]  7%|▋         | 10/150 [00:05<01:19,  1.75it/s] Cost: 131611.0625  [sbar_bright_Mi1_mid+0=28933.0879  sbar_bright_Mi4_mid+0=9365.5059  sbar_bright_T4a_mid+0=11727.9473  sbar_dark_Mi1_mid+0=3108.4121  sbar_dark_Mi4_mid+0=1250.6010  sbar_dark_T4a_mid+0=1988.2114]:  13%|█▎        | 20/150 [00:11<01:14,  1.75it/s] Cost: 131594.0938  [sbar_bright_Mi1_mid+0=28924.1191  sbar_bright_Mi4_mid+0=9396.5732  sbar_bright_T4a_mid+0=11732.9404  sbar_dark_Mi1_mid+0=3102.9512  sbar_dark_Mi4_mid+0=1247.2460  sbar_dark_T4a_mid+0=1990.7075]:  20%|██        | 30/150 [00:17<01:08,  1.75it/s] Cost: 131129.6562  [sbar_bright_Mi1_mid+0=28865.0957  sbar_bright_Mi4_mid+0=9356.1660  sbar_bright_T4a_mid+0=11698.5039  sbar_dark_Mi1_mid+0=3119.5669  sbar_dark_Mi4_mid+0=1283.0688  sbar_dark_T4a_mid+0=1974.9841]:  27%|██▋       | 40/150 [00:22<01:02,  1.75it/s] Cost: 130675.0156  [sbar_bright_Mi1_mid+0=28696.8164  sbar_bright_Mi4_mid+0=9290.4355  sbar_bright_T4a_mid+0=11692.6133  sbar_dark_Mi1_mid+0=3107.3201  sbar_dark_Mi4_mid+0=1286.7247  sbar_dark_T4a_mid+0=1972.9808]:  33%|███▎      | 50/150 [00:28<00:57,  1.74it/s] Cost: 130255.0234  [sbar_bright_Mi1_mid+0=28547.3809  sbar_bright_Mi4_mid+0=9218.8818  sbar_bright_T4a_mid+0=11707.2090  sbar_dark_Mi1_mid+0=3077.8262  sbar_dark_Mi4_mid+0=1290.2427  sbar_dark_T4a_mid+0=1979.4841]:  40%|████      | 60/150 [00:34<00:51,  1.75it/s] Cost: 128850.3516  [sbar_bright_Mi1_mid+0=27871.9434  sbar_bright_Mi4_mid+0=9127.4326  sbar_bright_T4a_mid+0=11703.1426  sbar_dark_Mi1_mid+0=2970.7271  sbar_dark_Mi4_mid+0=1276.8420  sbar_dark_T4a_mid+0=1977.8163]:  47%|████▋     | 70/150 [00:40<00:45,  1.75it/s] Cost: 124711.7109  [sbar_bright_Mi1_mid+0=26391.7891  sbar_bright_Mi4_mid+0=8728.5830  sbar_bright_T4a_mid+0=11678.4443  sbar_dark_Mi1_mid+0=2626.1672  sbar_dark_Mi4_mid+0=1267.6785  sbar_dark_T4a_mid+0=1974.1075]:  53%|█████▎    | 80/150 [00:45<00:39,  1.75it/s] Cost: 113519.6016  [sbar_bright_Mi1_mid+0=21522.9980  sbar_bright_Mi4_mid+0=8015.6162  sbar_bright_T4a_mid+0=11459.7139  sbar_dark_Mi1_mid+0=2475.7839  sbar_dark_Mi4_mid+0=1315.6403  sbar_dark_T4a_mid+0=1954.8309]:  60%|██████    | 90/150 [00:51<00:34,  1.74it/s] Cost: 105580.2109  [sbar_bright_Mi1_mid+0=18496.1055  sbar_bright_Mi4_mid+0=7175.9839  sbar_bright_T4a_mid+0=9111.5977  sbar_dark_Mi1_mid+0=2448.3074  sbar_dark_Mi4_mid+0=1479.1185  sbar_dark_T4a_mid+0=1704.4332]:   67%|██████▋   | 100/150 [00:57<00:28,  1.75it/s] Cost: 93456.9062  [sbar_bright_Mi1_mid+0=17686.4883  sbar_bright_Mi4_mid+0=7877.1646  sbar_bright_T4a_mid+0=6387.5469  sbar_dark_Mi1_mid+0=2267.7314  sbar_dark_Mi4_mid+0=1147.1251  sbar_dark_T4a_mid+0=1239.9851]:  73%|███████▎  | 110/150 [01:02<00:22,  1.75it/s] Cost: 86700.5547  [sbar_bright_Mi1_mid+0=14942.1855  sbar_bright_Mi4_mid+0=6977.7549  sbar_bright_T4a_mid+0=5586.4673  sbar_dark_Mi1_mid+0=2605.8328  sbar_dark_Mi4_mid+0=1444.1523  sbar_dark_T4a_mid+0=1311.8549]:  80%|████████  | 120/150 [01:08<00:17,  1.75it/s] Cost: 76681.4922  [sbar_bright_Mi1_mid+0=12768.6006  sbar_bright_Mi4_mid+0=6389.2388  sbar_bright_T4a_mid+0=5024.1133  sbar_dark_Mi1_mid+0=3086.2856  sbar_dark_Mi4_mid+0=1507.6060  sbar_dark_T4a_mid+0=1134.3350]:  87%|████████▋ | 130/150 [01:14<00:11,  1.75it/s] Cost: 70939.0781  [sbar_bright_Mi1_mid+0=11775.1377  sbar_bright_Mi4_mid+0=6292.6245  sbar_bright_T4a_mid+0=4734.9722  sbar_dark_Mi1_mid+0=2669.6868  sbar_dark_Mi4_mid+0=1346.4745  sbar_dark_T4a_mid+0=936.6048]:   93%|█████████▎| 140/150 [01:20<00:05,  1.74it/s] Cost: 64480.5938  [sbar_bright_Mi1_mid+0=9479.0303  sbar_bright_Mi4_mid+0=5633.3999  sbar_bright_T4a_mid+0=4306.2432  sbar_dark_Mi1_mid+0=2389.6157  sbar_dark_Mi4_mid+0=1381.6224  sbar_dark_T4a_mid+0=861.1328]:  100%|██████████| 150/150 [01:25<00:00,  1.75it/s] Cost: 60851.2773  [sbar_bright_Mi1_mid+0=8294.8330  sbar_bright_Mi4_mid+0=5055.2046  sbar_bright_T4a_mid+0=3932.2214  sbar_dark_Mi1_mid+0=2881.4089  sbar_dark_Mi4_mid+0=1618.6906  sbar_dark_T4a_mid+0=971.9164]: 100%|██████████| 150/150 [01:25<00:00,  1.75it/s] Cost: 60851.2773  [sbar_bright_Mi1_mid+0=8294.8330  sbar_bright_Mi4_mid+0=5055.2046  sbar_bright_T4a_mid+0=3932.2214  sbar_dark_Mi1_mid+0=2881.4089  sbar_dark_Mi4_mid+0=1618.6906  sbar_dark_T4a_mid+0=971.9164]: 

Initl cost = 151481.0469  [sbar_bright_Mi1_mid+0=32130.0352  sbar_bright_Mi4_mid+0=8372.3115  sbar_bright_T4a_mid+0=11921.3613  sbar_dark_Mi1_mid+0=4400.7944  sbar_dark_Mi4_mid+0=1900.6600  sbar_dark_T4a_mid+0=2168.1812]
Final cost = 61839.9375  [sbar_bright_Mi1_mid+0=8472.2783  sbar_bright_Mi4_mid+0=5624.9956  sbar_bright_T4a_mid+0=3989.7725  sbar_dark_Mi1_mid+0=2838.1919  sbar_dark_Mi4_mid+0=1430.1709  sbar_dark_T4a_mid+0=951.5575]
Best  cost = 60851.2773  [sbar_bright_Mi1_mid+0=8294.8330  sbar_bright_Mi4_mid+0=5055.2046  sbar_bright_T4a_mid+0=3932.2214  sbar_dark_Mi1_mid+0=2881.4089  sbar_dark_Mi4_mid+0=1618.6906  sbar_dark_T4a_mid+0=971.9164]
time needed  = 89.84  sec

done in 0.02 hours
wrote /home/yitai/drosophila_vision/vision/simulation/0_runs/hp_lp/29644191-run-n_iter-150-tasks-sbar/data/best_adam.npz (best run #0)
wrote table: /home/yitai/drosophila_vision/vision/simulation/0_runs/hp_lp/29644191-run-n_iter-150-tasks-sbar/param.csv (best run #0, cost=60851.2812)
wrote table: /home/yitai/drosophila_vision/vision/simulation/0_runs/hp_lp/29644191-run-n_iter-150-tasks-sbar/syn_strength_cell.csv
/home/yitai/drosophila_vision/vision/simulation/5_figure/1_panel.py:834: UserWarning: This figure includes Axes that are not compatible with tight_layout, so results might be incorrect.
  fig.tight_layout()
plot /home/yitai/drosophila_vision/vision/simulation/0_runs/hp_lp/29644191-run-n_iter-150-tasks-sbar/cost.png: prep=0.0s  plot_s=0.1s  save=1.2s  elapsed_s=1.3s
plot device=cuda (NVIDIA A100 80GB PCIe MIG 1g.20gb)
1 trained set(s); costs min=60851.2812 max=60851.2812; selected #0 (from saved final costs)
plot /home/yitai/drosophila_vision/vision/simulation/0_runs/hp_lp/29644191-run-n_iter-150-tasks-sbar/spread_gt_v.png: prep=0.4s  plot_s=0.1s  save=0.4s  elapsed_s=0.9s
plot /home/yitai/drosophila_vision/vision/simulation/0_runs/hp_lp/29644191-run-n_iter-150-tasks-sbar/spread_all_v.png: prep=0.0s  plot_s=0.7s  save=2.7s  elapsed_s=3.4s
plot /home/yitai/drosophila_vision/vision/simulation/0_runs/hp_lp/29644191-run-n_iter-150-tasks-sbar/sbar_gt_v.png: prep=1.0s  plot_s=0.7s  save=0.8s  elapsed_s=2.5s
plot /home/yitai/drosophila_vision/vision/simulation/0_runs/hp_lp/29644191-run-n_iter-150-tasks-sbar/sbar_all_v.png: prep=0.0s  plot_s=3.2s  save=3.7s  elapsed_s=7.0s
