Job ID: 28543960
Node:   spartan-gpgpu002
GPU:    0
GPU 0: NVIDIA L40S (UUID: GPU-e39be93d-c1c2-ce9c-6a14-46f04653dde9)
cuda: True NVIDIA L40S
Start:  Sat 01 Aug 2026 19:03:58 AEST
param partitions:
  in_gain            indi=0/shared=0/fixed=34/frozen=0 (0)
  out_gain           indi=34/shared=0/fixed=0/frozen=0 (34)
  syn_strength_cell  indi=459/shared=0/fixed=0/frozen=0 (459)
  out_scale          indi=34/shared=0/fixed=0/frozen=0 (34)
  tau_lp             indi=34/shared=0/fixed=0/frozen=0 (34)
  tau_hp             indi=34/shared=0/fixed=0/frozen=0 (34)
  v_rest             indi=34/shared=0/fixed=0/frozen=0 (34)
  hp_gain            indi=4/shared=0/fixed=30/frozen=0 (4)
device=cuda, model=hp_lp, syn_mode=per_cell, nofruns=1, nofsteps=500, lrs=[0.1], nparams=633, fname=training_hp_lp.npy, outdir=/home/yitai/drosophila_vision/vision/simulation/0_runs/hp_lp/28543960-run-nofsteps-500-tau-hp-init-L1,L2,L4,L5-200-pulse-ms-100-delta-ms-5-response-ms-500-gt-spot-L3
checkpoint_interval=1000

round 0


Initl cost = 88.9954  [spot_bright=88.9954]
Final cost = 59.4702  [spot_bright=59.4702]
Best  cost = 59.4702  [spot_bright=59.4702]
time needed  = 73.05  sec

done in 0.02 hours
wrote table: /home/yitai/drosophila_vision/vision/simulation/0_runs/hp_lp/28543960-run-nofsteps-500-tau-hp-init-L1,L2,L4,L5-200-pulse-ms-100-delta-ms-5-response-ms-500-gt-spot-L3/param.csv (best run #0, cost=59.4702)
wrote table: /home/yitai/drosophila_vision/vision/simulation/0_runs/hp_lp/28543960-run-nofsteps-500-tau-hp-init-L1,L2,L4,L5-200-pulse-ms-100-delta-ms-5-response-ms-500-gt-spot-L3/syn_strength_cell.csv
plot device=cuda (NVIDIA L40S)
1 trained set(s); selected #0 (cost=59.4702)
plot /home/yitai/drosophila_vision/vision/simulation/0_runs/hp_lp/28543960-run-nofsteps-500-tau-hp-init-L1,L2,L4,L5-200-pulse-ms-100-delta-ms-5-response-ms-500-gt-spot-L3/cost_curve.png: draw=0.1s  save=0.2s  total=0.3s
plot /home/yitai/drosophila_vision/vision/simulation/0_runs/hp_lp/28543960-run-nofsteps-500-tau-hp-init-L1,L2,L4,L5-200-pulse-ms-100-delta-ms-5-response-ms-500-gt-spot-L3/spot_gt_v.png: prep=0.2s  draw=0.0s  save=0.1s  total=0.3s
plot /home/yitai/drosophila_vision/vision/simulation/0_runs/hp_lp/28543960-run-nofsteps-500-tau-hp-init-L1,L2,L4,L5-200-pulse-ms-100-delta-ms-5-response-ms-500-gt-spot-L3/spot_all_v.png: prep=0.0s  draw=0.6s  save=1.2s  total=1.8s
plots saved to /home/yitai/drosophila_vision/vision/simulation/0_runs/hp_lp/28543960-run-nofsteps-500-tau-hp-init-L1,L2,L4,L5-200-pulse-ms-100-delta-ms-5-response-ms-500-gt-spot-L3
