Job ID: 28543947
Node:   spartan-gpgpu002
GPU:    0
GPU 0: NVIDIA L40S (UUID: GPU-2e6ad489-9368-d3c8-212f-1d5ae6b24eee)
cuda: True NVIDIA L40S
Start:  Sat 01 Aug 2026 19:03:59 AEST
param partitions:
  in_gain            indi=0/shared=0/fixed=34/frozen=0 (0)
  out_gain           indi=34/shared=0/fixed=0/frozen=0 (34)
  syn_strength_cell  indi=459/shared=0/fixed=0/frozen=0 (459)
  out_scale          indi=34/shared=0/fixed=0/frozen=0 (34)
  tau_lp             indi=34/shared=0/fixed=0/frozen=0 (34)
  tau_hp             indi=34/shared=0/fixed=0/frozen=0 (34)
  v_rest             indi=34/shared=0/fixed=0/frozen=0 (34)
  hp_gain            indi=4/shared=0/fixed=30/frozen=0 (4)
device=cuda, model=hp_lp, syn_mode=per_cell, nofruns=1, nofsteps=500, lrs=[0.1], nparams=633, fname=training_hp_lp.npy, outdir=/home/yitai/drosophila_vision/vision/simulation/0_runs/hp_lp/28543947-run-nofsteps-500-tau-hp-init-L1,L2,L4,L5-200-pulse-ms-100-delta-ms-5-response-ms-500
checkpoint_interval=1000

round 0


Initl cost = 96.4788  [spot_bright=96.4788]
Final cost = 32.8549  [spot_bright=32.8549]
Best  cost = 32.8549  [spot_bright=32.8549]
time needed  = 69.77  sec

done in 0.02 hours
wrote table: /home/yitai/drosophila_vision/vision/simulation/0_runs/hp_lp/28543947-run-nofsteps-500-tau-hp-init-L1,L2,L4,L5-200-pulse-ms-100-delta-ms-5-response-ms-500/param.csv (best run #0, cost=32.8549)
wrote table: /home/yitai/drosophila_vision/vision/simulation/0_runs/hp_lp/28543947-run-nofsteps-500-tau-hp-init-L1,L2,L4,L5-200-pulse-ms-100-delta-ms-5-response-ms-500/syn_strength_cell.csv
plot device=cuda (NVIDIA L40S)
1 trained set(s); selected #0 (cost=32.8549)
plot /home/yitai/drosophila_vision/vision/simulation/0_runs/hp_lp/28543947-run-nofsteps-500-tau-hp-init-L1,L2,L4,L5-200-pulse-ms-100-delta-ms-5-response-ms-500/cost_curve.png: draw=0.1s  save=0.1s  total=0.2s
plot /home/yitai/drosophila_vision/vision/simulation/0_runs/hp_lp/28543947-run-nofsteps-500-tau-hp-init-L1,L2,L4,L5-200-pulse-ms-100-delta-ms-5-response-ms-500/spot_gt_v.png: prep=0.2s  draw=0.3s  save=0.5s  total=1.0s
plot /home/yitai/drosophila_vision/vision/simulation/0_runs/hp_lp/28543947-run-nofsteps-500-tau-hp-init-L1,L2,L4,L5-200-pulse-ms-100-delta-ms-5-response-ms-500/spot_all_v.png: prep=0.0s  draw=0.6s  save=1.3s  total=1.9s
plots saved to /home/yitai/drosophila_vision/vision/simulation/0_runs/hp_lp/28543947-run-nofsteps-500-tau-hp-init-L1,L2,L4,L5-200-pulse-ms-100-delta-ms-5-response-ms-500
