Job ID: 28533675
Node:   spartan-gpgpu004
GPU:    0
GPU 0: NVIDIA L40S (UUID: GPU-7877dc75-afaf-81b8-ea27-1e1896d9c9c2)
cuda: True NVIDIA L40S
Start:  Sat 01 Aug 2026 16:38:23 AEST
param partitions:
  in_gain       indi=0/shared=0/fixed=34/frozen=0 (0)
  out_gain      indi=34/shared=0/fixed=0/frozen=0 (34)
  syn_strength  indi=459/shared=0/fixed=0/frozen=0 (459)
  out_scale     indi=34/shared=0/fixed=0/frozen=0 (34)
  tau_lp        indi=34/shared=0/fixed=0/frozen=0 (34)
  tau_hp        indi=34/shared=0/fixed=0/frozen=0 (34)
  v_rest        indi=34/shared=0/fixed=0/frozen=0 (34)
  hp_gain       indi=4/shared=0/fixed=30/frozen=0 (4)
device=cuda, model=hp_lp, syn_mode=cell_pair, nofruns=1, nofsteps=500, lrs=[0.1], nparams=633, fname=training_hp_lp.npy, outdir=/home/yitai/drosophila_vision/vision/simulation/0_runs/hp_lp/28533675-run-nofsteps-500-tau-hp-init-L1,L2,L4,L5-200-pulse-ms-100-delta-ms-5-response-ms-500-gt-spot-L3
checkpoint_interval=1000

round 0


Initl cost = 99.7152  [spot_bright=99.7152]
Final cost = 66.1801  [spot_bright=66.1801]
Best  cost = 66.0047  [spot_bright=66.0047]
time needed  = 71.38  sec

done in 0.02 hours
wrote table: /home/yitai/drosophila_vision/vision/simulation/0_runs/hp_lp/28533675-run-nofsteps-500-tau-hp-init-L1,L2,L4,L5-200-pulse-ms-100-delta-ms-5-response-ms-500-gt-spot-L3/param.csv (best run #0, cost=66.0047)
wrote table: /home/yitai/drosophila_vision/vision/simulation/0_runs/hp_lp/28533675-run-nofsteps-500-tau-hp-init-L1,L2,L4,L5-200-pulse-ms-100-delta-ms-5-response-ms-500-gt-spot-L3/syn_strength.csv
plot device=cuda (NVIDIA L40S)
1 trained set(s); selected #0 (cost=66.0047)
plot /home/yitai/drosophila_vision/vision/simulation/0_runs/hp_lp/28533675-run-nofsteps-500-tau-hp-init-L1,L2,L4,L5-200-pulse-ms-100-delta-ms-5-response-ms-500-gt-spot-L3/cost_curve.png: draw=0.2s  save=0.1s  total=0.3s
plot /home/yitai/drosophila_vision/vision/simulation/0_runs/hp_lp/28533675-run-nofsteps-500-tau-hp-init-L1,L2,L4,L5-200-pulse-ms-100-delta-ms-5-response-ms-500-gt-spot-L3/spot_gt_v.png: prep=0.2s  draw=0.0s  save=0.1s  total=0.3s
plot /home/yitai/drosophila_vision/vision/simulation/0_runs/hp_lp/28533675-run-nofsteps-500-tau-hp-init-L1,L2,L4,L5-200-pulse-ms-100-delta-ms-5-response-ms-500-gt-spot-L3/spot_all_v.png: prep=0.0s  draw=0.8s  save=1.3s  total=2.0s
plots saved to /home/yitai/drosophila_vision/vision/simulation/0_runs/hp_lp/28533675-run-nofsteps-500-tau-hp-init-L1,L2,L4,L5-200-pulse-ms-100-delta-ms-5-response-ms-500-gt-spot-L3
