Job ID: 28529208
Node:   spartan-gpgpu009
GPU:    0
GPU 0: NVIDIA L40S (UUID: GPU-fb8f6182-24f8-f134-83a5-df23c55cf8f8)
cuda: True NVIDIA L40S
Start:  Sat 01 Aug 2026 16:20:04 AEST
param partitions:
  in_gain       indi=0/shared=0/fixed=34/frozen=0 (0)
  out_gain      indi=34/shared=0/fixed=0/frozen=0 (34)
  syn_strength  indi=459/shared=0/fixed=0/frozen=0 (459)
  out_scale     indi=34/shared=0/fixed=0/frozen=0 (34)
  tau_lp        indi=34/shared=0/fixed=0/frozen=0 (34)
  tau_hp        indi=34/shared=0/fixed=0/frozen=0 (34)
  v_rest        indi=34/shared=0/fixed=0/frozen=0 (34)
  hp_gain       indi=4/shared=0/fixed=30/frozen=0 (4)
device=cuda, model=hp_lp, syn_mode=cell_pair, nofruns=1, nofsteps=500, lrs=[0.1], nparams=633, fname=training_hp_lp.npy, outdir=/home/yitai/drosophila_vision/vision/simulation/0_runs/hp_lp/28529208-run-nofsteps-500-tau-hp-init-L1,L2,L4,L5-200-pulse-ms-100-delta-ms-5-response-ms-500-fp-32
checkpoint_interval=1000

round 0


Initl cost = 99.8849  [spot_bright=99.8849]
Final cost = 34.3691  [spot_bright=34.3691]
Best  cost = 34.3691  [spot_bright=34.3691]
time needed  = 75.95  sec

done in 0.02 hours
wrote table: /home/yitai/drosophila_vision/vision/simulation/0_runs/hp_lp/28529208-run-nofsteps-500-tau-hp-init-L1,L2,L4,L5-200-pulse-ms-100-delta-ms-5-response-ms-500-fp-32/param.csv (best run #0, cost=34.3691)
wrote table: /home/yitai/drosophila_vision/vision/simulation/0_runs/hp_lp/28529208-run-nofsteps-500-tau-hp-init-L1,L2,L4,L5-200-pulse-ms-100-delta-ms-5-response-ms-500-fp-32/syn_strength.csv
plot device=cuda (NVIDIA L40S)
1 trained set(s); selected #0 (cost=34.3691)
plot /home/yitai/drosophila_vision/vision/simulation/0_runs/hp_lp/28529208-run-nofsteps-500-tau-hp-init-L1,L2,L4,L5-200-pulse-ms-100-delta-ms-5-response-ms-500-fp-32/cost_curve.png: draw=0.3s  save=0.2s  total=0.5s
plot /home/yitai/drosophila_vision/vision/simulation/0_runs/hp_lp/28529208-run-nofsteps-500-tau-hp-init-L1,L2,L4,L5-200-pulse-ms-100-delta-ms-5-response-ms-500-fp-32/spot_gt_v.png: prep=0.2s  draw=0.3s  save=0.5s  total=1.0s
plot /home/yitai/drosophila_vision/vision/simulation/0_runs/hp_lp/28529208-run-nofsteps-500-tau-hp-init-L1,L2,L4,L5-200-pulse-ms-100-delta-ms-5-response-ms-500-fp-32/spot_all_v.png: prep=0.0s  draw=0.8s  save=1.4s  total=2.1s
plots saved to /home/yitai/drosophila_vision/vision/simulation/0_runs/hp_lp/28529208-run-nofsteps-500-tau-hp-init-L1,L2,L4,L5-200-pulse-ms-100-delta-ms-5-response-ms-500-fp-32
