Job ID: 28475499
Node:   spartan-gpgpu112
GPU:    0
GPU 0: NVIDIA A100 80GB PCIe (UUID: GPU-c0b853b7-e430-cd2b-c439-6b5502608ed9)
cuda: True NVIDIA A100 80GB PCIe
Start:  Fri 31 Jul 2026 20:11:02 AEST
param partitions:
  in_gain       indi=0/shared=0/fixed=32/frozen=0 (0)
  out_gain      indi=32/shared=0/fixed=0/frozen=0 (32)
  syn_strength  indi=414/shared=0/fixed=0/frozen=0 (414)
  out_scale     indi=32/shared=0/fixed=0/frozen=0 (32)
  tau_lp        indi=32/shared=0/fixed=0/frozen=0 (32)
  tau_hp        indi=32/shared=0/fixed=0/frozen=0 (32)
  v_rest        indi=32/shared=0/fixed=0/frozen=0 (32)
  hp_gain       indi=4/shared=0/fixed=28/frozen=0 (4)
device=cuda, model=hp_lp, syn_mode=type_pair, nofruns=1, nofsteps=3000, lrs=[0.1], nparams=578, fname=training_hp_lp.npy, outdir=/home/yitai/drosophila_vision/temporal_filtering/SimulationCode/0_runs/hp_lp/28475499-run-nofsteps-3000-tau-hp-init-L1,L2,L4,L5-200

round 0


Initl cost = 99.9078  [spot_bright=99.9078]
Final cost = 35.6868  [spot_bright=35.6868]
Best  cost = 35.6868  [spot_bright=35.6868]
time needed  = 381.94  sec

done in 0.11 hours
wrote table: /home/yitai/drosophila_vision/temporal_filtering/SimulationCode/0_runs/hp_lp/28475499-run-nofsteps-3000-tau-hp-init-L1,L2,L4,L5-200/param.csv (best run #0, cost=35.6868)
wrote table: /home/yitai/drosophila_vision/temporal_filtering/SimulationCode/0_runs/hp_lp/28475499-run-nofsteps-3000-tau-hp-init-L1,L2,L4,L5-200/syn_strength.csv
plot device=cuda (NVIDIA A100 80GB PCIe)
1 trained set(s); selected #0 (cost=35.6868)
plot /home/yitai/drosophila_vision/temporal_filtering/SimulationCode/0_runs/hp_lp/28475499-run-nofsteps-3000-tau-hp-init-L1,L2,L4,L5-200/cost_curve.png: draw=0.2s  save=0.2s  total=0.4s
plot /home/yitai/drosophila_vision/temporal_filtering/SimulationCode/0_runs/hp_lp/28475499-run-nofsteps-3000-tau-hp-init-L1,L2,L4,L5-200/spot_trained_v.png: prep=0.3s  draw=0.3s  save=0.8s  total=1.3s
plot /home/yitai/drosophila_vision/temporal_filtering/SimulationCode/0_runs/hp_lp/28475499-run-nofsteps-3000-tau-hp-init-L1,L2,L4,L5-200/spot_all_v.png: prep=0.0s  draw=0.8s  save=1.6s  total=2.4s
plots saved to /home/yitai/drosophila_vision/temporal_filtering/SimulationCode/0_runs/hp_lp/28475499-run-nofsteps-3000-tau-hp-init-L1,L2,L4,L5-200
