Job ID: 28496234
Node:   spartan-gpgpu180
GPU:    0
GPU 0: NVIDIA H100 80GB HBM3 (UUID: GPU-5dc63b6a-a76b-e331-5916-6cdc3668427d)
cuda: True NVIDIA H100 80GB HBM3
Start:  Fri 31 Jul 2026 23:53:28 AEST
param partitions:
  in_gain       indi=0/shared=0/fixed=32/frozen=0 (0)
  out_gain      indi=32/shared=0/fixed=0/frozen=0 (32)
  syn_strength  indi=414/shared=0/fixed=0/frozen=0 (414)
  out_scale     indi=32/shared=0/fixed=0/frozen=0 (32)
  tau_lp        indi=32/shared=0/fixed=0/frozen=0 (32)
  tau_hp        indi=32/shared=0/fixed=0/frozen=0 (32)
  v_rest        indi=32/shared=0/fixed=0/frozen=0 (32)
  hp_gain       indi=4/shared=0/fixed=28/frozen=0 (4)
device=cuda, model=hp_lp, syn_mode=type_pair, nofruns=1, nofsteps=500, lrs=[0.1], nparams=578, fname=training_hp_lp.npy, outdir=/home/yitai/drosophila_vision/temporal_filtering/SimulationCode/0_runs/hp_lp/28496234-run-nofsteps-500-tau-hp-init-L1,L2,L4,L5-200-pulse-ms-100-delta-ms-5-response-ms-500
checkpoint_interval=1000

round 0


Initl cost = 99.9087  [spot_bright=99.9087]
Final cost = 34.1825  [spot_bright=34.1825]
Best  cost = 34.1825  [spot_bright=34.1825]
time needed  = 65.77  sec

done in 0.02 hours
wrote table: /home/yitai/drosophila_vision/temporal_filtering/SimulationCode/0_runs/hp_lp/28496234-run-nofsteps-500-tau-hp-init-L1,L2,L4,L5-200-pulse-ms-100-delta-ms-5-response-ms-500/param.csv (best run #0, cost=34.1825)
wrote table: /home/yitai/drosophila_vision/temporal_filtering/SimulationCode/0_runs/hp_lp/28496234-run-nofsteps-500-tau-hp-init-L1,L2,L4,L5-200-pulse-ms-100-delta-ms-5-response-ms-500/syn_strength.csv
plot device=cuda (NVIDIA H100 80GB HBM3)
1 trained set(s); selected #0 (cost=34.1825)
plot /home/yitai/drosophila_vision/temporal_filtering/SimulationCode/0_runs/hp_lp/28496234-run-nofsteps-500-tau-hp-init-L1,L2,L4,L5-200-pulse-ms-100-delta-ms-5-response-ms-500/cost_curve.png: draw=0.1s  save=0.1s  total=0.2s
plot /home/yitai/drosophila_vision/temporal_filtering/SimulationCode/0_runs/hp_lp/28496234-run-nofsteps-500-tau-hp-init-L1,L2,L4,L5-200-pulse-ms-100-delta-ms-5-response-ms-500/spot_trained_v.png: prep=0.2s  draw=0.3s  save=0.5s  total=1.0s
plot /home/yitai/drosophila_vision/temporal_filtering/SimulationCode/0_runs/hp_lp/28496234-run-nofsteps-500-tau-hp-init-L1,L2,L4,L5-200-pulse-ms-100-delta-ms-5-response-ms-500/spot_all_v.png: prep=0.0s  draw=0.7s  save=1.1s  total=1.8s
plots saved to /home/yitai/drosophila_vision/temporal_filtering/SimulationCode/0_runs/hp_lp/28496234-run-nofsteps-500-tau-hp-init-L1,L2,L4,L5-200-pulse-ms-100-delta-ms-5-response-ms-500
