Job ID: 28485111
Node:   spartan-gpgpu113
GPU:    0
GPU 0: NVIDIA A100 80GB PCIe (UUID: GPU-483b5811-d8f9-3f56-8bb1-9f5fb494d6fd)
cuda: True NVIDIA A100 80GB PCIe
Start:  Fri 31 Jul 2026 22:11:29 AEST
param partitions:
  in_gain       indi=0/shared=0/fixed=32/frozen=0 (0)
  out_gain      indi=32/shared=0/fixed=0/frozen=0 (32)
  syn_strength  indi=414/shared=0/fixed=0/frozen=0 (414)
  out_scale     indi=32/shared=0/fixed=0/frozen=0 (32)
  tau_lp        indi=32/shared=0/fixed=0/frozen=0 (32)
  tau_hp        indi=32/shared=0/fixed=0/frozen=0 (32)
  v_rest        indi=32/shared=0/fixed=0/frozen=0 (32)
  hp_gain       indi=4/shared=0/fixed=28/frozen=0 (4)
device=cuda, model=hp_lp, syn_mode=type_pair, nofruns=1, nofsteps=1000, lrs=[0.1], nparams=578, fname=training_hp_lp.npy, outdir=/home/yitai/drosophila_vision/temporal_filtering/SimulationCode/0_runs/hp_lp/28485111-run-nofsteps-1000-tau-hp-init-L1,L2,L4,L5-200-pulse-ms-50-delta-ms-5
checkpoint_interval=1000

round 0

wrote checkpoint csv: /home/yitai/drosophila_vision/temporal_filtering/SimulationCode/0_runs/hp_lp/28485111-run-nofsteps-1000-tau-hp-init-L1,L2,L4,L5-200-pulse-ms-50-delta-ms-5/csv/param_01000.csv
wrote checkpoint csv: /home/yitai/drosophila_vision/temporal_filtering/SimulationCode/0_runs/hp_lp/28485111-run-nofsteps-1000-tau-hp-init-L1,L2,L4,L5-200-pulse-ms-50-delta-ms-5/csv/syn_strength_01000.csv
plot device=cuda (NVIDIA A100 80GB PCIe)
1 trained set(s); selected #0 (cost=41.4054)
plot /home/yitai/drosophila_vision/temporal_filtering/SimulationCode/0_runs/hp_lp/28485111-run-nofsteps-1000-tau-hp-init-L1,L2,L4,L5-200-pulse-ms-50-delta-ms-5/png/spot_trained_v.png: prep=0.3s  draw=0.4s  save=0.7s  total=1.5s
plot /home/yitai/drosophila_vision/temporal_filtering/SimulationCode/0_runs/hp_lp/28485111-run-nofsteps-1000-tau-hp-init-L1,L2,L4,L5-200-pulse-ms-50-delta-ms-5/png/spot_all_v.png: prep=0.0s  draw=0.8s  save=1.6s  total=2.4s
plots saved to /home/yitai/drosophila_vision/temporal_filtering/SimulationCode/0_runs/hp_lp/28485111-run-nofsteps-1000-tau-hp-init-L1,L2,L4,L5-200-pulse-ms-50-delta-ms-5/png
wrote checkpoint png: /home/yitai/drosophila_vision/temporal_filtering/SimulationCode/0_runs/hp_lp/28485111-run-nofsteps-1000-tau-hp-init-L1,L2,L4,L5-200-pulse-ms-50-delta-ms-5/png/*_01000.png
wrote checkpoint best_param_step_01000.npz (cost=41.4054)

Initl cost = 99.9210  [spot_bright=99.9210]
Final cost = 41.4054  [spot_bright=41.4054]
Best  cost = 41.4054  [spot_bright=41.4054]
time needed  = 233.17  sec

done in 0.06 hours
wrote table: /home/yitai/drosophila_vision/temporal_filtering/SimulationCode/0_runs/hp_lp/28485111-run-nofsteps-1000-tau-hp-init-L1,L2,L4,L5-200-pulse-ms-50-delta-ms-5/param.csv (best run #0, cost=41.4054)
wrote table: /home/yitai/drosophila_vision/temporal_filtering/SimulationCode/0_runs/hp_lp/28485111-run-nofsteps-1000-tau-hp-init-L1,L2,L4,L5-200-pulse-ms-50-delta-ms-5/syn_strength.csv
plot device=cuda (NVIDIA A100 80GB PCIe)
1 trained set(s); selected #0 (cost=41.4054)
plot /home/yitai/drosophila_vision/temporal_filtering/SimulationCode/0_runs/hp_lp/28485111-run-nofsteps-1000-tau-hp-init-L1,L2,L4,L5-200-pulse-ms-50-delta-ms-5/cost_curve.png: draw=0.1s  save=0.1s  total=0.2s
plot /home/yitai/drosophila_vision/temporal_filtering/SimulationCode/0_runs/hp_lp/28485111-run-nofsteps-1000-tau-hp-init-L1,L2,L4,L5-200-pulse-ms-50-delta-ms-5/spot_trained_v.png: prep=0.3s  draw=0.3s  save=0.7s  total=1.3s
plot /home/yitai/drosophila_vision/temporal_filtering/SimulationCode/0_runs/hp_lp/28485111-run-nofsteps-1000-tau-hp-init-L1,L2,L4,L5-200-pulse-ms-50-delta-ms-5/spot_all_v.png: prep=0.0s  draw=0.9s  save=1.6s  total=2.5s
plots saved to /home/yitai/drosophila_vision/temporal_filtering/SimulationCode/0_runs/hp_lp/28485111-run-nofsteps-1000-tau-hp-init-L1,L2,L4,L5-200-pulse-ms-50-delta-ms-5
