Job ID: 28494808
Node:   spartan-gpgpu171
GPU:    0
GPU 0: NVIDIA H100 80GB HBM3 (UUID: GPU-779eb7ef-1eee-dcd3-55f6-b0b28a30ec22)
cuda: True NVIDIA H100 80GB HBM3
Start:  Fri 31 Jul 2026 23:21:42 AEST
param partitions:
  in_gain       indi=0/shared=0/fixed=32/frozen=0 (0)
  out_gain      indi=32/shared=0/fixed=0/frozen=0 (32)
  syn_strength  indi=414/shared=0/fixed=0/frozen=0 (414)
  v_th          indi=0/shared=0/fixed=32/frozen=0 (0)
  out_scale     indi=32/shared=0/fixed=0/frozen=0 (32)
  Ih_gmax       indi=4/shared=0/fixed=28/frozen=0 (4)
  Ih_gmax_off   indi=4/shared=0/fixed=28/frozen=0 (4)
  Ih_midv       indi=0/shared=32/fixed=0/frozen=0 (1)
  Ih_slope      indi=0/shared=32/fixed=0/frozen=0 (1)
  tau_midv      indi=0/shared=32/fixed=0/frozen=0 (1)
  Ih_midv_off   indi=0/shared=32/fixed=0/frozen=0 (1)
  Ih_slope_off  indi=0/shared=32/fixed=0/frozen=0 (1)
  tau_midv_off  indi=0/shared=32/fixed=0/frozen=0 (1)
device=cuda, model=borst, syn_mode=type_pair, nofruns=1, nofsteps=500, lrs=[0.1], nparams=492, fname=training_with_Ih.npy, outdir=/home/yitai/drosophila_vision/temporal_filtering/SimulationCode/0_runs/borst/28494808-run-nofsteps-500-tau-hp-init-L1,L2,L4,L5-200-pulse-ms-150-delta-ms-5-response-ms-300-model-borst
checkpoint_interval=1000

round 0


Initl cost = 89.4143  [spot_bright=89.4143]
Final cost = 28.3986  [spot_bright=28.3986]
Best  cost = 28.3986  [spot_bright=28.3986]
time needed  = 244.82  sec

done in 0.07 hours
wrote table: /home/yitai/drosophila_vision/temporal_filtering/SimulationCode/0_runs/borst/28494808-run-nofsteps-500-tau-hp-init-L1,L2,L4,L5-200-pulse-ms-150-delta-ms-5-response-ms-300-model-borst/param.csv (best run #0, cost=28.3986)
wrote table: /home/yitai/drosophila_vision/temporal_filtering/SimulationCode/0_runs/borst/28494808-run-nofsteps-500-tau-hp-init-L1,L2,L4,L5-200-pulse-ms-150-delta-ms-5-response-ms-300-model-borst/syn_strength.csv
plot device=cuda (NVIDIA H100 80GB HBM3)
1 trained set(s); selected #0 (cost=28.3986)
plot /home/yitai/drosophila_vision/temporal_filtering/SimulationCode/0_runs/borst/28494808-run-nofsteps-500-tau-hp-init-L1,L2,L4,L5-200-pulse-ms-150-delta-ms-5-response-ms-300-model-borst/cost_curve.png: draw=0.1s  save=0.1s  total=0.2s
plot /home/yitai/drosophila_vision/temporal_filtering/SimulationCode/0_runs/borst/28494808-run-nofsteps-500-tau-hp-init-L1,L2,L4,L5-200-pulse-ms-150-delta-ms-5-response-ms-300-model-borst/spot_trained_v.png: prep=0.3s  draw=0.3s  save=0.5s  total=1.1s
plot /home/yitai/drosophila_vision/temporal_filtering/SimulationCode/0_runs/borst/28494808-run-nofsteps-500-tau-hp-init-L1,L2,L4,L5-200-pulse-ms-150-delta-ms-5-response-ms-300-model-borst/spot_all_v.png: prep=0.0s  draw=0.6s  save=1.2s  total=1.8s
plots saved to /home/yitai/drosophila_vision/temporal_filtering/SimulationCode/0_runs/borst/28494808-run-nofsteps-500-tau-hp-init-L1,L2,L4,L5-200-pulse-ms-150-delta-ms-5-response-ms-300-model-borst
