Job ID: 28518758
Node:   spartan-gpgpu004
GPU:    0
GPU 0: NVIDIA L40S (UUID: GPU-7877dc75-afaf-81b8-ea27-1e1896d9c9c2)
cuda: True NVIDIA L40S
Start:  Sat 01 Aug 2026 12:22:07 AEST
param partitions:
  in_gain       indi=0/shared=0/fixed=34/frozen=0 (0)
  out_gain      indi=34/shared=0/fixed=0/frozen=0 (34)
  syn_strength  indi=459/shared=0/fixed=0/frozen=0 (459)
  out_scale     indi=34/shared=0/fixed=0/frozen=0 (34)
  tau_lp        indi=34/shared=0/fixed=0/frozen=0 (34)
  tau_hp        indi=34/shared=0/fixed=0/frozen=0 (34)
  v_rest        indi=34/shared=0/fixed=0/frozen=0 (34)
  hp_gain       indi=4/shared=0/fixed=30/frozen=0 (4)
device=cuda, model=hp_lp, syn_mode=type_pair, nofruns=1, nofsteps=500, lrs=[0.1], nparams=633, fname=training_hp_lp.npy, outdir=/home/yitai/drosophila_vision/vision/simulation/0_runs/hp_lp/28518758-run-nofsteps-500-tau-hp-init-L1,L2,L4,L5-200-pulse-ms-100-delta-ms-5-response-ms-500
checkpoint_interval=1000

round 0


Initl cost = 99.9019  [spot_bright=99.9019]
Final cost = 33.8845  [spot_bright=33.8845]
Best  cost = 33.8845  [spot_bright=33.8845]
time needed  = 73.30  sec

done in 0.02 hours
wrote table: /home/yitai/drosophila_vision/vision/simulation/0_runs/hp_lp/28518758-run-nofsteps-500-tau-hp-init-L1,L2,L4,L5-200-pulse-ms-100-delta-ms-5-response-ms-500/param.csv (best run #0, cost=33.8845)
wrote table: /home/yitai/drosophila_vision/vision/simulation/0_runs/hp_lp/28518758-run-nofsteps-500-tau-hp-init-L1,L2,L4,L5-200-pulse-ms-100-delta-ms-5-response-ms-500/syn_strength.csv
plot device=cuda (NVIDIA L40S)
1 trained set(s); selected #0 (cost=33.8845)
plot /home/yitai/drosophila_vision/vision/simulation/0_runs/hp_lp/28518758-run-nofsteps-500-tau-hp-init-L1,L2,L4,L5-200-pulse-ms-100-delta-ms-5-response-ms-500/cost_curve.png: draw=0.1s  save=0.1s  total=0.2s
plot /home/yitai/drosophila_vision/vision/simulation/0_runs/hp_lp/28518758-run-nofsteps-500-tau-hp-init-L1,L2,L4,L5-200-pulse-ms-100-delta-ms-5-response-ms-500/spot_trained_v.png: prep=0.2s  draw=0.3s  save=0.5s  total=1.1s
plot /home/yitai/drosophila_vision/vision/simulation/0_runs/hp_lp/28518758-run-nofsteps-500-tau-hp-init-L1,L2,L4,L5-200-pulse-ms-100-delta-ms-5-response-ms-500/spot_all_v.png: prep=0.0s  draw=0.7s  save=1.4s  total=2.1s
plots saved to /home/yitai/drosophila_vision/vision/simulation/0_runs/hp_lp/28518758-run-nofsteps-500-tau-hp-init-L1,L2,L4,L5-200-pulse-ms-100-delta-ms-5-response-ms-500
