Job ID: 28305682
Node:   spartan-gpgpu108
GPU:    0
GPU 0: NVIDIA A100 80GB PCIe (UUID: GPU-0ac2dc40-6d3d-a033-29da-31d06b83d5f5)
cuda: True NVIDIA A100 80GB PCIe
Start:  Wed 29 Jul 2026 19:53:21 AEST
param partitions:
  in_gain       indi=0/shared=0/fixed=32/frozen=0 (0)
  out_gain      indi=32/shared=0/fixed=0/frozen=0 (32)
  syn_strength  indi=414/shared=0/fixed=0/frozen=0 (414)
  out_scale     indi=32/shared=0/fixed=0/frozen=0 (32)
  tau_lp        indi=32/shared=0/fixed=0/frozen=0 (32)
  tau_hp        indi=4/shared=0/fixed=28/frozen=0 (4)
  bias          indi=32/shared=0/fixed=0/frozen=0 (32)
  hp_gain       indi=32/shared=0/fixed=0/frozen=0 (32)
device=cuda, model=hp_lp, nofruns=1, nofsteps=1000, lrs=[0.1], nparams=578, fname=training_hp_lp.npy, outdir=/home/yitai/drosophila_vision/temporal_filtering/SimulationCode/0trained/hp_lp/28305682-train-nofsteps-1000-tau-hp-indi-L1,L2,L4,L5

round 0


Initl cost = 100.0003  [spot_bright=100.0003]
Final cost = 90.9513  [spot_bright=90.9513]
Best  cost = 90.9513  [spot_bright=90.9513]
time needed  = 338.29  sec

done in 0.09 hours
wrote table: /home/yitai/drosophila_vision/temporal_filtering/SimulationCode/0trained/hp_lp/28305682-train-nofsteps-1000-tau-hp-indi-L1,L2,L4,L5/param.csv (best run #0, cost=90.9513)
wrote table: /home/yitai/drosophila_vision/temporal_filtering/SimulationCode/0trained/hp_lp/28305682-train-nofsteps-1000-tau-hp-indi-L1,L2,L4,L5/syn_strength.csv
plot device=cuda (NVIDIA A100 80GB PCIe)
1 trained set(s); selected #0 (cost=90.9513)
plot /home/yitai/drosophila_vision/temporal_filtering/SimulationCode/0trained/hp_lp/28305682-train-nofsteps-1000-tau-hp-indi-L1,L2,L4,L5/cost_curve.png: draw=0.1s  save=0.2s  total=0.2s
plot /home/yitai/drosophila_vision/temporal_filtering/SimulationCode/0trained/hp_lp/28305682-train-nofsteps-1000-tau-hp-indi-L1,L2,L4,L5/model_data_spot.png: prep=0.3s  draw=0.3s  save=0.6s  total=1.3s
plot /home/yitai/drosophila_vision/temporal_filtering/SimulationCode/0trained/hp_lp/28305682-train-nofsteps-1000-tau-hp-indi-L1,L2,L4,L5/model_all_spot.png: prep=0.0s  draw=0.7s  save=1.5s  total=2.2s
plots saved to /home/yitai/drosophila_vision/temporal_filtering/SimulationCode/0trained/hp_lp/28305682-train-nofsteps-1000-tau-hp-indi-L1,L2,L4,L5
